Godot Engine v4.7.2.stable.custom_build.ed1daf0bf (2026-08-17 01:18:38 UTC) - https://godotengine.org

POC_FAIL gather_oblique_0 []
POC_FAIL gather_oblique_0_arrives (955.9698, 620.6708)
POC_FAIL gather_oblique_1 []
POC_FAIL gather_oblique_1_arrives (820.6708, 755.9698)
POC_FAIL gather_oblique_2 []
POC_FAIL gather_oblique_2_arrives (629.3292, 755.9699)
POC_FAIL gather_oblique_3 []
POC_FAIL gather_oblique_3_arrives (494.0301, 620.6709)
POC_FAIL gather_oblique_4 []
POC_FAIL gather_oblique_4_arrives (494.0301, 429.3291)
POC_FAIL gather_oblique_5 []
POC_FAIL gather_oblique_5_arrives (629.3291, 294.0301)
POC_FAIL gather_oblique_6 []
POC_FAIL gather_oblique_6_arrives (820.6709, 294.0302)
POC_FAIL gather_oblique_7 []
POC_FAIL gather_oblique_7_arrives (955.9699, 429.3291)
POC_FAIL repair_oblique_0 []
POC_FAIL repair_oblique_0_arrives (955.9698, 620.6708)
POC_FAIL repair_oblique_1 []
POC_FAIL repair_oblique_1_arrives (820.6708, 755.9698)
POC_FAIL repair_oblique_2 []
POC_FAIL repair_oblique_2_arrives (629.3292, 755.9699)
POC_FAIL repair_oblique_3 []
POC_FAIL repair_oblique_3_arrives (494.0301, 620.6709)
POC_FAIL repair_oblique_4 []
POC_FAIL repair_oblique_4_arrives (494.0301, 429.3291)
POC_FAIL repair_oblique_5 []
POC_FAIL repair_oblique_5_arrives (629.3291, 294.0301)
POC_FAIL repair_oblique_6 []
POC_FAIL repair_oblique_6_arrives (820.6709, 294.0302)
POC_FAIL repair_oblique_7 []
POC_FAIL repair_oblique_7_arrives (955.9699, 429.3291)
POC_PASS build_oblique_0 [(955.9698, 620.6708), (766.3436, 542.1251)]
POC_PASS build_oblique_0_arrives (766.5746, 542.2207)
POC_PASS build_oblique_1 [(820.6708, 755.9698), (742.1251, 566.3436)]
POC_PASS build_oblique_1_arrives (742.2207, 566.5746)
POC_PASS build_oblique_2 [(629.3292, 755.9699), (707.8749, 566.3436)]
POC_PASS build_oblique_2_arrives (707.7793, 566.5746)
POC_PASS build_oblique_3 [(494.0301, 620.6709), (683.6564, 542.1251)]
POC_PASS build_oblique_3_arrives (683.4254, 542.2207)
POC_PASS build_oblique_4 [(494.0301, 429.3291), (683.6564, 507.8749)]
POC_PASS build_oblique_4_arrives (683.4254, 507.7792)
POC_PASS build_oblique_5 [(629.3291, 294.0301), (707.8749, 483.6564)]
POC_PASS build_oblique_5_arrives (707.7792, 483.4254)
POC_PASS build_oblique_6 [(820.6709, 294.0302), (742.1251, 483.6564)]
POC_PASS build_oblique_6_arrives (742.2208, 483.4254)
POC_PASS build_oblique_7 [(955.9699, 429.3291), (766.3436, 507.8749)]
POC_PASS build_oblique_7_arrives (766.5746, 507.7792)
POC_PASS fine_detour_false_witness
POC_FAIL fine_detour_false_route points=0
POC_FAIL fine_detour_false_arrives (425.0, 325.0)
POC_PASS fine_detour_true_witness
POC_FAIL fine_detour_true_route points=0
POC_FAIL fine_detour_true_arrives (225.0, 125.0)
POC_FAIL blocked_click_keeps_reachable_far_side (575.0, 525.0)
POC_FAIL edge_interaction_0 (24.0, 425.0636)
POC_FAIL edge_interaction_1 (1476.0, 425.0636)
POC_FAIL edge_interaction_2 (725.0322, 24.0)
POC_FAIL edge_interaction_3 (725.0322, 976.0)
POC_FAIL attack_ground_approaches_occupied_target (225.0, 525.0)
POC_FAIL overlapping_resource_not_cached_as_walkable
POC_PASS other_unit_resource_collision_stays_strict
POC_PASS opposing_gather_workers_arrive [(1189.985, 525.0411), (1104.897, 525.1144), (1019.998, 525.1696), (934.8698, 523.4904), (857.8326, 514.8687), (765.0, 525.0), (700.2911, 525.7829), (614.9124, 527.3343)]
POC_PASS opposing_build_workers_arrive [(1189.95, 525.0974), (1104.877, 525.1212), (1019.995, 525.0237), (934.745, 523.7795), (857.8326, 514.8687), (765.0, 525.0), (700.2911, 525.7829), (615.2824, 525.6002)]
POC_PASS opposing_repair_workers_arrive [(1190.165, 528.5747), (1104.96, 527.454), (1019.926, 525.1032), (934.8347, 525.6424), (850.5295, 525.8878), (765.0, 525.0), (699.5598, 522.0508), (615.3619, 525.5533)]
POC_PASS opposing_trade_workers_arrive [(1190.072, 523.7914), (1105.015, 523.9158), (1020.02, 524.3424), (934.9861, 524.0002), (857.8326, 514.8687), (765.0, 525.0), (700.2911, 525.7829), (615.1665, 524.211)]
POC_PASS alley_radius10_margin1_offset0 points=4
POC_PASS alley_radius10_margin1_offset0_arrives (1019.633, 622.3167)
POC_FAIL alley_radius10_margin1_offset3 points=0
POC_FAIL alley_radius10_margin1_offset3_arrives (225.0, 425.0)
POC_FAIL alley_radius10_margin1_offset11 points=0
POC_FAIL alley_radius10_margin1_offset11_arrives (225.0, 425.0)
POC_PASS alley_radius10_margin4_offset0 points=4
POC_PASS alley_radius10_margin4_offset0_arrives (1019.633, 622.3167)
POC_FAIL alley_radius10_margin4_offset3 points=0
POC_FAIL alley_radius10_margin4_offset3_arrives (225.0, 425.0)
POC_PASS alley_radius10_margin4_offset11 points=15
POC_PASS alley_radius10_margin4_offset11_arrives (1019.912, 621.8201)
POC_PASS alley_radius10_margin10_offset0 points=4
POC_PASS alley_radius10_margin10_offset0_arrives (1019.633, 622.3167)
POC_PASS alley_radius10_margin10_offset3 points=4
POC_PASS alley_radius10_margin10_offset3_arrives (1019.633, 622.3167)
POC_PASS alley_radius10_margin10_offset11 points=15
POC_PASS alley_radius10_margin10_offset11_arrives (1019.912, 621.8201)
POC_PASS alley_radius12_margin1_offset0 points=4
POC_PASS alley_radius12_margin1_offset0_arrives (1019.633, 622.3167)
POC_FAIL alley_radius12_margin1_offset3 points=0
POC_FAIL alley_radius12_margin1_offset3_arrives (225.0, 425.0)
POC_FAIL alley_radius12_margin1_offset11 points=0
POC_FAIL alley_radius12_margin1_offset11_arrives (225.0, 425.0)
POC_PASS alley_radius12_margin4_offset0 points=4
POC_PASS alley_radius12_margin4_offset0_arrives (1019.633, 622.3167)
POC_FAIL alley_radius12_margin4_offset3 points=0
POC_FAIL alley_radius12_margin4_offset3_arrives (225.0, 425.0)
POC_FAIL alley_radius12_margin4_offset11 points=0
POC_FAIL alley_radius12_margin4_offset11_arrives (225.0, 425.0)
POC_PASS alley_radius12_margin10_offset0 points=4
POC_PASS alley_radius12_margin10_offset0_arrives (1019.633, 622.3167)
POC_PASS alley_radius12_margin10_offset3 points=4
POC_PASS alley_radius12_margin10_offset3_arrives (1019.633, 622.3167)
POC_PASS alley_radius12_margin10_offset11 points=13
POC_PASS alley_radius12_margin10_offset11_arrives (1021.471, 620.1476)
POC_PASS alley_radius18_margin1_offset0 points=4
POC_PASS alley_radius18_margin1_offset0_arrives (1019.633, 622.3167)
POC_FAIL alley_radius18_margin1_offset3 points=0
POC_FAIL alley_radius18_margin1_offset3_arrives (225.0, 425.0)
POC_FAIL alley_radius18_margin1_offset11 points=0
POC_FAIL alley_radius18_margin1_offset11_arrives (225.0, 425.0)
POC_PASS alley_radius18_margin4_offset0 points=4
POC_PASS alley_radius18_margin4_offset0_arrives (1019.633, 622.3167)
POC_FAIL alley_radius18_margin4_offset3 points=0
POC_FAIL alley_radius18_margin4_offset3_arrives (225.0, 425.0)
POC_FAIL alley_radius18_margin4_offset11 points=0
POC_FAIL alley_radius18_margin4_offset11_arrives (225.0, 425.0)
POC_PASS alley_radius18_margin10_offset0 points=4
POC_PASS alley_radius18_margin10_offset0_arrives (1019.633, 622.3167)
POC_PASS alley_radius18_margin10_offset3 points=4
POC_PASS alley_radius18_margin10_offset3_arrives (1019.633, 622.3167)
POC_PASS alley_radius18_margin10_offset11 points=10
POC_PASS alley_radius18_margin10_offset11_arrives (1019.791, 622.0231)
POC_PASS alley_radius24_margin1_offset0 points=4
POC_PASS alley_radius24_margin1_offset0_arrives (1019.633, 622.3167)
POC_FAIL alley_radius24_margin1_offset3 points=0
POC_FAIL alley_radius24_margin1_offset3_arrives (225.0, 425.0)
POC_FAIL alley_radius24_margin1_offset11 points=0
POC_FAIL alley_radius24_margin1_offset11_arrives (225.0, 425.0)
POC_PASS alley_radius24_margin4_offset0 points=4
POC_PASS alley_radius24_margin4_offset0_arrives (1019.633, 622.3167)
POC_FAIL alley_radius24_margin4_offset3 points=0
POC_FAIL alley_radius24_margin4_offset3_arrives (225.0, 425.0)
POC_FAIL alley_radius24_margin4_offset11 points=0
POC_FAIL alley_radius24_margin4_offset11_arrives (225.0, 425.0)
POC_PASS alley_radius24_margin10_offset0 points=4
POC_PASS alley_radius24_margin10_offset0_arrives (1019.633, 622.3167)
POC_PASS alley_radius24_margin10_offset3 points=4
POC_PASS alley_radius24_margin10_offset3_arrives (1019.633, 622.3167)
POC_PASS alley_radius24_margin10_offset11 points=10
POC_PASS alley_radius24_margin10_offset11_arrives (1019.571, 622.4452)
POC_PASS alley_radius28_margin1_offset0 points=4
POC_PASS alley_radius28_margin1_offset0_arrives (1019.633, 622.3167)
POC_FAIL alley_radius28_margin1_offset3 points=0
POC_FAIL alley_radius28_margin1_offset3_arrives (225.0, 425.0)
POC_FAIL alley_radius28_margin1_offset11 points=0
POC_FAIL alley_radius28_margin1_offset11_arrives (225.0, 425.0)
POC_PASS alley_radius28_margin4_offset0 points=4
POC_PASS alley_radius28_margin4_offset0_arrives (1019.633, 622.3167)
POC_FAIL alley_radius28_margin4_offset3 points=0
POC_FAIL alley_radius28_margin4_offset3_arrives (225.0, 425.0)
POC_FAIL alley_radius28_margin4_offset11 points=0
POC_FAIL alley_radius28_margin4_offset11_arrives (225.0, 425.0)
POC_PASS alley_radius28_margin10_offset0 points=4
POC_PASS alley_radius28_margin10_offset0_arrives (1019.633, 622.3167)
POC_PASS alley_radius28_margin10_offset3 points=4
POC_PASS alley_radius28_margin10_offset3_arrives (1019.633, 622.3167)
POC_PASS alley_radius28_margin10_offset11 points=10
POC_PASS alley_radius28_margin10_offset11_arrives (1019.571, 622.4452)
POC_FAIL large_fixed_corral_can_backtrack_to_exit (501.5, 529.5)
POC_FAIL cached_corner_route_exists
POC_PASS cached_corner_route_invalidated_by_construction
POC_FAIL cached_corner_route_reopens_after_demolition
POC_FAIL corner_route_before_small_resource_motion
POC_PASS corner_edges_rechecked_below_resource_refresh_threshold
NAVIGATION_DENSE_POC checks=162 failures=85
