Godot Engine v4.7.2.stable.custom_build.ed1daf0bf (2026-08-17 01:18:38 UTC) - https://godotengine.org

SPIKE frame=14 ms=71.2
SPIKE frame=15 ms=75.1
SPIKE frame=24 ms=35.7
SPIKE frame=25 ms=34.7
SPIKE frame=27 ms=52.3
SPIKE frame=53 ms=30.3
SPIKE frame=446 ms=35.8
  stuck owner=1 kind=villager order=gather failures=1 pos=(1979.25, 1875.104) dest=(0.0, 0.0)
  stuck owner=3 kind=villager order=gather failures=1 pos=(2110.972, 806.4182) dest=(0.0, 0.0)
  stuck owner=3 kind=scout order=move failures=1 pos=(2164.416, 698.4287) dest=(1275.0, 1075.0)
SPIKE frame=524 ms=47.4
  stuck owner=1 kind=villager order=gather failures=1 pos=(1979.25, 1875.104) dest=(0.0, 0.0)
  stuck owner=3 kind=villager order=gather failures=1 pos=(2110.972, 806.4182) dest=(0.0, 0.0)
SPIKE frame=1538 ms=30.8
  stuck owner=1 kind=villager order=gather failures=1 pos=(2143.107, 1596.747) dest=(0.0, 0.0)
  stuck owner=1 kind=villager order=gather failures=1 pos=(1979.25, 1875.104) dest=(0.0, 0.0)
  stuck owner=3 kind=villager order=gather failures=1 pos=(2110.972, 806.4182) dest=(0.0, 0.0)
SPIKE frame=1894 ms=81.0
  stuck owner=1 kind=villager order=gather failures=1 pos=(2143.107, 1596.747) dest=(0.0, 0.0)
  stuck owner=1 kind=villager order=gather failures=1 pos=(1979.25, 1875.104) dest=(0.0, 0.0)
  stuck owner=3 kind=villager order=gather failures=1 pos=(2110.972, 806.4182) dest=(0.0, 0.0)
SPIKE frame=1904 ms=30.7
  stuck owner=1 kind=villager order=gather failures=1 pos=(2143.107, 1596.747) dest=(0.0, 0.0)
  stuck owner=1 kind=villager order=gather failures=1 pos=(1979.25, 1875.104) dest=(0.0, 0.0)
  stuck owner=3 kind=villager order=gather failures=1 pos=(2110.972, 806.4182) dest=(0.0, 0.0)
SPIKE frame=2118 ms=69.5
  stuck owner=1 kind=villager order=gather failures=1 pos=(2143.107, 1596.747) dest=(0.0, 0.0)
  stuck owner=1 kind=villager order=gather failures=1 pos=(1979.25, 1875.104) dest=(0.0, 0.0)
  stuck owner=3 kind=villager order=gather failures=1 pos=(2110.972, 806.4182) dest=(0.0, 0.0)
SPIKE frame=2341 ms=101.4
  stuck owner=2 kind=villager order=build failures=1 pos=(329.6389, 1948.446) dest=(0.0, 0.0)
  stuck owner=3 kind=villager order=gather failures=1 pos=(2110.972, 806.4182) dest=(0.0, 0.0)
  stuck owner=3 kind=villager order=build failures=1 pos=(2160.001, 416.3456) dest=(0.0, 0.0)
SPIKE frame=2343 ms=85.8
  stuck owner=2 kind=villager order=build failures=1 pos=(329.6389, 1948.446) dest=(0.0, 0.0)
  stuck owner=3 kind=villager order=gather failures=1 pos=(2110.972, 806.4182) dest=(0.0, 0.0)
  stuck owner=3 kind=villager order=build failures=1 pos=(2160.001, 416.3456) dest=(0.0, 0.0)
SPIKE frame=2344 ms=30.1
  stuck owner=2 kind=villager order=build failures=1 pos=(329.6389, 1948.446) dest=(0.0, 0.0)
  stuck owner=3 kind=villager order=gather failures=1 pos=(2110.972, 806.4182) dest=(0.0, 0.0)
  stuck owner=3 kind=villager order=build failures=1 pos=(2160.001, 416.3456) dest=(0.0, 0.0)
SPIKE frame=2346 ms=30.3
  stuck owner=2 kind=villager order=build failures=1 pos=(329.6389, 1948.446) dest=(0.0, 0.0)
  stuck owner=3 kind=villager order=gather failures=1 pos=(2110.972, 806.4182) dest=(0.0, 0.0)
  stuck owner=3 kind=villager order=build failures=1 pos=(2160.001, 416.3456) dest=(0.0, 0.0)
frames=2400 mean=9.01 p50=8.34 p90=13.18 p99=26.62 max=101.41
frames with obstacle_revision bump: 6/2400, with grid_refresh: 0/2400
first wildlife: 38, last wildlife: 38, last units: 25, last buildings: 19
--- slowest 15 frames ---
{"astar_ms":0.0,"buildings":19,"can_occupy_ms":0.0,"fine_build_ms":0.0,"fine_cells":0,"frame":2341,"grid_refresh":0,"grid_refresh_ms":0.0,"move_step_ms":0.0,"ms":101.41,"path_between_ms":0.0,"path_to_range_ms":0.0,"ptr_coarse_ms":0.0,"ptr_refine_ms":0.0,"rev":20,"rev_delta":3,"units":24,"wildlife":38}
{"astar_ms":0.0,"buildings":19,"can_occupy_ms":0.0,"fine_build_ms":0.0,"fine_cells":0,"frame":2343,"grid_refresh":0,"grid_refresh_ms":0.0,"move_step_ms":0.0,"ms":85.81,"path_between_ms":0.0,"path_to_range_ms":0.0,"ptr_coarse_ms":0.0,"ptr_refine_ms":0.0,"rev":20,"rev_delta":0,"units":24,"wildlife":38}
{"astar_ms":0.0,"buildings":11,"can_occupy_ms":0.0,"fine_build_ms":0.0,"fine_cells":0,"frame":1894,"grid_refresh":0,"grid_refresh_ms":0.0,"move_step_ms":0.0,"ms":81.03,"path_between_ms":0.0,"path_to_range_ms":0.0,"ptr_coarse_ms":0.0,"ptr_refine_ms":0.0,"rev":12,"rev_delta":3,"units":24,"wildlife":38}
{"astar_ms":0.0,"buildings":7,"can_occupy_ms":0.0,"fine_build_ms":0.0,"fine_cells":0,"frame":15,"grid_refresh":0,"grid_refresh_ms":0.0,"move_step_ms":0.0,"ms":75.11,"path_between_ms":0.0,"path_to_range_ms":0.0,"ptr_coarse_ms":0.0,"ptr_refine_ms":0.0,"rev":8,"rev_delta":0,"units":24,"wildlife":38}
{"astar_ms":0.0,"buildings":7,"can_occupy_ms":0.0,"fine_build_ms":0.0,"fine_cells":0,"frame":14,"grid_refresh":0,"grid_refresh_ms":0.0,"move_step_ms":0.0,"ms":71.17,"path_between_ms":0.0,"path_to_range_ms":0.0,"ptr_coarse_ms":0.0,"ptr_refine_ms":0.0,"rev":8,"rev_delta":0,"units":24,"wildlife":38}
{"astar_ms":0.0,"buildings":15,"can_occupy_ms":0.0,"fine_build_ms":0.0,"fine_cells":0,"frame":2118,"grid_refresh":0,"grid_refresh_ms":0.0,"move_step_ms":0.0,"ms":69.52,"path_between_ms":0.0,"path_to_range_ms":0.0,"ptr_coarse_ms":0.0,"ptr_refine_ms":0.0,"rev":17,"rev_delta":3,"units":24,"wildlife":38}
{"astar_ms":0.0,"buildings":7,"can_occupy_ms":0.0,"fine_build_ms":0.0,"fine_cells":0,"frame":27,"grid_refresh":0,"grid_refresh_ms":0.0,"move_step_ms":0.0,"ms":52.29,"path_between_ms":0.0,"path_to_range_ms":0.0,"ptr_coarse_ms":0.0,"ptr_refine_ms":0.0,"rev":8,"rev_delta":0,"units":24,"wildlife":38}
{"astar_ms":0.0,"buildings":7,"can_occupy_ms":0.0,"fine_build_ms":0.0,"fine_cells":0,"frame":524,"grid_refresh":0,"grid_refresh_ms":0.0,"move_step_ms":0.0,"ms":47.43,"path_between_ms":0.0,"path_to_range_ms":0.0,"ptr_coarse_ms":0.0,"ptr_refine_ms":0.0,"rev":8,"rev_delta":0,"units":24,"wildlife":38}
{"astar_ms":0.0,"buildings":7,"can_occupy_ms":0.0,"fine_build_ms":0.0,"fine_cells":0,"frame":446,"grid_refresh":0,"grid_refresh_ms":0.0,"move_step_ms":0.0,"ms":35.78,"path_between_ms":0.0,"path_to_range_ms":0.0,"ptr_coarse_ms":0.0,"ptr_refine_ms":0.0,"rev":8,"rev_delta":0,"units":24,"wildlife":38}
{"astar_ms":0.0,"buildings":7,"can_occupy_ms":0.0,"fine_build_ms":0.0,"fine_cells":0,"frame":24,"grid_refresh":0,"grid_refresh_ms":0.0,"move_step_ms":0.0,"ms":35.66,"path_between_ms":0.0,"path_to_range_ms":0.0,"ptr_coarse_ms":0.0,"ptr_refine_ms":0.0,"rev":8,"rev_delta":0,"units":24,"wildlife":38}
{"astar_ms":0.0,"buildings":7,"can_occupy_ms":0.0,"fine_build_ms":0.0,"fine_cells":0,"frame":25,"grid_refresh":0,"grid_refresh_ms":0.0,"move_step_ms":0.0,"ms":34.69,"path_between_ms":0.0,"path_to_range_ms":0.0,"ptr_coarse_ms":0.0,"ptr_refine_ms":0.0,"rev":8,"rev_delta":0,"units":24,"wildlife":38}
{"astar_ms":0.0,"buildings":7,"can_occupy_ms":0.0,"fine_build_ms":0.0,"fine_cells":0,"frame":1538,"grid_refresh":0,"grid_refresh_ms":0.0,"move_step_ms":0.0,"ms":30.84,"path_between_ms":0.0,"path_to_range_ms":0.0,"ptr_coarse_ms":0.0,"ptr_refine_ms":0.0,"rev":8,"rev_delta":0,"units":24,"wildlife":38}
{"astar_ms":0.0,"buildings":11,"can_occupy_ms":0.0,"fine_build_ms":0.0,"fine_cells":0,"frame":1904,"grid_refresh":0,"grid_refresh_ms":0.0,"move_step_ms":0.0,"ms":30.65,"path_between_ms":0.0,"path_to_range_ms":0.0,"ptr_coarse_ms":0.0,"ptr_refine_ms":0.0,"rev":12,"rev_delta":0,"units":24,"wildlife":38}
{"astar_ms":0.0,"buildings":7,"can_occupy_ms":0.0,"fine_build_ms":0.0,"fine_cells":0,"frame":53,"grid_refresh":0,"grid_refresh_ms":0.0,"move_step_ms":0.0,"ms":30.29,"path_between_ms":0.0,"path_to_range_ms":0.0,"ptr_coarse_ms":0.0,"ptr_refine_ms":0.0,"rev":8,"rev_delta":0,"units":24,"wildlife":38}
{"astar_ms":0.0,"buildings":19,"can_occupy_ms":0.0,"fine_build_ms":0.0,"fine_cells":0,"frame":2346,"grid_refresh":0,"grid_refresh_ms":0.0,"move_step_ms":0.0,"ms":30.27,"path_between_ms":0.0,"path_to_range_ms":0.0,"ptr_coarse_ms":0.0,"ptr_refine_ms":0.0,"rev":20,"rev_delta":0,"units":25,"wildlife":38}
--- sample every 300 frames ---
{"astar_ms":0.0,"buildings":7,"can_occupy_ms":0.0,"fine_build_ms":0.0,"fine_cells":0,"frame":0,"grid_refresh":0,"grid_refresh_ms":0.0,"move_step_ms":0.0,"ms":21.45,"path_between_ms":0.0,"path_to_range_ms":0.0,"ptr_coarse_ms":0.0,"ptr_refine_ms":0.0,"rev":8,"rev_delta":0,"units":24,"wildlife":38}
{"astar_ms":0.0,"buildings":7,"can_occupy_ms":0.0,"fine_build_ms":0.0,"fine_cells":0,"frame":300,"grid_refresh":0,"grid_refresh_ms":0.0,"move_step_ms":0.0,"ms":9.83,"path_between_ms":0.0,"path_to_range_ms":0.0,"ptr_coarse_ms":0.0,"ptr_refine_ms":0.0,"rev":8,"rev_delta":0,"units":24,"wildlife":38}
{"astar_ms":0.0,"buildings":7,"can_occupy_ms":0.0,"fine_build_ms":0.0,"fine_cells":0,"frame":600,"grid_refresh":0,"grid_refresh_ms":0.0,"move_step_ms":0.0,"ms":8.7,"path_between_ms":0.0,"path_to_range_ms":0.0,"ptr_coarse_ms":0.0,"ptr_refine_ms":0.0,"rev":8,"rev_delta":0,"units":24,"wildlife":38}
{"astar_ms":0.0,"buildings":7,"can_occupy_ms":0.0,"fine_build_ms":0.0,"fine_cells":0,"frame":900,"grid_refresh":0,"grid_refresh_ms":0.0,"move_step_ms":0.0,"ms":7.99,"path_between_ms":0.0,"path_to_range_ms":0.0,"ptr_coarse_ms":0.0,"ptr_refine_ms":0.0,"rev":8,"rev_delta":0,"units":24,"wildlife":38}
{"astar_ms":0.0,"buildings":7,"can_occupy_ms":0.0,"fine_build_ms":0.0,"fine_cells":0,"frame":1200,"grid_refresh":0,"grid_refresh_ms":0.0,"move_step_ms":0.0,"ms":16.14,"path_between_ms":0.0,"path_to_range_ms":0.0,"ptr_coarse_ms":0.0,"ptr_refine_ms":0.0,"rev":8,"rev_delta":0,"units":24,"wildlife":38}
{"astar_ms":0.0,"buildings":7,"can_occupy_ms":0.0,"fine_build_ms":0.0,"fine_cells":0,"frame":1500,"grid_refresh":0,"grid_refresh_ms":0.0,"move_step_ms":0.0,"ms":2.36,"path_between_ms":0.0,"path_to_range_ms":0.0,"ptr_coarse_ms":0.0,"ptr_refine_ms":0.0,"rev":8,"rev_delta":0,"units":24,"wildlife":38}
{"astar_ms":0.0,"buildings":7,"can_occupy_ms":0.0,"fine_build_ms":0.0,"fine_cells":0,"frame":1800,"grid_refresh":0,"grid_refresh_ms":0.0,"move_step_ms":0.0,"ms":6.94,"path_between_ms":0.0,"path_to_range_ms":0.0,"ptr_coarse_ms":0.0,"ptr_refine_ms":0.0,"rev":9,"rev_delta":0,"units":24,"wildlife":38}
{"astar_ms":0.0,"buildings":11,"can_occupy_ms":0.0,"fine_build_ms":0.0,"fine_cells":0,"frame":2100,"grid_refresh":0,"grid_refresh_ms":0.0,"move_step_ms":0.0,"ms":8.58,"path_between_ms":0.0,"path_to_range_ms":0.0,"ptr_coarse_ms":0.0,"ptr_refine_ms":0.0,"rev":14,"rev_delta":0,"units":24,"wildlife":38}
