Godot Engine v4.7.2.stable.custom_build.ed1daf0bf (2026-08-17 01:18:38 UTC) - https://godotengine.org

PARALLEL_PROGRESS {"batch_ms":69.136,"matches_serial":true,"mode":"arithmetic_control","pass":1,"snapshot_ms":0.012,"worker_ids":[1],"workers":0}
PARALLEL_PROGRESS {"batch_ms":74.832,"matches_serial":true,"mode":"arithmetic_control","pass":1,"snapshot_ms":0.025,"worker_ids":[5],"workers":1}
PARALLEL_PROGRESS {"batch_ms":53.621,"matches_serial":true,"mode":"arithmetic_control","pass":1,"snapshot_ms":0.028,"worker_ids":[8,6],"workers":2}
PARALLEL_PROGRESS {"batch_ms":46.42,"matches_serial":true,"mode":"arithmetic_control","pass":1,"snapshot_ms":0.034,"worker_ids":[10,12,10,12],"workers":4}
PARALLEL_PROGRESS {"batch_ms":65.909,"matches_serial":true,"mode":"arithmetic_control","pass":2,"snapshot_ms":0.041,"worker_ids":[10,12,12,10],"workers":4}
PARALLEL_PROGRESS {"batch_ms":46.649,"matches_serial":true,"mode":"arithmetic_control","pass":2,"snapshot_ms":0.053,"worker_ids":[10,12],"workers":2}
PARALLEL_PROGRESS {"batch_ms":69.348,"matches_serial":true,"mode":"arithmetic_control","pass":2,"snapshot_ms":0.043,"worker_ids":[13],"workers":1}
PARALLEL_PROGRESS {"batch_ms":70.52,"matches_serial":true,"mode":"arithmetic_control","pass":2,"snapshot_ms":0.023,"worker_ids":[1],"workers":0}
PARALLEL_PROGRESS {"batch_ms":493.562,"matches_serial":true,"mode":"grid","pass":1,"snapshot_ms":8.693,"worker_ids":[1],"workers":0}
PARALLEL_PROGRESS {"batch_ms":537.925,"matches_serial":true,"mode":"grid","pass":1,"snapshot_ms":39.988,"worker_ids":[16],"workers":1}
PARALLEL_PROGRESS {"batch_ms":375.41,"matches_serial":true,"mode":"grid","pass":1,"snapshot_ms":39.375,"worker_ids":[18,5],"workers":2}
PARALLEL_PROGRESS {"batch_ms":387.234,"matches_serial":true,"mode":"grid","pass":1,"snapshot_ms":54.615,"worker_ids":[6,8,8,6],"workers":4}
PARALLEL_PROGRESS {"batch_ms":381.553,"matches_serial":true,"mode":"grid","pass":2,"snapshot_ms":38.985,"worker_ids":[6,8,8,6],"workers":4}
PARALLEL_PROGRESS {"batch_ms":372.02,"matches_serial":true,"mode":"grid","pass":2,"snapshot_ms":24.435,"worker_ids":[6,8],"workers":2}
PARALLEL_PROGRESS {"batch_ms":545.044,"matches_serial":true,"mode":"grid","pass":2,"snapshot_ms":32.206,"worker_ids":[10],"workers":1}
PARALLEL_PROGRESS {"batch_ms":545.605,"matches_serial":true,"mode":"grid","pass":2,"snapshot_ms":32.562,"worker_ids":[1],"workers":0}
PARALLEL_PROGRESS {"batch_ms":1091.879,"matches_serial":true,"mode":"recovery","pass":1,"snapshot_ms":105.207,"successful_routes":79,"worker_ids":[1],"workers":0}
PARALLEL_PROGRESS {"batch_ms":1158.189,"matches_serial":true,"mode":"recovery","pass":1,"snapshot_ms":17.922,"successful_routes":79,"worker_ids":[12],"workers":1}
PARALLEL_PROGRESS {"batch_ms":999.367,"matches_serial":true,"mode":"recovery","pass":1,"snapshot_ms":18.179,"successful_routes":79,"worker_ids":[13,16],"workers":2}
PARALLEL_PROGRESS {"batch_ms":983.627,"matches_serial":true,"mode":"recovery","pass":1,"snapshot_ms":46.047,"successful_routes":79,"worker_ids":[18,5,18,5],"workers":4}
PARALLEL_PROGRESS {"batch_ms":857.823,"matches_serial":true,"mode":"recovery","pass":2,"snapshot_ms":42.039,"successful_routes":79,"worker_ids":[18,5,5,18],"workers":4}
PARALLEL_PROGRESS {"batch_ms":811.106,"matches_serial":true,"mode":"recovery","pass":2,"snapshot_ms":21.181,"successful_routes":79,"worker_ids":[18,5],"workers":2}
PARALLEL_PROGRESS {"batch_ms":1177.354,"matches_serial":true,"mode":"recovery","pass":2,"snapshot_ms":7.935,"successful_routes":79,"worker_ids":[6],"workers":1}
PARALLEL_PROGRESS {"batch_ms":1005.611,"matches_serial":true,"mode":"recovery","pass":2,"snapshot_ms":6.214,"successful_routes":79,"worker_ids":[1],"workers":0}
NAVIGATION_PARALLEL_POC {"buildings":6,"deer":8,"failures":0,"high_priority":false,"requests":80,"runs":[{"batch_ms":69.136,"matches_serial":true,"mode":"arithmetic_control","pass":1,"snapshot_ms":0.012,"worker_ids":[1],"workers":0},{"batch_ms":74.832,"matches_serial":true,"mode":"arithmetic_control","pass":1,"snapshot_ms":0.025,"worker_ids":[5],"workers":1},{"batch_ms":53.621,"matches_serial":true,"mode":"arithmetic_control","pass":1,"snapshot_ms":0.028,"worker_ids":[8,6],"workers":2},{"batch_ms":46.42,"matches_serial":true,"mode":"arithmetic_control","pass":1,"snapshot_ms":0.034,"worker_ids":[10,12,10,12],"workers":4},{"batch_ms":65.909,"matches_serial":true,"mode":"arithmetic_control","pass":2,"snapshot_ms":0.041,"worker_ids":[10,12,12,10],"workers":4},{"batch_ms":46.649,"matches_serial":true,"mode":"arithmetic_control","pass":2,"snapshot_ms":0.053,"worker_ids":[10,12],"workers":2},{"batch_ms":69.348,"matches_serial":true,"mode":"arithmetic_control","pass":2,"snapshot_ms":0.043,"worker_ids":[13],"workers":1},{"batch_ms":70.52,"matches_serial":true,"mode":"arithmetic_control","pass":2,"snapshot_ms":0.023,"worker_ids":[1],"workers":0},{"async":true,"batch_ms":40.458,"main_loop_ticks":6,"main_submit_ms":0.015,"matches_serial":true,"max_main_tick_gap_ms":20.092,"mode":"arithmetic_control","workers":4},{"batch_ms":493.562,"matches_serial":true,"mode":"grid","pass":1,"snapshot_ms":8.693,"worker_ids":[1],"workers":0},{"batch_ms":537.925,"matches_serial":true,"mode":"grid","pass":1,"snapshot_ms":39.988,"worker_ids":[16],"workers":1},{"batch_ms":375.41,"matches_serial":true,"mode":"grid","pass":1,"snapshot_ms":39.375,"worker_ids":[18,5],"workers":2},{"batch_ms":387.234,"matches_serial":true,"mode":"grid","pass":1,"snapshot_ms":54.615,"worker_ids":[6,8,8,6],"workers":4},{"batch_ms":381.553,"matches_serial":true,"mode":"grid","pass":2,"snapshot_ms":38.985,"worker_ids":[6,8,8,6],"workers":4},{"batch_ms":372.02,"matches_serial":true,"mode":"grid","pass":2,"snapshot_ms":24.435,"worker_ids":[6,8],"workers":2},{"batch_ms":545.044,"matches_serial":true,"mode":"grid","pass":2,"snapshot_ms":32.206,"worker_ids":[10],"workers":1},{"batch_ms":545.605,"matches_serial":true,"mode":"grid","pass":2,"snapshot_ms":32.562,"worker_ids":[1],"workers":0},{"async":true,"batch_ms":609.428,"main_loop_ticks":73,"main_submit_ms":0.022,"matches_serial":true,"max_main_tick_gap_ms":19.728,"mode":"grid","workers":4},{"batch_ms":1091.879,"matches_serial":true,"mode":"recovery","pass":1,"snapshot_ms":105.207,"successful_routes":79,"worker_ids":[1],"workers":0},{"batch_ms":1158.189,"matches_serial":true,"mode":"recovery","pass":1,"snapshot_ms":17.922,"successful_routes":79,"worker_ids":[12],"workers":1},{"batch_ms":999.367,"matches_serial":true,"mode":"recovery","pass":1,"snapshot_ms":18.179,"successful_routes":79,"worker_ids":[13,16],"workers":2},{"batch_ms":983.627,"matches_serial":true,"mode":"recovery","pass":1,"snapshot_ms":46.047,"successful_routes":79,"worker_ids":[18,5,18,5],"workers":4},{"batch_ms":857.823,"matches_serial":true,"mode":"recovery","pass":2,"snapshot_ms":42.039,"successful_routes":79,"worker_ids":[18,5,5,18],"workers":4},{"batch_ms":811.106,"matches_serial":true,"mode":"recovery","pass":2,"snapshot_ms":21.181,"successful_routes":79,"worker_ids":[18,5],"workers":2},{"batch_ms":1177.354,"matches_serial":true,"mode":"recovery","pass":2,"snapshot_ms":7.935,"successful_routes":79,"worker_ids":[6],"workers":1},{"batch_ms":1005.611,"matches_serial":true,"mode":"recovery","pass":2,"snapshot_ms":6.214,"successful_routes":79,"worker_ids":[1],"workers":0},{"async":true,"batch_ms":850.258,"main_loop_ticks":102,"main_submit_ms":0.01,"matches_serial":true,"max_main_tick_gap_ms":18.701,"mode":"recovery","workers":4}]}
