Godot Engine v4.7.2.stable.custom_build.ed1daf0bf (2026-08-17 01:18:38 UTC) - https://godotengine.org

2026-10-02 12:00:51.956 godot.macos.template_debug.arm64[37297:22705212] XType: Using static font registry.
POC_PASS b21_all_96_sites_are_legal 
POC_PASS b21_all_seven_initial_positions_are_clear 
B21_END completed=96 states=[{ "id": 112910666347, "pos": (1523.648, 378.8077), "order": "idle", "queue": 0, "stalled": 0.0, "travel_stalled": 0.0, "goal": (inf, inf), "stop": -1.0, "target": (inf, inf), "route": [], "yield": 0.0 }, { "id": 113145547343, "pos": (1562.382, 490.3964), "order": "idle", "queue": 0, "stalled": 0.0, "travel_stalled": 0.0, "goal": (inf, inf), "stop": -1.0, "target": (inf, inf), "route": [], "yield": 0.0 }, { "id": 113380428338, "pos": (1566.572, 465.5966), "order": "idle", "queue": 0, "stalled": 0.0, "travel_stalled": 0.0, "goal": (inf, inf), "stop": -1.0, "target": (inf, inf), "route": [], "yield": 0.0 }, { "id": 113615309598, "pos": (1584.938, 562.2498), "order": "idle", "queue": 0, "stalled": 0.0, "travel_stalled": 0.0, "goal": (inf, inf), "stop": -1.0, "target": (inf, inf), "route": [], "yield": 0.0 }, { "id": 113850190636, "pos": (1588.146, 652.3527), "order": "idle", "queue": 0, "stalled": 0.0, "travel_stalled": 0.0, "goal": (inf, inf), "stop": -1.0, "target": (inf, inf), "route": [], "yield": 0.0 }, { "id": 114085071674, "pos": (1541.546, 452.22), "order": "idle", "queue": 0, "stalled": 0.0, "travel_stalled": 0.0, "goal": (inf, inf), "stop": -1.0, "target": (inf, inf), "route": [], "yield": 0.0 }, { "id": 114319952712, "pos": (1546.916, 472.604), "order": "idle", "queue": 0, "stalled": 0.0, "travel_stalled": 0.0, "goal": (inf, inf), "stop": -1.0, "target": (inf, inf), "route": [], "yield": 0.0 }]
POC_PASS b21_all_96_sites_complete_at_original_deadline 
POC_PASS b21_all_seven_finish_queues_at_original_deadline 
POC_PASS b21_no_teleport 
POC_PASS b21_never_overlaps_allies 
POC_PASS b21_narrow_three_actor_fixture_is_legal 
POC_PASS b21_narrow_caller_really_is_blocked 
POC_PASS b21_original_six_sidestep_directions_are_blocked 
POC_PASS b21_longitudinal_yield_opens_legal_narrow_passage 
POC_PASS b21_narrow_yield_preserves_jobs_and_queues 
POC_PASS b21_narrow_yield_respects_original_speed_bound 
POC_PASS b21_narrow_yield_collision_safe 
POC_PASS b21_physical_stall_fixture_cannot_move 
POC_PASS b21_blocked_worker_really_replans 
POC_PASS b21_replanning_does_not_erase_physical_stall 
POC_PASS b21_new_order_clears_physical_stall 
POC_PASS b21_physical_stall_restarts_for_new_order 
POC_PASS b21_real_displacement_clears_physical_stall 
POC_PASS b21_accepting_recovery_does_not_erase_physical_stall 
POC_PASS b21_recovery_displacement_clears_physical_stall 
POC_PASS b21_new_goal_clears_physical_stall 
POC_PASS b21_arrival_clears_physical_stall 
POC_PASS b21_build_travelling_yield_policy 
POC_PASS b21_build_travelling_preserves_job 
POC_PASS b21_build_travelling_safe_bounded_motion 
POC_PASS b21_build_working_yield_policy 
POC_PASS b21_build_working_preserves_job 
POC_PASS b21_build_working_safe_bounded_motion 
POC_PASS b21_build_not_stalled_yield_policy 
POC_PASS b21_build_not_stalled_preserves_job 
POC_PASS b21_build_not_stalled_safe_bounded_motion 
POC_PASS b21_build_hold_yield_policy 
POC_PASS b21_build_hold_preserves_job 
POC_PASS b21_build_hold_safe_bounded_motion 
POC_PASS b21_build_enemy_yield_policy 
POC_PASS b21_build_enemy_preserves_job 
POC_PASS b21_build_enemy_safe_bounded_motion 
POC_PASS b21_build_lower_priority_yield_policy 
POC_PASS b21_build_lower_priority_preserves_job 
POC_PASS b21_build_lower_priority_safe_bounded_motion 
POC_PASS b21_build_invalid_goal_yield_policy 
POC_PASS b21_build_invalid_goal_preserves_job 
POC_PASS b21_build_invalid_goal_safe_bounded_motion 
POC_PASS b21_build_invalid_target_yield_policy 
POC_PASS b21_build_invalid_target_preserves_job 
POC_PASS b21_build_invalid_target_safe_bounded_motion 
POC_PASS b21_build_moving_target_yield_policy 
POC_PASS b21_build_moving_target_preserves_job 
POC_PASS b21_build_moving_target_safe_bounded_motion 
POC_PASS b21_build_stale_group_yield_policy 
POC_PASS b21_build_stale_group_preserves_job 
POC_PASS b21_build_stale_group_safe_bounded_motion 
POC_PASS b21_repair_travelling_yield_policy 
POC_PASS b21_repair_travelling_preserves_job 
POC_PASS b21_repair_travelling_safe_bounded_motion 
POC_PASS b21_repair_working_yield_policy 
POC_PASS b21_repair_working_preserves_job 
POC_PASS b21_repair_working_safe_bounded_motion 
POC_PASS b21_repair_not_stalled_yield_policy 
POC_PASS b21_repair_not_stalled_preserves_job 
POC_PASS b21_repair_not_stalled_safe_bounded_motion 
POC_PASS b21_repair_hold_yield_policy 
POC_PASS b21_repair_hold_preserves_job 
POC_PASS b21_repair_hold_safe_bounded_motion 
POC_PASS b21_repair_enemy_yield_policy 
POC_PASS b21_repair_enemy_preserves_job 
POC_PASS b21_repair_enemy_safe_bounded_motion 
POC_PASS b21_repair_lower_priority_yield_policy 
POC_PASS b21_repair_lower_priority_preserves_job 
POC_PASS b21_repair_lower_priority_safe_bounded_motion 
POC_PASS b21_repair_invalid_goal_yield_policy 
POC_PASS b21_repair_invalid_goal_preserves_job 
POC_PASS b21_repair_invalid_goal_safe_bounded_motion 
POC_PASS b21_repair_invalid_target_yield_policy 
POC_PASS b21_repair_invalid_target_preserves_job 
POC_PASS b21_repair_invalid_target_safe_bounded_motion 
POC_PASS b21_repair_moving_target_yield_policy 
POC_PASS b21_repair_moving_target_preserves_job 
POC_PASS b21_repair_moving_target_safe_bounded_motion 
POC_PASS b21_repair_stale_group_yield_policy 
POC_PASS b21_repair_stale_group_preserves_job 
POC_PASS b21_repair_stale_group_safe_bounded_motion 
POC_PASS b21_gather_travelling_yield_policy 
POC_PASS b21_gather_travelling_preserves_job 
POC_PASS b21_gather_travelling_safe_bounded_motion 
POC_PASS b21_gather_working_yield_policy 
POC_PASS b21_gather_working_preserves_job 
POC_PASS b21_gather_working_safe_bounded_motion 
POC_PASS b21_gather_not_stalled_yield_policy 
POC_PASS b21_gather_not_stalled_preserves_job 
POC_PASS b21_gather_not_stalled_safe_bounded_motion 
POC_PASS b21_gather_hold_yield_policy 
POC_PASS b21_gather_hold_preserves_job 
POC_PASS b21_gather_hold_safe_bounded_motion 
POC_PASS b21_gather_enemy_yield_policy 
POC_PASS b21_gather_enemy_preserves_job 
POC_PASS b21_gather_enemy_safe_bounded_motion 
POC_PASS b21_gather_lower_priority_yield_policy 
POC_PASS b21_gather_lower_priority_preserves_job 
POC_PASS b21_gather_lower_priority_safe_bounded_motion 
POC_PASS b21_gather_invalid_goal_yield_policy 
POC_PASS b21_gather_invalid_goal_preserves_job 
POC_PASS b21_gather_invalid_goal_safe_bounded_motion 
POC_PASS b21_gather_invalid_target_yield_policy 
POC_PASS b21_gather_invalid_target_preserves_job 
POC_PASS b21_gather_invalid_target_safe_bounded_motion 
POC_PASS b21_gather_moving_target_yield_policy 
POC_PASS b21_gather_moving_target_preserves_job 
POC_PASS b21_gather_moving_target_safe_bounded_motion 
POC_PASS b21_gather_stale_group_yield_policy 
POC_PASS b21_gather_stale_group_preserves_job 
POC_PASS b21_gather_stale_group_safe_bounded_motion 
EXPLORATION_B21_WORK_YIELD checks=113 failures=0
