Godot Engine v4.7.2.stable.custom_build.ed1daf0bf (2026-08-17 01:18:38 UTC) - https://godotengine.org

BALANCE_TRACE t=0 owner=0 age=1 bank={ "food": 120, "wood": 360, "gold": 50 } workers={ "build": 2, "stone": 1, "wood": 1, "idle": 1 } visible_wood=5 buildings={ "farms": 0, "houses": 0, "workshops": 0, "monasteries": 0 } ram=0
BALANCE_TRACE t=0 owner=1 age=1 bank={ "food": 120, "wood": 360, "gold": 50 } workers={ "gold": 1, "build": 2, "wood": 1, "idle": 1 } visible_wood=4 buildings={ "farms": 0, "houses": 0, "workshops": 0, "monasteries": 0 } ram=0
BALANCE_TRACE t=60 owner=0 age=2 bank={ "food": 172, "wood": 95, "gold": 218 } workers={ "build": 1, "food": 3, "wood": 2, "gold": 2 } visible_wood=7 buildings={ "farms": 2, "houses": 2, "workshops": 0, "monasteries": 0 } ram=0
BALANCE_TRACE t=60 owner=1 age=2 bank={ "food": 32, "wood": 53, "gold": 195 } workers={ "build": 2, "gold": 2, "wood": 3, "food": 1, "move": 1 } visible_wood=7 buildings={ "farms": 3, "houses": 1, "workshops": 0, "monasteries": 0 } ram=0
BALANCE_TRACE t=120 owner=0 age=3 bank={ "food": 38, "wood": 96, "gold": 545 } workers={ "gather": 1, "food": 4, "wood": 6, "gold": 2, "build": 2 } visible_wood=4 buildings={ "farms": 4, "houses": 4, "workshops": 1, "monasteries": 0 } ram=0
BALANCE_TRACE t=120 owner=1 age=2 bank={ "food": 141, "wood": 18, "gold": 298 } workers={ "build": 4, "gather": 1, "gold": 4, "wood": 3, "food": 2, "move": 1 } visible_wood=11 buildings={ "farms": 5, "houses": 3, "workshops": 0, "monasteries": 0 } ram=0
BALANCE_TRACE t=180 owner=0 age=3 bank={ "food": 600, "wood": 53, "gold": 30 } workers={ "gather": 2, "food": 5, "gold": 7, "wood": 4 } visible_wood=10 buildings={ "farms": 5, "houses": 4, "workshops": 1, "monasteries": 1 } ram=1
BALANCE_TRACE t=180 owner=1 age=3 bank={ "food": 35, "wood": 195, "gold": 882 } workers={ "wood": 7, "food": 4, "gold": 4, "build": 2, "idle": 2, "stone": 1 } visible_wood=8 buildings={ "farms": 4, "houses": 6, "workshops": 1, "monasteries": 0 } ram=0
BALANCE_TRACE t=240 owner=0 age=3 bank={ "food": 23, "wood": 478, "gold": 118 } workers={ "food": 5, "wood": 3, "gold": 6, "move": 2 } visible_wood=7 buildings={ "farms": 6, "houses": 5, "workshops": 1, "monasteries": 1 } ram=1
BALANCE_TRACE t=240 owner=1 age=3 bank={ "food": 4, "wood": 14, "gold": 212 } workers={ "gather": 1, "gold": 7, "food": 6, "wood": 5, "stone": 4, "build": 1 } visible_wood=14 buildings={ "farms": 6, "houses": 7, "workshops": 1, "monasteries": 1 } ram=1
BALANCE_TRACE t=300 owner=0 age=3 bank={ "food": 2, "wood": 880, "gold": 98 } workers={ "food": 6, "gold": 4, "move": 4, "build": 1 } visible_wood=3 buildings={ "farms": 6, "houses": 5, "workshops": 1, "monasteries": 1 } ram=1
BALANCE_TRACE t=300 owner=1 age=3 bank={ "food": 402, "wood": 864, "gold": 496 } workers={ "gather": 2, "gold": 10, "food": 7, "wood": 5, "stone": 1 } visible_wood=9 buildings={ "farms": 8, "houses": 7, "workshops": 1, "monasteries": 1 } ram=1
BALANCE_TRACE t=360 owner=0 age=3 bank={ "food": 7, "wood": 570, "gold": 18 } workers={ "build": 2, "move": 2, "food": 1, "wood": 2 } visible_wood=3 buildings={ "farms": 6, "houses": 5, "workshops": 1, "monasteries": 1 } ram=1
BALANCE_TRACE t=360 owner=1 age=4 bank={ "food": 46, "wood": 764, "gold": 227 } workers={ "food": 11, "gold": 6, "wood": 7, "stone": 1, "build": 1 } visible_wood=14 buildings={ "farms": 8, "houses": 9, "workshops": 1, "monasteries": 1 } ram=2
BALANCE seed=17 civs=["English", "French"] style=balanced difficulty=normal ages=[[0, 20, 100, -1], [0, 20, 145, 345]] peak_workers=[20, 29] peak_army=[30, 54] production=[5, 7] army_distance=[1705.28441162109, 1484.56211966055] attack_distance=[94.9504287719727, 109.75710105896] empty_attack_routes=[4, 2] siege=[1, 1] assets=[{ "wood": 670, "gold": 18, "workshops": 1, "monasteries": 1, "monks": 0, "ram_orders": 1 }, { "wood": 1513, "gold": 747, "workshops": 1, "monasteries": 1, "monks": 3, "ram_orders": 2 }] sites=[1, 1, 1] monks=[[], [{ "order": "idle", "position": (1049.0, 558.0), "destination": (1049.0, 558.0) }, { "order": "idle", "position": (2170.0, 946.0), "destination": (2170.0, 946.0) }, { "order": "idle", "position": (1038.0, 579.0), "destination": (1038.0, 579.0) }]] army_orders=[{ "move": 1, "attack": 5, "idle": 1, "attack_move": 3 }, { "attack_move": 7, "idle": 27, "attack": 4, "move": 16 }] tactics=["defend", "siege_push"] center_hp=[1.0, 1.0] winner=1 fairness={ "fair": true, "counts": [{ "wood": 5, "food": 4, "gold": 3, "stone": 3 }, { "wood": 5, "food": 4, "gold": 3, "stone": 3 }], "nearest": [{ "wood": 237.008438110352, "food": 159.452194213867, "gold": 224.722045898438, "stone": 269.258239746094 }, { "wood": 272.389434814453, "food": 123.49089050293, "gold": 276.586334228516, "stone": 250.0 }] }
BALANCE_TRACE t=0 owner=0 age=1 bank={ "food": 120, "wood": 360, "gold": 50 } workers={ "build": 2, "stone": 1, "wood": 1, "idle": 1 } visible_wood=5 buildings={ "farms": 0, "houses": 0, "workshops": 0, "monasteries": 0 } ram=0
BALANCE_TRACE t=0 owner=1 age=1 bank={ "food": 120, "wood": 360, "gold": 50 } workers={ "gold": 1, "build": 2, "wood": 1, "idle": 1 } visible_wood=7 buildings={ "farms": 0, "houses": 0, "workshops": 0, "monasteries": 0 } ram=0
BALANCE_TRACE t=60 owner=0 age=2 bank={ "food": 354, "wood": 18, "gold": 274 } workers={ "gather": 2, "food": 1, "wood": 3, "build": 1, "gold": 1 } visible_wood=10 buildings={ "farms": 2, "houses": 2, "workshops": 0, "monasteries": 0 } ram=0
BALANCE_TRACE t=60 owner=1 age=2 bank={ "food": 18, "wood": 158, "gold": 151 } workers={ "gather": 1, "build": 1, "gold": 2, "wood": 3, "food": 1 } visible_wood=18 buildings={ "farms": 2, "houses": 2, "workshops": 0, "monasteries": 0 } ram=0
BALANCE_TRACE t=120 owner=0 age=3 bank={ "food": 23, "wood": 100, "gold": 397 } workers={ "wood": 5, "food": 3, "gold": 3, "build": 2, "move": 1 } visible_wood=8 buildings={ "farms": 2, "houses": 3, "workshops": 0, "monasteries": 0 } ram=0
BALANCE_TRACE t=120 owner=1 age=2 bank={ "food": 152, "wood": 34, "gold": 68 } workers={ "build": 4, "gather": 1, "gold": 6, "wood": 3 } visible_wood=16 buildings={ "farms": 4, "houses": 3, "workshops": 0, "monasteries": 0 } ram=0
BALANCE_TRACE t=180 owner=0 age=4 bank={ "food": 24, "wood": 45, "gold": 1462 } workers={ "wood": 7, "build": 4, "food": 5, "gold": 2 } visible_wood=13 buildings={ "farms": 3, "houses": 4, "workshops": 1, "monasteries": 1 } ram=2
BALANCE_TRACE t=180 owner=1 age=3 bank={ "food": 24, "wood": 565, "gold": 581 } workers={ "gather": 2, "gold": 4, "build": 3, "wood": 4, "food": 1, "stone": 2 } visible_wood=20 buildings={ "farms": 4, "houses": 4, "workshops": 1, "monasteries": 0 } ram=0
BALANCE_TRACE t=240 owner=0 age=4 bank={ "food": 778, "wood": 423, "gold": 285 } workers={ "wood": 7, "gather": 2, "gold": 5, "food": 6, "build": 1, "move": 1 } visible_wood=10 buildings={ "farms": 6, "houses": 7, "workshops": 1, "monasteries": 1 } ram=1
BALANCE_TRACE t=240 owner=1 age=4 bank={ "food": 91, "wood": 1092, "gold": 1326 } workers={ "gather": 1, "food": 6, "wood": 3, "stone": 2, "gold": 3 } visible_wood=30 buildings={ "farms": 3, "houses": 5, "workshops": 1, "monasteries": 0 } ram=2
BALANCE_TRACE t=300 owner=0 age=4 bank={ "food": 1051, "wood": 2342, "gold": 338 } workers={ "wood": 21, "gather": 2, "food": 2, "build": 1 } visible_wood=21 buildings={ "farms": 6, "houses": 8, "workshops": 1, "monasteries": 1 } ram=1
BALANCE_TRACE t=300 owner=1 age=4 bank={ "food": 9, "wood": 837, "gold": 47 } workers={ "gather": 2, "food": 4, "wood": 2, "gold": 4, "stone": 1, "idle": 2, "build": 1 } visible_wood=22 buildings={ "farms": 5, "houses": 6, "workshops": 1, "monasteries": 1 } ram=2
BALANCE_TRACE t=360 owner=0 age=4 bank={ "food": 843, "wood": 5594, "gold": 244 } workers={ "gather": 2, "wood": 11, "food": 1, "build": 1 } visible_wood=12 buildings={ "farms": 6, "houses": 8, "workshops": 1, "monasteries": 1 } ram=1
BALANCE_TRACE t=360 owner=1 age=4 bank={ "food": 135, "wood": 1099, "gold": 67 } workers={ "gather": 1, "gold": 2, "food": 6, "wood": 6, "idle": 6, "stone": 1 } visible_wood=12 buildings={ "farms": 5, "houses": 7, "workshops": 1, "monasteries": 1 } ram=2
BALANCE_TRACE t=420 owner=0 age=4 bank={ "food": 530, "wood": 5977, "gold": 236 } workers={ "gather": 1, "wood": 5, "food": 1, "build": 1 } visible_wood=7 buildings={ "farms": 6, "houses": 8, "workshops": 1, "monasteries": 1 } ram=0
BALANCE_TRACE t=420 owner=1 age=4 bank={ "food": 11, "wood": 1809, "gold": 367 } workers={ "gold": 5, "food": 10, "wood": 7, "gather": 2, "idle": 2, "stone": 1, "build": 1, "move": 1 } visible_wood=7 buildings={ "farms": 9, "houses": 9, "workshops": 1, "monasteries": 1 } ram=2
BALANCE seed=431 civs=["English", "French"] style=balanced difficulty=normal ages=[[0, 20, 115, 155], [0, 20, 145, 225]] peak_workers=[26, 29] peak_army=[56, 53] production=[4, 4] army_distance=[1289.42010215477, 1571.37670107241] attack_distance=[108.669370378767, 392.873487854004] empty_attack_routes=[16, 1] siege=[0, 2] assets=[{ "wood": 5686, "gold": 28, "workshops": 1, "monasteries": 1, "monks": 1, "ram_orders": 1 }, { "wood": 2792, "gold": 1619, "workshops": 1, "monasteries": 1, "monks": 3, "ram_orders": 2 }] sites=[1, 1, 1] monks=[[], [{ "order": "idle", "position": (1321.0, 1832.0), "destination": (1321.0, 1832.0) }, { "order": "idle", "position": (1324.0, 1802.0), "destination": (1324.0, 1802.0) }, { "order": "idle", "position": (1387.0, 1839.0), "destination": (1387.0, 1839.0) }]] army_orders=[{ "attack": 21, "idle": 7, "move": 11, "attack_move": 15 }, { "attack": 5, "attack_move": 11, "idle": 20, "move": 18 }] tactics=["regroup", "retreat"] center_hp=[1.0, 0.61904761904762] winner=1 fairness={ "fair": true, "counts": [{ "wood": 5, "food": 7, "gold": 3, "stone": 3 }, { "wood": 6, "food": 4, "gold": 3, "stone": 3 }], "nearest": [{ "wood": 237.008438110352, "food": 159.452194213867, "gold": 224.722045898438, "stone": 269.258239746094 }, { "wood": 272.389434814453, "food": 123.49089050293, "gold": 276.586334228516, "stone": 250.0 }] }
BALANCE_TRACE t=0 owner=0 age=1 bank={ "food": 120, "wood": 360, "gold": 50 } workers={ "build": 2, "stone": 1, "wood": 1, "idle": 1 } visible_wood=5 buildings={ "farms": 0, "houses": 0, "workshops": 0, "monasteries": 0 } ram=0
BALANCE_TRACE t=0 owner=1 age=1 bank={ "food": 120, "wood": 360, "gold": 50 } workers={ "gold": 1, "build": 2, "wood": 1, "idle": 1 } visible_wood=4 buildings={ "farms": 0, "houses": 0, "workshops": 0, "monasteries": 0 } ram=0
BALANCE_TRACE t=60 owner=0 age=2 bank={ "food": 242, "wood": 24, "gold": 253 } workers={ "gather": 1, "gold": 2, "food": 2, "wood": 3 } visible_wood=28 buildings={ "farms": 2, "houses": 2, "workshops": 0, "monasteries": 0 } ram=0
BALANCE_TRACE t=60 owner=1 age=2 bank={ "food": 87, "wood": 144, "gold": 202 } workers={ "gather": 1, "wood": 3, "gold": 2, "food": 2 } visible_wood=5 buildings={ "farms": 2, "houses": 2, "workshops": 0, "monasteries": 0 } ram=0
BALANCE_TRACE t=120 owner=0 age=3 bank={ "food": 288, "wood": 9, "gold": 753 } workers={ "wood": 8, "gold": 3, "gather": 1, "build": 1, "food": 2 } visible_wood=32 buildings={ "farms": 3, "houses": 4, "workshops": 0, "monasteries": 0 } ram=0
BALANCE_TRACE t=120 owner=1 age=2 bank={ "food": 20, "wood": 14, "gold": 220 } workers={ "food": 2, "gather": 2, "gold": 4, "wood": 3, "build": 3 } visible_wood=30 buildings={ "farms": 4, "houses": 3, "workshops": 0, "monasteries": 0 } ram=0
BALANCE_TRACE t=180 owner=0 age=3 bank={ "food": 33, "wood": 55, "gold": 159 } workers={ "food": 4, "wood": 5, "gold": 3, "gather": 1, "build": 2 } visible_wood=27 buildings={ "farms": 5, "houses": 5, "workshops": 1, "monasteries": 1 } ram=1
BALANCE_TRACE t=180 owner=1 age=3 bank={ "food": 3, "wood": 180, "gold": 773 } workers={ "wood": 8, "gather": 1, "gold": 3, "build": 1, "food": 5, "stone": 1 } visible_wood=28 buildings={ "farms": 5, "houses": 5, "workshops": 1, "monasteries": 0 } ram=0
BALANCE_TRACE t=240 owner=0 age=3 bank={ "food": 49, "wood": 168, "gold": 134 } workers={ "wood": 4, "food": 5, "gold": 7, "gather": 2, "move": 1, "idle": 1 } visible_wood=25 buildings={ "farms": 6, "houses": 6, "workshops": 1, "monasteries": 1 } ram=0
BALANCE_TRACE t=240 owner=1 age=3 bank={ "food": 13, "wood": 448, "gold": 205 } workers={ "gold": 7, "gather": 3, "wood": 6, "food": 4, "stone": 1, "build": 1 } visible_wood=25 buildings={ "farms": 7, "houses": 6, "workshops": 1, "monasteries": 1 } ram=1
BALANCE_TRACE t=300 owner=0 age=3 bank={ "food": 27, "wood": 250, "gold": 40 } workers={ "wood": 5, "gather": 1, "food": 4, "build": 1, "gold": 5 } visible_wood=19 buildings={ "farms": 7, "houses": 7, "workshops": 1, "monasteries": 1 } ram=1
BALANCE_TRACE t=300 owner=1 age=3 bank={ "food": 53, "wood": 1088, "gold": 1082 } workers={ "food": 4, "build": 3, "gather": 1, "wood": 5, "gold": 1, "idle": 10, "stone": 1 } visible_wood=19 buildings={ "farms": 8, "houses": 7, "workshops": 1, "monasteries": 1 } ram=1
BALANCE_TRACE t=360 owner=0 age=3 bank={ "food": 32, "wood": 297, "gold": 276 } workers={ "wood": 10, "gather": 2, "food": 1, "build": 2, "move": 1 } visible_wood=15 buildings={ "farms": 7, "houses": 7, "workshops": 1, "monasteries": 1 } ram=1
BALANCE_TRACE t=360 owner=1 age=4 bank={ "food": 35, "wood": 1541, "gold": 1254 } workers={ "wood": 12, "build": 1, "food": 6 } visible_wood=15 buildings={ "farms": 8, "houses": 8, "workshops": 1, "monasteries": 1 } ram=2
BALANCE_TRACE t=420 owner=0 age=4 bank={ "food": 3, "wood": 106, "gold": 58 } workers={ "build": 2, "wood": 6, "food": 4, "move": 2, "idle": 2 } visible_wood=5 buildings={ "farms": 7, "houses": 8, "workshops": 1, "monasteries": 1 } ram=0
BALANCE_TRACE t=420 owner=1 age=4 bank={ "food": 65, "wood": 3637, "gold": 1044 } workers={ "wood": 15, "food": 8 } visible_wood=5 buildings={ "farms": 8, "houses": 9, "workshops": 1, "monasteries": 1 } ram=2
BALANCE seed=9021 civs=["English", "French"] style=balanced difficulty=normal ages=[[0, 20, 105, 395], [0, 20, 150, 350]] peak_workers=[21, 25] peak_army=[63, 51] production=[4, 4] army_distance=[1542.19255749933, 1540.75516891479] attack_distance=[115.490911392939, 366.35041318621] empty_attack_routes=[15, 4] siege=[0, 2] assets=[{ "wood": 1, "gold": 25, "workshops": 1, "monasteries": 1, "monks": 0, "ram_orders": 0 }, { "wood": 3709, "gold": 1174, "workshops": 1, "monasteries": 1, "monks": 3, "ram_orders": 2 }] sites=[1, 1, 1] monks=[[], [{ "order": "idle", "position": (1089.0, 576.0), "destination": (1089.0, 576.0) }, { "order": "idle", "position": (1627.0, 1206.0), "destination": (1627.0, 1206.0) }]] army_orders=[{ "attack": 21, "attack_move": 9, "move": 11, "idle": 17 }, { "idle": 15, "attack_move": 8, "move": 18, "attack": 7 }] tactics=["defend", "siege_push"] center_hp=[1.0, 1.0] winner=-1 fairness={ "fair": true, "counts": [{ "wood": 5, "food": 7, "gold": 3, "stone": 3 }, { "wood": 5, "food": 4, "gold": 3, "stone": 3 }], "nearest": [{ "wood": 237.008438110352, "food": 159.452194213867, "gold": 224.722045898438, "stone": 269.258239746094 }, { "wood": 272.389434814453, "food": 123.49089050293, "gold": 276.586334228516, "stone": 250.0 }] }
BALANCE_TRACE t=0 owner=0 age=1 bank={ "food": 120, "wood": 360, "gold": 50 } workers={ "build": 2, "stone": 1, "wood": 1, "idle": 1 } visible_wood=5 buildings={ "farms": 0, "houses": 0, "workshops": 0, "monasteries": 0 } ram=0
BALANCE_TRACE t=0 owner=1 age=1 bank={ "food": 120, "wood": 360, "gold": 50 } workers={ "build": 2, "stone": 1, "wood": 1, "idle": 1 } visible_wood=4 buildings={ "farms": 0, "houses": 0, "workshops": 0, "monasteries": 0 } ram=0
BALANCE_TRACE t=60 owner=0 age=2 bank={ "food": 221, "wood": 4, "gold": 113 } workers={ "gather": 2, "wood": 2, "food": 2, "gold": 2 } visible_wood=21 buildings={ "farms": 2, "houses": 2, "workshops": 0, "monasteries": 0 } ram=0
BALANCE_TRACE t=60 owner=1 age=2 bank={ "food": 108, "wood": 2, "gold": 288 } workers={ "gold": 2, "build": 1, "food": 4, "wood": 1, "move": 1 } visible_wood=11 buildings={ "farms": 3, "houses": 1, "workshops": 0, "monasteries": 0 } ram=0
BALANCE_TRACE t=120 owner=0 age=3 bank={ "food": 7, "wood": 189, "gold": 200 } workers={ "gather": 1, "wood": 5, "food": 3, "gold": 2, "build": 2 } visible_wood=18 buildings={ "farms": 3, "houses": 3, "workshops": 0, "monasteries": 0 } ram=0
BALANCE_TRACE t=120 owner=1 age=2 bank={ "food": 63, "wood": 11, "gold": 248 } workers={ "gold": 2, "build": 4, "gather": 1, "food": 4, "wood": 4 } visible_wood=18 buildings={ "farms": 5, "houses": 4, "workshops": 0, "monasteries": 0 } ram=0
BALANCE_TRACE t=180 owner=0 age=4 bank={ "food": 14, "wood": 287, "gold": 32 } workers={ "food": 9, "gather": 1, "gold": 4, "wood": 2 } visible_wood=11 buildings={ "farms": 6, "houses": 5, "workshops": 1, "monasteries": 1 } ram=2
BALANCE_TRACE t=180 owner=1 age=3 bank={ "food": 35, "wood": 1045, "gold": 825 } workers={ "gold": 5, "gather": 1, "build": 3, "wood": 3, "food": 4, "stone": 2 } visible_wood=15 buildings={ "farms": 5, "houses": 4, "workshops": 1, "monasteries": 0 } ram=1
BALANCE_TRACE t=240 owner=0 age=4 bank={ "food": 28, "wood": 91, "gold": 140 } workers={ "wood": 7, "gather": 3, "gold": 4, "food": 6 } visible_wood=10 buildings={ "farms": 6, "houses": 7, "workshops": 1, "monasteries": 1 } ram=2
BALANCE_TRACE t=240 owner=1 age=4 bank={ "food": 776, "wood": 386, "gold": 213 } workers={ "gather": 3, "gold": 10, "food": 3, "build": 1, "wood": 4, "stone": 2, "move": 1 } visible_wood=12 buildings={ "farms": 7, "houses": 6, "workshops": 1, "monasteries": 1 } ram=2
BALANCE_TRACE t=300 owner=0 age=4 bank={ "food": 1173, "wood": 513, "gold": 94 } workers={ "wood": 9, "gather": 3, "gold": 6, "food": 6, "build": 1 } visible_wood=8 buildings={ "farms": 7, "houses": 8, "workshops": 1, "monasteries": 1 } ram=2
BALANCE_TRACE t=300 owner=1 age=4 bank={ "food": 4, "wood": 168, "gold": 5 } workers={ "food": 4, "gold": 4, "gather": 3, "wood": 9, "move": 1 } visible_wood=10 buildings={ "farms": 8, "houses": 7, "workshops": 1, "monasteries": 1 } ram=2
BALANCE_TRACE t=360 owner=0 age=4 bank={ "food": 1136, "wood": 814, "gold": 52 } workers={ "food": 9, "gather": 3, "wood": 7, "gold": 7, "move": 1, "build": 1 } visible_wood=5 buildings={ "farms": 7, "houses": 9, "workshops": 1, "monasteries": 1 } ram=2
BALANCE_TRACE t=360 owner=1 age=4 bank={ "food": 65, "wood": 11, "gold": 20 } workers={ "gather": 2, "wood": 9, "move": 1, "food": 4, "gold": 1 } visible_wood=6 buildings={ "farms": 6, "houses": 7, "workshops": 1, "monasteries": 1 } ram=2
BALANCE_TRACE t=420 owner=0 age=4 bank={ "food": 1935, "wood": 323, "gold": 98 } workers={ "gather": 3, "build": 2, "food": 6, "gold": 5, "wood": 5, "move": 3 } visible_wood=5 buildings={ "farms": 7, "houses": 10, "workshops": 1, "monasteries": 1 } ram=2
BALANCE_TRACE t=420 owner=1 age=4 bank={ "food": 271, "wood": 78, "gold": 5 } workers={ "gather": 2, "wood": 10, "food": 5, "gold": 4, "move": 1 } visible_wood=5 buildings={ "farms": 6, "houses": 8, "workshops": 1, "monasteries": 1 } ram=2
BALANCE seed=4242 civs=["English", "French"] style=balanced difficulty=normal ages=[[0, 20, 105, 135], [0, 15, 125, 240]] peak_workers=[29, 25] peak_army=[73, 46] production=[4, 3] army_distance=[1507.37616939821, 1445.60480775224] attack_distance=[432.990666283502, 350.099856694539] empty_attack_routes=[7, 7] siege=[2, 2] assets=[{ "wood": 37, "gold": 58, "workshops": 1, "monasteries": 1, "monks": 0, "ram_orders": 2 }, { "wood": 974, "gold": 214, "workshops": 1, "monasteries": 1, "monks": 1, "ram_orders": 2 }] sites=[0, 1, 1] monks=[[], [{ "order": "move", "position": (1170.0, 1023.0), "destination": (1016.0, 576.0) }]] army_orders=[{ "attack_move": 8, "idle": 16, "move": 36, "attack": 9 }, { "attack_move": 7, "idle": 13, "attack": 12, "move": 15 }] tactics=["regroup", "regroup"] center_hp=[1.0, 1.0] winner=-1 fairness={ "fair": true, "counts": [{ "wood": 5, "food": 5, "gold": 3, "stone": 3 }, { "wood": 5, "food": 5, "gold": 3, "stone": 3 }], "nearest": [{ "wood": 237.008438110352, "food": 159.452194213867, "gold": 224.722045898438, "stone": 269.258239746094 }, { "wood": 272.389434814453, "food": 123.49089050293, "gold": 276.586334228516, "stone": 250.0 }] }
BALANCE_SUMMARY cases=4 wins=[0, 2] unfinished=2 civilization_wins={ "English": 0, "French": 2, "Chinese": 0 } map_styles={ "balanced": { "finished": 2, "unfinished": 2 } }
WARNING: 2 ObjectDB instances were leaked at exit (run with `--verbose` for details).
   at: cleanup (core/object/object.cpp:2536)
