Godot Engine v4.7.2.stable.custom_build.ed1daf0bf (2026-08-17 01:18:38 UTC) - https://godotengine.org

POC_PASS pocket_source_is_legal 
POC_PASS failed_destination_holds_position (223.0, 223.0)
POC_PASS source_attachment_computed_once 1
POC_PASS destination_query_releases_caches 
POC_PASS overlapped_isolated_source_holds_position 
POC_PASS isolated_source_does_not_refine_every_destination 0
POC_PASS opened_pocket_observed_on_next_query 
POC_PASS fine_pocket_overlap_can_escape 
POC_PASS fine_pocket_cannot_use_strict_corners 
POC_PASS disconnected_fine_component_holds_position 
POC_PASS fine_pocket_exercises_component_filter 
POC_PASS fine_component_reused_for_all_destinations 1
POC_PASS enclosed_goal_has_no_route 
POC_PASS corner_search_starts_in_smaller_component 
POC_PASS component_sizes_track_installed_grids 
POC_PASS destination_direct_fast_path 
POC_PASS new_unit_occupancy_is_not_cached 
POC_PASS removed_unit_occupancy_is_not_cached 
NAVIGATION_DESTINATION_POC checks=18 failures=0
