Godot Engine v4.7.2.stable.custom_build.ed1daf0bf (2026-08-17 01:18:38 UTC) - https://godotengine.org

POC_PASS farm_repair_completes hp=170.0/170.0 pos=(354.9541, 648.5454)
POC_PASS farm_repair_queue_advances idle
POC_PASS blacksmith_repair_completes hp=650.0/650.0 pos=(355.605, 648.2711)
POC_PASS blacksmith_repair_queue_advances idle
POC_PASS monastery_repair_completes hp=460.0/460.0 pos=(356.3117, 648.0243)
POC_PASS monastery_repair_queue_advances idle
POC_PASS keep_repair_completes hp=1500.0/1500.0 pos=(356.2929, 647.9582)
POC_PASS keep_repair_queue_advances idle
POC_PASS wonder_repair_completes hp=2100.0/2100.0 pos=(356.3488, 647.6916)
POC_PASS wonder_repair_queue_advances idle
POC_PASS dense_1_workers_build_all 8/8 in 0.18s
POC_PASS dense_1_workers_finish_queues 1/1
POC_PASS dense_1_workers_no_teleport 
POC_PASS dense_12_workers_build_all 96/96 in 3.76s
POC_PASS dense_12_workers_finish_queues 12/12
POC_PASS dense_12_workers_no_teleport 
POC_PASS dense_48_workers_build_all 96/96 in 19.78s
POC_PASS dense_48_workers_finish_queues 48/48
POC_PASS dense_48_workers_no_teleport 
POC_FAIL dense_96_workers_build_all 95/96 in 67.42s
POC_FAIL dense_96_workers_finish_queues 87/96
STUCK order=build pos=(1295.337, 929.1188) goal=(0.0, 0.0) queue=1 route=[(1079.401, 1054.138), (1128.571, 1050.0), (1185.714, 1050.0), (1242.857, 1050.0), (1292.857, 1050.0), (1292.857, 992.8571), (1288.45, 948.7345)]
STUCK order=move pos=(1109.013, 1039.711) goal=(1590.0, 830.0) queue=0 route=[(1109.821, 1035.264), (1107.143, 1050.0), (1164.286, 1050.0), (1221.429, 1050.0), (1278.571, 1050.0), (1292.857, 1050.0), (1350.0, 992.8571), (1407.143, 935.7143), (1464.286, 885.7143), (1521.429, 864.2857), (1578.571, 835.7143), (1590.0, 830.0)]
STUCK order=build pos=(1185.05, 1050.976) goal=(0.0, 0.0) queue=1 route=[(1135.714, 1057.143), (1192.857, 1050.0), (1250.0, 1050.0), (1292.857, 1050.0), (1292.857, 992.8571), (1292.857, 935.7143), (1295.32, 912.4713)]
STUCK order=build pos=(1099.923, 1060.815) goal=(0.0, 0.0) queue=1 route=[(1091.212, 1019.991), (1107.143, 1050.0), (1164.286, 1050.0), (1221.429, 1050.0), (1278.571, 1050.0), (1292.857, 1050.0), (1292.857, 992.8571), (1288.45, 948.7345)]
STUCK order=build pos=(1092.458, 1027.183) goal=(0.0, 0.0) queue=1 route=[(1090.081, 1026.668), (1114.286, 1050.0), (1171.429, 1050.0), (1228.571, 1050.0), (1285.714, 1050.0), (1292.857, 1042.857), (1292.857, 985.7143), (1292.857, 928.5714), (1295.248, 909.0106)]
STUCK order=build pos=(1288.45, 948.7345) goal=(0.0, 0.0) queue=1 route=[(1125.323, 1049.435), (1178.571, 1050.0), (1235.714, 1050.0), (1292.857, 1050.0), (1292.857, 992.8571), (1288.45, 948.7345)]
STUCK order=build pos=(1324.696, 916.4073) goal=(0.0, 0.0) queue=1 route=[(1308.9, 951.2048), (1324.9, 943.2048), (1324.9, 911.2048), (1292.9, 903.2048), (1295.248, 909.0106)]
STUCK order=build pos=(1289.912, 971.8206) goal=(0.0, 0.0) queue=1 route=[(1057.143, 1064.286), (1114.286, 1057.143), (1171.429, 1050.0), (1228.571, 1050.0), (1285.714, 1050.0), (1292.857, 1042.857), (1292.857, 985.7143), (1288.45, 948.7345)]
STUCK order=build pos=(1120.64, 1056.55) goal=(0.0, 0.0) queue=1 route=[(1089.505, 1040.436), (1121.429, 1050.0), (1178.571, 1050.0), (1235.714, 1050.0), (1292.857, 1050.0), (1292.857, 992.8571), (1288.45, 948.7345)]
POC_PASS dense_96_workers_no_teleport 
POC_PASS farm_1_workers_use_assigned_farms 1 working
POC_PASS farm_4_workers_use_assigned_farms 4 working
POC_PASS farm_8_workers_use_assigned_farms 8 working
POC_PASS trader_completes_multiple_round_trips legs=10 pos=(1124.816, 664.9709)
POC_PASS deleted_queued_build_is_skipped 
POC_PASS sealed_jobs_wait_and_preserve_queues 
POC_PASS sealed_jobs_do_not_work_through_barrier 
POC_PASS demolition_wakes_all_repair_jobs 
POC_PASS demolition_all_queues_finish 
NAVIGATION_TASKS_POC checks=31 failures=2
