Godot Engine v4.7.2.stable.custom_build.ed1daf0bf (2026-08-17 01:18:38 UTC) - https://godotengine.org

PARALLEL_PROGRESS {"batch_ms":64.653,"matches_serial":true,"mode":"arithmetic_control","pass":1,"snapshot_ms":0.011,"worker_ids":[1],"workers":0}
PARALLEL_PROGRESS {"batch_ms":63.842,"matches_serial":true,"mode":"arithmetic_control","pass":1,"snapshot_ms":0.037,"worker_ids":[5],"workers":1}
PARALLEL_PROGRESS {"batch_ms":40.77,"matches_serial":true,"mode":"arithmetic_control","pass":1,"snapshot_ms":0.041,"worker_ids":[7,6],"workers":2}
PARALLEL_PROGRESS {"batch_ms":42.415,"matches_serial":true,"mode":"arithmetic_control","pass":1,"snapshot_ms":0.045,"worker_ids":[8,12,8,12],"workers":4}
PARALLEL_PROGRESS {"batch_ms":43.072,"matches_serial":true,"mode":"arithmetic_control","pass":2,"snapshot_ms":0.057,"worker_ids":[8,12,8,12],"workers":4}
PARALLEL_PROGRESS {"batch_ms":40.894,"matches_serial":true,"mode":"arithmetic_control","pass":2,"snapshot_ms":0.053,"worker_ids":[8,12],"workers":2}
PARALLEL_PROGRESS {"batch_ms":67.033,"matches_serial":true,"mode":"arithmetic_control","pass":2,"snapshot_ms":0.04,"worker_ids":[14],"workers":1}
PARALLEL_PROGRESS {"batch_ms":68.262,"matches_serial":true,"mode":"arithmetic_control","pass":2,"snapshot_ms":0.034,"worker_ids":[1],"workers":0}
PARALLEL_PROGRESS {"batch_ms":388.045,"matches_serial":true,"mode":"grid","pass":1,"snapshot_ms":8.616,"worker_ids":[1],"workers":0}
PARALLEL_PROGRESS {"batch_ms":525.188,"matches_serial":true,"mode":"grid","pass":1,"snapshot_ms":36.321,"worker_ids":[16],"workers":1}
PARALLEL_PROGRESS {"batch_ms":333.731,"matches_serial":true,"mode":"grid","pass":1,"snapshot_ms":41.02,"worker_ids":[18,5],"workers":2}
PARALLEL_PROGRESS {"batch_ms":380.877,"matches_serial":true,"mode":"grid","pass":1,"snapshot_ms":85.97,"worker_ids":[6,7,7,6],"workers":4}
PARALLEL_PROGRESS {"batch_ms":387.616,"matches_serial":true,"mode":"grid","pass":2,"snapshot_ms":44.156,"worker_ids":[6,7,7,6],"workers":4}
PARALLEL_PROGRESS {"batch_ms":312.166,"matches_serial":true,"mode":"grid","pass":2,"snapshot_ms":23.879,"worker_ids":[6,7],"workers":2}
PARALLEL_PROGRESS {"batch_ms":449.146,"matches_serial":true,"mode":"grid","pass":2,"snapshot_ms":17.617,"worker_ids":[8],"workers":1}
PARALLEL_PROGRESS {"batch_ms":612.223,"matches_serial":true,"mode":"grid","pass":2,"snapshot_ms":17.929,"worker_ids":[1],"workers":0}
PARALLEL_PROGRESS {"batch_ms":934.118,"matches_serial":true,"mode":"recovery","pass":1,"snapshot_ms":34.774,"successful_routes":79,"worker_ids":[1],"workers":0}
PARALLEL_PROGRESS {"batch_ms":906.796,"matches_serial":true,"mode":"recovery","pass":1,"snapshot_ms":5.767,"successful_routes":79,"worker_ids":[12],"workers":1}
PARALLEL_PROGRESS {"batch_ms":898.188,"matches_serial":true,"mode":"recovery","pass":1,"snapshot_ms":13.45,"successful_routes":79,"worker_ids":[14,16],"workers":2}
PARALLEL_PROGRESS {"batch_ms":882.589,"matches_serial":true,"mode":"recovery","pass":1,"snapshot_ms":28.12,"successful_routes":79,"worker_ids":[5,18,5,18],"workers":4}
PARALLEL_PROGRESS {"batch_ms":1095.224,"matches_serial":true,"mode":"recovery","pass":2,"snapshot_ms":34.463,"successful_routes":79,"worker_ids":[5,18,5,18],"workers":4}
PARALLEL_PROGRESS {"batch_ms":918.396,"matches_serial":true,"mode":"recovery","pass":2,"snapshot_ms":12.744,"successful_routes":79,"worker_ids":[18,5],"workers":2}
PARALLEL_PROGRESS {"batch_ms":1200.96,"matches_serial":true,"mode":"recovery","pass":2,"snapshot_ms":14.87,"successful_routes":79,"worker_ids":[6],"workers":1}
PARALLEL_PROGRESS {"batch_ms":1114.196,"matches_serial":true,"mode":"recovery","pass":2,"snapshot_ms":8.884,"successful_routes":79,"worker_ids":[1],"workers":0}
NAVIGATION_PARALLEL_POC {"buildings":6,"deer":8,"failures":0,"high_priority":false,"requests":80,"runs":[{"batch_ms":64.653,"matches_serial":true,"mode":"arithmetic_control","pass":1,"snapshot_ms":0.011,"worker_ids":[1],"workers":0},{"batch_ms":63.842,"matches_serial":true,"mode":"arithmetic_control","pass":1,"snapshot_ms":0.037,"worker_ids":[5],"workers":1},{"batch_ms":40.77,"matches_serial":true,"mode":"arithmetic_control","pass":1,"snapshot_ms":0.041,"worker_ids":[7,6],"workers":2},{"batch_ms":42.415,"matches_serial":true,"mode":"arithmetic_control","pass":1,"snapshot_ms":0.045,"worker_ids":[8,12,8,12],"workers":4},{"batch_ms":43.072,"matches_serial":true,"mode":"arithmetic_control","pass":2,"snapshot_ms":0.057,"worker_ids":[8,12,8,12],"workers":4},{"batch_ms":40.894,"matches_serial":true,"mode":"arithmetic_control","pass":2,"snapshot_ms":0.053,"worker_ids":[8,12],"workers":2},{"batch_ms":67.033,"matches_serial":true,"mode":"arithmetic_control","pass":2,"snapshot_ms":0.04,"worker_ids":[14],"workers":1},{"batch_ms":68.262,"matches_serial":true,"mode":"arithmetic_control","pass":2,"snapshot_ms":0.034,"worker_ids":[1],"workers":0},{"async":true,"batch_ms":45.358,"main_loop_ticks":6,"main_submit_ms":0.012,"matches_serial":true,"max_main_tick_gap_ms":25.13,"mode":"arithmetic_control","workers":4},{"batch_ms":388.045,"matches_serial":true,"mode":"grid","pass":1,"snapshot_ms":8.616,"worker_ids":[1],"workers":0},{"batch_ms":525.188,"matches_serial":true,"mode":"grid","pass":1,"snapshot_ms":36.321,"worker_ids":[16],"workers":1},{"batch_ms":333.731,"matches_serial":true,"mode":"grid","pass":1,"snapshot_ms":41.02,"worker_ids":[18,5],"workers":2},{"batch_ms":380.877,"matches_serial":true,"mode":"grid","pass":1,"snapshot_ms":85.97,"worker_ids":[6,7,7,6],"workers":4},{"batch_ms":387.616,"matches_serial":true,"mode":"grid","pass":2,"snapshot_ms":44.156,"worker_ids":[6,7,7,6],"workers":4},{"batch_ms":312.166,"matches_serial":true,"mode":"grid","pass":2,"snapshot_ms":23.879,"worker_ids":[6,7],"workers":2},{"batch_ms":449.146,"matches_serial":true,"mode":"grid","pass":2,"snapshot_ms":17.617,"worker_ids":[8],"workers":1},{"batch_ms":612.223,"matches_serial":true,"mode":"grid","pass":2,"snapshot_ms":17.929,"worker_ids":[1],"workers":0},{"async":true,"batch_ms":348.41,"main_loop_ticks":43,"main_submit_ms":0.133,"matches_serial":true,"max_main_tick_gap_ms":17.282,"mode":"grid","workers":4},{"batch_ms":934.118,"matches_serial":true,"mode":"recovery","pass":1,"snapshot_ms":34.774,"successful_routes":79,"worker_ids":[1],"workers":0},{"batch_ms":906.796,"matches_serial":true,"mode":"recovery","pass":1,"snapshot_ms":5.767,"successful_routes":79,"worker_ids":[12],"workers":1},{"batch_ms":898.188,"matches_serial":true,"mode":"recovery","pass":1,"snapshot_ms":13.45,"successful_routes":79,"worker_ids":[14,16],"workers":2},{"batch_ms":882.589,"matches_serial":true,"mode":"recovery","pass":1,"snapshot_ms":28.12,"successful_routes":79,"worker_ids":[5,18,5,18],"workers":4},{"batch_ms":1095.224,"matches_serial":true,"mode":"recovery","pass":2,"snapshot_ms":34.463,"successful_routes":79,"worker_ids":[5,18,5,18],"workers":4},{"batch_ms":918.396,"matches_serial":true,"mode":"recovery","pass":2,"snapshot_ms":12.744,"successful_routes":79,"worker_ids":[18,5],"workers":2},{"batch_ms":1200.96,"matches_serial":true,"mode":"recovery","pass":2,"snapshot_ms":14.87,"successful_routes":79,"worker_ids":[6],"workers":1},{"batch_ms":1114.196,"matches_serial":true,"mode":"recovery","pass":2,"snapshot_ms":8.884,"successful_routes":79,"worker_ids":[1],"workers":0},{"async":true,"batch_ms":887.189,"main_loop_ticks":106,"main_submit_ms":1.482,"matches_serial":true,"max_main_tick_gap_ms":21.579,"mode":"recovery","workers":4}]}
