Godot Engine v4.7.2.stable.custom_build.ed1daf0bf (2026-08-17 01:18:38 UTC) - https://godotengine.org

PARALLEL_PROGRESS {"batch_ms":40.446,"matches_serial":true,"mode":"arithmetic_control","pass":1,"snapshot_ms":0.008,"worker_ids":[1],"workers":0}
PARALLEL_PROGRESS {"batch_ms":39.848,"matches_serial":true,"mode":"arithmetic_control","pass":1,"snapshot_ms":0.017,"worker_ids":[5],"workers":1}
PARALLEL_PROGRESS {"batch_ms":20.318,"matches_serial":true,"mode":"arithmetic_control","pass":1,"snapshot_ms":0.022,"worker_ids":[6,7],"workers":2}
PARALLEL_PROGRESS {"batch_ms":20.847,"matches_serial":true,"mode":"arithmetic_control","pass":1,"snapshot_ms":0.026,"worker_ids":[8,10,10,8],"workers":4}
PARALLEL_PROGRESS {"batch_ms":20.031,"matches_serial":true,"mode":"arithmetic_control","pass":2,"snapshot_ms":0.029,"worker_ids":[8,10,10,8],"workers":4}
PARALLEL_PROGRESS {"batch_ms":20.404,"matches_serial":true,"mode":"arithmetic_control","pass":2,"snapshot_ms":0.02,"worker_ids":[8,10],"workers":2}
PARALLEL_PROGRESS {"batch_ms":40.596,"matches_serial":true,"mode":"arithmetic_control","pass":2,"snapshot_ms":0.016,"worker_ids":[12],"workers":1}
PARALLEL_PROGRESS {"batch_ms":46.188,"matches_serial":true,"mode":"arithmetic_control","pass":2,"snapshot_ms":0.019,"worker_ids":[1],"workers":0}
PARALLEL_PROGRESS {"batch_ms":245.516,"matches_serial":true,"mode":"grid","pass":1,"snapshot_ms":4.679,"worker_ids":[1],"workers":0}
PARALLEL_PROGRESS {"batch_ms":230.899,"matches_serial":true,"mode":"grid","pass":1,"snapshot_ms":22.201,"worker_ids":[14],"workers":1}
PARALLEL_PROGRESS {"batch_ms":172.849,"matches_serial":true,"mode":"grid","pass":1,"snapshot_ms":24.142,"worker_ids":[5,16],"workers":2}
PARALLEL_PROGRESS {"batch_ms":179.175,"matches_serial":true,"mode":"grid","pass":1,"snapshot_ms":30.334,"worker_ids":[6,7,7,6],"workers":4}
PARALLEL_PROGRESS {"batch_ms":183.993,"matches_serial":true,"mode":"grid","pass":2,"snapshot_ms":47.327,"worker_ids":[7,6,6,7],"workers":4}
PARALLEL_PROGRESS {"batch_ms":175.596,"matches_serial":true,"mode":"grid","pass":2,"snapshot_ms":17.674,"worker_ids":[7,6],"workers":2}
PARALLEL_PROGRESS {"batch_ms":230.572,"matches_serial":true,"mode":"grid","pass":2,"snapshot_ms":15.05,"worker_ids":[8],"workers":1}
PARALLEL_PROGRESS {"batch_ms":247.125,"matches_serial":true,"mode":"grid","pass":2,"snapshot_ms":13.243,"worker_ids":[1],"workers":0}
PARALLEL_PROGRESS {"batch_ms":467.34,"matches_serial":true,"mode":"recovery","pass":1,"snapshot_ms":36.518,"successful_routes":79,"worker_ids":[1],"workers":0}
PARALLEL_PROGRESS {"batch_ms":489.674,"matches_serial":true,"mode":"recovery","pass":1,"snapshot_ms":5.219,"successful_routes":79,"worker_ids":[10],"workers":1}
PARALLEL_PROGRESS {"batch_ms":418.479,"matches_serial":true,"mode":"recovery","pass":1,"snapshot_ms":10.153,"successful_routes":79,"worker_ids":[12,14],"workers":2}
PARALLEL_PROGRESS {"batch_ms":426.054,"matches_serial":true,"mode":"recovery","pass":1,"snapshot_ms":19.585,"successful_routes":79,"worker_ids":[16,5,5,16],"workers":4}
PARALLEL_PROGRESS {"batch_ms":431.875,"matches_serial":true,"mode":"recovery","pass":2,"snapshot_ms":21.576,"successful_routes":79,"worker_ids":[16,5,5,16],"workers":4}
PARALLEL_PROGRESS {"batch_ms":585.495,"matches_serial":true,"mode":"recovery","pass":2,"snapshot_ms":10.167,"successful_routes":79,"worker_ids":[16,5],"workers":2}
PARALLEL_PROGRESS {"batch_ms":490.993,"matches_serial":true,"mode":"recovery","pass":2,"snapshot_ms":6.21,"successful_routes":79,"worker_ids":[6],"workers":1}
PARALLEL_PROGRESS {"batch_ms":470.217,"matches_serial":true,"mode":"recovery","pass":2,"snapshot_ms":4.796,"successful_routes":79,"worker_ids":[1],"workers":0}
NAVIGATION_PARALLEL_POC {"buildings":6,"deer":8,"failures":0,"high_priority":false,"requests":80,"runs":[{"batch_ms":40.446,"matches_serial":true,"mode":"arithmetic_control","pass":1,"snapshot_ms":0.008,"worker_ids":[1],"workers":0},{"batch_ms":39.848,"matches_serial":true,"mode":"arithmetic_control","pass":1,"snapshot_ms":0.017,"worker_ids":[5],"workers":1},{"batch_ms":20.318,"matches_serial":true,"mode":"arithmetic_control","pass":1,"snapshot_ms":0.022,"worker_ids":[6,7],"workers":2},{"batch_ms":20.847,"matches_serial":true,"mode":"arithmetic_control","pass":1,"snapshot_ms":0.026,"worker_ids":[8,10,10,8],"workers":4},{"batch_ms":20.031,"matches_serial":true,"mode":"arithmetic_control","pass":2,"snapshot_ms":0.029,"worker_ids":[8,10,10,8],"workers":4},{"batch_ms":20.404,"matches_serial":true,"mode":"arithmetic_control","pass":2,"snapshot_ms":0.02,"worker_ids":[8,10],"workers":2},{"batch_ms":40.596,"matches_serial":true,"mode":"arithmetic_control","pass":2,"snapshot_ms":0.016,"worker_ids":[12],"workers":1},{"batch_ms":46.188,"matches_serial":true,"mode":"arithmetic_control","pass":2,"snapshot_ms":0.019,"worker_ids":[1],"workers":0},{"async":true,"batch_ms":27.094,"main_loop_ticks":6,"main_submit_ms":0.01,"matches_serial":true,"max_main_tick_gap_ms":10.126,"mode":"arithmetic_control","workers":4},{"batch_ms":245.516,"matches_serial":true,"mode":"grid","pass":1,"snapshot_ms":4.679,"worker_ids":[1],"workers":0},{"batch_ms":230.899,"matches_serial":true,"mode":"grid","pass":1,"snapshot_ms":22.201,"worker_ids":[14],"workers":1},{"batch_ms":172.849,"matches_serial":true,"mode":"grid","pass":1,"snapshot_ms":24.142,"worker_ids":[5,16],"workers":2},{"batch_ms":179.175,"matches_serial":true,"mode":"grid","pass":1,"snapshot_ms":30.334,"worker_ids":[6,7,7,6],"workers":4},{"batch_ms":183.993,"matches_serial":true,"mode":"grid","pass":2,"snapshot_ms":47.327,"worker_ids":[7,6,6,7],"workers":4},{"batch_ms":175.596,"matches_serial":true,"mode":"grid","pass":2,"snapshot_ms":17.674,"worker_ids":[7,6],"workers":2},{"batch_ms":230.572,"matches_serial":true,"mode":"grid","pass":2,"snapshot_ms":15.05,"worker_ids":[8],"workers":1},{"batch_ms":247.125,"matches_serial":true,"mode":"grid","pass":2,"snapshot_ms":13.243,"worker_ids":[1],"workers":0},{"async":true,"batch_ms":210.266,"main_loop_ticks":27,"main_submit_ms":0.007,"matches_serial":true,"max_main_tick_gap_ms":10.409,"mode":"grid","workers":4},{"batch_ms":467.34,"matches_serial":true,"mode":"recovery","pass":1,"snapshot_ms":36.518,"successful_routes":79,"worker_ids":[1],"workers":0},{"batch_ms":489.674,"matches_serial":true,"mode":"recovery","pass":1,"snapshot_ms":5.219,"successful_routes":79,"worker_ids":[10],"workers":1},{"batch_ms":418.479,"matches_serial":true,"mode":"recovery","pass":1,"snapshot_ms":10.153,"successful_routes":79,"worker_ids":[12,14],"workers":2},{"batch_ms":426.054,"matches_serial":true,"mode":"recovery","pass":1,"snapshot_ms":19.585,"successful_routes":79,"worker_ids":[16,5,5,16],"workers":4},{"batch_ms":431.875,"matches_serial":true,"mode":"recovery","pass":2,"snapshot_ms":21.576,"successful_routes":79,"worker_ids":[16,5,5,16],"workers":4},{"batch_ms":585.495,"matches_serial":true,"mode":"recovery","pass":2,"snapshot_ms":10.167,"successful_routes":79,"worker_ids":[16,5],"workers":2},{"batch_ms":490.993,"matches_serial":true,"mode":"recovery","pass":2,"snapshot_ms":6.21,"successful_routes":79,"worker_ids":[6],"workers":1},{"batch_ms":470.217,"matches_serial":true,"mode":"recovery","pass":2,"snapshot_ms":4.796,"successful_routes":79,"worker_ids":[1],"workers":0},{"async":true,"batch_ms":393.506,"main_loop_ticks":49,"main_submit_ms":0.008,"matches_serial":true,"max_main_tick_gap_ms":10.354,"mode":"recovery","workers":4}]}
