Godot Engine v4.7.2.stable.custom_build.ed1daf0bf (2026-08-17 01:18:38 UTC) - https://godotengine.org

POC_PASS mobile_motion_preserves_geometry 
POC_PASS mobile_motion_updates_same_frame_bucket 
POC_PASS resource_relocation_invalidates_geometry_without_waking_retries 
POC_PASS dropped_geometry_invalidates_together 
POC_PASS fine_grids_rebuild_asynchronously 
POC_PASS structural_edit_wakes_failed_routes 
POC_PASS wildlife_becoming_static_wakes_retry_revision 
POC_PASS route_requests_coalesce 
POC_PASS one_dispatch_budget_per_frame_0 
POC_PASS fifo_route_matches_sync_oracle_0 
POC_PASS one_dispatch_budget_per_frame_1 
POC_PASS fifo_route_matches_sync_oracle_1 
POC_PASS one_dispatch_budget_per_frame_2 
POC_PASS fifo_route_matches_sync_oracle_2 
POC_PASS one_dispatch_budget_per_frame_3 
POC_PASS fifo_route_matches_sync_oracle_3 
POC_PASS one_dispatch_budget_per_frame_4 
POC_PASS fifo_route_matches_sync_oracle_4 
POC_PASS one_dispatch_budget_per_frame_5 
POC_PASS fifo_route_matches_sync_oracle_5 
POC_PASS one_dispatch_budget_per_frame_6 
POC_PASS fifo_route_matches_sync_oracle_6 
POC_PASS one_dispatch_budget_per_frame_7 
POC_PASS fifo_route_matches_sync_oracle_7 
POC_PASS one_dispatch_budget_per_frame_8 
POC_PASS fifo_route_matches_sync_oracle_8 
POC_PASS moving_pending_target_retains_fifo_priority 
POC_PASS small_target_drift_preserves_queue_position 
POC_PASS small_target_drift_accepts_completed_route 
POC_PASS new_command_releases_route_request 
POC_PASS structural_change_discards_completed_route 
POC_PASS retarget_discards_completed_route 
POC_PASS dead_unit_releases_route_request 
POC_PASS paused_match_does_not_dispatch_routes 
POC_PASS reset_drops_all_route_requests 
POC_PASS route_service_reusable_after_reset 
POC_PASS fine_route_requires_subpixel_corner_connector [(1092.857, 528.5714), (1121.429, 514.2857), (1178.571, 514.2857), (1235.714, 514.2857), (1292.857, 514.2857), (1350.0, 514.2857), (1407.143, 514.2857), (1464.286, 514.2857), (1521.428, 514.2857), (1578.571, 521.4286), (1635.714, 521.4286), (1692.857, 550.0), (1710.0, 560.0)]
POC_PASS budgeted_result_preserves_required_connector 
POC_PASS budgeted_movement_follows_required_connector_and_arrives (1710.0, 560.0)
POC_PASS required_connector_preserves_speed_and_building_clearance 
POC_PASS slowly_moving_tail_target_does_not_starve_fifo 
POC_PASS accepted_route_rebases_origin_without_backtracking 
POC_PASS reaching_range_releases_unconsumed_request 
POC_PASS queue_wait_is_not_failure_0 
POC_PASS queue_wait_is_not_failure_1 
POC_PASS queue_wait_is_not_failure_2 
POC_PASS queue_wait_is_not_failure_3 
POC_PASS queue_wait_is_not_failure_4 
POC_PASS queue_wait_is_not_failure_5 
POC_PASS queue_wait_is_not_failure_6 
POC_PASS queue_wait_is_not_failure_7 
POC_PASS queue_wait_is_not_failure_8 
POC_PASS queue_wait_is_not_failure_9 
POC_PASS queue_wait_is_not_failure_10 
POC_PASS queue_wait_is_not_failure_11 
POC_PASS budgeted_move_and_range_eventually_arrive arrived=12/12
POC_PASS budgeted_movement_preserves_speed_and_terrain 
POC_PASS ordinary_and_range_queries_use_budgeted_service 
POC_PASS route_queue_capacity_bounded 
NAVIGATION_BOUNDARIES checks=59 failures=0
