Godot Engine v4.7.2.stable.custom_build.ed1daf0bf (2026-08-17 01:18:38 UTC) - https://godotengine.org

POC_PASS surrounded_unit_has_no_escape 
POC_PASS surrounded_unit_has_no_escape 
POC_PASS surrounded_unit_has_no_escape 
POC_PASS surrounded_unit_has_no_escape 
POC_PASS surrounded_unit_has_no_escape 
POC_PASS surrounded_unit_has_no_escape 
POC_PASS surrounded_unit_has_no_escape 
POC_PASS surrounded_unit_has_no_escape 
POC_PASS surrounded_unit_has_no_escape 
POC_PASS surrounded_unit_has_no_escape 
RECOVERY_POC trapped_requests=10 elapsed_ms=49.310
POC_PASS reachable_set_matches_full_components 
POC_PASS reachable_cell_is_connected 
POC_PASS trapped_search_only_visits_small_pocket 
POC_PASS reachable_set_matches_full_components 
POC_PASS reachable_cell_is_connected 
POC_PASS trapped_search_only_visits_small_pocket 
POC_PASS reachable_set_matches_full_components 
POC_PASS reachable_cell_is_connected 
POC_PASS trapped_search_only_visits_small_pocket 
POC_PASS reachable_set_matches_full_components 
POC_PASS reachable_cell_is_connected 
POC_PASS trapped_search_only_visits_small_pocket 
POC_PASS reachable_set_matches_full_components 
POC_PASS reachable_cell_is_connected 
POC_PASS trapped_search_only_visits_small_pocket 
POC_PASS opened_ring_has_safe_escape 
NAVIGATION_BATTLE_RECOVERY_POC checks=26 failures=0
