Godot Engine v4.7.2.stable.custom_build.ed1daf0bf (2026-08-17 01:18:38 UTC) - https://godotengine.org

CHECK_OK crowd fixture: all lumberjacks start on wood
CHECK_OK crowd fixture: initial queue condition
CROWD_BEGIN count=50 variant=shared_live queued=false total_units=50
CASE {"authorized_mining_income":0,"authorized_mining_workers":{},"background_mining_income":0,"case":"crowd/50/shared_live","history":[{"authorized_miners":0,"orders":{"gather":50},"t":5.0,"unexpected_miners":0,"wood_earned":357,"wood_earners":18},{"authorized_miners":0,"orders":{"gather":50},"t":10.0,"unexpected_miners":0,"wood_earned":1155,"wood_earners":27},{"authorized_miners":0,"orders":{"gather":50},"t":15.0,"unexpected_miners":0,"wood_earned":2107,"wood_earners":32},{"authorized_miners":0,"orders":{"gather":50},"t":20.0,"unexpected_miners":0,"wood_earned":3157,"wood_earners":35},{"authorized_miners":0,"orders":{"gather":50},"t":25.0,"unexpected_miners":0,"wood_earned":4340,"wood_earners":37},{"authorized_miners":0,"orders":{"gather":50},"t":30.0,"unexpected_miners":0,"wood_earned":5509,"wood_earners":39}],"lumberjacks":50,"original_trees_depleted":0,"queue_or_kind_anomalies":{},"seconds":30.0,"steps":600,"target_changed_workers":0,"total_units":50,"unexpected_mining_income":0,"unexpected_mining_workers":{},"wall_seconds":3.244043,"wood_earned":5509,"wood_earners":39}
CHECK_OK crowd/50/shared_live: all simulation steps ran
CHECK_OK crowd/50/shared_live: no spontaneous target/kind/queue switch
CHECK_OK crowd/50/shared_live: every unqueued lumberjack earned zero gold/stone
CHECK_OK crowd/50/shared_live: real wood harvesting occurred
CHECK_OK crowd fixture: all lumberjacks start on wood
CHECK_OK crowd fixture: initial queue condition
CROWD_BEGIN count=50 variant=shared_depleted queued=false total_units=50
CASE {"authorized_mining_income":0,"authorized_mining_workers":{},"background_mining_income":0,"case":"crowd/50/shared_depleted","history":[{"authorized_miners":0,"orders":{"gather":50},"t":5.0,"unexpected_miners":0,"wood_earned":224,"wood_earners":12},{"authorized_miners":0,"orders":{"gather":50},"t":10.0,"unexpected_miners":0,"wood_earned":602,"wood_earners":19},{"authorized_miners":0,"orders":{"idle":50},"t":15.0,"unexpected_miners":0,"wood_earned":840,"wood_earners":23},{"authorized_miners":0,"orders":{"idle":50},"t":20.0,"unexpected_miners":0,"wood_earned":840,"wood_earners":23},{"authorized_miners":0,"orders":{"idle":50},"t":25.0,"unexpected_miners":0,"wood_earned":840,"wood_earners":23},{"authorized_miners":0,"orders":{"idle":50},"t":30.0,"unexpected_miners":0,"wood_earned":840,"wood_earners":23}],"lumberjacks":50,"original_trees_depleted":8,"queue_or_kind_anomalies":{},"seconds":30.0,"steps":600,"target_changed_workers":50,"total_units":50,"unexpected_mining_income":0,"unexpected_mining_workers":{},"wall_seconds":2.296556,"wood_earned":840,"wood_earners":23}
CHECK_OK crowd/50/shared_depleted: all simulation steps ran
CHECK_OK crowd/50/shared_depleted: no spontaneous target/kind/queue switch
CHECK_OK crowd/50/shared_depleted: every unqueued lumberjack earned zero gold/stone
CHECK_OK crowd/50/shared_depleted: real wood harvesting occurred
CHECK_OK crowd/50/shared_depleted: depletion and follow-up actually occurred
CHECK_OK crowd fixture: all lumberjacks start on wood
CHECK_OK crowd fixture: initial queue condition
CROWD_BEGIN count=50 variant=mixed_passage queued=false total_units=100
CASE {"authorized_mining_income":0,"authorized_mining_workers":{},"background_mining_income":4459,"case":"crowd/50/mixed_passage","history":[{"authorized_miners":0,"orders":{"gather":50},"t":5.0,"unexpected_miners":0,"wood_earned":28,"wood_earners":4},{"authorized_miners":0,"orders":{"gather":50},"t":10.0,"unexpected_miners":0,"wood_earned":357,"wood_earners":14},{"authorized_miners":0,"orders":{"idle":50},"t":15.0,"unexpected_miners":0,"wood_earned":560,"wood_earners":20},{"authorized_miners":0,"orders":{"idle":50},"t":20.0,"unexpected_miners":0,"wood_earned":560,"wood_earners":20},{"authorized_miners":0,"orders":{"idle":50},"t":25.0,"unexpected_miners":0,"wood_earned":560,"wood_earners":20},{"authorized_miners":0,"orders":{"idle":50},"t":30.0,"unexpected_miners":0,"wood_earned":560,"wood_earners":20}],"lumberjacks":50,"original_trees_depleted":8,"queue_or_kind_anomalies":{},"seconds":30.0,"steps":600,"target_changed_workers":44,"total_units":100,"unexpected_mining_income":0,"unexpected_mining_workers":{},"wall_seconds":4.545438,"wood_earned":560,"wood_earners":20}
CHECK_OK crowd/50/mixed_passage: all simulation steps ran
CHECK_OK crowd/50/mixed_passage: no spontaneous target/kind/queue switch
CHECK_OK crowd/50/mixed_passage: every unqueued lumberjack earned zero gold/stone
CHECK_OK crowd/50/mixed_passage: real wood harvesting occurred
CHECK_OK crowd/50/mixed_passage: background miners actually mined
CHECK_OK crowd fixture: all lumberjacks start on wood
CHECK_OK crowd fixture: initial queue condition
CROWD_BEGIN count=100 variant=shared_live queued=false total_units=100
CASE {"authorized_mining_income":0,"authorized_mining_workers":{},"background_mining_income":0,"case":"crowd/100/shared_live","history":[{"authorized_miners":0,"orders":{"gather":100},"t":5.0,"unexpected_miners":0,"wood_earned":245,"wood_earners":13},{"authorized_miners":0,"orders":{"gather":100},"t":10.0,"unexpected_miners":0,"wood_earned":777,"wood_earners":19},{"authorized_miners":0,"orders":{"gather":100},"t":15.0,"unexpected_miners":0,"wood_earned":1470,"wood_earners":23},{"authorized_miners":0,"orders":{"gather":100},"t":20.0,"unexpected_miners":0,"wood_earned":2331,"wood_earners":28},{"authorized_miners":0,"orders":{"gather":100},"t":25.0,"unexpected_miners":0,"wood_earned":3332,"wood_earners":35},{"authorized_miners":0,"orders":{"gather":100},"t":30.0,"unexpected_miners":0,"wood_earned":4480,"wood_earners":35}],"lumberjacks":100,"original_trees_depleted":0,"queue_or_kind_anomalies":{},"seconds":30.0,"steps":600,"target_changed_workers":0,"total_units":100,"unexpected_mining_income":0,"unexpected_mining_workers":{},"wall_seconds":8.883476,"wood_earned":4480,"wood_earners":35}
CHECK_OK crowd/100/shared_live: all simulation steps ran
CHECK_OK crowd/100/shared_live: no spontaneous target/kind/queue switch
CHECK_OK crowd/100/shared_live: every unqueued lumberjack earned zero gold/stone
CHECK_OK crowd/100/shared_live: real wood harvesting occurred
CHECK_OK crowd fixture: all lumberjacks start on wood
CHECK_OK crowd fixture: initial queue condition
CROWD_BEGIN count=100 variant=shared_depleted queued=false total_units=100
CASE {"authorized_mining_income":0,"authorized_mining_workers":{},"background_mining_income":0,"case":"crowd/100/shared_depleted","history":[{"authorized_miners":0,"orders":{"gather":100},"t":5.0,"unexpected_miners":0,"wood_earned":287,"wood_earners":17},{"authorized_miners":0,"orders":{"gather":100},"t":10.0,"unexpected_miners":0,"wood_earned":700,"wood_earners":27},{"authorized_miners":0,"orders":{"idle":100},"t":15.0,"unexpected_miners":0,"wood_earned":840,"wood_earners":28},{"authorized_miners":0,"orders":{"idle":100},"t":20.0,"unexpected_miners":0,"wood_earned":840,"wood_earners":28},{"authorized_miners":0,"orders":{"idle":100},"t":25.0,"unexpected_miners":0,"wood_earned":840,"wood_earners":28},{"authorized_miners":0,"orders":{"idle":100},"t":30.0,"unexpected_miners":0,"wood_earned":840,"wood_earners":28}],"lumberjacks":100,"original_trees_depleted":8,"queue_or_kind_anomalies":{},"seconds":30.0,"steps":600,"target_changed_workers":100,"total_units":100,"unexpected_mining_income":0,"unexpected_mining_workers":{},"wall_seconds":6.060704,"wood_earned":840,"wood_earners":28}
CHECK_OK crowd/100/shared_depleted: all simulation steps ran
CHECK_OK crowd/100/shared_depleted: no spontaneous target/kind/queue switch
CHECK_OK crowd/100/shared_depleted: every unqueued lumberjack earned zero gold/stone
CHECK_OK crowd/100/shared_depleted: real wood harvesting occurred
CHECK_OK crowd/100/shared_depleted: depletion and follow-up actually occurred
CHECK_OK crowd fixture: all lumberjacks start on wood
CHECK_OK crowd fixture: initial queue condition
CROWD_BEGIN count=100 variant=mixed_passage queued=false total_units=200
CASE {"authorized_mining_income":0,"authorized_mining_workers":{},"background_mining_income":5271,"case":"crowd/100/mixed_passage","history":[{"authorized_miners":0,"orders":{"gather":100},"t":5.0,"unexpected_miners":0,"wood_earned":0,"wood_earners":0},{"authorized_miners":0,"orders":{"gather":100},"t":10.0,"unexpected_miners":0,"wood_earned":434,"wood_earners":20},{"authorized_miners":0,"orders":{"idle":100},"t":15.0,"unexpected_miners":0,"wood_earned":560,"wood_earners":24},{"authorized_miners":0,"orders":{"idle":100},"t":20.0,"unexpected_miners":0,"wood_earned":560,"wood_earners":24},{"authorized_miners":0,"orders":{"idle":100},"t":25.0,"unexpected_miners":0,"wood_earned":560,"wood_earners":24},{"authorized_miners":0,"orders":{"idle":100},"t":30.0,"unexpected_miners":0,"wood_earned":560,"wood_earners":24}],"lumberjacks":100,"original_trees_depleted":8,"queue_or_kind_anomalies":{},"seconds":30.0,"steps":600,"target_changed_workers":88,"total_units":200,"unexpected_mining_income":0,"unexpected_mining_workers":{},"wall_seconds":14.888403,"wood_earned":560,"wood_earners":24}
CHECK_OK crowd/100/mixed_passage: all simulation steps ran
CHECK_OK crowd/100/mixed_passage: no spontaneous target/kind/queue switch
CHECK_OK crowd/100/mixed_passage: every unqueued lumberjack earned zero gold/stone
CHECK_OK crowd/100/mixed_passage: real wood harvesting occurred
CHECK_OK crowd/100/mixed_passage: background miners actually mined
CHECK_OK crowd fixture: all lumberjacks start on wood
CHECK_OK crowd fixture: initial queue condition
CROWD_BEGIN count=200 variant=shared_live queued=false total_units=200
CASE {"authorized_mining_income":0,"authorized_mining_workers":{},"background_mining_income":0,"case":"crowd/200/shared_live","history":[{"authorized_miners":0,"orders":{"gather":200},"t":5.0,"unexpected_miners":0,"wood_earned":294,"wood_earners":18},{"authorized_miners":0,"orders":{"gather":200},"t":10.0,"unexpected_miners":0,"wood_earned":1022,"wood_earners":24},{"authorized_miners":0,"orders":{"gather":200},"t":15.0,"unexpected_miners":0,"wood_earned":1890,"wood_earners":30},{"authorized_miners":0,"orders":{"gather":200},"t":20.0,"unexpected_miners":0,"wood_earned":2940,"wood_earners":34},{"authorized_miners":0,"orders":{"gather":200},"t":25.0,"unexpected_miners":0,"wood_earned":4039,"wood_earners":35},{"authorized_miners":0,"orders":{"gather":200},"t":30.0,"unexpected_miners":0,"wood_earned":5159,"wood_earners":35}],"lumberjacks":200,"original_trees_depleted":0,"queue_or_kind_anomalies":{},"seconds":30.0,"steps":600,"target_changed_workers":0,"total_units":200,"unexpected_mining_income":0,"unexpected_mining_workers":{},"wall_seconds":22.807682,"wood_earned":5159,"wood_earners":35}
CHECK_OK crowd/200/shared_live: all simulation steps ran
CHECK_OK crowd/200/shared_live: no spontaneous target/kind/queue switch
CHECK_OK crowd/200/shared_live: every unqueued lumberjack earned zero gold/stone
CHECK_OK crowd/200/shared_live: real wood harvesting occurred
CHECK_OK crowd fixture: all lumberjacks start on wood
CHECK_OK crowd fixture: initial queue condition
CROWD_BEGIN count=200 variant=shared_depleted queued=false total_units=200
CASE {"authorized_mining_income":0,"authorized_mining_workers":{},"background_mining_income":0,"case":"crowd/200/shared_depleted","history":[{"authorized_miners":0,"orders":{"gather":200},"t":5.0,"unexpected_miners":0,"wood_earned":371,"wood_earners":23},{"authorized_miners":0,"orders":{"gather":200},"t":10.0,"unexpected_miners":0,"wood_earned":728,"wood_earners":28},{"authorized_miners":0,"orders":{"idle":200},"t":15.0,"unexpected_miners":0,"wood_earned":840,"wood_earners":31},{"authorized_miners":0,"orders":{"idle":200},"t":20.0,"unexpected_miners":0,"wood_earned":840,"wood_earners":31},{"authorized_miners":0,"orders":{"idle":200},"t":25.0,"unexpected_miners":0,"wood_earned":840,"wood_earners":31},{"authorized_miners":0,"orders":{"idle":200},"t":30.0,"unexpected_miners":0,"wood_earned":840,"wood_earners":31}],"lumberjacks":200,"original_trees_depleted":8,"queue_or_kind_anomalies":{},"seconds":30.0,"steps":600,"target_changed_workers":200,"total_units":200,"unexpected_mining_income":0,"unexpected_mining_workers":{},"wall_seconds":7.456351,"wood_earned":840,"wood_earners":31}
CHECK_OK crowd/200/shared_depleted: all simulation steps ran
CHECK_OK crowd/200/shared_depleted: no spontaneous target/kind/queue switch
CHECK_OK crowd/200/shared_depleted: every unqueued lumberjack earned zero gold/stone
CHECK_OK crowd/200/shared_depleted: real wood harvesting occurred
CHECK_OK crowd/200/shared_depleted: depletion and follow-up actually occurred
CHECK_OK crowd fixture: all lumberjacks start on wood
CHECK_OK crowd fixture: initial queue condition
CROWD_BEGIN count=200 variant=mixed_passage queued=false total_units=400
CASE {"authorized_mining_income":0,"authorized_mining_workers":{},"background_mining_income":5180,"case":"crowd/200/mixed_passage","history":[{"authorized_miners":0,"orders":{"gather":200},"t":5.0,"unexpected_miners":0,"wood_earned":0,"wood_earners":0},{"authorized_miners":0,"orders":{"gather":200},"t":10.0,"unexpected_miners":0,"wood_earned":273,"wood_earners":15},{"authorized_miners":0,"orders":{"gather":150,"idle":50},"t":15.0,"unexpected_miners":0,"wood_earned":553,"wood_earners":19},{"authorized_miners":0,"orders":{"idle":200},"t":20.0,"unexpected_miners":0,"wood_earned":560,"wood_earners":19},{"authorized_miners":0,"orders":{"idle":200},"t":25.0,"unexpected_miners":0,"wood_earned":560,"wood_earners":19},{"authorized_miners":0,"orders":{"idle":200},"t":30.0,"unexpected_miners":0,"wood_earned":560,"wood_earners":19}],"lumberjacks":200,"original_trees_depleted":8,"queue_or_kind_anomalies":{},"seconds":30.0,"steps":600,"target_changed_workers":150,"total_units":400,"unexpected_mining_income":0,"unexpected_mining_workers":{},"wall_seconds":39.580401,"wood_earned":560,"wood_earners":19}
CHECK_OK crowd/200/mixed_passage: all simulation steps ran
CHECK_OK crowd/200/mixed_passage: no spontaneous target/kind/queue switch
CHECK_OK crowd/200/mixed_passage: every unqueued lumberjack earned zero gold/stone
CHECK_OK crowd/200/mixed_passage: real wood harvesting occurred
CHECK_OK crowd/200/mixed_passage: background miners actually mined
CHECK_OK crowd fixture: all lumberjacks start on wood
CHECK_OK crowd fixture: initial queue condition
CROWD_BEGIN count=400 variant=shared_live queued=false total_units=400
CASE {"authorized_mining_income":0,"authorized_mining_workers":{},"background_mining_income":0,"case":"crowd/400/shared_live","history":[{"authorized_miners":0,"orders":{"gather":400},"t":5.0,"unexpected_miners":0,"wood_earned":259,"wood_earners":14},{"authorized_miners":0,"orders":{"gather":400},"t":10.0,"unexpected_miners":0,"wood_earned":889,"wood_earners":22},{"authorized_miners":0,"orders":{"gather":400},"t":15.0,"unexpected_miners":0,"wood_earned":1645,"wood_earners":26},{"authorized_miners":0,"orders":{"gather":400},"t":20.0,"unexpected_miners":0,"wood_earned":2576,"wood_earners":31},{"authorized_miners":0,"orders":{"gather":400},"t":25.0,"unexpected_miners":0,"wood_earned":3556,"wood_earners":33},{"authorized_miners":0,"orders":{"gather":400},"t":30.0,"unexpected_miners":0,"wood_earned":4627,"wood_earners":33}],"lumberjacks":400,"original_trees_depleted":0,"queue_or_kind_anomalies":{},"seconds":30.0,"steps":600,"target_changed_workers":0,"total_units":400,"unexpected_mining_income":0,"unexpected_mining_workers":{},"wall_seconds":56.405591,"wood_earned":4627,"wood_earners":33}
CHECK_OK crowd/400/shared_live: all simulation steps ran
CHECK_OK crowd/400/shared_live: no spontaneous target/kind/queue switch
CHECK_OK crowd/400/shared_live: every unqueued lumberjack earned zero gold/stone
CHECK_OK crowd/400/shared_live: real wood harvesting occurred
CHECK_OK crowd fixture: all lumberjacks start on wood
CHECK_OK crowd fixture: initial queue condition
CROWD_BEGIN count=400 variant=shared_depleted queued=false total_units=400
CASE {"authorized_mining_income":0,"authorized_mining_workers":{},"background_mining_income":0,"case":"crowd/400/shared_depleted","history":[{"authorized_miners":0,"orders":{"gather":400},"t":5.0,"unexpected_miners":0,"wood_earned":273,"wood_earners":15},{"authorized_miners":0,"orders":{"gather":400},"t":10.0,"unexpected_miners":0,"wood_earned":672,"wood_earners":25},{"authorized_miners":0,"orders":{"idle":400},"t":15.0,"unexpected_miners":0,"wood_earned":840,"wood_earners":30},{"authorized_miners":0,"orders":{"idle":400},"t":20.0,"unexpected_miners":0,"wood_earned":840,"wood_earners":30},{"authorized_miners":0,"orders":{"idle":400},"t":25.0,"unexpected_miners":0,"wood_earned":840,"wood_earners":30},{"authorized_miners":0,"orders":{"idle":400},"t":30.0,"unexpected_miners":0,"wood_earned":840,"wood_earners":30}],"lumberjacks":400,"original_trees_depleted":8,"queue_or_kind_anomalies":{},"seconds":30.0,"steps":600,"target_changed_workers":400,"total_units":400,"unexpected_mining_income":0,"unexpected_mining_workers":{},"wall_seconds":21.22117,"wood_earned":840,"wood_earners":30}
CHECK_OK crowd/400/shared_depleted: all simulation steps ran
CHECK_OK crowd/400/shared_depleted: no spontaneous target/kind/queue switch
CHECK_OK crowd/400/shared_depleted: every unqueued lumberjack earned zero gold/stone
CHECK_OK crowd/400/shared_depleted: real wood harvesting occurred
CHECK_OK crowd/400/shared_depleted: depletion and follow-up actually occurred
CHECK_OK crowd fixture: all lumberjacks start on wood
CHECK_OK crowd fixture: initial queue condition
CROWD_BEGIN count=400 variant=mixed_passage queued=false total_units=600
CASE {"authorized_mining_income":0,"authorized_mining_workers":{},"background_mining_income":5012,"case":"crowd/400/mixed_passage","history":[{"authorized_miners":0,"orders":{"gather":400},"t":5.0,"unexpected_miners":0,"wood_earned":0,"wood_earners":0},{"authorized_miners":0,"orders":{"gather":400},"t":10.0,"unexpected_miners":0,"wood_earned":147,"wood_earners":8},{"authorized_miners":0,"orders":{"gather":400},"t":15.0,"unexpected_miners":0,"wood_earned":413,"wood_earners":11},{"authorized_miners":0,"orders":{"idle":400},"t":20.0,"unexpected_miners":0,"wood_earned":560,"wood_earners":11},{"authorized_miners":0,"orders":{"idle":400},"t":25.0,"unexpected_miners":0,"wood_earned":560,"wood_earners":11},{"authorized_miners":0,"orders":{"idle":400},"t":30.0,"unexpected_miners":0,"wood_earned":560,"wood_earners":11}],"lumberjacks":400,"original_trees_depleted":8,"queue_or_kind_anomalies":{},"seconds":30.0,"steps":600,"target_changed_workers":350,"total_units":600,"unexpected_mining_income":0,"unexpected_mining_workers":{},"wall_seconds":84.474072,"wood_earned":560,"wood_earners":11}
CHECK_OK crowd/400/mixed_passage: all simulation steps ran
CHECK_OK crowd/400/mixed_passage: no spontaneous target/kind/queue switch
CHECK_OK crowd/400/mixed_passage: every unqueued lumberjack earned zero gold/stone
CHECK_OK crowd/400/mixed_passage: real wood harvesting occurred
CHECK_OK crowd/400/mixed_passage: background miners actually mined
CHECK_OK crowd fixture: all lumberjacks start on wood
CHECK_OK crowd fixture: initial queue condition
CROWD_BEGIN count=100 variant=shared_depleted queued=true total_units=100
CASE {"authorized_mining_income":707,"authorized_mining_workers":{"0":5.7,"1":7.2,"2":6.7,"3":4.05,"4":6.1,"5":7.05,"6":8.4,"7":5.45},"background_mining_income":0,"case":"crowd/100/shared_depleted/queued_control","history":[{"authorized_miners":1,"orders":{"gather":100},"t":5.0,"unexpected_miners":0,"wood_earned":329,"wood_earners":22},{"authorized_miners":8,"orders":{"gather":100},"t":10.0,"unexpected_miners":0,"wood_earned":700,"wood_earners":29},{"authorized_miners":8,"orders":{"gather":8,"idle":92},"t":15.0,"unexpected_miners":0,"wood_earned":840,"wood_earners":29},{"authorized_miners":8,"orders":{"gather":8,"idle":92},"t":20.0,"unexpected_miners":0,"wood_earned":840,"wood_earners":29},{"authorized_miners":8,"orders":{"gather":8,"idle":92},"t":25.0,"unexpected_miners":0,"wood_earned":840,"wood_earners":29},{"authorized_miners":8,"orders":{"gather":8,"idle":92},"t":30.0,"unexpected_miners":0,"wood_earned":840,"wood_earners":29}],"lumberjacks":100,"original_trees_depleted":8,"queue_or_kind_anomalies":{},"seconds":30.0,"steps":600,"target_changed_workers":100,"total_units":100,"unexpected_mining_income":0,"unexpected_mining_workers":{},"wall_seconds":4.503722,"wood_earned":840,"wood_earners":29}
CHECK_OK crowd/100/shared_depleted/queued_control: all simulation steps ran
CHECK_OK crowd/100/shared_depleted/queued_control: no spontaneous target/kind/queue switch
CHECK_OK crowd/100/shared_depleted/queued_control: every unqueued lumberjack earned zero gold/stone
CHECK_OK crowd/100/shared_depleted/queued_control: real wood harvesting occurred
CHECK_OK crowd/100/shared_depleted/queued_control: depletion and follow-up actually occurred
CHECK_OK crowd/100/shared_depleted/queued_control: queued mining works amid crowding
CHECK_OK crowd fixture: all lumberjacks start on wood
CHECK_OK crowd fixture: initial queue condition
CROWD_BEGIN count=400 variant=shared_depleted queued=true total_units=400
CASE {"authorized_mining_income":595,"authorized_mining_workers":{"0":6.95,"1":6.7,"2":4.5,"3":6.0,"4":5.35,"5":7.75,"6":9.5,"7":6.8},"background_mining_income":0,"case":"crowd/400/shared_depleted/queued_control","history":[{"authorized_miners":1,"orders":{"gather":400},"t":5.0,"unexpected_miners":0,"wood_earned":301,"wood_earners":21},{"authorized_miners":8,"orders":{"gather":400},"t":10.0,"unexpected_miners":0,"wood_earned":728,"wood_earners":34},{"authorized_miners":8,"orders":{"gather":8,"idle":392},"t":15.0,"unexpected_miners":0,"wood_earned":840,"wood_earners":34},{"authorized_miners":8,"orders":{"gather":8,"idle":392},"t":20.0,"unexpected_miners":0,"wood_earned":840,"wood_earners":34},{"authorized_miners":8,"orders":{"gather":8,"idle":392},"t":25.0,"unexpected_miners":0,"wood_earned":840,"wood_earners":34},{"authorized_miners":8,"orders":{"gather":8,"idle":392},"t":30.0,"unexpected_miners":0,"wood_earned":840,"wood_earners":34}],"lumberjacks":400,"original_trees_depleted":8,"queue_or_kind_anomalies":{},"seconds":30.0,"steps":600,"target_changed_workers":400,"total_units":400,"unexpected_mining_income":0,"unexpected_mining_workers":{},"wall_seconds":17.929231,"wood_earned":840,"wood_earners":34}
CHECK_OK crowd/400/shared_depleted/queued_control: all simulation steps ran
CHECK_OK crowd/400/shared_depleted/queued_control: no spontaneous target/kind/queue switch
CHECK_OK crowd/400/shared_depleted/queued_control: every unqueued lumberjack earned zero gold/stone
CHECK_OK crowd/400/shared_depleted/queued_control: real wood harvesting occurred
CHECK_OK crowd/400/shared_depleted/queued_control: depletion and follow-up actually occurred
CHECK_OK crowd/400/shared_depleted/queued_control: queued mining works amid crowding
GATHER_SWITCH_POC crowd_cases=14 checks=96 failures=0
