
=== navigation_poc: PASS ===
Godot Engine v4.7.2.stable.custom_build.ed1daf0bf (2026-08-17 01:18:38 UTC) - https://godotengine.org

POC_PASS large_unit_safe_route [(225.0, 275.0), (475.0, 675.0), (575.0, 925.0), (775.0, 825.0), (975.0, 425.0), (1025.0, 275.0)]
POC_PASS large_unit_uses_wide_detour (1023.067, 280.7999)
POC_PASS range_interior_witness
POC_PASS range_search_includes_interior [(125.0, 525.0), (575.0, 525.0)]
POC_PASS range_target_arrival (537.0, 525.0)
POC_PASS group_replan_destination_sync
POC_PASS group_replan_finishes [[(983.2491, 292.958), (989.557, 292.507), "idle"], [(1016.938, 291.5555), (1023.525, 291.032), "idle"], [(1020.228, 324.3846), (1025.0, 325.0), "idle"], [(981.9931, 346.7977), (991.032, 326.475), "idle"], [(998.4952, 366.9181), (992.507, 360.443), "idle"], [(1020.639, 354.8312), (1026.475, 358.968), "idle"]]
POC_PASS short_move_balanced [5.1, 5.1, 5.1, 5.1, 5.1, 5.1, 5.1, 5.1, 5.1, 5.1, 5.1, 5.1]
POC_PASS short_move_column [5.6, 6.6, 5.1, 7.3, 5.9, 8.7, 8.5, 4.3, 7.7, 3.6, 5.2, 3.1]
POC_PASS short_move_compact [17.6, 3.7, 5.9, 6.5, 16.0, 4.1, 4.8, 4.3, 6.3, 5.0, 4.2, 4.6]
POC_PASS off_grid_start_witness
POC_PASS off_grid_start_safe_route [(257.0, 275.0), (275.0, 225.0), (525.0, 275.0)]
POC_PASS off_grid_start_arrival (519.1114, 273.8493)
POC_PASS resource_clearance_matrix 0/30 unsafe []
POC_PASS speed_independent_of_frame_rate [259.999694824219, 260.000152587891, 259.999694824219, 260.0]
POC_PASS resource_motion_within_cell_invalidates
POC_PASS moved_resource_safe_route
POC_PASS group_gap_1_cells [[(1019.068, 421.6742), "idle"], [(939.8839, 410.2607), "idle"], [(1013.989, 390.9711), "idle"], [(981.9161, 459.675), "idle"], [(1020.531, 458.2206), "idle"], [(993.5758, 438.6741), "idle"], [(986.637, 492.0367), "idle"], [(1010.971, 492.5117), "idle"], [(1033.854, 480.3729), "idle"], [(984.5234, 525.0421), "idle"], [(950.6848, 524.7921), "idle"], [(1020.077, 525.0699), "idle"]]
POC_PASS group_gap_2_cells [[(1019.057, 425.2578), "idle"], [(933.7119, 410.4249), "idle"], [(989.1064, 404.0613), "idle"], [(989.9203, 456.8007), "idle"], [(1019.037, 458.0652), "idle"], [(965.9683, 452.0814), "idle"], [(987.5457, 491.734), "idle"], [(1020.339, 491.5826), "idle"], [(1002.528, 514.7458), "idle"], [(980.2119, 524.5339), "idle"], [(954.0755, 545.8732), "idle"], [(1024.507, 526.1767), "idle"]]
POC_PASS group_gap_3_cells [[(1019.057, 425.2578), "idle"], [(933.7119, 410.4249), "idle"], [(989.1064, 404.0613), "idle"], [(989.9203, 456.8007), "idle"], [(1019.037, 458.0652), "idle"], [(965.9683, 452.0814), "idle"], [(987.5457, 491.734), "idle"], [(1020.339, 491.5826), "idle"], [(1002.528, 514.7458), "idle"], [(980.2119, 524.5339), "idle"], [(954.0755, 545.8732), "idle"], [(1024.507, 526.1767), "idle"]]
POC_PASS friendly_idle_units_yield (619.6727, 522.2396)
NAVIGATION_POC checks=21 failures=0

=== navigation_poc_matrix: PASS ===
Godot Engine v4.7.2.stable.custom_build.ed1daf0bf (2026-08-17 01:18:38 UTC) - https://godotengine.org

POC_PASS formation_balanced_angle0_distance80 arrived=12/12
POC_PASS formation_balanced_angle0_distance350 arrived=12/12
POC_PASS formation_balanced_angle1_distance80 arrived=12/12
POC_PASS formation_balanced_angle1_distance350 arrived=12/12
POC_PASS formation_balanced_angle2_distance80 arrived=12/12
POC_PASS formation_balanced_angle2_distance350 arrived=12/12
POC_PASS formation_balanced_angle3_distance80 arrived=12/12
POC_PASS formation_balanced_angle3_distance350 arrived=12/12
POC_PASS formation_balanced_angle4_distance80 arrived=12/12
POC_PASS formation_balanced_angle4_distance350 arrived=12/12
POC_PASS formation_balanced_angle5_distance80 arrived=12/12
POC_PASS formation_balanced_angle5_distance350 arrived=12/12
POC_PASS formation_balanced_angle6_distance80 arrived=12/12
POC_PASS formation_balanced_angle6_distance350 arrived=12/12
POC_PASS formation_balanced_angle7_distance80 arrived=12/12
POC_PASS formation_balanced_angle7_distance350 arrived=12/12
POC_PASS formation_line_angle0_distance80 arrived=12/12
POC_PASS formation_line_angle0_distance350 arrived=12/12
POC_PASS formation_line_angle1_distance80 arrived=12/12
POC_PASS formation_line_angle1_distance350 arrived=12/12
POC_PASS formation_line_angle2_distance80 arrived=12/12
POC_PASS formation_line_angle2_distance350 arrived=12/12
POC_PASS formation_line_angle3_distance80 arrived=12/12
POC_PASS formation_line_angle3_distance350 arrived=12/12
POC_PASS formation_line_angle4_distance80 arrived=12/12
POC_PASS formation_line_angle4_distance350 arrived=12/12
POC_PASS formation_line_angle5_distance80 arrived=12/12
POC_PASS formation_line_angle5_distance350 arrived=12/12
POC_PASS formation_line_angle6_distance80 arrived=12/12
POC_PASS formation_line_angle6_distance350 arrived=12/12
POC_PASS formation_line_angle7_distance80 arrived=12/12
POC_PASS formation_line_angle7_distance350 arrived=12/12
POC_PASS formation_compact_angle0_distance80 arrived=12/12
POC_PASS formation_compact_angle0_distance350 arrived=12/12
POC_PASS formation_compact_angle1_distance80 arrived=12/12
POC_PASS formation_compact_angle1_distance350 arrived=12/12
POC_PASS formation_compact_angle2_distance80 arrived=12/12
POC_PASS formation_compact_angle2_distance350 arrived=12/12
POC_PASS formation_compact_angle3_distance80 arrived=12/12
POC_PASS formation_compact_angle3_distance350 arrived=12/12
POC_PASS formation_compact_angle4_distance80 arrived=12/12
POC_PASS formation_compact_angle4_distance350 arrived=12/12
POC_PASS formation_compact_angle5_distance80 arrived=12/12
POC_PASS formation_compact_angle5_distance350 arrived=12/12
POC_PASS formation_compact_angle6_distance80 arrived=12/12
POC_PASS formation_compact_angle6_distance350 arrived=12/12
POC_PASS formation_compact_angle7_distance80 arrived=12/12
POC_PASS formation_compact_angle7_distance350 arrived=12/12
POC_PASS formation_column_angle0_distance80 arrived=12/12
POC_PASS formation_column_angle0_distance350 arrived=12/12
POC_PASS formation_column_angle1_distance80 arrived=12/12
POC_PASS formation_column_angle1_distance350 arrived=12/12
POC_PASS formation_column_angle2_distance80 arrived=12/12
POC_PASS formation_column_angle2_distance350 arrived=12/12
POC_PASS formation_column_angle3_distance80 arrived=12/12
POC_PASS formation_column_angle3_distance350 arrived=12/12
POC_PASS formation_column_angle4_distance80 arrived=12/12
POC_PASS formation_column_angle4_distance350 arrived=12/12
POC_PASS formation_column_angle5_distance80 arrived=12/12
POC_PASS formation_column_angle5_distance350 arrived=12/12
POC_PASS formation_column_angle6_distance80 arrived=12/12
POC_PASS formation_column_angle6_distance350 arrived=12/12
POC_PASS formation_column_angle7_distance80 arrived=12/12
POC_PASS formation_column_angle7_distance350 arrived=12/12
POC_PASS seeded_routes_radius10 unsafe=0 empty=0 stuck=0 /20
POC_PASS seeded_routes_radius12 unsafe=0 empty=0 stuck=0 /20
POC_PASS seeded_routes_radius18 unsafe=0 empty=0 stuck=0 /20
POC_PASS seeded_routes_radius24 unsafe=0 empty=0 stuck=0 /20
POC_PASS seeded_routes_radius28 unsafe=0 empty=0 stuck=0 /20
POC_PASS naval_reaches_water_goal
POC_PASS land_does_not_cross_water
POC_PASS ship_does_not_cross_land
POC_PASS friendly_gate_passable
POC_PASS enemy_gate_impassable
POC_PASS queued_group_commands
POC_PASS obstructed_group_goal_synchronized
POC_PASS obstructed_group_goal_finishes
POC_PASS new_command_replaces_route
POC_PASS map_edge_(12.0, 12.0)
POC_PASS map_edge_(1488.0, 988.0)
POC_PASS map_edge_(1488.0, 12.0)
POC_PASS map_edge_(12.0, 988.0)
POC_PASS sealed_route_finishes_at_reachable_edge
POC_PASS subcell_passage_witness
POC_PASS subcell_passage_safe_route
POC_PASS subcell_passage_arrival
POC_PASS subcell_passage_interaction
POC_PASS blocked_click_snaps_to_near_side (589.0, 525.0)
POC_PASS routes_around_fixed_unit_corral (819.0021, 525.1597)
POC_PASS enemies_and_hold_units_are_not_pushed
NAVIGATION_POC_MATRIX checks=90 failures=0

=== navigation: PASS ===
Godot Engine v4.7.2.stable.custom_build.ed1daf0bf (2026-08-17 01:18:38 UTC) - https://godotengine.org

NAVIGATION_OK

=== navigation_routes: PASS ===
Godot Engine v4.7.2.stable.custom_build.ed1daf0bf (2026-08-17 01:18:38 UTC) - https://godotengine.org

NAVIGATION_ROUTES_OK

=== navigation_replanning: PASS ===
Godot Engine v4.7.2.stable.custom_build.ed1daf0bf (2026-08-17 01:18:38 UTC) - https://godotengine.org

NAVIGATION_REPLANNING_OK

=== group_chokepoint: PASS ===
Godot Engine v4.7.2.stable.custom_build.ed1daf0bf (2026-08-17 01:18:38 UTC) - https://godotengine.org

GROUP_CHOKEPOINT_OK

=== group_mass_chokepoint: PASS ===
Godot Engine v4.7.2.stable.custom_build.ed1daf0bf (2026-08-17 01:18:38 UTC) - https://godotengine.org

GROUP_MASS_CHOKEPOINT_OK

=== group_multiplayer: PASS ===
Godot Engine v4.7.2.stable.custom_build.ed1daf0bf (2026-08-17 01:18:38 UTC) - https://godotengine.org

GROUP_MULTIPLAYER_OK

=== terrain_selection_follow: PASS ===
Godot Engine v4.7.2.stable.custom_build.ed1daf0bf (2026-08-17 01:18:38 UTC) - https://godotengine.org

TERRAIN_SELECTION_FOLLOW_OK

=== extended_systems: PASS ===
Godot Engine v4.7.2.stable.custom_build.ed1daf0bf (2026-08-17 01:18:38 UTC) - https://godotengine.org

EXTENDED_SYSTEMS_OK

=== economy_siege_controls: PASS ===
Godot Engine v4.7.2.stable.custom_build.ed1daf0bf (2026-08-17 01:18:38 UTC) - https://godotengine.org

ECONOMY_SIEGE_CONTROLS_OK

=== smoke: PASS ===
Godot Engine v4.7.2.stable.custom_build.ed1daf0bf (2026-08-17 01:18:38 UTC) - https://godotengine.org

SMOKE_OK

=== build_grid: PASS ===
Godot Engine v4.7.2.stable.custom_build.ed1daf0bf (2026-08-17 01:18:38 UTC) - https://godotengine.org

BUILD_GRID_OK

=== villager_boar_escape: PASS ===
Godot Engine v4.7.2.stable.custom_build.ed1daf0bf (2026-08-17 01:18:38 UTC) - https://godotengine.org

VILLAGER_BOAR_ESCAPE_OK

=== siege_rules: PASS ===
Godot Engine v4.7.2.stable.custom_build.ed1daf0bf (2026-08-17 01:18:38 UTC) - https://godotengine.org

SIEGE_RULES_OK

=== rally_landmarks: PASS ===
Godot Engine v4.7.2.stable.custom_build.ed1daf0bf (2026-08-17 01:18:38 UTC) - https://godotengine.org

RALLY_LANDMARKS_OK
