Godot Engine v4.7.2.stable.custom_build.ed1daf0bf (2026-08-17 01:18:38 UTC) - https://godotengine.org

SPIKE frame=193 ms=71.6
  stuck owner=2 kind=villager order=gather failures=1 pos=(386.8931, 1903.461) dest=(0.0, 0.0)
  stuck owner=2 kind=villager order=gather failures=1 pos=(194.25, 1869.104) dest=(0.0, 0.0)
SPIKE frame=267 ms=31.8
  stuck owner=2 kind=villager order=gather failures=1 pos=(386.8931, 1903.461) dest=(0.0, 0.0)
  stuck owner=2 kind=villager order=gather failures=1 pos=(194.25, 1869.104) dest=(0.0, 0.0)
SPIKE frame=324 ms=56.3
  stuck owner=0 kind=villager order=gather failures=1 pos=(448.3181, 598.4879) dest=(0.0, 0.0)
  stuck owner=2 kind=villager order=gather failures=1 pos=(386.8931, 1903.461) dest=(0.0, 0.0)
  stuck owner=2 kind=villager order=gather failures=1 pos=(194.25, 1869.104) dest=(0.0, 0.0)
  stuck owner=3 kind=villager order=build failures=1 pos=(2015.802, 767.8477) dest=(0.0, 0.0)
SPIKE frame=325 ms=33.6
  stuck owner=0 kind=villager order=gather failures=1 pos=(448.3181, 598.4879) dest=(0.0, 0.0)
  stuck owner=2 kind=villager order=gather failures=1 pos=(386.8931, 1903.461) dest=(0.0, 0.0)
  stuck owner=2 kind=villager order=gather failures=1 pos=(194.25, 1869.104) dest=(0.0, 0.0)
  stuck owner=3 kind=villager order=build failures=1 pos=(2021.47, 767.9058) dest=(0.0, 0.0)
SPIKE frame=514 ms=56.3
  stuck owner=0 kind=villager order=gather failures=1 pos=(448.3181, 598.4879) dest=(0.0, 0.0)
  stuck owner=2 kind=villager order=gather failures=1 pos=(386.8931, 1903.461) dest=(0.0, 0.0)
  stuck owner=2 kind=villager order=gather failures=1 pos=(194.25, 1869.104) dest=(0.0, 0.0)
SPIKE frame=546 ms=31.3
  stuck owner=0 kind=villager order=gather failures=1 pos=(448.3181, 598.4879) dest=(0.0, 0.0)
  stuck owner=2 kind=villager order=gather failures=1 pos=(386.8931, 1903.461) dest=(0.0, 0.0)
  stuck owner=2 kind=villager order=gather failures=1 pos=(194.25, 1869.104) dest=(0.0, 0.0)
SPIKE frame=710 ms=58.6
  stuck owner=0 kind=villager order=gather failures=1 pos=(448.3181, 598.4879) dest=(0.0, 0.0)
  stuck owner=2 kind=villager order=build failures=1 pos=(423.324, 1619.23) dest=(0.0, 0.0)
  stuck owner=2 kind=villager order=gather failures=1 pos=(386.8931, 1903.461) dest=(0.0, 0.0)
  stuck owner=2 kind=villager order=gather failures=1 pos=(194.25, 1869.104) dest=(0.0, 0.0)
SPIKE frame=1709 ms=31.4
  stuck owner=0 kind=villager order=gather failures=1 pos=(448.3181, 598.4879) dest=(0.0, 0.0)
  stuck owner=2 kind=villager order=build failures=1 pos=(423.324, 1619.23) dest=(0.0, 0.0)
  stuck owner=2 kind=villager order=gather failures=1 pos=(386.8931, 1903.461) dest=(0.0, 0.0)
  stuck owner=2 kind=villager order=gather failures=1 pos=(194.25, 1869.104) dest=(0.0, 0.0)
  stuck owner=3 kind=villager order=gather failures=1 pos=(1951.682, 598.4879) dest=(0.0, 0.0)
SPIKE frame=1928 ms=31.9
  stuck owner=0 kind=villager order=gather failures=1 pos=(448.3181, 598.4879) dest=(0.0, 0.0)
  stuck owner=2 kind=villager order=build failures=1 pos=(423.324, 1619.23) dest=(0.0, 0.0)
  stuck owner=2 kind=villager order=gather failures=1 pos=(386.8931, 1903.461) dest=(0.0, 0.0)
  stuck owner=2 kind=villager order=gather failures=1 pos=(194.25, 1869.104) dest=(0.0, 0.0)
  stuck owner=3 kind=villager order=gather failures=1 pos=(1951.682, 598.4879) dest=(0.0, 0.0)
SPIKE frame=1941 ms=110.5
  stuck owner=0 kind=villager order=gather failures=1 pos=(448.3181, 598.4879) dest=(0.0, 0.0)
  stuck owner=2 kind=villager order=build failures=1 pos=(423.324, 1619.23) dest=(0.0, 0.0)
  stuck owner=2 kind=villager order=gather failures=1 pos=(386.8931, 1903.461) dest=(0.0, 0.0)
  stuck owner=2 kind=villager order=gather failures=1 pos=(194.25, 1869.104) dest=(0.0, 0.0)
SPIKE frame=1942 ms=38.7
  stuck owner=0 kind=villager order=gather failures=1 pos=(448.3181, 598.4879) dest=(0.0, 0.0)
  stuck owner=2 kind=villager order=gather failures=1 pos=(386.8931, 1903.461) dest=(0.0, 0.0)
  stuck owner=2 kind=villager order=gather failures=1 pos=(194.25, 1869.104) dest=(0.0, 0.0)
SPIKE frame=2043 ms=63.0
  stuck owner=0 kind=villager order=gather failures=1 pos=(448.3181, 598.4879) dest=(0.0, 0.0)
  stuck owner=2 kind=villager order=gather failures=1 pos=(386.8931, 1903.461) dest=(0.0, 0.0)
  stuck owner=2 kind=villager order=gather failures=1 pos=(194.25, 1869.104) dest=(0.0, 0.0)
SPIKE frame=2104 ms=104.4
  stuck owner=0 kind=villager order=gather failures=1 pos=(448.3181, 598.4879) dest=(0.0, 0.0)
  stuck owner=2 kind=villager order=gather failures=1 pos=(386.8931, 1903.461) dest=(0.0, 0.0)
  stuck owner=2 kind=villager order=gather failures=1 pos=(194.25, 1869.104) dest=(0.0, 0.0)
  stuck owner=3 kind=villager order=build failures=1 pos=(2104.752, 770.9894) dest=(0.0, 0.0)
SPIKE frame=2142 ms=96.1
  stuck owner=0 kind=villager order=gather failures=1 pos=(448.3181, 598.4879) dest=(0.0, 0.0)
  stuck owner=3 kind=villager order=build failures=1 pos=(2104.752, 770.9894) dest=(0.0, 0.0)
frames=2400 mean=8.81 p50=8.32 p90=11.74 p99=23.19 max=110.54
frames with obstacle_revision bump: 6/2400, with grid_refresh: 0/2400
first wildlife: 38, last wildlife: 38, last units: 25, last buildings: 19
--- slowest 15 frames ---
{"astar_ms":0.0,"buildings":11,"can_occupy_ms":0.0,"fine_build_ms":0.0,"fine_cells":0,"frame":1941,"grid_refresh":0,"grid_refresh_ms":0.0,"move_step_ms":0.0,"ms":110.54,"path_between_ms":0.0,"path_to_range_ms":0.0,"ptr_coarse_ms":0.0,"ptr_refine_ms":0.0,"rev":12,"rev_delta":3,"units":24,"wildlife":38}
{"astar_ms":0.0,"buildings":15,"can_occupy_ms":0.0,"fine_build_ms":0.0,"fine_cells":0,"frame":2104,"grid_refresh":0,"grid_refresh_ms":0.0,"move_step_ms":0.0,"ms":104.42,"path_between_ms":0.0,"path_to_range_ms":0.0,"ptr_coarse_ms":0.0,"ptr_refine_ms":0.0,"rev":17,"rev_delta":0,"units":24,"wildlife":38}
{"astar_ms":0.0,"buildings":19,"can_occupy_ms":0.0,"fine_build_ms":0.0,"fine_cells":0,"frame":2142,"grid_refresh":0,"grid_refresh_ms":0.0,"move_step_ms":0.0,"ms":96.06,"path_between_ms":0.0,"path_to_range_ms":0.0,"ptr_coarse_ms":0.0,"ptr_refine_ms":0.0,"rev":20,"rev_delta":3,"units":24,"wildlife":38}
{"astar_ms":0.0,"buildings":7,"can_occupy_ms":0.0,"fine_build_ms":0.0,"fine_cells":0,"frame":193,"grid_refresh":0,"grid_refresh_ms":0.0,"move_step_ms":0.0,"ms":71.58,"path_between_ms":0.0,"path_to_range_ms":0.0,"ptr_coarse_ms":0.0,"ptr_refine_ms":0.0,"rev":8,"rev_delta":0,"units":24,"wildlife":38}
{"astar_ms":0.0,"buildings":15,"can_occupy_ms":0.0,"fine_build_ms":0.0,"fine_cells":0,"frame":2043,"grid_refresh":0,"grid_refresh_ms":0.0,"move_step_ms":0.0,"ms":62.99,"path_between_ms":0.0,"path_to_range_ms":0.0,"ptr_coarse_ms":0.0,"ptr_refine_ms":0.0,"rev":17,"rev_delta":3,"units":24,"wildlife":38}
{"astar_ms":0.0,"buildings":7,"can_occupy_ms":0.0,"fine_build_ms":0.0,"fine_cells":0,"frame":710,"grid_refresh":0,"grid_refresh_ms":0.0,"move_step_ms":0.0,"ms":58.55,"path_between_ms":0.0,"path_to_range_ms":0.0,"ptr_coarse_ms":0.0,"ptr_refine_ms":0.0,"rev":8,"rev_delta":0,"units":24,"wildlife":38}
{"astar_ms":0.0,"buildings":7,"can_occupy_ms":0.0,"fine_build_ms":0.0,"fine_cells":0,"frame":324,"grid_refresh":0,"grid_refresh_ms":0.0,"move_step_ms":0.0,"ms":56.25,"path_between_ms":0.0,"path_to_range_ms":0.0,"ptr_coarse_ms":0.0,"ptr_refine_ms":0.0,"rev":8,"rev_delta":0,"units":24,"wildlife":38}
{"astar_ms":0.0,"buildings":7,"can_occupy_ms":0.0,"fine_build_ms":0.0,"fine_cells":0,"frame":514,"grid_refresh":0,"grid_refresh_ms":0.0,"move_step_ms":0.0,"ms":56.25,"path_between_ms":0.0,"path_to_range_ms":0.0,"ptr_coarse_ms":0.0,"ptr_refine_ms":0.0,"rev":8,"rev_delta":0,"units":24,"wildlife":38}
{"astar_ms":0.0,"buildings":11,"can_occupy_ms":0.0,"fine_build_ms":0.0,"fine_cells":0,"frame":1942,"grid_refresh":0,"grid_refresh_ms":0.0,"move_step_ms":0.0,"ms":38.72,"path_between_ms":0.0,"path_to_range_ms":0.0,"ptr_coarse_ms":0.0,"ptr_refine_ms":0.0,"rev":13,"rev_delta":1,"units":24,"wildlife":38}
{"astar_ms":0.0,"buildings":7,"can_occupy_ms":0.0,"fine_build_ms":0.0,"fine_cells":0,"frame":325,"grid_refresh":0,"grid_refresh_ms":0.0,"move_step_ms":0.0,"ms":33.58,"path_between_ms":0.0,"path_to_range_ms":0.0,"ptr_coarse_ms":0.0,"ptr_refine_ms":0.0,"rev":8,"rev_delta":0,"units":24,"wildlife":38}
{"astar_ms":0.0,"buildings":7,"can_occupy_ms":0.0,"fine_build_ms":0.0,"fine_cells":0,"frame":1928,"grid_refresh":0,"grid_refresh_ms":0.0,"move_step_ms":0.0,"ms":31.95,"path_between_ms":0.0,"path_to_range_ms":0.0,"ptr_coarse_ms":0.0,"ptr_refine_ms":0.0,"rev":9,"rev_delta":0,"units":24,"wildlife":38}
{"astar_ms":0.0,"buildings":7,"can_occupy_ms":0.0,"fine_build_ms":0.0,"fine_cells":0,"frame":267,"grid_refresh":0,"grid_refresh_ms":0.0,"move_step_ms":0.0,"ms":31.78,"path_between_ms":0.0,"path_to_range_ms":0.0,"ptr_coarse_ms":0.0,"ptr_refine_ms":0.0,"rev":8,"rev_delta":0,"units":24,"wildlife":38}
{"astar_ms":0.0,"buildings":7,"can_occupy_ms":0.0,"fine_build_ms":0.0,"fine_cells":0,"frame":1709,"grid_refresh":0,"grid_refresh_ms":0.0,"move_step_ms":0.0,"ms":31.4,"path_between_ms":0.0,"path_to_range_ms":0.0,"ptr_coarse_ms":0.0,"ptr_refine_ms":0.0,"rev":8,"rev_delta":0,"units":24,"wildlife":38}
{"astar_ms":0.0,"buildings":7,"can_occupy_ms":0.0,"fine_build_ms":0.0,"fine_cells":0,"frame":546,"grid_refresh":0,"grid_refresh_ms":0.0,"move_step_ms":0.0,"ms":31.33,"path_between_ms":0.0,"path_to_range_ms":0.0,"ptr_coarse_ms":0.0,"ptr_refine_ms":0.0,"rev":8,"rev_delta":0,"units":24,"wildlife":38}
{"astar_ms":0.0,"buildings":7,"can_occupy_ms":0.0,"fine_build_ms":0.0,"fine_cells":0,"frame":55,"grid_refresh":0,"grid_refresh_ms":0.0,"move_step_ms":0.0,"ms":29.27,"path_between_ms":0.0,"path_to_range_ms":0.0,"ptr_coarse_ms":0.0,"ptr_refine_ms":0.0,"rev":8,"rev_delta":0,"units":24,"wildlife":38}
--- sample every 300 frames ---
{"astar_ms":0.0,"buildings":7,"can_occupy_ms":0.0,"fine_build_ms":0.0,"fine_cells":0,"frame":0,"grid_refresh":0,"grid_refresh_ms":0.0,"move_step_ms":0.0,"ms":20.6,"path_between_ms":0.0,"path_to_range_ms":0.0,"ptr_coarse_ms":0.0,"ptr_refine_ms":0.0,"rev":8,"rev_delta":0,"units":24,"wildlife":38}
{"astar_ms":0.0,"buildings":7,"can_occupy_ms":0.0,"fine_build_ms":0.0,"fine_cells":0,"frame":300,"grid_refresh":0,"grid_refresh_ms":0.0,"move_step_ms":0.0,"ms":8.16,"path_between_ms":0.0,"path_to_range_ms":0.0,"ptr_coarse_ms":0.0,"ptr_refine_ms":0.0,"rev":8,"rev_delta":0,"units":24,"wildlife":38}
{"astar_ms":0.0,"buildings":7,"can_occupy_ms":0.0,"fine_build_ms":0.0,"fine_cells":0,"frame":600,"grid_refresh":0,"grid_refresh_ms":0.0,"move_step_ms":0.0,"ms":7.09,"path_between_ms":0.0,"path_to_range_ms":0.0,"ptr_coarse_ms":0.0,"ptr_refine_ms":0.0,"rev":8,"rev_delta":0,"units":24,"wildlife":38}
{"astar_ms":0.0,"buildings":7,"can_occupy_ms":0.0,"fine_build_ms":0.0,"fine_cells":0,"frame":900,"grid_refresh":0,"grid_refresh_ms":0.0,"move_step_ms":0.0,"ms":9.19,"path_between_ms":0.0,"path_to_range_ms":0.0,"ptr_coarse_ms":0.0,"ptr_refine_ms":0.0,"rev":8,"rev_delta":0,"units":24,"wildlife":38}
{"astar_ms":0.0,"buildings":7,"can_occupy_ms":0.0,"fine_build_ms":0.0,"fine_cells":0,"frame":1200,"grid_refresh":0,"grid_refresh_ms":0.0,"move_step_ms":0.0,"ms":3.19,"path_between_ms":0.0,"path_to_range_ms":0.0,"ptr_coarse_ms":0.0,"ptr_refine_ms":0.0,"rev":8,"rev_delta":0,"units":24,"wildlife":38}
{"astar_ms":0.0,"buildings":7,"can_occupy_ms":0.0,"fine_build_ms":0.0,"fine_cells":0,"frame":1500,"grid_refresh":0,"grid_refresh_ms":0.0,"move_step_ms":0.0,"ms":4.71,"path_between_ms":0.0,"path_to_range_ms":0.0,"ptr_coarse_ms":0.0,"ptr_refine_ms":0.0,"rev":8,"rev_delta":0,"units":24,"wildlife":38}
{"astar_ms":0.0,"buildings":7,"can_occupy_ms":0.0,"fine_build_ms":0.0,"fine_cells":0,"frame":1800,"grid_refresh":0,"grid_refresh_ms":0.0,"move_step_ms":0.0,"ms":9.76,"path_between_ms":0.0,"path_to_range_ms":0.0,"ptr_coarse_ms":0.0,"ptr_refine_ms":0.0,"rev":9,"rev_delta":0,"units":24,"wildlife":38}
{"astar_ms":0.0,"buildings":15,"can_occupy_ms":0.0,"fine_build_ms":0.0,"fine_cells":0,"frame":2100,"grid_refresh":0,"grid_refresh_ms":0.0,"move_step_ms":0.0,"ms":9.01,"path_between_ms":0.0,"path_to_range_ms":0.0,"ptr_coarse_ms":0.0,"ptr_refine_ms":0.0,"rev":17,"rev_delta":0,"units":24,"wildlife":38}
