Godot Engine v4.7.2.stable.custom_build.ed1daf0bf (2026-08-17 01:18:38 UTC) - https://godotengine.org

POC_PASS component_sizes_cover_all_open_cells
POC_PASS component_native_reachability_(0, 0)_(0, 0)
POC_PASS component_native_reachability_(0, 0)_(1, 0)
POC_PASS solid_label_(2, 0)
POC_PASS component_native_reachability_(0, 0)_(3, 0)
POC_PASS solid_label_(4, 0)
POC_PASS component_native_reachability_(0, 0)_(5, 0)
POC_PASS component_native_reachability_(0, 0)_(0, 1)
POC_PASS component_native_reachability_(0, 0)_(1, 1)
POC_PASS solid_label_(2, 1)
POC_PASS component_native_reachability_(0, 0)_(3, 1)
POC_PASS component_native_reachability_(0, 0)_(4, 1)
POC_PASS component_native_reachability_(0, 0)_(5, 1)
POC_PASS component_native_reachability_(0, 0)_(0, 2)
POC_PASS component_native_reachability_(0, 0)_(1, 2)
POC_PASS solid_label_(2, 2)
POC_PASS component_native_reachability_(0, 0)_(3, 2)
POC_PASS component_native_reachability_(0, 0)_(4, 2)
POC_PASS component_native_reachability_(0, 0)_(5, 2)
POC_PASS component_native_reachability_(0, 0)_(0, 3)
POC_PASS component_native_reachability_(0, 0)_(1, 3)
POC_PASS solid_label_(2, 3)
POC_PASS component_native_reachability_(0, 0)_(3, 3)
POC_PASS component_native_reachability_(0, 0)_(4, 3)
POC_PASS component_native_reachability_(0, 0)_(5, 3)
POC_PASS component_native_reachability_(0, 0)_(0, 4)
POC_PASS component_native_reachability_(0, 0)_(1, 4)
POC_PASS solid_label_(2, 4)
POC_PASS component_native_reachability_(0, 0)_(3, 4)
POC_PASS component_native_reachability_(0, 0)_(4, 4)
POC_PASS component_native_reachability_(0, 0)_(5, 4)
POC_PASS component_native_reachability_(3, 0)_(0, 0)
POC_PASS component_native_reachability_(3, 0)_(1, 0)
POC_PASS solid_label_(2, 0)
POC_PASS component_native_reachability_(3, 0)_(3, 0)
POC_PASS solid_label_(4, 0)
POC_PASS component_native_reachability_(3, 0)_(5, 0)
POC_PASS component_native_reachability_(3, 0)_(0, 1)
POC_PASS component_native_reachability_(3, 0)_(1, 1)
POC_PASS solid_label_(2, 1)
POC_PASS component_native_reachability_(3, 0)_(3, 1)
POC_PASS component_native_reachability_(3, 0)_(4, 1)
POC_PASS component_native_reachability_(3, 0)_(5, 1)
POC_PASS component_native_reachability_(3, 0)_(0, 2)
POC_PASS component_native_reachability_(3, 0)_(1, 2)
POC_PASS solid_label_(2, 2)
POC_PASS component_native_reachability_(3, 0)_(3, 2)
POC_PASS component_native_reachability_(3, 0)_(4, 2)
POC_PASS component_native_reachability_(3, 0)_(5, 2)
POC_PASS component_native_reachability_(3, 0)_(0, 3)
POC_PASS component_native_reachability_(3, 0)_(1, 3)
POC_PASS solid_label_(2, 3)
POC_PASS component_native_reachability_(3, 0)_(3, 3)
POC_PASS component_native_reachability_(3, 0)_(4, 3)
POC_PASS component_native_reachability_(3, 0)_(5, 3)
POC_PASS component_native_reachability_(3, 0)_(0, 4)
POC_PASS component_native_reachability_(3, 0)_(1, 4)
POC_PASS solid_label_(2, 4)
POC_PASS component_native_reachability_(3, 0)_(3, 4)
POC_PASS component_native_reachability_(3, 0)_(4, 4)
POC_PASS component_native_reachability_(3, 0)_(5, 4)
POC_PASS component_native_reachability_(5, 4)_(0, 0)
POC_PASS component_native_reachability_(5, 4)_(1, 0)
POC_PASS solid_label_(2, 0)
POC_PASS component_native_reachability_(5, 4)_(3, 0)
POC_PASS solid_label_(4, 0)
POC_PASS component_native_reachability_(5, 4)_(5, 0)
POC_PASS component_native_reachability_(5, 4)_(0, 1)
POC_PASS component_native_reachability_(5, 4)_(1, 1)
POC_PASS solid_label_(2, 1)
POC_PASS component_native_reachability_(5, 4)_(3, 1)
POC_PASS component_native_reachability_(5, 4)_(4, 1)
POC_PASS component_native_reachability_(5, 4)_(5, 1)
POC_PASS component_native_reachability_(5, 4)_(0, 2)
POC_PASS component_native_reachability_(5, 4)_(1, 2)
POC_PASS solid_label_(2, 2)
POC_PASS component_native_reachability_(5, 4)_(3, 2)
POC_PASS component_native_reachability_(5, 4)_(4, 2)
POC_PASS component_native_reachability_(5, 4)_(5, 2)
POC_PASS component_native_reachability_(5, 4)_(0, 3)
POC_PASS component_native_reachability_(5, 4)_(1, 3)
POC_PASS solid_label_(2, 3)
POC_PASS component_native_reachability_(5, 4)_(3, 3)
POC_PASS component_native_reachability_(5, 4)_(4, 3)
POC_PASS component_native_reachability_(5, 4)_(5, 3)
POC_PASS component_native_reachability_(5, 4)_(0, 4)
POC_PASS component_native_reachability_(5, 4)_(1, 4)
POC_PASS solid_label_(2, 4)
POC_PASS component_native_reachability_(5, 4)_(3, 4)
POC_PASS component_native_reachability_(5, 4)_(4, 4)
POC_PASS component_native_reachability_(5, 4)_(5, 4)
POC_PASS edge_repair_finds_connected_detour
POC_PASS edge_repair_safe_segment_1
POC_PASS edge_repair_safe_segment_2
POC_PASS edge_repair_safe_segment_3
POC_PASS edge_repair_safe_segment_4
POC_PASS temporary_block_restored_0_0
POC_PASS temporary_block_restored_1_0
POC_PASS temporary_block_restored_2_0
POC_PASS temporary_block_restored_3_0
POC_PASS temporary_block_restored_4_0
POC_PASS temporary_block_restored_0_1
POC_PASS temporary_block_restored_1_1
POC_PASS temporary_block_restored_2_1
POC_PASS temporary_block_restored_3_1
POC_PASS temporary_block_restored_4_1
POC_PASS temporary_block_restored_0_2
POC_PASS temporary_block_restored_1_2
POC_PASS temporary_block_restored_2_2
POC_PASS temporary_block_restored_3_2
POC_PASS temporary_block_restored_4_2
POC_PASS successful_repair_does_not_publish_connectivity
POC_PASS failed_repaired_grid_never_enters_component_cache
POC_PASS failed_repair_restores_0
POC_PASS failed_repair_restores_1
POC_PASS failed_repair_restores_2
POC_PASS failed_repair_restores_3
POC_PASS failed_repair_restores_4
POC_PASS genuine_disconnection_publishes_components_once
POC_PASS corner_endpoints_(0.0, -4.0)_(10.0, -4.0)
POC_PASS reverse_search_preserves_route_direction_(0.0, -4.0)_(10.0, -4.0)
POC_PASS lazy_corner_matches_independent_dijkstra_(0.0, -4.0)_(10.0, -4.0)
POC_PASS corner_safe_segment_(0.0, -4.0)_(10.0, -4.0)_1
POC_PASS corner_endpoints_(0.0, -4.0)_(10.0, 0.0)
POC_PASS reverse_search_preserves_route_direction_(0.0, -4.0)_(10.0, 0.0)
POC_PASS lazy_corner_matches_independent_dijkstra_(0.0, -4.0)_(10.0, 0.0)
POC_PASS corner_safe_segment_(0.0, -4.0)_(10.0, 0.0)_1
POC_PASS corner_endpoints_(0.0, -4.0)_(10.0, 4.0)
POC_PASS reverse_search_preserves_route_direction_(0.0, -4.0)_(10.0, 4.0)
POC_PASS lazy_corner_matches_independent_dijkstra_(0.0, -4.0)_(10.0, 4.0)
POC_PASS corner_safe_segment_(0.0, -4.0)_(10.0, 4.0)_1
POC_PASS corner_safe_segment_(0.0, -4.0)_(10.0, 4.0)_2
POC_PASS corner_endpoints_(0.0, 0.0)_(10.0, -4.0)
POC_PASS reverse_search_preserves_route_direction_(0.0, 0.0)_(10.0, -4.0)
POC_PASS lazy_corner_matches_independent_dijkstra_(0.0, 0.0)_(10.0, -4.0)
POC_PASS corner_safe_segment_(0.0, 0.0)_(10.0, -4.0)_1
POC_PASS corner_endpoints_(0.0, 0.0)_(10.0, 0.0)
POC_PASS reverse_search_preserves_route_direction_(0.0, 0.0)_(10.0, 0.0)
POC_PASS lazy_corner_matches_independent_dijkstra_(0.0, 0.0)_(10.0, 0.0)
POC_PASS corner_safe_segment_(0.0, 0.0)_(10.0, 0.0)_1
POC_PASS corner_safe_segment_(0.0, 0.0)_(10.0, 0.0)_2
POC_PASS corner_endpoints_(0.0, 0.0)_(10.0, 4.0)
POC_PASS reverse_search_preserves_route_direction_(0.0, 0.0)_(10.0, 4.0)
POC_PASS lazy_corner_matches_independent_dijkstra_(0.0, 0.0)_(10.0, 4.0)
POC_PASS corner_safe_segment_(0.0, 0.0)_(10.0, 4.0)_1
POC_PASS corner_endpoints_(0.0, 4.0)_(10.0, -4.0)
POC_PASS reverse_search_preserves_route_direction_(0.0, 4.0)_(10.0, -4.0)
POC_PASS lazy_corner_matches_independent_dijkstra_(0.0, 4.0)_(10.0, -4.0)
POC_PASS corner_safe_segment_(0.0, 4.0)_(10.0, -4.0)_1
POC_PASS corner_safe_segment_(0.0, 4.0)_(10.0, -4.0)_2
POC_PASS corner_endpoints_(0.0, 4.0)_(10.0, 0.0)
POC_PASS reverse_search_preserves_route_direction_(0.0, 4.0)_(10.0, 0.0)
POC_PASS lazy_corner_matches_independent_dijkstra_(0.0, 4.0)_(10.0, 0.0)
POC_PASS corner_safe_segment_(0.0, 4.0)_(10.0, 0.0)_1
POC_PASS corner_endpoints_(0.0, 4.0)_(10.0, 4.0)
POC_PASS reverse_search_preserves_route_direction_(0.0, 4.0)_(10.0, 4.0)
POC_PASS lazy_corner_matches_independent_dijkstra_(0.0, 4.0)_(10.0, 4.0)
POC_PASS corner_safe_segment_(0.0, 4.0)_(10.0, 4.0)_1
POC_PASS negative_cached_origin_0
POC_PASS negative_cached_origin_1
POC_PASS negative_cached_origin_2
POC_PASS negative_cached_origin_3
POC_PASS negative_cached_origin_4
POC_PASS negative_cached_origin_5
POC_PASS negative_cached_origin_6
POC_PASS negative_cached_origin_7
POC_PASS negative_cached_origin_8
POC_PASS negative_cached_origin_9
POC_PASS negative_cached_origin_10
POC_PASS negative_cached_origin_11
POC_PASS negative_cached_origin_12
POC_PASS negative_cached_origin_13
POC_PASS negative_cached_origin_14
POC_PASS negative_cached_origin_15
POC_PASS negative_cached_origin_16
POC_PASS negative_cached_origin_17
POC_PASS negative_cached_origin_18
POC_PASS negative_cached_origin_19
POC_PASS negative_cached_origin_20
POC_PASS negative_cached_origin_21
POC_PASS negative_cached_origin_22
POC_PASS negative_cached_origin_23
POC_PASS negative_cached_origin_24
POC_PASS negative_cached_origin_25
POC_PASS negative_cached_origin_26
POC_PASS negative_cached_origin_27
POC_PASS negative_cached_origin_28
POC_PASS negative_cached_origin_29
POC_PASS negative_cached_origin_30
POC_PASS negative_cached_origin_31
POC_PASS negative_cached_origin_32
POC_PASS negative_cached_origin_33
POC_PASS negative_cached_origin_34
POC_PASS negative_cached_origin_35
POC_PASS negative_cached_origin_36
POC_PASS negative_cached_origin_37
POC_PASS negative_cached_origin_38
POC_PASS negative_cached_origin_39
POC_PASS negative_cached_origin_40
POC_PASS negative_cached_origin_41
POC_PASS negative_cached_origin_42
POC_PASS negative_cached_origin_43
POC_PASS negative_cached_origin_44
POC_PASS negative_cached_origin_45
POC_PASS negative_cached_origin_46
POC_PASS negative_cached_origin_47
POC_PASS negative_cached_origin_48
POC_PASS negative_cached_origin_49
POC_PASS negative_cached_origin_50
POC_PASS negative_cached_origin_51
POC_PASS negative_cached_origin_52
POC_PASS negative_cached_origin_53
POC_PASS negative_cached_origin_54
POC_PASS negative_cached_origin_55
POC_PASS negative_cached_origin_56
POC_PASS negative_cached_origin_57
POC_PASS negative_cached_origin_58
POC_PASS negative_cached_origin_59
POC_PASS negative_cached_origin_60
POC_PASS negative_cached_origin_61
POC_PASS negative_cached_origin_62
POC_PASS negative_cached_origin_63
POC_PASS negative_cached_origin_64
POC_PASS negative_cached_origin_65
POC_PASS negative_cached_origin_66
POC_PASS negative_cached_origin_67
POC_PASS negative_cached_origin_68
POC_PASS negative_cached_origin_69
POC_PASS negative_cached_origin_70
POC_PASS negative_cached_origin_71
POC_PASS negative_cached_origin_72
POC_PASS negative_cached_origin_73
POC_PASS negative_cached_origin_74
POC_PASS negative_cached_origin_75
POC_PASS negative_cached_origin_76
POC_PASS negative_cached_origin_77
POC_PASS negative_cached_origin_78
POC_PASS negative_cached_origin_79
POC_PASS negative_origin_attachment_cached_across_targets_and_eviction
POC_PASS visibility_attachment_cache_bounded
POC_PASS range_candidate_within_contact_tolerance
POC_PASS range_candidates_nearest_first
POC_PASS range_candidate_within_contact_tolerance
POC_PASS range_candidates_nearest_first
POC_PASS range_candidate_within_contact_tolerance
POC_PASS range_candidates_nearest_first
POC_PASS range_candidate_within_contact_tolerance
POC_PASS range_candidates_nearest_first
POC_PASS range_candidate_within_contact_tolerance
POC_PASS range_candidates_nearest_first
POC_PASS range_candidate_within_contact_tolerance
POC_PASS range_candidates_nearest_first
POC_PASS range_candidate_within_contact_tolerance
POC_PASS range_candidates_nearest_first
POC_PASS range_candidate_within_contact_tolerance
POC_PASS range_candidates_nearest_first
POC_PASS range_candidate_within_contact_tolerance
POC_PASS range_candidates_nearest_first
POC_PASS range_candidate_within_contact_tolerance
POC_PASS range_candidates_nearest_first
POC_PASS range_candidate_within_contact_tolerance
POC_PASS range_candidates_nearest_first
POC_PASS range_candidate_within_contact_tolerance
POC_PASS range_candidates_nearest_first
POC_PASS range_candidate_within_contact_tolerance
POC_PASS range_candidates_nearest_first
POC_PASS range_candidate_within_contact_tolerance
POC_PASS range_candidates_nearest_first
POC_PASS range_candidate_within_contact_tolerance
POC_PASS range_candidates_nearest_first
POC_PASS range_candidate_within_contact_tolerance
POC_PASS range_candidates_nearest_first
POC_PASS range_candidate_within_contact_tolerance
POC_PASS range_candidates_nearest_first
POC_PASS range_candidate_within_contact_tolerance
POC_PASS range_candidates_nearest_first
POC_PASS range_candidate_within_contact_tolerance
POC_PASS range_candidates_nearest_first
POC_PASS range_candidate_within_contact_tolerance
POC_PASS range_candidates_nearest_first
POC_PASS range_candidate_within_contact_tolerance
POC_PASS range_candidates_nearest_first
POC_PASS range_candidate_within_contact_tolerance
POC_PASS range_candidates_nearest_first
POC_PASS range_candidate_within_contact_tolerance
POC_PASS range_candidates_nearest_first
POC_PASS range_candidate_within_contact_tolerance
POC_PASS range_candidates_nearest_first
POC_PASS range_candidate_within_contact_tolerance
POC_PASS range_candidates_nearest_first
POC_PASS range_candidate_within_contact_tolerance
POC_PASS range_candidates_nearest_first
POC_PASS range_candidate_within_contact_tolerance
POC_PASS range_candidates_nearest_first
POC_PASS range_candidate_within_contact_tolerance
POC_PASS range_candidates_nearest_first
POC_PASS range_candidate_within_contact_tolerance
POC_PASS range_candidates_nearest_first
POC_PASS range_candidate_within_contact_tolerance
POC_PASS range_candidates_nearest_first
POC_PASS range_candidate_within_contact_tolerance
POC_PASS range_candidates_nearest_first
POC_PASS range_candidate_within_contact_tolerance
POC_PASS range_candidates_nearest_first
POC_PASS range_candidate_within_contact_tolerance
POC_PASS range_candidates_nearest_first
POC_PASS range_candidate_within_contact_tolerance
POC_PASS range_candidates_nearest_first
POC_PASS range_candidate_within_contact_tolerance
POC_PASS range_candidates_nearest_first
POC_PASS range_candidate_within_contact_tolerance
POC_PASS range_candidates_nearest_first
POC_PASS range_candidate_within_contact_tolerance
POC_PASS range_candidates_nearest_first
POC_PASS range_candidate_within_contact_tolerance
POC_PASS range_candidates_nearest_first
POC_PASS range_candidate_within_contact_tolerance
POC_PASS range_candidates_nearest_first
POC_PASS range_candidate_within_contact_tolerance
POC_PASS range_candidates_nearest_first
POC_PASS range_candidate_within_contact_tolerance
POC_PASS range_candidates_nearest_first
POC_PASS range_candidate_within_contact_tolerance
POC_PASS range_candidates_nearest_first
POC_PASS range_candidate_within_contact_tolerance
POC_PASS range_candidates_nearest_first
POC_PASS range_candidate_within_contact_tolerance
POC_PASS range_candidates_nearest_first
POC_PASS range_includes_exact_footprint_side
POC_PASS private_kernel_grid_runs_without_scene_dependencies
NAVIGATION_SEARCH_KERNEL checks=330 failures=0
