Godot Engine v4.7.2.stable.custom_build.ed1daf0bf (2026-08-17 01:18:38 UTC) - https://godotengine.org

PARALLEL_PROGRESS {"batch_ms":62.033,"matches_serial":true,"mode":"arithmetic_control","pass":1,"snapshot_ms":0.011,"worker_ids":[1],"workers":0}
PARALLEL_PROGRESS {"batch_ms":64.839,"matches_serial":true,"mode":"arithmetic_control","pass":1,"snapshot_ms":0.022,"worker_ids":[5],"workers":1}
PARALLEL_PROGRESS {"batch_ms":36.657,"matches_serial":true,"mode":"arithmetic_control","pass":1,"snapshot_ms":0.031,"worker_ids":[7,6],"workers":2}
PARALLEL_PROGRESS {"batch_ms":41.094,"matches_serial":true,"mode":"arithmetic_control","pass":1,"snapshot_ms":0.053,"worker_ids":[11,12,12,11],"workers":4}
PARALLEL_PROGRESS {"batch_ms":46.206,"matches_serial":true,"mode":"arithmetic_control","pass":2,"snapshot_ms":0.044,"worker_ids":[12,11,11,12],"workers":4}
PARALLEL_PROGRESS {"batch_ms":48.134,"matches_serial":true,"mode":"arithmetic_control","pass":2,"snapshot_ms":0.043,"worker_ids":[12,11],"workers":2}
PARALLEL_PROGRESS {"batch_ms":67.709,"matches_serial":true,"mode":"arithmetic_control","pass":2,"snapshot_ms":0.039,"worker_ids":[14],"workers":1}
PARALLEL_PROGRESS {"batch_ms":59.373,"matches_serial":true,"mode":"arithmetic_control","pass":2,"snapshot_ms":0.024,"worker_ids":[1],"workers":0}
PARALLEL_PROGRESS {"batch_ms":382.129,"matches_serial":true,"mode":"grid","pass":1,"snapshot_ms":8.487,"worker_ids":[1],"workers":0}
PARALLEL_PROGRESS {"batch_ms":400.289,"matches_serial":true,"mode":"grid","pass":1,"snapshot_ms":31.696,"worker_ids":[16],"workers":1}
PARALLEL_PROGRESS {"batch_ms":335.585,"matches_serial":true,"mode":"grid","pass":1,"snapshot_ms":27.407,"worker_ids":[5,18],"workers":2}
PARALLEL_PROGRESS {"batch_ms":348.907,"matches_serial":true,"mode":"grid","pass":1,"snapshot_ms":40.656,"worker_ids":[6,7,6,7],"workers":4}
PARALLEL_PROGRESS {"batch_ms":500.876,"matches_serial":true,"mode":"grid","pass":2,"snapshot_ms":42.763,"worker_ids":[6,7,7,6],"workers":4}
PARALLEL_PROGRESS {"batch_ms":415.37,"matches_serial":true,"mode":"grid","pass":2,"snapshot_ms":20.704,"worker_ids":[6,7],"workers":2}
PARALLEL_PROGRESS {"batch_ms":353.302,"matches_serial":true,"mode":"grid","pass":2,"snapshot_ms":18.635,"worker_ids":[11],"workers":1}
PARALLEL_PROGRESS {"batch_ms":395.667,"matches_serial":true,"mode":"grid","pass":2,"snapshot_ms":16.212,"worker_ids":[1],"workers":0}
PARALLEL_PROGRESS {"batch_ms":746.386,"matches_serial":true,"mode":"recovery","pass":1,"snapshot_ms":38.138,"successful_routes":79,"worker_ids":[1],"workers":0}
PARALLEL_PROGRESS {"batch_ms":850.232,"matches_serial":true,"mode":"recovery","pass":1,"snapshot_ms":9.216,"successful_routes":79,"worker_ids":[12],"workers":1}
PARALLEL_PROGRESS {"batch_ms":649.168,"matches_serial":true,"mode":"recovery","pass":1,"snapshot_ms":14.085,"successful_routes":79,"worker_ids":[14,16],"workers":2}
PARALLEL_PROGRESS {"batch_ms":627.115,"matches_serial":true,"mode":"recovery","pass":1,"snapshot_ms":25.741,"successful_routes":79,"worker_ids":[18,5,5,18],"workers":4}
PARALLEL_PROGRESS {"batch_ms":663.048,"matches_serial":true,"mode":"recovery","pass":2,"snapshot_ms":41.557,"successful_routes":79,"worker_ids":[18,5,5,18],"workers":4}
PARALLEL_PROGRESS {"batch_ms":633.262,"matches_serial":true,"mode":"recovery","pass":2,"snapshot_ms":14.764,"successful_routes":79,"worker_ids":[18,5],"workers":2}
PARALLEL_PROGRESS {"batch_ms":764.685,"matches_serial":true,"mode":"recovery","pass":2,"snapshot_ms":5.786,"successful_routes":79,"worker_ids":[6],"workers":1}
PARALLEL_PROGRESS {"batch_ms":774.86,"matches_serial":true,"mode":"recovery","pass":2,"snapshot_ms":5.808,"successful_routes":79,"worker_ids":[1],"workers":0}
NAVIGATION_PARALLEL_POC {"buildings":6,"deer":8,"failures":0,"high_priority":false,"requests":80,"runs":[{"batch_ms":62.033,"matches_serial":true,"mode":"arithmetic_control","pass":1,"snapshot_ms":0.011,"worker_ids":[1],"workers":0},{"batch_ms":64.839,"matches_serial":true,"mode":"arithmetic_control","pass":1,"snapshot_ms":0.022,"worker_ids":[5],"workers":1},{"batch_ms":36.657,"matches_serial":true,"mode":"arithmetic_control","pass":1,"snapshot_ms":0.031,"worker_ids":[7,6],"workers":2},{"batch_ms":41.094,"matches_serial":true,"mode":"arithmetic_control","pass":1,"snapshot_ms":0.053,"worker_ids":[11,12,12,11],"workers":4},{"batch_ms":46.206,"matches_serial":true,"mode":"arithmetic_control","pass":2,"snapshot_ms":0.044,"worker_ids":[12,11,11,12],"workers":4},{"batch_ms":48.134,"matches_serial":true,"mode":"arithmetic_control","pass":2,"snapshot_ms":0.043,"worker_ids":[12,11],"workers":2},{"batch_ms":67.709,"matches_serial":true,"mode":"arithmetic_control","pass":2,"snapshot_ms":0.039,"worker_ids":[14],"workers":1},{"batch_ms":59.373,"matches_serial":true,"mode":"arithmetic_control","pass":2,"snapshot_ms":0.024,"worker_ids":[1],"workers":0},{"async":true,"batch_ms":41.129,"main_loop_ticks":7,"main_submit_ms":0.011,"matches_serial":true,"max_main_tick_gap_ms":12.933,"mode":"arithmetic_control","workers":4},{"batch_ms":382.129,"matches_serial":true,"mode":"grid","pass":1,"snapshot_ms":8.487,"worker_ids":[1],"workers":0},{"batch_ms":400.289,"matches_serial":true,"mode":"grid","pass":1,"snapshot_ms":31.696,"worker_ids":[16],"workers":1},{"batch_ms":335.585,"matches_serial":true,"mode":"grid","pass":1,"snapshot_ms":27.407,"worker_ids":[5,18],"workers":2},{"batch_ms":348.907,"matches_serial":true,"mode":"grid","pass":1,"snapshot_ms":40.656,"worker_ids":[6,7,6,7],"workers":4},{"batch_ms":500.876,"matches_serial":true,"mode":"grid","pass":2,"snapshot_ms":42.763,"worker_ids":[6,7,7,6],"workers":4},{"batch_ms":415.37,"matches_serial":true,"mode":"grid","pass":2,"snapshot_ms":20.704,"worker_ids":[6,7],"workers":2},{"batch_ms":353.302,"matches_serial":true,"mode":"grid","pass":2,"snapshot_ms":18.635,"worker_ids":[11],"workers":1},{"batch_ms":395.667,"matches_serial":true,"mode":"grid","pass":2,"snapshot_ms":16.212,"worker_ids":[1],"workers":0},{"async":true,"batch_ms":399.602,"main_loop_ticks":49,"main_submit_ms":0.009,"matches_serial":true,"max_main_tick_gap_ms":16.677,"mode":"grid","workers":4},{"batch_ms":746.386,"matches_serial":true,"mode":"recovery","pass":1,"snapshot_ms":38.138,"successful_routes":79,"worker_ids":[1],"workers":0},{"batch_ms":850.232,"matches_serial":true,"mode":"recovery","pass":1,"snapshot_ms":9.216,"successful_routes":79,"worker_ids":[12],"workers":1},{"batch_ms":649.168,"matches_serial":true,"mode":"recovery","pass":1,"snapshot_ms":14.085,"successful_routes":79,"worker_ids":[14,16],"workers":2},{"batch_ms":627.115,"matches_serial":true,"mode":"recovery","pass":1,"snapshot_ms":25.741,"successful_routes":79,"worker_ids":[18,5,5,18],"workers":4},{"batch_ms":663.048,"matches_serial":true,"mode":"recovery","pass":2,"snapshot_ms":41.557,"successful_routes":79,"worker_ids":[18,5,5,18],"workers":4},{"batch_ms":633.262,"matches_serial":true,"mode":"recovery","pass":2,"snapshot_ms":14.764,"successful_routes":79,"worker_ids":[18,5],"workers":2},{"batch_ms":764.685,"matches_serial":true,"mode":"recovery","pass":2,"snapshot_ms":5.786,"successful_routes":79,"worker_ids":[6],"workers":1},{"batch_ms":774.86,"matches_serial":true,"mode":"recovery","pass":2,"snapshot_ms":5.808,"successful_routes":79,"worker_ids":[1],"workers":0},{"async":true,"batch_ms":684.267,"main_loop_ticks":84,"main_submit_ms":0.241,"matches_serial":true,"max_main_tick_gap_ms":13.282,"mode":"recovery","workers":4}]}
