Godot Engine v4.7.2.stable.custom_build.ed1daf0bf (2026-08-17 01:18:38 UTC) - https://godotengine.org

POC_PASS raster_navalfalse_owner0_radius10_origin(0.0, 0.0) mismatch=0
POC_PASS raster_navalfalse_owner0_radius10_origin(37.0, 53.0) mismatch=0
POC_PASS raster_navalfalse_owner0_radius12_origin(0.0, 0.0) mismatch=0
POC_PASS raster_navalfalse_owner0_radius12_origin(37.0, 53.0) mismatch=0
POC_PASS raster_navalfalse_owner0_radius18_origin(0.0, 0.0) mismatch=0
POC_PASS raster_navalfalse_owner0_radius18_origin(37.0, 53.0) mismatch=0
POC_PASS raster_navalfalse_owner0_radius24_origin(0.0, 0.0) mismatch=0
POC_PASS raster_navalfalse_owner0_radius24_origin(37.0, 53.0) mismatch=0
POC_PASS raster_navalfalse_owner0_radius28_origin(0.0, 0.0) mismatch=0
POC_PASS raster_navalfalse_owner0_radius28_origin(37.0, 53.0) mismatch=0
POC_PASS raster_navalfalse_owner1_radius10_origin(0.0, 0.0) mismatch=0
POC_PASS raster_navalfalse_owner1_radius10_origin(37.0, 53.0) mismatch=0
POC_PASS raster_navalfalse_owner1_radius12_origin(0.0, 0.0) mismatch=0
POC_PASS raster_navalfalse_owner1_radius12_origin(37.0, 53.0) mismatch=0
POC_PASS raster_navalfalse_owner1_radius18_origin(0.0, 0.0) mismatch=0
POC_PASS raster_navalfalse_owner1_radius18_origin(37.0, 53.0) mismatch=0
POC_PASS raster_navalfalse_owner1_radius24_origin(0.0, 0.0) mismatch=0
POC_PASS raster_navalfalse_owner1_radius24_origin(37.0, 53.0) mismatch=0
POC_PASS raster_navalfalse_owner1_radius28_origin(0.0, 0.0) mismatch=0
POC_PASS raster_navalfalse_owner1_radius28_origin(37.0, 53.0) mismatch=0
POC_PASS raster_navaltrue_owner0_radius10_origin(0.0, 0.0) mismatch=0
POC_PASS raster_navaltrue_owner0_radius10_origin(37.0, 53.0) mismatch=0
POC_PASS raster_navaltrue_owner0_radius12_origin(0.0, 0.0) mismatch=0
POC_PASS raster_navaltrue_owner0_radius12_origin(37.0, 53.0) mismatch=0
POC_PASS raster_navaltrue_owner0_radius18_origin(0.0, 0.0) mismatch=0
POC_PASS raster_navaltrue_owner0_radius18_origin(37.0, 53.0) mismatch=0
POC_PASS raster_navaltrue_owner0_radius24_origin(0.0, 0.0) mismatch=0
POC_PASS raster_navaltrue_owner0_radius24_origin(37.0, 53.0) mismatch=0
POC_PASS raster_navaltrue_owner0_radius28_origin(0.0, 0.0) mismatch=0
POC_PASS raster_navaltrue_owner0_radius28_origin(37.0, 53.0) mismatch=0
POC_PASS raster_navaltrue_owner1_radius10_origin(0.0, 0.0) mismatch=0
POC_PASS raster_navaltrue_owner1_radius10_origin(37.0, 53.0) mismatch=0
POC_PASS raster_navaltrue_owner1_radius12_origin(0.0, 0.0) mismatch=0
POC_PASS raster_navaltrue_owner1_radius12_origin(37.0, 53.0) mismatch=0
POC_PASS raster_navaltrue_owner1_radius18_origin(0.0, 0.0) mismatch=0
POC_PASS raster_navaltrue_owner1_radius18_origin(37.0, 53.0) mismatch=0
POC_PASS raster_navaltrue_owner1_radius24_origin(0.0, 0.0) mismatch=0
POC_PASS raster_navaltrue_owner1_radius24_origin(37.0, 53.0) mismatch=0
POC_PASS raster_navaltrue_owner1_radius28_origin(0.0, 0.0) mismatch=0
POC_PASS raster_navaltrue_owner1_radius28_origin(37.0, 53.0) mismatch=0
POC_PASS local_raster_navalfalse_owner0_radius10_grid(8, 24) mismatch=0
POC_PASS local_raster_navalfalse_owner0_radius10_grid(2, 48) mismatch=0
POC_PASS local_raster_navalfalse_owner0_radius10_grid(8, 96) mismatch=0
POC_PASS local_raster_navalfalse_owner0_radius18_grid(8, 24) mismatch=0
POC_PASS local_raster_navalfalse_owner0_radius18_grid(2, 48) mismatch=0
POC_PASS local_raster_navalfalse_owner0_radius18_grid(8, 96) mismatch=0
POC_PASS local_raster_navalfalse_owner0_radius28_grid(8, 24) mismatch=0
POC_PASS local_raster_navalfalse_owner0_radius28_grid(2, 48) mismatch=0
POC_PASS local_raster_navalfalse_owner0_radius28_grid(8, 96) mismatch=0
POC_PASS local_raster_navalfalse_owner1_radius10_grid(8, 24) mismatch=0
POC_PASS local_raster_navalfalse_owner1_radius10_grid(2, 48) mismatch=0
POC_PASS local_raster_navalfalse_owner1_radius10_grid(8, 96) mismatch=0
POC_PASS local_raster_navalfalse_owner1_radius18_grid(8, 24) mismatch=0
POC_PASS local_raster_navalfalse_owner1_radius18_grid(2, 48) mismatch=0
POC_PASS local_raster_navalfalse_owner1_radius18_grid(8, 96) mismatch=0
POC_PASS local_raster_navalfalse_owner1_radius28_grid(8, 24) mismatch=0
POC_PASS local_raster_navalfalse_owner1_radius28_grid(2, 48) mismatch=0
POC_PASS local_raster_navalfalse_owner1_radius28_grid(8, 96) mismatch=0
POC_PASS local_raster_navaltrue_owner0_radius10_grid(8, 24) mismatch=0
POC_PASS local_raster_navaltrue_owner0_radius10_grid(2, 48) mismatch=0
POC_PASS local_raster_navaltrue_owner0_radius10_grid(8, 96) mismatch=0
POC_PASS local_raster_navaltrue_owner0_radius18_grid(8, 24) mismatch=0
POC_PASS local_raster_navaltrue_owner0_radius18_grid(2, 48) mismatch=0
POC_PASS local_raster_navaltrue_owner0_radius18_grid(8, 96) mismatch=0
POC_PASS local_raster_navaltrue_owner0_radius28_grid(8, 24) mismatch=0
POC_PASS local_raster_navaltrue_owner0_radius28_grid(2, 48) mismatch=0
POC_PASS local_raster_navaltrue_owner0_radius28_grid(8, 96) mismatch=0
POC_PASS local_raster_navaltrue_owner1_radius10_grid(8, 24) mismatch=0
POC_PASS local_raster_navaltrue_owner1_radius10_grid(2, 48) mismatch=0
POC_PASS local_raster_navaltrue_owner1_radius10_grid(8, 96) mismatch=0
POC_PASS local_raster_navaltrue_owner1_radius18_grid(8, 24) mismatch=0
POC_PASS local_raster_navaltrue_owner1_radius18_grid(2, 48) mismatch=0
POC_PASS local_raster_navaltrue_owner1_radius18_grid(8, 96) mismatch=0
POC_PASS local_raster_navaltrue_owner1_radius28_grid(8, 24) mismatch=0
POC_PASS local_raster_navaltrue_owner1_radius28_grid(2, 48) mismatch=0
POC_PASS local_raster_navaltrue_owner1_radius28_grid(8, 96) mismatch=0
NAVIGATION_GRID_RASTER checks=76 failures=0 cells=654352
