Godot Engine v4.7.2.stable.custom_build.ed1daf0bf (2026-08-17 01:18:38 UTC) - https://godotengine.org

PARALLEL_PROGRESS {"batch_ms":80.275,"matches_serial":true,"mode":"arithmetic_control","pass":1,"snapshot_ms":0.018,"worker_ids":[1],"workers":0}
PARALLEL_PROGRESS {"batch_ms":72.878,"matches_serial":true,"mode":"arithmetic_control","pass":1,"snapshot_ms":0.024,"worker_ids":[5],"workers":1}
PARALLEL_PROGRESS {"batch_ms":36.932,"matches_serial":true,"mode":"arithmetic_control","pass":1,"snapshot_ms":0.04,"worker_ids":[6,7],"workers":2}
PARALLEL_PROGRESS {"batch_ms":61.667,"matches_serial":true,"mode":"arithmetic_control","pass":1,"snapshot_ms":0.034,"worker_ids":[8,9,8,9],"workers":4}
PARALLEL_PROGRESS {"batch_ms":58.735,"matches_serial":true,"mode":"arithmetic_control","pass":2,"snapshot_ms":0.041,"worker_ids":[8,9,9,8],"workers":4}
PARALLEL_PROGRESS {"batch_ms":81.571,"matches_serial":true,"mode":"arithmetic_control","pass":2,"snapshot_ms":0.058,"worker_ids":[8,9],"workers":2}
PARALLEL_PROGRESS {"batch_ms":84.89,"matches_serial":true,"mode":"arithmetic_control","pass":2,"snapshot_ms":0.044,"worker_ids":[10],"workers":1}
PARALLEL_PROGRESS {"batch_ms":81.823,"matches_serial":true,"mode":"arithmetic_control","pass":2,"snapshot_ms":0.038,"worker_ids":[1],"workers":0}
PARALLEL_PROGRESS {"batch_ms":571.547,"matches_serial":true,"mode":"grid","pass":1,"snapshot_ms":8.457,"worker_ids":[1],"workers":0}
PARALLEL_PROGRESS {"batch_ms":546.979,"matches_serial":true,"mode":"grid","pass":1,"snapshot_ms":52.268,"worker_ids":[11],"workers":1}
PARALLEL_PROGRESS {"batch_ms":379.233,"matches_serial":true,"mode":"grid","pass":1,"snapshot_ms":63.424,"worker_ids":[12,5],"workers":2}
PARALLEL_PROGRESS {"batch_ms":463.116,"matches_serial":true,"mode":"grid","pass":1,"snapshot_ms":59.754,"worker_ids":[6,7,7,6],"workers":4}
PARALLEL_PROGRESS {"batch_ms":497.064,"matches_serial":true,"mode":"grid","pass":2,"snapshot_ms":54.419,"worker_ids":[6,7,7,6],"workers":4}
PARALLEL_PROGRESS {"batch_ms":398.917,"matches_serial":true,"mode":"grid","pass":2,"snapshot_ms":42.961,"worker_ids":[6,7],"workers":2}
PARALLEL_PROGRESS {"batch_ms":711.509,"matches_serial":true,"mode":"grid","pass":2,"snapshot_ms":21.772,"worker_ids":[8],"workers":1}
PARALLEL_PROGRESS {"batch_ms":464.162,"matches_serial":true,"mode":"grid","pass":2,"snapshot_ms":33.297,"worker_ids":[1],"workers":0}
PARALLEL_PROGRESS {"batch_ms":1329.094,"matches_serial":true,"mode":"recovery","pass":1,"snapshot_ms":90.9,"successful_routes":79,"worker_ids":[1],"workers":0}
PARALLEL_PROGRESS {"batch_ms":1074.156,"matches_serial":true,"mode":"recovery","pass":1,"snapshot_ms":6.005,"successful_routes":79,"worker_ids":[9],"workers":1}
PARALLEL_PROGRESS {"batch_ms":824.836,"matches_serial":true,"mode":"recovery","pass":1,"snapshot_ms":14.797,"successful_routes":79,"worker_ids":[10,11],"workers":2}
PARALLEL_PROGRESS {"batch_ms":832.574,"matches_serial":true,"mode":"recovery","pass":1,"snapshot_ms":36.886,"successful_routes":79,"worker_ids":[12,5,5,12],"workers":4}
PARALLEL_PROGRESS {"batch_ms":886.991,"matches_serial":true,"mode":"recovery","pass":2,"snapshot_ms":35.362,"successful_routes":79,"worker_ids":[12,5,12,5],"workers":4}
PARALLEL_PROGRESS {"batch_ms":843.791,"matches_serial":true,"mode":"recovery","pass":2,"snapshot_ms":21.107,"successful_routes":79,"worker_ids":[12,5],"workers":2}
PARALLEL_PROGRESS {"batch_ms":1119.874,"matches_serial":true,"mode":"recovery","pass":2,"snapshot_ms":10.21,"successful_routes":79,"worker_ids":[6],"workers":1}
PARALLEL_PROGRESS {"batch_ms":1053.531,"matches_serial":true,"mode":"recovery","pass":2,"snapshot_ms":10.477,"successful_routes":79,"worker_ids":[1],"workers":0}
NAVIGATION_PARALLEL_POC {"buildings":6,"deer":8,"failures":0,"high_priority":false,"requests":80,"runs":[{"batch_ms":80.275,"matches_serial":true,"mode":"arithmetic_control","pass":1,"snapshot_ms":0.018,"worker_ids":[1],"workers":0},{"batch_ms":72.878,"matches_serial":true,"mode":"arithmetic_control","pass":1,"snapshot_ms":0.024,"worker_ids":[5],"workers":1},{"batch_ms":36.932,"matches_serial":true,"mode":"arithmetic_control","pass":1,"snapshot_ms":0.04,"worker_ids":[6,7],"workers":2},{"batch_ms":61.667,"matches_serial":true,"mode":"arithmetic_control","pass":1,"snapshot_ms":0.034,"worker_ids":[8,9,8,9],"workers":4},{"batch_ms":58.735,"matches_serial":true,"mode":"arithmetic_control","pass":2,"snapshot_ms":0.041,"worker_ids":[8,9,9,8],"workers":4},{"batch_ms":81.571,"matches_serial":true,"mode":"arithmetic_control","pass":2,"snapshot_ms":0.058,"worker_ids":[8,9],"workers":2},{"batch_ms":84.89,"matches_serial":true,"mode":"arithmetic_control","pass":2,"snapshot_ms":0.044,"worker_ids":[10],"workers":1},{"batch_ms":81.823,"matches_serial":true,"mode":"arithmetic_control","pass":2,"snapshot_ms":0.038,"worker_ids":[1],"workers":0},{"async":true,"batch_ms":55.679,"main_loop_ticks":6,"main_submit_ms":0.013,"matches_serial":true,"max_main_tick_gap_ms":35.481,"mode":"arithmetic_control","workers":4},{"batch_ms":571.547,"matches_serial":true,"mode":"grid","pass":1,"snapshot_ms":8.457,"worker_ids":[1],"workers":0},{"batch_ms":546.979,"matches_serial":true,"mode":"grid","pass":1,"snapshot_ms":52.268,"worker_ids":[11],"workers":1},{"batch_ms":379.233,"matches_serial":true,"mode":"grid","pass":1,"snapshot_ms":63.424,"worker_ids":[12,5],"workers":2},{"batch_ms":463.116,"matches_serial":true,"mode":"grid","pass":1,"snapshot_ms":59.754,"worker_ids":[6,7,7,6],"workers":4},{"batch_ms":497.064,"matches_serial":true,"mode":"grid","pass":2,"snapshot_ms":54.419,"worker_ids":[6,7,7,6],"workers":4},{"batch_ms":398.917,"matches_serial":true,"mode":"grid","pass":2,"snapshot_ms":42.961,"worker_ids":[6,7],"workers":2},{"batch_ms":711.509,"matches_serial":true,"mode":"grid","pass":2,"snapshot_ms":21.772,"worker_ids":[8],"workers":1},{"batch_ms":464.162,"matches_serial":true,"mode":"grid","pass":2,"snapshot_ms":33.297,"worker_ids":[1],"workers":0},{"async":true,"batch_ms":428.266,"main_loop_ticks":53,"main_submit_ms":0.008,"matches_serial":true,"max_main_tick_gap_ms":16.191,"mode":"grid","workers":4},{"batch_ms":1329.094,"matches_serial":true,"mode":"recovery","pass":1,"snapshot_ms":90.9,"successful_routes":79,"worker_ids":[1],"workers":0},{"batch_ms":1074.156,"matches_serial":true,"mode":"recovery","pass":1,"snapshot_ms":6.005,"successful_routes":79,"worker_ids":[9],"workers":1},{"batch_ms":824.836,"matches_serial":true,"mode":"recovery","pass":1,"snapshot_ms":14.797,"successful_routes":79,"worker_ids":[10,11],"workers":2},{"batch_ms":832.574,"matches_serial":true,"mode":"recovery","pass":1,"snapshot_ms":36.886,"successful_routes":79,"worker_ids":[12,5,5,12],"workers":4},{"batch_ms":886.991,"matches_serial":true,"mode":"recovery","pass":2,"snapshot_ms":35.362,"successful_routes":79,"worker_ids":[12,5,12,5],"workers":4},{"batch_ms":843.791,"matches_serial":true,"mode":"recovery","pass":2,"snapshot_ms":21.107,"successful_routes":79,"worker_ids":[12,5],"workers":2},{"batch_ms":1119.874,"matches_serial":true,"mode":"recovery","pass":2,"snapshot_ms":10.21,"successful_routes":79,"worker_ids":[6],"workers":1},{"batch_ms":1053.531,"matches_serial":true,"mode":"recovery","pass":2,"snapshot_ms":10.477,"successful_routes":79,"worker_ids":[1],"workers":0},{"async":true,"batch_ms":911.101,"main_loop_ticks":110,"main_submit_ms":0.009,"matches_serial":true,"max_main_tick_gap_ms":17.781,"mode":"recovery","workers":4}]}
