Godot Engine v4.7.2.stable.custom_build.ed1daf0bf (2026-08-17 01:18:38 UTC) - https://godotengine.org

SPIKE frame=0 ms=97.3
SPIKE frame=1 ms=31.6
SPIKE frame=6 ms=53.9
SPIKE frame=15 ms=49.4
SPIKE frame=45 ms=34.8
SPIKE frame=99 ms=34.2
SPIKE frame=124 ms=46.0
SPIKE frame=148 ms=46.2
  stuck owner=3 kind=villager order=build failures=1 pos=(2003.65, 787.8587) dest=(0.0, 0.0)
SPIKE frame=172 ms=33.8
  stuck owner=3 kind=villager order=build failures=1 pos=(2003.65, 787.8587) dest=(0.0, 0.0)
SPIKE frame=180 ms=65.2
  stuck owner=3 kind=villager order=build failures=1 pos=(2003.65, 787.8587) dest=(0.0, 0.0)
SPIKE frame=181 ms=69.4
  stuck owner=3 kind=villager order=build failures=1 pos=(2003.65, 787.8587) dest=(0.0, 0.0)
SPIKE frame=184 ms=48.7
  stuck owner=3 kind=villager order=build failures=1 pos=(2003.65, 787.8587) dest=(0.0, 0.0)
SPIKE frame=206 ms=31.8
  stuck owner=3 kind=villager order=build failures=1 pos=(2003.65, 787.8587) dest=(0.0, 0.0)
SPIKE frame=253 ms=48.7
  stuck owner=0 kind=villager order=gather failures=1 pos=(179.0283, 653.3738) dest=(0.0, 0.0)
  stuck owner=3 kind=villager order=build failures=1 pos=(2003.65, 787.8587) dest=(0.0, 0.0)
SPIKE frame=300 ms=31.5
  stuck owner=0 kind=villager order=gather failures=1 pos=(179.0283, 653.3738) dest=(0.0, 0.0)
  stuck owner=1 kind=villager order=gather failures=1 pos=(2205.75, 1869.104) dest=(0.0, 0.0)
  stuck owner=3 kind=villager order=build failures=1 pos=(2003.65, 787.8587) dest=(0.0, 0.0)
SPIKE frame=368 ms=34.2
  stuck owner=0 kind=villager order=gather failures=1 pos=(179.0283, 653.3738) dest=(0.0, 0.0)
  stuck owner=1 kind=villager order=gather failures=1 pos=(2205.75, 1869.104) dest=(0.0, 0.0)
  stuck owner=3 kind=villager order=build failures=1 pos=(2003.65, 787.8587) dest=(0.0, 0.0)
SPIKE frame=386 ms=31.6
  stuck owner=0 kind=villager order=gather failures=1 pos=(179.0283, 653.3738) dest=(0.0, 0.0)
  stuck owner=1 kind=villager order=gather failures=1 pos=(2205.75, 1869.104) dest=(0.0, 0.0)
  stuck owner=3 kind=villager order=build failures=1 pos=(2003.65, 787.8587) dest=(0.0, 0.0)
SPIKE frame=427 ms=55.1
  stuck owner=0 kind=villager order=gather failures=1 pos=(179.0283, 653.3738) dest=(0.0, 0.0)
  stuck owner=1 kind=villager order=gather failures=1 pos=(2205.75, 1869.104) dest=(0.0, 0.0)
  stuck owner=3 kind=villager order=build failures=1 pos=(2003.65, 787.8587) dest=(0.0, 0.0)
SPIKE frame=451 ms=101.6
  stuck owner=0 kind=villager order=gather failures=1 pos=(179.0283, 653.3738) dest=(0.0, 0.0)
  stuck owner=1 kind=villager order=build failures=1 pos=(2016.676, 1619.23) dest=(0.0, 0.0)
  stuck owner=1 kind=villager order=gather failures=1 pos=(2205.75, 1869.104) dest=(0.0, 0.0)
  stuck owner=3 kind=villager order=build failures=1 pos=(2003.65, 787.8587) dest=(0.0, 0.0)
SPIKE frame=455 ms=50.1
  stuck owner=0 kind=villager order=gather failures=1 pos=(179.0283, 653.3738) dest=(0.0, 0.0)
  stuck owner=1 kind=villager order=gather failures=1 pos=(2143.107, 1596.747) dest=(0.0, 0.0)
  stuck owner=1 kind=villager order=build failures=1 pos=(2016.676, 1619.23) dest=(0.0, 0.0)
  stuck owner=1 kind=villager order=gather failures=1 pos=(2205.75, 1869.104) dest=(0.0, 0.0)
  stuck owner=3 kind=villager order=build failures=1 pos=(2003.65, 787.8587) dest=(0.0, 0.0)
SPIKE frame=467 ms=94.3
  stuck owner=0 kind=villager order=gather failures=1 pos=(179.0283, 653.3738) dest=(0.0, 0.0)
  stuck owner=1 kind=villager order=gather failures=1 pos=(2143.107, 1596.747) dest=(0.0, 0.0)
  stuck owner=1 kind=villager order=build failures=1 pos=(2016.676, 1619.23) dest=(0.0, 0.0)
  stuck owner=1 kind=villager order=gather failures=1 pos=(2205.75, 1869.104) dest=(0.0, 0.0)
  stuck owner=3 kind=villager order=build failures=1 pos=(2003.65, 787.8587) dest=(0.0, 0.0)
SPIKE frame=468 ms=107.4
  stuck owner=0 kind=villager order=gather failures=1 pos=(179.0283, 653.3738) dest=(0.0, 0.0)
  stuck owner=1 kind=villager order=gather failures=1 pos=(2143.107, 1596.747) dest=(0.0, 0.0)
  stuck owner=1 kind=villager order=build failures=1 pos=(2016.676, 1619.23) dest=(0.0, 0.0)
  stuck owner=1 kind=villager order=gather failures=1 pos=(2205.75, 1869.104) dest=(0.0, 0.0)
  stuck owner=3 kind=villager order=build failures=1 pos=(2003.65, 787.8587) dest=(0.0, 0.0)
SPIKE frame=488 ms=87.3
  stuck owner=0 kind=villager order=gather failures=1 pos=(179.0283, 653.3738) dest=(0.0, 0.0)
  stuck owner=1 kind=villager order=gather failures=1 pos=(2143.107, 1596.747) dest=(0.0, 0.0)
  stuck owner=1 kind=villager order=build failures=1 pos=(2016.676, 1619.23) dest=(0.0, 0.0)
  stuck owner=1 kind=villager order=gather failures=1 pos=(2205.75, 1869.104) dest=(0.0, 0.0)
  stuck owner=3 kind=villager order=build failures=1 pos=(2003.65, 787.8587) dest=(0.0, 0.0)
SPIKE frame=490 ms=31.9
  stuck owner=0 kind=villager order=gather failures=1 pos=(179.0283, 653.3738) dest=(0.0, 0.0)
  stuck owner=1 kind=villager order=gather failures=1 pos=(2143.107, 1596.747) dest=(0.0, 0.0)
  stuck owner=1 kind=villager order=build failures=1 pos=(2016.676, 1619.23) dest=(0.0, 0.0)
  stuck owner=1 kind=villager order=gather failures=1 pos=(2205.75, 1869.104) dest=(0.0, 0.0)
  stuck owner=3 kind=villager order=build failures=1 pos=(2003.65, 787.8587) dest=(0.0, 0.0)
SPIKE frame=506 ms=36.3
  stuck owner=0 kind=villager order=gather failures=1 pos=(179.0283, 653.3738) dest=(0.0, 0.0)
  stuck owner=1 kind=villager order=gather failures=1 pos=(2143.107, 1596.747) dest=(0.0, 0.0)
  stuck owner=1 kind=villager order=build failures=1 pos=(2016.676, 1619.23) dest=(0.0, 0.0)
  stuck owner=1 kind=villager order=gather failures=1 pos=(2205.75, 1869.104) dest=(0.0, 0.0)
  stuck owner=3 kind=villager order=build failures=1 pos=(2003.65, 787.8587) dest=(0.0, 0.0)
SPIKE frame=530 ms=54.4
  stuck owner=0 kind=villager order=gather failures=1 pos=(179.0283, 653.3738) dest=(0.0, 0.0)
  stuck owner=1 kind=villager order=gather failures=1 pos=(2143.107, 1596.747) dest=(0.0, 0.0)
  stuck owner=1 kind=villager order=build failures=1 pos=(2016.676, 1619.23) dest=(0.0, 0.0)
  stuck owner=1 kind=villager order=gather failures=1 pos=(2205.75, 1869.104) dest=(0.0, 0.0)
  stuck owner=3 kind=villager order=build failures=1 pos=(2003.65, 787.8587) dest=(0.0, 0.0)
SPIKE frame=531 ms=39.8
  stuck owner=0 kind=villager order=gather failures=1 pos=(179.0283, 653.3738) dest=(0.0, 0.0)
  stuck owner=1 kind=villager order=gather failures=1 pos=(2143.107, 1596.747) dest=(0.0, 0.0)
  stuck owner=1 kind=villager order=build failures=1 pos=(2016.676, 1619.23) dest=(0.0, 0.0)
  stuck owner=1 kind=villager order=gather failures=1 pos=(2205.75, 1869.104) dest=(0.0, 0.0)
  stuck owner=3 kind=villager order=build failures=1 pos=(2003.65, 787.8587) dest=(0.0, 0.0)
SPIKE frame=532 ms=100.0
  stuck owner=0 kind=villager order=gather failures=1 pos=(179.0283, 653.3738) dest=(0.0, 0.0)
  stuck owner=1 kind=villager order=gather failures=1 pos=(2143.107, 1596.747) dest=(0.0, 0.0)
  stuck owner=1 kind=villager order=build failures=1 pos=(2016.676, 1619.23) dest=(0.0, 0.0)
  stuck owner=1 kind=villager order=gather failures=1 pos=(2205.75, 1869.104) dest=(0.0, 0.0)
  stuck owner=3 kind=villager order=build failures=1 pos=(2003.65, 787.8587) dest=(0.0, 0.0)
SPIKE frame=533 ms=90.8
  stuck owner=0 kind=villager order=gather failures=1 pos=(179.0283, 653.3738) dest=(0.0, 0.0)
  stuck owner=1 kind=villager order=gather failures=1 pos=(2143.107, 1596.747) dest=(0.0, 0.0)
  stuck owner=1 kind=villager order=build failures=1 pos=(2016.676, 1619.23) dest=(0.0, 0.0)
  stuck owner=1 kind=villager order=gather failures=1 pos=(2205.75, 1869.104) dest=(0.0, 0.0)
  stuck owner=3 kind=villager order=build failures=1 pos=(2003.65, 787.8587) dest=(0.0, 0.0)
SPIKE frame=534 ms=97.6
  stuck owner=0 kind=villager order=gather failures=1 pos=(179.0283, 653.3738) dest=(0.0, 0.0)
  stuck owner=1 kind=villager order=gather failures=1 pos=(2143.107, 1596.747) dest=(0.0, 0.0)
  stuck owner=1 kind=villager order=build failures=1 pos=(2016.676, 1619.23) dest=(0.0, 0.0)
  stuck owner=1 kind=villager order=gather failures=1 pos=(2205.75, 1869.104) dest=(0.0, 0.0)
  stuck owner=3 kind=villager order=build failures=1 pos=(2003.65, 787.8587) dest=(0.0, 0.0)
SPIKE frame=535 ms=44.2
  stuck owner=0 kind=villager order=gather failures=1 pos=(179.0283, 653.3738) dest=(0.0, 0.0)
  stuck owner=1 kind=villager order=gather failures=1 pos=(2143.107, 1596.747) dest=(0.0, 0.0)
  stuck owner=1 kind=villager order=build failures=1 pos=(2016.676, 1619.23) dest=(0.0, 0.0)
  stuck owner=1 kind=villager order=gather failures=1 pos=(2205.75, 1869.104) dest=(0.0, 0.0)
  stuck owner=3 kind=villager order=build failures=1 pos=(2003.65, 787.8587) dest=(0.0, 0.0)
SPIKE frame=536 ms=60.2
  stuck owner=0 kind=villager order=gather failures=1 pos=(179.0283, 653.3738) dest=(0.0, 0.0)
  stuck owner=1 kind=villager order=gather failures=1 pos=(2143.107, 1596.747) dest=(0.0, 0.0)
  stuck owner=1 kind=villager order=build failures=1 pos=(2016.676, 1619.23) dest=(0.0, 0.0)
  stuck owner=1 kind=villager order=gather failures=1 pos=(2205.75, 1869.104) dest=(0.0, 0.0)
  stuck owner=3 kind=villager order=build failures=1 pos=(2003.65, 787.8587) dest=(0.0, 0.0)
SPIKE frame=566 ms=37.9
  stuck owner=0 kind=villager order=gather failures=1 pos=(179.0283, 653.3738) dest=(0.0, 0.0)
  stuck owner=1 kind=villager order=gather failures=1 pos=(2143.107, 1596.747) dest=(0.0, 0.0)
  stuck owner=1 kind=villager order=build failures=1 pos=(2016.676, 1619.23) dest=(0.0, 0.0)
  stuck owner=1 kind=villager order=gather failures=1 pos=(2205.75, 1869.104) dest=(0.0, 0.0)
  stuck owner=3 kind=villager order=build failures=1 pos=(2003.65, 787.8587) dest=(0.0, 0.0)
SPIKE frame=628 ms=38.4
  stuck owner=0 kind=villager order=gather failures=1 pos=(179.0283, 653.3738) dest=(0.0, 0.0)
  stuck owner=1 kind=villager order=gather failures=1 pos=(2143.107, 1596.747) dest=(0.0, 0.0)
  stuck owner=1 kind=villager order=build failures=1 pos=(2016.676, 1619.23) dest=(0.0, 0.0)
  stuck owner=1 kind=villager order=gather failures=1 pos=(2205.75, 1869.104) dest=(0.0, 0.0)
  stuck owner=3 kind=villager order=build failures=1 pos=(2003.65, 787.8587) dest=(0.0, 0.0)
SPIKE frame=629 ms=51.4
  stuck owner=0 kind=villager order=gather failures=1 pos=(179.0283, 653.3738) dest=(0.0, 0.0)
  stuck owner=1 kind=villager order=gather failures=1 pos=(2143.107, 1596.747) dest=(0.0, 0.0)
  stuck owner=1 kind=villager order=build failures=1 pos=(2016.676, 1619.23) dest=(0.0, 0.0)
  stuck owner=1 kind=villager order=gather failures=1 pos=(2205.75, 1869.104) dest=(0.0, 0.0)
  stuck owner=3 kind=villager order=build failures=1 pos=(2003.65, 787.8587) dest=(0.0, 0.0)
SPIKE frame=630 ms=40.2
  stuck owner=0 kind=villager order=gather failures=1 pos=(179.0283, 653.3738) dest=(0.0, 0.0)
  stuck owner=1 kind=villager order=gather failures=1 pos=(2143.107, 1596.747) dest=(0.0, 0.0)
  stuck owner=1 kind=villager order=build failures=1 pos=(2016.676, 1619.23) dest=(0.0, 0.0)
  stuck owner=1 kind=villager order=gather failures=1 pos=(2205.75, 1869.104) dest=(0.0, 0.0)
  stuck owner=3 kind=villager order=build failures=1 pos=(2003.65, 787.8587) dest=(0.0, 0.0)
SPIKE frame=730 ms=86.3
  stuck owner=0 kind=villager order=gather failures=1 pos=(179.0283, 653.3738) dest=(0.0, 0.0)
  stuck owner=1 kind=villager order=gather failures=1 pos=(2143.107, 1596.747) dest=(0.0, 0.0)
  stuck owner=1 kind=villager order=build failures=1 pos=(2016.676, 1619.23) dest=(0.0, 0.0)
  stuck owner=1 kind=villager order=gather failures=1 pos=(2205.75, 1869.104) dest=(0.0, 0.0)
  stuck owner=3 kind=villager order=build failures=1 pos=(2003.65, 787.8587) dest=(0.0, 0.0)
SPIKE frame=731 ms=134.2
  stuck owner=0 kind=villager order=gather failures=1 pos=(179.0283, 653.3738) dest=(0.0, 0.0)
  stuck owner=1 kind=villager order=gather failures=1 pos=(2143.107, 1596.747) dest=(0.0, 0.0)
  stuck owner=1 kind=villager order=build failures=1 pos=(2016.676, 1619.23) dest=(0.0, 0.0)
  stuck owner=1 kind=villager order=gather failures=1 pos=(2205.75, 1869.104) dest=(0.0, 0.0)
  stuck owner=3 kind=villager order=build failures=1 pos=(2003.65, 787.8587) dest=(0.0, 0.0)
SPIKE frame=733 ms=32.1
  stuck owner=0 kind=villager order=gather failures=1 pos=(179.0283, 653.3738) dest=(0.0, 0.0)
  stuck owner=1 kind=villager order=gather failures=1 pos=(2143.107, 1596.747) dest=(0.0, 0.0)
  stuck owner=1 kind=villager order=build failures=1 pos=(2016.676, 1619.23) dest=(0.0, 0.0)
  stuck owner=1 kind=villager order=gather failures=1 pos=(2205.75, 1869.104) dest=(0.0, 0.0)
  stuck owner=3 kind=villager order=build failures=1 pos=(2003.65, 787.8587) dest=(0.0, 0.0)
SPIKE frame=750 ms=31.9
  stuck owner=0 kind=villager order=gather failures=1 pos=(179.0283, 653.3738) dest=(0.0, 0.0)
  stuck owner=1 kind=villager order=gather failures=1 pos=(2143.107, 1596.747) dest=(0.0, 0.0)
  stuck owner=1 kind=villager order=build failures=1 pos=(2016.676, 1619.23) dest=(0.0, 0.0)
  stuck owner=1 kind=villager order=gather failures=1 pos=(2205.75, 1869.104) dest=(0.0, 0.0)
  stuck owner=3 kind=villager order=build failures=1 pos=(2003.65, 787.8587) dest=(0.0, 0.0)
SPIKE frame=751 ms=50.2
  stuck owner=0 kind=villager order=gather failures=1 pos=(179.0283, 653.3738) dest=(0.0, 0.0)
  stuck owner=1 kind=villager order=gather failures=1 pos=(2143.107, 1596.747) dest=(0.0, 0.0)
  stuck owner=1 kind=villager order=build failures=1 pos=(2016.676, 1619.23) dest=(0.0, 0.0)
  stuck owner=1 kind=villager order=gather failures=1 pos=(2205.75, 1869.104) dest=(0.0, 0.0)
  stuck owner=3 kind=villager order=build failures=1 pos=(2003.65, 787.8587) dest=(0.0, 0.0)
SPIKE frame=753 ms=55.9
  stuck owner=0 kind=villager order=gather failures=1 pos=(179.0283, 653.3738) dest=(0.0, 0.0)
  stuck owner=1 kind=villager order=gather failures=1 pos=(2143.107, 1596.747) dest=(0.0, 0.0)
  stuck owner=1 kind=villager order=build failures=1 pos=(2016.676, 1619.23) dest=(0.0, 0.0)
  stuck owner=1 kind=villager order=gather failures=1 pos=(2205.75, 1869.104) dest=(0.0, 0.0)
  stuck owner=3 kind=villager order=build failures=1 pos=(2003.65, 787.8587) dest=(0.0, 0.0)
SPIKE frame=759 ms=61.8
  stuck owner=0 kind=villager order=gather failures=1 pos=(179.0283, 653.3738) dest=(0.0, 0.0)
  stuck owner=1 kind=villager order=gather failures=1 pos=(2143.107, 1596.747) dest=(0.0, 0.0)
  stuck owner=1 kind=villager order=build failures=1 pos=(2016.676, 1619.23) dest=(0.0, 0.0)
  stuck owner=1 kind=villager order=gather failures=1 pos=(2205.75, 1869.104) dest=(0.0, 0.0)
  stuck owner=3 kind=villager order=build failures=1 pos=(2003.65, 787.8587) dest=(0.0, 0.0)
SPIKE frame=766 ms=39.8
  stuck owner=0 kind=villager order=gather failures=1 pos=(179.0283, 653.3738) dest=(0.0, 0.0)
  stuck owner=1 kind=villager order=gather failures=1 pos=(2143.107, 1596.747) dest=(0.0, 0.0)
  stuck owner=1 kind=villager order=build failures=1 pos=(2016.676, 1619.23) dest=(0.0, 0.0)
  stuck owner=1 kind=villager order=gather failures=1 pos=(2205.75, 1869.104) dest=(0.0, 0.0)
  stuck owner=3 kind=villager order=build failures=1 pos=(2003.65, 787.8587) dest=(0.0, 0.0)
SPIKE frame=767 ms=113.0
  stuck owner=0 kind=villager order=gather failures=1 pos=(179.0283, 653.3738) dest=(0.0, 0.0)
  stuck owner=1 kind=villager order=gather failures=1 pos=(2143.107, 1596.747) dest=(0.0, 0.0)
  stuck owner=1 kind=villager order=build failures=1 pos=(2016.676, 1619.23) dest=(0.0, 0.0)
  stuck owner=1 kind=villager order=gather failures=1 pos=(2205.75, 1869.104) dest=(0.0, 0.0)
  stuck owner=3 kind=villager order=build failures=1 pos=(2003.65, 787.8587) dest=(0.0, 0.0)
SPIKE frame=781 ms=51.2
  stuck owner=0 kind=villager order=gather failures=1 pos=(179.0283, 653.3738) dest=(0.0, 0.0)
  stuck owner=1 kind=villager order=gather failures=1 pos=(2143.107, 1596.747) dest=(0.0, 0.0)
  stuck owner=1 kind=villager order=build failures=1 pos=(2016.676, 1619.23) dest=(0.0, 0.0)
  stuck owner=1 kind=villager order=gather failures=1 pos=(2205.75, 1869.104) dest=(0.0, 0.0)
  stuck owner=3 kind=villager order=build failures=1 pos=(2003.65, 787.8587) dest=(0.0, 0.0)
SPIKE frame=794 ms=36.3
  stuck owner=0 kind=villager order=gather failures=1 pos=(179.0283, 653.3738) dest=(0.0, 0.0)
  stuck owner=1 kind=villager order=gather failures=1 pos=(2143.107, 1596.747) dest=(0.0, 0.0)
  stuck owner=1 kind=villager order=build failures=1 pos=(2016.676, 1619.23) dest=(0.0, 0.0)
  stuck owner=1 kind=villager order=gather failures=1 pos=(2205.75, 1869.104) dest=(0.0, 0.0)
  stuck owner=3 kind=villager order=build failures=1 pos=(2003.65, 787.8587) dest=(0.0, 0.0)
SPIKE frame=797 ms=31.5
  stuck owner=0 kind=villager order=gather failures=1 pos=(179.0283, 653.3738) dest=(0.0, 0.0)
  stuck owner=1 kind=villager order=gather failures=1 pos=(2143.107, 1596.747) dest=(0.0, 0.0)
  stuck owner=1 kind=villager order=build failures=1 pos=(2016.676, 1619.23) dest=(0.0, 0.0)
  stuck owner=1 kind=villager order=gather failures=1 pos=(2205.75, 1869.104) dest=(0.0, 0.0)
  stuck owner=3 kind=villager order=build failures=1 pos=(2003.65, 787.8587) dest=(0.0, 0.0)
SPIKE frame=801 ms=36.1
  stuck owner=0 kind=villager order=gather failures=1 pos=(179.0283, 653.3738) dest=(0.0, 0.0)
  stuck owner=1 kind=villager order=gather failures=1 pos=(2143.107, 1596.747) dest=(0.0, 0.0)
  stuck owner=1 kind=villager order=build failures=1 pos=(2016.676, 1619.23) dest=(0.0, 0.0)
  stuck owner=1 kind=villager order=gather failures=1 pos=(2205.75, 1869.104) dest=(0.0, 0.0)
  stuck owner=3 kind=villager order=build failures=1 pos=(2003.65, 787.8587) dest=(0.0, 0.0)
SPIKE frame=806 ms=40.9
  stuck owner=0 kind=villager order=gather failures=1 pos=(179.0283, 653.3738) dest=(0.0, 0.0)
  stuck owner=1 kind=villager order=gather failures=1 pos=(2143.107, 1596.747) dest=(0.0, 0.0)
  stuck owner=1 kind=villager order=build failures=1 pos=(2016.676, 1619.23) dest=(0.0, 0.0)
  stuck owner=1 kind=villager order=gather failures=1 pos=(2205.75, 1869.104) dest=(0.0, 0.0)
  stuck owner=3 kind=villager order=build failures=1 pos=(2003.65, 787.8587) dest=(0.0, 0.0)
SPIKE frame=816 ms=54.7
  stuck owner=0 kind=villager order=gather failures=1 pos=(179.0283, 653.3738) dest=(0.0, 0.0)
  stuck owner=1 kind=villager order=gather failures=1 pos=(2143.107, 1596.747) dest=(0.0, 0.0)
  stuck owner=1 kind=villager order=build failures=1 pos=(2016.676, 1619.23) dest=(0.0, 0.0)
  stuck owner=1 kind=villager order=gather failures=1 pos=(2205.75, 1869.104) dest=(0.0, 0.0)
  stuck owner=3 kind=villager order=build failures=1 pos=(2003.65, 787.8587) dest=(0.0, 0.0)
SPIKE frame=817 ms=53.9
  stuck owner=0 kind=villager order=gather failures=1 pos=(179.0283, 653.3738) dest=(0.0, 0.0)
  stuck owner=1 kind=villager order=gather failures=1 pos=(2143.107, 1596.747) dest=(0.0, 0.0)
  stuck owner=1 kind=villager order=build failures=1 pos=(2016.676, 1619.23) dest=(0.0, 0.0)
  stuck owner=1 kind=villager order=gather failures=1 pos=(2205.75, 1869.104) dest=(0.0, 0.0)
  stuck owner=3 kind=villager order=build failures=1 pos=(2003.65, 787.8587) dest=(0.0, 0.0)
SPIKE frame=818 ms=48.2
  stuck owner=0 kind=villager order=gather failures=1 pos=(179.0283, 653.3738) dest=(0.0, 0.0)
  stuck owner=1 kind=villager order=gather failures=1 pos=(2143.107, 1596.747) dest=(0.0, 0.0)
  stuck owner=1 kind=villager order=build failures=1 pos=(2016.676, 1619.23) dest=(0.0, 0.0)
  stuck owner=1 kind=villager order=gather failures=1 pos=(2205.75, 1869.104) dest=(0.0, 0.0)
  stuck owner=3 kind=villager order=build failures=1 pos=(2003.65, 787.8587) dest=(0.0, 0.0)
SPIKE frame=827 ms=32.5
  stuck owner=0 kind=villager order=gather failures=1 pos=(179.0283, 653.3738) dest=(0.0, 0.0)
  stuck owner=1 kind=villager order=gather failures=1 pos=(2143.107, 1596.747) dest=(0.0, 0.0)
  stuck owner=1 kind=villager order=build failures=1 pos=(2016.676, 1619.23) dest=(0.0, 0.0)
  stuck owner=1 kind=villager order=gather failures=1 pos=(2205.75, 1869.104) dest=(0.0, 0.0)
  stuck owner=3 kind=villager order=build failures=1 pos=(2003.65, 787.8587) dest=(0.0, 0.0)
SPIKE frame=869 ms=144.3
  stuck owner=0 kind=villager order=gather failures=1 pos=(179.0283, 653.3738) dest=(0.0, 0.0)
  stuck owner=1 kind=villager order=gather failures=1 pos=(2143.107, 1596.747) dest=(0.0, 0.0)
  stuck owner=1 kind=villager order=build failures=1 pos=(2016.676, 1619.23) dest=(0.0, 0.0)
  stuck owner=1 kind=villager order=gather failures=1 pos=(2205.75, 1869.104) dest=(0.0, 0.0)
  stuck owner=3 kind=villager order=build failures=1 pos=(2003.65, 787.8587) dest=(0.0, 0.0)
SPIKE frame=880 ms=31.1
  stuck owner=0 kind=villager order=gather failures=1 pos=(179.0283, 653.3738) dest=(0.0, 0.0)
  stuck owner=1 kind=villager order=gather failures=1 pos=(2143.107, 1596.747) dest=(0.0, 0.0)
  stuck owner=1 kind=villager order=build failures=1 pos=(2016.676, 1619.23) dest=(0.0, 0.0)
  stuck owner=1 kind=villager order=gather failures=1 pos=(2205.75, 1869.104) dest=(0.0, 0.0)
  stuck owner=3 kind=villager order=build failures=1 pos=(2003.65, 787.8587) dest=(0.0, 0.0)
SPIKE frame=881 ms=43.7
  stuck owner=0 kind=villager order=gather failures=1 pos=(179.0283, 653.3738) dest=(0.0, 0.0)
  stuck owner=1 kind=villager order=gather failures=1 pos=(2143.107, 1596.747) dest=(0.0, 0.0)
  stuck owner=1 kind=villager order=build failures=1 pos=(2016.676, 1619.23) dest=(0.0, 0.0)
  stuck owner=1 kind=villager order=gather failures=1 pos=(2205.75, 1869.104) dest=(0.0, 0.0)
  stuck owner=3 kind=villager order=build failures=1 pos=(2003.65, 787.8587) dest=(0.0, 0.0)
SPIKE frame=887 ms=37.6
  stuck owner=0 kind=villager order=gather failures=1 pos=(179.0283, 653.3738) dest=(0.0, 0.0)
  stuck owner=1 kind=villager order=gather failures=1 pos=(2143.107, 1596.747) dest=(0.0, 0.0)
  stuck owner=1 kind=villager order=build failures=1 pos=(2016.676, 1619.23) dest=(0.0, 0.0)
  stuck owner=1 kind=villager order=gather failures=1 pos=(2205.75, 1869.104) dest=(0.0, 0.0)
  stuck owner=3 kind=villager order=build failures=1 pos=(2003.65, 787.8587) dest=(0.0, 0.0)
SPIKE frame=897 ms=48.7
  stuck owner=0 kind=villager order=gather failures=1 pos=(179.0283, 653.3738) dest=(0.0, 0.0)
  stuck owner=1 kind=villager order=gather failures=1 pos=(2143.107, 1596.747) dest=(0.0, 0.0)
  stuck owner=1 kind=villager order=build failures=1 pos=(2016.676, 1619.23) dest=(0.0, 0.0)
  stuck owner=1 kind=villager order=gather failures=1 pos=(2205.75, 1869.104) dest=(0.0, 0.0)
  stuck owner=3 kind=villager order=build failures=1 pos=(2003.65, 787.8587) dest=(0.0, 0.0)
SPIKE frame=916 ms=62.6
  stuck owner=0 kind=villager order=gather failures=1 pos=(179.0283, 653.3738) dest=(0.0, 0.0)
  stuck owner=1 kind=villager order=gather failures=1 pos=(2143.107, 1596.747) dest=(0.0, 0.0)
  stuck owner=1 kind=villager order=build failures=1 pos=(2016.676, 1619.23) dest=(0.0, 0.0)
  stuck owner=1 kind=villager order=gather failures=1 pos=(2205.75, 1869.104) dest=(0.0, 0.0)
  stuck owner=3 kind=villager order=build failures=1 pos=(2003.65, 787.8587) dest=(0.0, 0.0)
SPIKE frame=974 ms=31.0
  stuck owner=0 kind=villager order=gather failures=1 pos=(179.0283, 653.3738) dest=(0.0, 0.0)
  stuck owner=1 kind=villager order=gather failures=1 pos=(2143.107, 1596.747) dest=(0.0, 0.0)
  stuck owner=1 kind=villager order=build failures=1 pos=(2016.676, 1619.23) dest=(0.0, 0.0)
  stuck owner=1 kind=villager order=gather failures=1 pos=(2205.75, 1869.104) dest=(0.0, 0.0)
  stuck owner=3 kind=villager order=build failures=1 pos=(2003.65, 787.8587) dest=(0.0, 0.0)
SPIKE frame=984 ms=70.2
  stuck owner=0 kind=villager order=gather failures=1 pos=(179.0283, 653.3738) dest=(0.0, 0.0)
  stuck owner=1 kind=villager order=gather failures=1 pos=(2143.107, 1596.747) dest=(0.0, 0.0)
  stuck owner=1 kind=villager order=build failures=1 pos=(2016.676, 1619.23) dest=(0.0, 0.0)
  stuck owner=1 kind=villager order=gather failures=1 pos=(2205.75, 1869.104) dest=(0.0, 0.0)
  stuck owner=3 kind=villager order=build failures=1 pos=(2003.65, 787.8587) dest=(0.0, 0.0)
SPIKE frame=1008 ms=36.1
  stuck owner=0 kind=villager order=gather failures=1 pos=(179.0283, 653.3738) dest=(0.0, 0.0)
  stuck owner=1 kind=villager order=gather failures=1 pos=(2143.107, 1596.747) dest=(0.0, 0.0)
  stuck owner=1 kind=villager order=build failures=1 pos=(2016.676, 1619.23) dest=(0.0, 0.0)
  stuck owner=1 kind=villager order=gather failures=1 pos=(2205.75, 1869.104) dest=(0.0, 0.0)
  stuck owner=3 kind=villager order=build failures=1 pos=(2003.65, 787.8587) dest=(0.0, 0.0)
SPIKE frame=1009 ms=89.3
  stuck owner=0 kind=villager order=gather failures=1 pos=(179.0283, 653.3738) dest=(0.0, 0.0)
  stuck owner=1 kind=villager order=gather failures=1 pos=(2143.107, 1596.747) dest=(0.0, 0.0)
  stuck owner=1 kind=villager order=build failures=1 pos=(2016.676, 1619.23) dest=(0.0, 0.0)
  stuck owner=1 kind=villager order=gather failures=1 pos=(2205.75, 1869.104) dest=(0.0, 0.0)
  stuck owner=3 kind=villager order=build failures=1 pos=(2003.65, 787.8587) dest=(0.0, 0.0)
SPIKE frame=1039 ms=53.8
  stuck owner=0 kind=villager order=gather failures=1 pos=(179.0283, 653.3738) dest=(0.0, 0.0)
  stuck owner=1 kind=villager order=gather failures=1 pos=(2143.107, 1596.747) dest=(0.0, 0.0)
  stuck owner=1 kind=villager order=build failures=1 pos=(2016.676, 1619.23) dest=(0.0, 0.0)
  stuck owner=1 kind=villager order=gather failures=1 pos=(2205.75, 1869.104) dest=(0.0, 0.0)
  stuck owner=3 kind=villager order=build failures=1 pos=(2003.65, 787.8587) dest=(0.0, 0.0)
SPIKE frame=1061 ms=32.7
  stuck owner=0 kind=villager order=gather failures=1 pos=(179.0283, 653.3738) dest=(0.0, 0.0)
  stuck owner=1 kind=villager order=gather failures=1 pos=(2143.107, 1596.747) dest=(0.0, 0.0)
  stuck owner=1 kind=villager order=build failures=1 pos=(2016.676, 1619.23) dest=(0.0, 0.0)
  stuck owner=1 kind=villager order=gather failures=1 pos=(2205.75, 1869.104) dest=(0.0, 0.0)
  stuck owner=3 kind=villager order=build failures=1 pos=(2003.65, 787.8587) dest=(0.0, 0.0)
SPIKE frame=1284 ms=34.3
  stuck owner=0 kind=villager order=gather failures=1 pos=(179.0283, 653.3738) dest=(0.0, 0.0)
  stuck owner=1 kind=villager order=gather failures=1 pos=(2143.107, 1596.747) dest=(0.0, 0.0)
  stuck owner=1 kind=villager order=build failures=1 pos=(2016.676, 1619.23) dest=(0.0, 0.0)
  stuck owner=1 kind=villager order=gather failures=1 pos=(2205.75, 1869.104) dest=(0.0, 0.0)
  stuck owner=3 kind=scout order=attack failures=1 pos=(1438.489, 913.8604) dest=(1275.0, 1075.0)
SPIKE frame=1289 ms=34.4
  stuck owner=0 kind=villager order=gather failures=1 pos=(179.0283, 653.3738) dest=(0.0, 0.0)
  stuck owner=1 kind=villager order=gather failures=1 pos=(2143.107, 1596.747) dest=(0.0, 0.0)
  stuck owner=1 kind=villager order=build failures=1 pos=(2016.676, 1619.23) dest=(0.0, 0.0)
  stuck owner=1 kind=villager order=gather failures=1 pos=(2205.75, 1869.104) dest=(0.0, 0.0)
  stuck owner=3 kind=scout order=attack failures=1 pos=(1438.489, 913.8604) dest=(1275.0, 1075.0)
SPIKE frame=1290 ms=86.8
  stuck owner=0 kind=villager order=gather failures=1 pos=(179.0283, 653.3738) dest=(0.0, 0.0)
  stuck owner=1 kind=villager order=gather failures=1 pos=(2143.107, 1596.747) dest=(0.0, 0.0)
  stuck owner=1 kind=villager order=build failures=1 pos=(2016.676, 1619.23) dest=(0.0, 0.0)
  stuck owner=1 kind=villager order=gather failures=1 pos=(2205.75, 1869.104) dest=(0.0, 0.0)
  stuck owner=3 kind=scout order=attack failures=1 pos=(1438.489, 913.8604) dest=(1275.0, 1075.0)
SPIKE frame=1291 ms=48.2
  stuck owner=0 kind=villager order=gather failures=1 pos=(179.0283, 653.3738) dest=(0.0, 0.0)
  stuck owner=1 kind=villager order=gather failures=1 pos=(2143.107, 1596.747) dest=(0.0, 0.0)
  stuck owner=1 kind=villager order=build failures=1 pos=(2016.676, 1619.23) dest=(0.0, 0.0)
  stuck owner=1 kind=villager order=gather failures=1 pos=(2205.75, 1869.104) dest=(0.0, 0.0)
  stuck owner=3 kind=scout order=attack failures=1 pos=(1438.489, 913.8604) dest=(1275.0, 1075.0)
SPIKE frame=1311 ms=30.3
  stuck owner=0 kind=villager order=gather failures=1 pos=(179.0283, 653.3738) dest=(0.0, 0.0)
  stuck owner=1 kind=villager order=gather failures=1 pos=(2143.107, 1596.747) dest=(0.0, 0.0)
  stuck owner=1 kind=villager order=build failures=1 pos=(2016.676, 1619.23) dest=(0.0, 0.0)
  stuck owner=1 kind=villager order=gather failures=1 pos=(2205.75, 1869.104) dest=(0.0, 0.0)
  stuck owner=3 kind=scout order=attack failures=1 pos=(1438.489, 913.8604) dest=(1275.0, 1075.0)
SPIKE frame=1317 ms=50.3
  stuck owner=0 kind=villager order=gather failures=1 pos=(179.0283, 653.3738) dest=(0.0, 0.0)
  stuck owner=1 kind=villager order=gather failures=1 pos=(2143.107, 1596.747) dest=(0.0, 0.0)
  stuck owner=1 kind=villager order=build failures=1 pos=(2016.676, 1619.23) dest=(0.0, 0.0)
  stuck owner=1 kind=villager order=gather failures=1 pos=(2205.75, 1869.104) dest=(0.0, 0.0)
  stuck owner=3 kind=scout order=attack failures=1 pos=(1438.489, 913.8604) dest=(1275.0, 1075.0)
SPIKE frame=1331 ms=41.6
  stuck owner=0 kind=villager order=gather failures=1 pos=(179.0283, 653.3738) dest=(0.0, 0.0)
  stuck owner=1 kind=villager order=gather failures=1 pos=(2143.107, 1596.747) dest=(0.0, 0.0)
  stuck owner=1 kind=villager order=build failures=1 pos=(2016.676, 1619.23) dest=(0.0, 0.0)
  stuck owner=1 kind=villager order=gather failures=1 pos=(2205.75, 1869.104) dest=(0.0, 0.0)
  stuck owner=3 kind=scout order=attack failures=1 pos=(1438.489, 913.8604) dest=(1275.0, 1075.0)
SPIKE frame=1400 ms=34.1
  stuck owner=0 kind=villager order=gather failures=1 pos=(179.0283, 653.3738) dest=(0.0, 0.0)
  stuck owner=1 kind=villager order=gather failures=1 pos=(2143.107, 1596.747) dest=(0.0, 0.0)
  stuck owner=1 kind=villager order=build failures=1 pos=(2016.676, 1619.23) dest=(0.0, 0.0)
  stuck owner=1 kind=villager order=gather failures=1 pos=(2205.75, 1869.104) dest=(0.0, 0.0)
  stuck owner=3 kind=scout order=attack failures=1 pos=(1438.489, 913.8604) dest=(1275.0, 1075.0)
SPIKE frame=1403 ms=77.8
  stuck owner=0 kind=villager order=gather failures=1 pos=(179.0283, 653.3738) dest=(0.0, 0.0)
  stuck owner=1 kind=villager order=gather failures=1 pos=(2143.107, 1596.747) dest=(0.0, 0.0)
  stuck owner=1 kind=villager order=build failures=1 pos=(2016.676, 1619.23) dest=(0.0, 0.0)
  stuck owner=1 kind=villager order=gather failures=1 pos=(2205.75, 1869.104) dest=(0.0, 0.0)
  stuck owner=3 kind=scout order=attack failures=1 pos=(1438.489, 913.8604) dest=(1275.0, 1075.0)
SPIKE frame=1406 ms=38.2
  stuck owner=0 kind=villager order=gather failures=1 pos=(179.0283, 653.3738) dest=(0.0, 0.0)
  stuck owner=1 kind=villager order=gather failures=1 pos=(2143.107, 1596.747) dest=(0.0, 0.0)
  stuck owner=1 kind=villager order=build failures=1 pos=(2016.676, 1619.23) dest=(0.0, 0.0)
  stuck owner=1 kind=villager order=gather failures=1 pos=(2205.75, 1869.104) dest=(0.0, 0.0)
  stuck owner=3 kind=scout order=attack failures=1 pos=(1438.489, 913.8604) dest=(1275.0, 1075.0)
SPIKE frame=1416 ms=65.7
  stuck owner=0 kind=villager order=gather failures=1 pos=(179.0283, 653.3738) dest=(0.0, 0.0)
  stuck owner=1 kind=villager order=gather failures=1 pos=(2143.107, 1596.747) dest=(0.0, 0.0)
  stuck owner=1 kind=villager order=build failures=1 pos=(2016.676, 1619.23) dest=(0.0, 0.0)
  stuck owner=1 kind=villager order=gather failures=1 pos=(2205.75, 1869.104) dest=(0.0, 0.0)
  stuck owner=3 kind=scout order=attack failures=1 pos=(1438.489, 913.8604) dest=(1275.0, 1075.0)
SPIKE frame=1425 ms=31.0
  stuck owner=0 kind=villager order=gather failures=1 pos=(179.0283, 653.3738) dest=(0.0, 0.0)
  stuck owner=1 kind=villager order=gather failures=1 pos=(2143.107, 1596.747) dest=(0.0, 0.0)
  stuck owner=1 kind=villager order=build failures=1 pos=(2016.676, 1619.23) dest=(0.0, 0.0)
  stuck owner=1 kind=villager order=gather failures=1 pos=(2205.75, 1869.104) dest=(0.0, 0.0)
  stuck owner=3 kind=scout order=attack failures=1 pos=(1438.489, 913.8604) dest=(1275.0, 1075.0)
SPIKE frame=1447 ms=92.8
  stuck owner=0 kind=villager order=gather failures=1 pos=(179.0283, 653.3738) dest=(0.0, 0.0)
  stuck owner=1 kind=villager order=gather failures=1 pos=(2143.107, 1596.747) dest=(0.0, 0.0)
  stuck owner=1 kind=villager order=build failures=1 pos=(2016.676, 1619.23) dest=(0.0, 0.0)
  stuck owner=1 kind=villager order=gather failures=1 pos=(2205.75, 1869.104) dest=(0.0, 0.0)
  stuck owner=3 kind=scout order=attack failures=1 pos=(1438.489, 913.8604) dest=(1275.0, 1075.0)
SPIKE frame=1448 ms=98.6
  stuck owner=0 kind=villager order=gather failures=1 pos=(179.0283, 653.3738) dest=(0.0, 0.0)
  stuck owner=1 kind=villager order=gather failures=1 pos=(2143.107, 1596.747) dest=(0.0, 0.0)
  stuck owner=1 kind=villager order=build failures=1 pos=(2016.676, 1619.23) dest=(0.0, 0.0)
  stuck owner=1 kind=villager order=gather failures=1 pos=(2205.75, 1869.104) dest=(0.0, 0.0)
  stuck owner=3 kind=scout order=attack failures=1 pos=(1438.489, 913.8604) dest=(1275.0, 1075.0)
SPIKE frame=1449 ms=30.6
  stuck owner=0 kind=villager order=gather failures=1 pos=(179.0283, 653.3738) dest=(0.0, 0.0)
  stuck owner=1 kind=villager order=gather failures=1 pos=(2143.107, 1596.747) dest=(0.0, 0.0)
  stuck owner=1 kind=villager order=build failures=1 pos=(2016.676, 1619.23) dest=(0.0, 0.0)
  stuck owner=1 kind=villager order=gather failures=1 pos=(2205.75, 1869.104) dest=(0.0, 0.0)
  stuck owner=3 kind=scout order=attack failures=1 pos=(1438.489, 913.8604) dest=(1275.0, 1075.0)
SPIKE frame=1452 ms=143.4
  stuck owner=0 kind=villager order=gather failures=1 pos=(179.0283, 653.3738) dest=(0.0, 0.0)
  stuck owner=1 kind=villager order=gather failures=1 pos=(2143.107, 1596.747) dest=(0.0, 0.0)
  stuck owner=1 kind=villager order=build failures=1 pos=(2016.676, 1619.23) dest=(0.0, 0.0)
  stuck owner=1 kind=villager order=gather failures=1 pos=(2205.75, 1869.104) dest=(0.0, 0.0)
  stuck owner=3 kind=scout order=attack failures=1 pos=(1438.489, 913.8604) dest=(1275.0, 1075.0)
SPIKE frame=1454 ms=72.2
  stuck owner=0 kind=villager order=gather failures=1 pos=(179.0283, 653.3738) dest=(0.0, 0.0)
  stuck owner=1 kind=villager order=gather failures=1 pos=(2143.107, 1596.747) dest=(0.0, 0.0)
  stuck owner=1 kind=villager order=gather failures=1 pos=(2205.75, 1869.104) dest=(0.0, 0.0)
  stuck owner=3 kind=scout order=attack failures=1 pos=(1438.489, 913.8604) dest=(1275.0, 1075.0)
SPIKE frame=1455 ms=283.0
  stuck owner=0 kind=villager order=gather failures=1 pos=(179.0283, 653.3738) dest=(0.0, 0.0)
  stuck owner=3 kind=scout order=attack failures=1 pos=(1438.489, 913.8604) dest=(1275.0, 1075.0)
SPIKE frame=1456 ms=58.2
  stuck owner=0 kind=villager order=gather failures=1 pos=(179.0283, 653.3738) dest=(0.0, 0.0)
  stuck owner=3 kind=scout order=attack failures=1 pos=(1438.489, 913.8604) dest=(1275.0, 1075.0)
SPIKE frame=1457 ms=66.4
  stuck owner=0 kind=villager order=gather failures=1 pos=(179.0283, 653.3738) dest=(0.0, 0.0)
  stuck owner=3 kind=scout order=attack failures=1 pos=(1438.489, 913.8604) dest=(1275.0, 1075.0)
SPIKE frame=1458 ms=93.0
  stuck owner=0 kind=villager order=gather failures=1 pos=(179.0283, 653.3738) dest=(0.0, 0.0)
  stuck owner=3 kind=scout order=attack failures=1 pos=(1438.489, 913.8604) dest=(1275.0, 1075.0)
SPIKE frame=1459 ms=41.0
  stuck owner=0 kind=villager order=gather failures=1 pos=(179.0283, 653.3738) dest=(0.0, 0.0)
  stuck owner=3 kind=scout order=attack failures=1 pos=(1438.489, 913.8604) dest=(1275.0, 1075.0)
SPIKE frame=1491 ms=57.5
  stuck owner=0 kind=villager order=gather failures=1 pos=(179.0283, 653.3738) dest=(0.0, 0.0)
  stuck owner=3 kind=scout order=attack failures=1 pos=(1438.489, 913.8604) dest=(1275.0, 1075.0)
SPIKE frame=1510 ms=103.6
  stuck owner=0 kind=villager order=gather failures=1 pos=(179.0283, 653.3738) dest=(0.0, 0.0)
  stuck owner=3 kind=scout order=attack failures=1 pos=(1438.489, 913.8604) dest=(1275.0, 1075.0)
SPIKE frame=1535 ms=31.0
  stuck owner=0 kind=villager order=gather failures=1 pos=(179.0283, 653.3738) dest=(0.0, 0.0)
  stuck owner=3 kind=scout order=attack failures=1 pos=(1438.489, 913.8604) dest=(1275.0, 1075.0)
SPIKE frame=1550 ms=33.8
  stuck owner=0 kind=villager order=gather failures=1 pos=(179.0283, 653.3738) dest=(0.0, 0.0)
  stuck owner=3 kind=scout order=attack failures=1 pos=(1438.489, 913.8604) dest=(1275.0, 1075.0)
SPIKE frame=1558 ms=61.8
  stuck owner=0 kind=villager order=gather failures=1 pos=(179.0283, 653.3738) dest=(0.0, 0.0)
  stuck owner=3 kind=scout order=attack failures=1 pos=(1438.489, 913.8604) dest=(1275.0, 1075.0)
SPIKE frame=1563 ms=94.8
  stuck owner=0 kind=villager order=gather failures=1 pos=(179.0283, 653.3738) dest=(0.0, 0.0)
  stuck owner=3 kind=scout order=attack failures=1 pos=(1438.489, 913.8604) dest=(1275.0, 1075.0)
SPIKE frame=1564 ms=66.6
  stuck owner=0 kind=villager order=gather failures=1 pos=(179.0283, 653.3738) dest=(0.0, 0.0)
  stuck owner=3 kind=scout order=attack failures=1 pos=(1438.489, 913.8604) dest=(1275.0, 1075.0)
SPIKE frame=1574 ms=38.5
  stuck owner=0 kind=villager order=gather failures=1 pos=(179.0283, 653.3738) dest=(0.0, 0.0)
  stuck owner=3 kind=scout order=attack failures=1 pos=(1438.489, 913.8604) dest=(1275.0, 1075.0)
SPIKE frame=1578 ms=58.8
  stuck owner=0 kind=villager order=gather failures=1 pos=(179.0283, 653.3738) dest=(0.0, 0.0)
  stuck owner=3 kind=scout order=attack failures=1 pos=(1438.489, 913.8604) dest=(1275.0, 1075.0)
SPIKE frame=1579 ms=34.8
  stuck owner=0 kind=villager order=gather failures=1 pos=(179.0283, 653.3738) dest=(0.0, 0.0)
  stuck owner=3 kind=scout order=attack failures=1 pos=(1438.489, 913.8604) dest=(1275.0, 1075.0)
SPIKE frame=1580 ms=66.2
  stuck owner=0 kind=villager order=gather failures=1 pos=(179.0283, 653.3738) dest=(0.0, 0.0)
  stuck owner=3 kind=scout order=attack failures=1 pos=(1438.489, 913.8604) dest=(1275.0, 1075.0)
SPIKE frame=1581 ms=32.6
  stuck owner=0 kind=villager order=gather failures=1 pos=(179.0283, 653.3738) dest=(0.0, 0.0)
  stuck owner=3 kind=scout order=attack failures=1 pos=(1438.489, 913.8604) dest=(1275.0, 1075.0)
SPIKE frame=1587 ms=50.8
  stuck owner=0 kind=villager order=gather failures=1 pos=(179.0283, 653.3738) dest=(0.0, 0.0)
  stuck owner=3 kind=scout order=attack failures=1 pos=(1438.489, 913.8604) dest=(1275.0, 1075.0)
SPIKE frame=1598 ms=39.9
  stuck owner=0 kind=villager order=gather failures=1 pos=(179.0283, 653.3738) dest=(0.0, 0.0)
  stuck owner=3 kind=scout order=attack failures=1 pos=(1438.489, 913.8604) dest=(1275.0, 1075.0)
SPIKE frame=1607 ms=30.8
  stuck owner=0 kind=villager order=gather failures=1 pos=(179.0283, 653.3738) dest=(0.0, 0.0)
  stuck owner=3 kind=scout order=attack failures=1 pos=(1438.489, 913.8604) dest=(1275.0, 1075.0)
SPIKE frame=1610 ms=38.7
  stuck owner=0 kind=villager order=gather failures=1 pos=(179.0283, 653.3738) dest=(0.0, 0.0)
  stuck owner=3 kind=scout order=attack failures=1 pos=(1438.489, 913.8604) dest=(1275.0, 1075.0)
SPIKE frame=1616 ms=32.9
  stuck owner=0 kind=villager order=gather failures=1 pos=(179.0283, 653.3738) dest=(0.0, 0.0)
  stuck owner=3 kind=scout order=attack failures=1 pos=(1438.489, 913.8604) dest=(1275.0, 1075.0)
SPIKE frame=1630 ms=32.4
  stuck owner=0 kind=villager order=gather failures=1 pos=(179.0283, 653.3738) dest=(0.0, 0.0)
  stuck owner=2 kind=villager order=build failures=1 pos=(151.2953, 1726.837) dest=(0.0, 0.0)
  stuck owner=3 kind=scout order=attack failures=1 pos=(1438.489, 913.8604) dest=(1275.0, 1075.0)
SPIKE frame=1631 ms=72.9
  stuck owner=0 kind=villager order=gather failures=1 pos=(179.0283, 653.3738) dest=(0.0, 0.0)
  stuck owner=2 kind=villager order=build failures=1 pos=(151.2953, 1726.837) dest=(0.0, 0.0)
  stuck owner=3 kind=scout order=attack failures=1 pos=(1438.489, 913.8604) dest=(1275.0, 1075.0)
SPIKE frame=1648 ms=37.6
  stuck owner=0 kind=villager order=gather failures=1 pos=(179.0283, 653.3738) dest=(0.0, 0.0)
  stuck owner=2 kind=villager order=build failures=1 pos=(151.2953, 1726.837) dest=(0.0, 0.0)
  stuck owner=3 kind=scout order=attack failures=1 pos=(1438.489, 913.8604) dest=(1275.0, 1075.0)
SPIKE frame=1657 ms=76.3
  stuck owner=0 kind=villager order=gather failures=1 pos=(179.0283, 653.3738) dest=(0.0, 0.0)
  stuck owner=2 kind=villager order=build failures=1 pos=(151.2953, 1726.837) dest=(0.0, 0.0)
  stuck owner=3 kind=scout order=attack failures=1 pos=(1438.489, 913.8604) dest=(1275.0, 1075.0)
SPIKE frame=1684 ms=44.2
  stuck owner=0 kind=villager order=gather failures=1 pos=(179.0283, 653.3738) dest=(0.0, 0.0)
  stuck owner=2 kind=villager order=build failures=1 pos=(151.2953, 1726.837) dest=(0.0, 0.0)
  stuck owner=3 kind=scout order=attack failures=1 pos=(1438.489, 913.8604) dest=(1275.0, 1075.0)
SPIKE frame=1693 ms=31.7
  stuck owner=0 kind=villager order=gather failures=1 pos=(179.0283, 653.3738) dest=(0.0, 0.0)
  stuck owner=2 kind=villager order=build failures=1 pos=(151.2953, 1726.837) dest=(0.0, 0.0)
  stuck owner=3 kind=scout order=attack failures=1 pos=(1438.489, 913.8604) dest=(1275.0, 1075.0)
SPIKE frame=1695 ms=36.3
  stuck owner=0 kind=villager order=gather failures=1 pos=(179.0283, 653.3738) dest=(0.0, 0.0)
  stuck owner=2 kind=villager order=build failures=1 pos=(151.2953, 1726.837) dest=(0.0, 0.0)
  stuck owner=3 kind=scout order=attack failures=1 pos=(1438.489, 913.8604) dest=(1275.0, 1075.0)
SPIKE frame=1696 ms=49.4
  stuck owner=0 kind=villager order=gather failures=1 pos=(179.0283, 653.3738) dest=(0.0, 0.0)
  stuck owner=2 kind=villager order=build failures=1 pos=(151.2953, 1726.837) dest=(0.0, 0.0)
  stuck owner=3 kind=scout order=attack failures=1 pos=(1438.489, 913.8604) dest=(1275.0, 1075.0)
SPIKE frame=1697 ms=34.5
  stuck owner=0 kind=villager order=gather failures=1 pos=(179.0283, 653.3738) dest=(0.0, 0.0)
  stuck owner=2 kind=villager order=build failures=1 pos=(151.2953, 1726.837) dest=(0.0, 0.0)
  stuck owner=3 kind=scout order=attack failures=1 pos=(1438.489, 913.8604) dest=(1275.0, 1075.0)
SPIKE frame=1725 ms=103.6
  stuck owner=0 kind=villager order=gather failures=1 pos=(179.0283, 653.3738) dest=(0.0, 0.0)
  stuck owner=1 kind=villager order=build failures=1 pos=(2015.399, 1590.503) dest=(0.0, 0.0)
  stuck owner=2 kind=villager order=build failures=1 pos=(151.2953, 1726.837) dest=(0.0, 0.0)
  stuck owner=3 kind=scout order=attack failures=1 pos=(1438.489, 913.8604) dest=(1275.0, 1075.0)
SPIKE frame=1770 ms=42.1
  stuck owner=0 kind=villager order=gather failures=1 pos=(179.0283, 653.3738) dest=(0.0, 0.0)
  stuck owner=1 kind=villager order=build failures=1 pos=(2015.74, 1590.919) dest=(0.0, 0.0)
  stuck owner=2 kind=villager order=build failures=1 pos=(151.2953, 1726.837) dest=(0.0, 0.0)
  stuck owner=3 kind=scout order=attack failures=1 pos=(1438.489, 913.8604) dest=(1275.0, 1075.0)
SPIKE frame=1801 ms=37.9
  stuck owner=0 kind=villager order=gather failures=1 pos=(179.0283, 653.3738) dest=(0.0, 0.0)
  stuck owner=1 kind=villager order=build failures=1 pos=(2015.11, 1590.156) dest=(0.0, 0.0)
  stuck owner=2 kind=villager order=build failures=1 pos=(151.2953, 1726.837) dest=(0.0, 0.0)
  stuck owner=3 kind=scout order=attack failures=1 pos=(1438.489, 913.8604) dest=(1275.0, 1075.0)
SPIKE frame=1825 ms=155.4
  stuck owner=0 kind=villager order=gather failures=1 pos=(179.0283, 653.3738) dest=(0.0, 0.0)
  stuck owner=1 kind=villager order=build failures=2 pos=(2015.563, 1590.46) dest=(0.0, 0.0)
  stuck owner=2 kind=villager order=build failures=1 pos=(151.2953, 1726.837) dest=(0.0, 0.0)
  stuck owner=3 kind=scout order=attack failures=1 pos=(1438.489, 913.8604) dest=(1275.0, 1075.0)
SPIKE frame=1826 ms=34.7
  stuck owner=0 kind=villager order=gather failures=1 pos=(179.0283, 653.3738) dest=(0.0, 0.0)
  stuck owner=1 kind=villager order=build failures=2 pos=(2012.195, 1587.69) dest=(0.0, 0.0)
  stuck owner=2 kind=villager order=build failures=1 pos=(151.2953, 1726.837) dest=(0.0, 0.0)
  stuck owner=3 kind=scout order=attack failures=1 pos=(1438.489, 913.8604) dest=(1275.0, 1075.0)
SPIKE frame=1827 ms=41.4
  stuck owner=0 kind=villager order=gather failures=1 pos=(179.0283, 653.3738) dest=(0.0, 0.0)
  stuck owner=1 kind=villager order=build failures=2 pos=(2014.653, 1589.968) dest=(0.0, 0.0)
  stuck owner=2 kind=villager order=build failures=1 pos=(151.2953, 1726.837) dest=(0.0, 0.0)
  stuck owner=3 kind=scout order=attack failures=1 pos=(1438.489, 913.8604) dest=(1275.0, 1075.0)
SPIKE frame=1948 ms=100.2
  stuck owner=0 kind=villager order=gather failures=1 pos=(179.0283, 653.3738) dest=(0.0, 0.0)
  stuck owner=1 kind=villager order=build failures=3 pos=(2016.602, 1591.485) dest=(0.0, 0.0)
  stuck owner=2 kind=villager order=build failures=1 pos=(151.2953, 1726.837) dest=(0.0, 0.0)
  stuck owner=3 kind=scout order=attack failures=1 pos=(1438.489, 913.8604) dest=(1275.0, 1075.0)
SPIKE frame=1953 ms=30.6
  stuck owner=0 kind=villager order=gather failures=1 pos=(179.0283, 653.3738) dest=(0.0, 0.0)
  stuck owner=1 kind=villager order=build failures=3 pos=(2015.556, 1590.123) dest=(0.0, 0.0)
  stuck owner=2 kind=villager order=build failures=1 pos=(151.2953, 1726.837) dest=(0.0, 0.0)
  stuck owner=3 kind=scout order=attack failures=1 pos=(1438.489, 913.8604) dest=(1275.0, 1075.0)
SPIKE frame=2010 ms=32.4
  stuck owner=0 kind=villager order=gather failures=1 pos=(179.0283, 653.3738) dest=(0.0, 0.0)
  stuck owner=1 kind=villager order=build failures=3 pos=(2016.372, 1591.149) dest=(0.0, 0.0)
  stuck owner=2 kind=villager order=build failures=1 pos=(151.2953, 1726.837) dest=(0.0, 0.0)
  stuck owner=3 kind=scout order=attack failures=1 pos=(1438.489, 913.8604) dest=(1275.0, 1075.0)
SPIKE frame=2047 ms=45.6
  stuck owner=0 kind=villager order=gather failures=1 pos=(179.0283, 653.3738) dest=(0.0, 0.0)
  stuck owner=1 kind=villager order=build failures=3 pos=(2015.964, 1590.766) dest=(0.0, 0.0)
  stuck owner=2 kind=villager order=build failures=1 pos=(151.2953, 1726.837) dest=(0.0, 0.0)
  stuck owner=3 kind=scout order=attack failures=1 pos=(1438.489, 913.8604) dest=(1275.0, 1075.0)
SPIKE frame=2049 ms=33.9
  stuck owner=0 kind=villager order=gather failures=1 pos=(179.0283, 653.3738) dest=(0.0, 0.0)
  stuck owner=1 kind=villager order=build failures=3 pos=(2015.298, 1590.317) dest=(0.0, 0.0)
  stuck owner=2 kind=villager order=build failures=1 pos=(151.2953, 1726.837) dest=(0.0, 0.0)
  stuck owner=3 kind=scout order=attack failures=1 pos=(1438.489, 913.8604) dest=(1275.0, 1075.0)
SPIKE frame=2095 ms=68.1
  stuck owner=0 kind=villager order=gather failures=1 pos=(179.0283, 653.3738) dest=(0.0, 0.0)
  stuck owner=3 kind=scout order=attack failures=1 pos=(1438.489, 913.8604) dest=(1275.0, 1075.0)
SPIKE frame=2097 ms=30.7
  stuck owner=0 kind=villager order=gather failures=1 pos=(179.0283, 653.3738) dest=(0.0, 0.0)
  stuck owner=3 kind=scout order=attack failures=1 pos=(1438.489, 913.8604) dest=(1275.0, 1075.0)
SPIKE frame=2102 ms=52.8
  stuck owner=0 kind=villager order=gather failures=1 pos=(179.0283, 653.3738) dest=(0.0, 0.0)
  stuck owner=3 kind=scout order=attack failures=1 pos=(1438.489, 913.8604) dest=(1275.0, 1075.0)
SPIKE frame=2139 ms=32.0
  stuck owner=0 kind=villager order=gather failures=1 pos=(179.0283, 653.3738) dest=(0.0, 0.0)
  stuck owner=3 kind=scout order=attack failures=1 pos=(1438.489, 913.8604) dest=(1275.0, 1075.0)
SPIKE frame=2203 ms=101.2
  stuck owner=0 kind=villager order=gather failures=1 pos=(179.0283, 653.3738) dest=(0.0, 0.0)
  stuck owner=3 kind=scout order=attack failures=1 pos=(1438.489, 913.8604) dest=(1275.0, 1075.0)
SPIKE frame=2205 ms=39.4
  stuck owner=0 kind=villager order=gather failures=1 pos=(179.0283, 653.3738) dest=(0.0, 0.0)
  stuck owner=3 kind=scout order=attack failures=1 pos=(1438.489, 913.8604) dest=(1275.0, 1075.0)
SPIKE frame=2206 ms=33.1
  stuck owner=0 kind=villager order=gather failures=1 pos=(179.0283, 653.3738) dest=(0.0, 0.0)
  stuck owner=3 kind=scout order=attack failures=1 pos=(1438.489, 913.8604) dest=(1275.0, 1075.0)
SPIKE frame=2207 ms=66.6
  stuck owner=0 kind=villager order=gather failures=1 pos=(179.0283, 653.3738) dest=(0.0, 0.0)
  stuck owner=3 kind=scout order=attack failures=1 pos=(1438.489, 913.8604) dest=(1275.0, 1075.0)
SPIKE frame=2208 ms=32.2
  stuck owner=0 kind=villager order=gather failures=1 pos=(179.0283, 653.3738) dest=(0.0, 0.0)
  stuck owner=3 kind=scout order=attack failures=1 pos=(1438.489, 913.8604) dest=(1275.0, 1075.0)
SPIKE frame=2211 ms=30.2
  stuck owner=0 kind=villager order=gather failures=1 pos=(179.0283, 653.3738) dest=(0.0, 0.0)
  stuck owner=3 kind=scout order=attack failures=1 pos=(1438.489, 913.8604) dest=(1275.0, 1075.0)
SPIKE frame=2235 ms=58.1
  stuck owner=0 kind=villager order=gather failures=1 pos=(179.0283, 653.3738) dest=(0.0, 0.0)
  stuck owner=3 kind=scout order=attack failures=1 pos=(1438.489, 913.8604) dest=(1275.0, 1075.0)
SPIKE frame=2237 ms=31.7
  stuck owner=0 kind=villager order=gather failures=1 pos=(179.0283, 653.3738) dest=(0.0, 0.0)
  stuck owner=3 kind=scout order=attack failures=1 pos=(1438.489, 913.8604) dest=(1275.0, 1075.0)
SPIKE frame=2249 ms=47.2
  stuck owner=0 kind=villager order=gather failures=1 pos=(179.0283, 653.3738) dest=(0.0, 0.0)
  stuck owner=3 kind=scout order=attack failures=1 pos=(1438.489, 913.8604) dest=(1275.0, 1075.0)
SPIKE frame=2262 ms=38.9
  stuck owner=0 kind=villager order=gather failures=1 pos=(179.0283, 653.3738) dest=(0.0, 0.0)
  stuck owner=3 kind=villager order=build failures=1 pos=(2103.029, 444.3973) dest=(0.0, 0.0)
  stuck owner=3 kind=scout order=attack failures=1 pos=(1438.489, 913.8604) dest=(1275.0, 1075.0)
SPIKE frame=2274 ms=33.4
  stuck owner=0 kind=villager order=gather failures=1 pos=(179.0283, 653.3738) dest=(0.0, 0.0)
  stuck owner=3 kind=villager order=build failures=1 pos=(2103.029, 444.3973) dest=(0.0, 0.0)
  stuck owner=3 kind=scout order=attack failures=1 pos=(1438.489, 913.8604) dest=(1275.0, 1075.0)
SPIKE frame=2300 ms=683.1
  stuck owner=0 kind=villager order=gather failures=1 pos=(179.0283, 653.3738) dest=(0.0, 0.0)
  stuck owner=3 kind=villager order=build failures=1 pos=(2103.029, 444.3973) dest=(0.0, 0.0)
  stuck owner=3 kind=scout order=attack failures=1 pos=(1438.489, 913.8604) dest=(1275.0, 1075.0)
SPIKE frame=2301 ms=145.6
  stuck owner=0 kind=villager order=gather failures=1 pos=(179.0283, 653.3738) dest=(0.0, 0.0)
  stuck owner=3 kind=villager order=build failures=1 pos=(2103.029, 444.3973) dest=(0.0, 0.0)
  stuck owner=3 kind=scout order=attack failures=1 pos=(1438.489, 913.8604) dest=(1275.0, 1075.0)
SPIKE frame=2308 ms=42.2
  stuck owner=0 kind=villager order=gather failures=1 pos=(179.0283, 653.3738) dest=(0.0, 0.0)
  stuck owner=3 kind=villager order=build failures=1 pos=(2103.029, 444.3973) dest=(0.0, 0.0)
  stuck owner=3 kind=scout order=attack failures=1 pos=(1438.489, 913.8604) dest=(1275.0, 1075.0)
SPIKE frame=2319 ms=40.4
  stuck owner=0 kind=villager order=gather failures=1 pos=(179.0283, 653.3738) dest=(0.0, 0.0)
  stuck owner=3 kind=villager order=build failures=1 pos=(2103.029, 444.3973) dest=(0.0, 0.0)
  stuck owner=3 kind=scout order=attack failures=1 pos=(1438.489, 913.8604) dest=(1275.0, 1075.0)
SPIKE frame=2320 ms=59.9
  stuck owner=0 kind=villager order=gather failures=1 pos=(179.0283, 653.3738) dest=(0.0, 0.0)
  stuck owner=3 kind=villager order=build failures=1 pos=(2103.029, 444.3973) dest=(0.0, 0.0)
  stuck owner=3 kind=scout order=attack failures=1 pos=(1438.489, 913.8604) dest=(1275.0, 1075.0)
SPIKE frame=2323 ms=43.3
  stuck owner=0 kind=villager order=gather failures=1 pos=(179.0283, 653.3738) dest=(0.0, 0.0)
  stuck owner=3 kind=villager order=build failures=1 pos=(2103.029, 444.3973) dest=(0.0, 0.0)
  stuck owner=3 kind=scout order=attack failures=1 pos=(1438.489, 913.8604) dest=(1275.0, 1075.0)
SPIKE frame=2326 ms=41.9
  stuck owner=0 kind=villager order=gather failures=1 pos=(179.0283, 653.3738) dest=(0.0, 0.0)
  stuck owner=3 kind=villager order=build failures=1 pos=(2103.029, 444.3973) dest=(0.0, 0.0)
  stuck owner=3 kind=scout order=attack failures=1 pos=(1438.489, 913.8604) dest=(1275.0, 1075.0)
SPIKE frame=2335 ms=35.4
  stuck owner=0 kind=villager order=gather failures=1 pos=(179.0283, 653.3738) dest=(0.0, 0.0)
  stuck owner=3 kind=villager order=build failures=1 pos=(2103.029, 444.3973) dest=(0.0, 0.0)
SPIKE frame=2336 ms=36.4
  stuck owner=0 kind=villager order=gather failures=1 pos=(179.0283, 653.3738) dest=(0.0, 0.0)
  stuck owner=3 kind=villager order=build failures=1 pos=(2103.029, 444.3973) dest=(0.0, 0.0)
SPIKE frame=2353 ms=173.6
  stuck owner=0 kind=villager order=gather failures=1 pos=(179.0283, 653.3738) dest=(0.0, 0.0)
  stuck owner=3 kind=villager order=build failures=1 pos=(2103.029, 444.3973) dest=(0.0, 0.0)
SPIKE frame=2359 ms=30.6
  stuck owner=0 kind=villager order=gather failures=1 pos=(179.0283, 653.3738) dest=(0.0, 0.0)
  stuck owner=3 kind=villager order=build failures=1 pos=(2103.029, 444.3973) dest=(0.0, 0.0)
SPIKE frame=2373 ms=36.4
  stuck owner=0 kind=villager order=gather failures=1 pos=(179.0283, 653.3738) dest=(0.0, 0.0)
  stuck owner=3 kind=villager order=build failures=1 pos=(2103.029, 444.3973) dest=(0.0, 0.0)
frames=2400 mean=13.10 p50=8.90 p90=23.52 p99=90.84 max=683.13
frames with obstacle_revision bump: 19/2400, with grid_refresh: 0/2400
first wildlife: 38, last wildlife: 38, last units: 29, last buildings: 21
--- slowest 15 frames ---
{"astar_ms":0.0,"buildings":21,"can_occupy_ms":0.0,"fine_build_ms":0.0,"fine_cells":0,"frame":2300,"grid_refresh":0,"grid_refresh_ms":0.0,"move_step_ms":0.0,"ms":683.13,"path_between_ms":0.0,"path_to_range_ms":0.0,"ptr_coarse_ms":0.0,"ptr_refine_ms":0.0,"rev":31,"rev_delta":0,"units":28,"wildlife":38}
{"astar_ms":0.0,"buildings":15,"can_occupy_ms":0.0,"fine_build_ms":0.0,"fine_cells":0,"frame":1455,"grid_refresh":0,"grid_refresh_ms":0.0,"move_step_ms":0.0,"ms":283.01,"path_between_ms":0.0,"path_to_range_ms":0.0,"ptr_coarse_ms":0.0,"ptr_refine_ms":0.0,"rev":17,"rev_delta":3,"units":24,"wildlife":38}
{"astar_ms":0.0,"buildings":21,"can_occupy_ms":0.0,"fine_build_ms":0.0,"fine_cells":0,"frame":2353,"grid_refresh":0,"grid_refresh_ms":0.0,"move_step_ms":0.0,"ms":173.59,"path_between_ms":0.0,"path_to_range_ms":0.0,"ptr_coarse_ms":0.0,"ptr_refine_ms":0.0,"rev":32,"rev_delta":0,"units":28,"wildlife":38}
{"astar_ms":0.0,"buildings":20,"can_occupy_ms":0.0,"fine_build_ms":0.0,"fine_cells":0,"frame":1825,"grid_refresh":0,"grid_refresh_ms":0.0,"move_step_ms":0.0,"ms":155.41,"path_between_ms":0.0,"path_to_range_ms":0.0,"ptr_coarse_ms":0.0,"ptr_refine_ms":0.0,"rev":23,"rev_delta":0,"units":25,"wildlife":38}
{"astar_ms":0.0,"buildings":21,"can_occupy_ms":0.0,"fine_build_ms":0.0,"fine_cells":0,"frame":2301,"grid_refresh":0,"grid_refresh_ms":0.0,"move_step_ms":0.0,"ms":145.57,"path_between_ms":0.0,"path_to_range_ms":0.0,"ptr_coarse_ms":0.0,"ptr_refine_ms":0.0,"rev":31,"rev_delta":0,"units":28,"wildlife":38}
{"astar_ms":0.0,"buildings":7,"can_occupy_ms":0.0,"fine_build_ms":0.0,"fine_cells":0,"frame":869,"grid_refresh":0,"grid_refresh_ms":0.0,"move_step_ms":0.0,"ms":144.34,"path_between_ms":0.0,"path_to_range_ms":0.0,"ptr_coarse_ms":0.0,"ptr_refine_ms":0.0,"rev":8,"rev_delta":0,"units":24,"wildlife":38}
{"astar_ms":0.0,"buildings":11,"can_occupy_ms":0.0,"fine_build_ms":0.0,"fine_cells":0,"frame":1452,"grid_refresh":0,"grid_refresh_ms":0.0,"move_step_ms":0.0,"ms":143.43,"path_between_ms":0.0,"path_to_range_ms":0.0,"ptr_coarse_ms":0.0,"ptr_refine_ms":0.0,"rev":13,"rev_delta":0,"units":24,"wildlife":38}
{"astar_ms":0.0,"buildings":7,"can_occupy_ms":0.0,"fine_build_ms":0.0,"fine_cells":0,"frame":731,"grid_refresh":0,"grid_refresh_ms":0.0,"move_step_ms":0.0,"ms":134.25,"path_between_ms":0.0,"path_to_range_ms":0.0,"ptr_coarse_ms":0.0,"ptr_refine_ms":0.0,"rev":8,"rev_delta":0,"units":24,"wildlife":38}
{"astar_ms":0.0,"buildings":7,"can_occupy_ms":0.0,"fine_build_ms":0.0,"fine_cells":0,"frame":767,"grid_refresh":0,"grid_refresh_ms":0.0,"move_step_ms":0.0,"ms":113.05,"path_between_ms":0.0,"path_to_range_ms":0.0,"ptr_coarse_ms":0.0,"ptr_refine_ms":0.0,"rev":8,"rev_delta":0,"units":24,"wildlife":38}
{"astar_ms":0.0,"buildings":7,"can_occupy_ms":0.0,"fine_build_ms":0.0,"fine_cells":0,"frame":468,"grid_refresh":0,"grid_refresh_ms":0.0,"move_step_ms":0.0,"ms":107.42,"path_between_ms":0.0,"path_to_range_ms":0.0,"ptr_coarse_ms":0.0,"ptr_refine_ms":0.0,"rev":8,"rev_delta":0,"units":24,"wildlife":38}
{"astar_ms":0.0,"buildings":20,"can_occupy_ms":0.0,"fine_build_ms":0.0,"fine_cells":0,"frame":1725,"grid_refresh":0,"grid_refresh_ms":0.0,"move_step_ms":0.0,"ms":103.62,"path_between_ms":0.0,"path_to_range_ms":0.0,"ptr_coarse_ms":0.0,"ptr_refine_ms":0.0,"rev":22,"rev_delta":0,"units":25,"wildlife":38}
{"astar_ms":0.0,"buildings":19,"can_occupy_ms":0.0,"fine_build_ms":0.0,"fine_cells":0,"frame":1510,"grid_refresh":0,"grid_refresh_ms":0.0,"move_step_ms":0.0,"ms":103.61,"path_between_ms":0.0,"path_to_range_ms":0.0,"ptr_coarse_ms":0.0,"ptr_refine_ms":0.0,"rev":20,"rev_delta":3,"units":24,"wildlife":38}
{"astar_ms":0.0,"buildings":7,"can_occupy_ms":0.0,"fine_build_ms":0.0,"fine_cells":0,"frame":451,"grid_refresh":0,"grid_refresh_ms":0.0,"move_step_ms":0.0,"ms":101.58,"path_between_ms":0.0,"path_to_range_ms":0.0,"ptr_coarse_ms":0.0,"ptr_refine_ms":0.0,"rev":8,"rev_delta":0,"units":24,"wildlife":38}
{"astar_ms":0.0,"buildings":21,"can_occupy_ms":0.0,"fine_build_ms":0.0,"fine_cells":0,"frame":2203,"grid_refresh":0,"grid_refresh_ms":0.0,"move_step_ms":0.0,"ms":101.22,"path_between_ms":0.0,"path_to_range_ms":0.0,"ptr_coarse_ms":0.0,"ptr_refine_ms":0.0,"rev":28,"rev_delta":0,"units":26,"wildlife":38}
{"astar_ms":0.0,"buildings":20,"can_occupy_ms":0.0,"fine_build_ms":0.0,"fine_cells":0,"frame":1948,"grid_refresh":0,"grid_refresh_ms":0.0,"move_step_ms":0.0,"ms":100.22,"path_between_ms":0.0,"path_to_range_ms":0.0,"ptr_coarse_ms":0.0,"ptr_refine_ms":0.0,"rev":24,"rev_delta":0,"units":25,"wildlife":38}
--- sample every 300 frames ---
{"astar_ms":0.0,"buildings":7,"can_occupy_ms":0.0,"fine_build_ms":0.0,"fine_cells":0,"frame":0,"grid_refresh":0,"grid_refresh_ms":0.0,"move_step_ms":0.0,"ms":97.35,"path_between_ms":0.0,"path_to_range_ms":0.0,"ptr_coarse_ms":0.0,"ptr_refine_ms":0.0,"rev":8,"rev_delta":0,"units":24,"wildlife":38}
{"astar_ms":0.0,"buildings":7,"can_occupy_ms":0.0,"fine_build_ms":0.0,"fine_cells":0,"frame":300,"grid_refresh":0,"grid_refresh_ms":0.0,"move_step_ms":0.0,"ms":31.5,"path_between_ms":0.0,"path_to_range_ms":0.0,"ptr_coarse_ms":0.0,"ptr_refine_ms":0.0,"rev":8,"rev_delta":0,"units":24,"wildlife":38}
{"astar_ms":0.0,"buildings":7,"can_occupy_ms":0.0,"fine_build_ms":0.0,"fine_cells":0,"frame":600,"grid_refresh":0,"grid_refresh_ms":0.0,"move_step_ms":0.0,"ms":8.53,"path_between_ms":0.0,"path_to_range_ms":0.0,"ptr_coarse_ms":0.0,"ptr_refine_ms":0.0,"rev":8,"rev_delta":0,"units":24,"wildlife":38}
{"astar_ms":0.0,"buildings":7,"can_occupy_ms":0.0,"fine_build_ms":0.0,"fine_cells":0,"frame":900,"grid_refresh":0,"grid_refresh_ms":0.0,"move_step_ms":0.0,"ms":11.08,"path_between_ms":0.0,"path_to_range_ms":0.0,"ptr_coarse_ms":0.0,"ptr_refine_ms":0.0,"rev":8,"rev_delta":0,"units":24,"wildlife":38}
{"astar_ms":0.0,"buildings":7,"can_occupy_ms":0.0,"fine_build_ms":0.0,"fine_cells":0,"frame":1200,"grid_refresh":0,"grid_refresh_ms":0.0,"move_step_ms":0.0,"ms":22.27,"path_between_ms":0.0,"path_to_range_ms":0.0,"ptr_coarse_ms":0.0,"ptr_refine_ms":0.0,"rev":8,"rev_delta":0,"units":24,"wildlife":38}
{"astar_ms":0.0,"buildings":15,"can_occupy_ms":0.0,"fine_build_ms":0.0,"fine_cells":0,"frame":1500,"grid_refresh":0,"grid_refresh_ms":0.0,"move_step_ms":0.0,"ms":20.92,"path_between_ms":0.0,"path_to_range_ms":0.0,"ptr_coarse_ms":0.0,"ptr_refine_ms":0.0,"rev":17,"rev_delta":0,"units":24,"wildlife":38}
{"astar_ms":0.0,"buildings":20,"can_occupy_ms":0.0,"fine_build_ms":0.0,"fine_cells":0,"frame":1800,"grid_refresh":0,"grid_refresh_ms":0.0,"move_step_ms":0.0,"ms":20.44,"path_between_ms":0.0,"path_to_range_ms":0.0,"ptr_coarse_ms":0.0,"ptr_refine_ms":0.0,"rev":23,"rev_delta":0,"units":25,"wildlife":38}
{"astar_ms":0.0,"buildings":21,"can_occupy_ms":0.0,"fine_build_ms":0.0,"fine_cells":0,"frame":2100,"grid_refresh":0,"grid_refresh_ms":0.0,"move_step_ms":0.0,"ms":15.31,"path_between_ms":0.0,"path_to_range_ms":0.0,"ptr_coarse_ms":0.0,"ptr_refine_ms":0.0,"rev":28,"rev_delta":0,"units":26,"wildlife":38}
