Godot Engine v4.7.2.stable.custom_build.ed1daf0bf (2026-08-17 01:18:38 UTC) - https://godotengine.org

PARALLEL_PROGRESS {"batch_ms":61.205,"matches_serial":true,"mode":"arithmetic_control","pass":1,"snapshot_ms":0.013,"worker_ids":[1],"workers":0}
PARALLEL_PROGRESS {"batch_ms":88.464,"matches_serial":true,"mode":"arithmetic_control","pass":1,"snapshot_ms":0.035,"worker_ids":[5],"workers":1}
PARALLEL_PROGRESS {"batch_ms":33.904,"matches_serial":true,"mode":"arithmetic_control","pass":1,"snapshot_ms":0.043,"worker_ids":[6,8],"workers":2}
PARALLEL_PROGRESS {"batch_ms":42.468,"matches_serial":true,"mode":"arithmetic_control","pass":1,"snapshot_ms":0.034,"worker_ids":[10,12,10,12],"workers":4}
PARALLEL_PROGRESS {"batch_ms":35.895,"matches_serial":true,"mode":"arithmetic_control","pass":2,"snapshot_ms":0.055,"worker_ids":[10,12,10,12],"workers":4}
PARALLEL_PROGRESS {"batch_ms":35.919,"matches_serial":true,"mode":"arithmetic_control","pass":2,"snapshot_ms":0.046,"worker_ids":[12,10],"workers":2}
PARALLEL_PROGRESS {"batch_ms":73.281,"matches_serial":true,"mode":"arithmetic_control","pass":2,"snapshot_ms":0.038,"worker_ids":[13],"workers":1}
PARALLEL_PROGRESS {"batch_ms":74.063,"matches_serial":true,"mode":"arithmetic_control","pass":2,"snapshot_ms":0.036,"worker_ids":[1],"workers":0}
PARALLEL_PROGRESS {"batch_ms":450.434,"matches_serial":true,"mode":"grid","pass":1,"snapshot_ms":8.694,"worker_ids":[1],"workers":0}
PARALLEL_PROGRESS {"batch_ms":464.525,"matches_serial":true,"mode":"grid","pass":1,"snapshot_ms":63.154,"worker_ids":[16],"workers":1}
PARALLEL_PROGRESS {"batch_ms":412.924,"matches_serial":true,"mode":"grid","pass":1,"snapshot_ms":29.703,"worker_ids":[18,5],"workers":2}
PARALLEL_PROGRESS {"batch_ms":312.164,"matches_serial":true,"mode":"grid","pass":1,"snapshot_ms":72.411,"worker_ids":[6,8,8,6],"workers":4}
PARALLEL_PROGRESS {"batch_ms":328.63,"matches_serial":true,"mode":"grid","pass":2,"snapshot_ms":34.657,"worker_ids":[6,8,8,6],"workers":4}
PARALLEL_PROGRESS {"batch_ms":433.51,"matches_serial":true,"mode":"grid","pass":2,"snapshot_ms":22.917,"worker_ids":[8,6],"workers":2}
PARALLEL_PROGRESS {"batch_ms":404.053,"matches_serial":true,"mode":"grid","pass":2,"snapshot_ms":18.687,"worker_ids":[10],"workers":1}
PARALLEL_PROGRESS {"batch_ms":417.668,"matches_serial":true,"mode":"grid","pass":2,"snapshot_ms":19.877,"worker_ids":[1],"workers":0}
PARALLEL_PROGRESS {"batch_ms":871.8,"matches_serial":true,"mode":"recovery","pass":1,"snapshot_ms":39.754,"successful_routes":79,"worker_ids":[1],"workers":0}
PARALLEL_PROGRESS {"batch_ms":839.056,"matches_serial":true,"mode":"recovery","pass":1,"snapshot_ms":10.328,"successful_routes":79,"worker_ids":[12],"workers":1}
PARALLEL_PROGRESS {"batch_ms":707.212,"matches_serial":true,"mode":"recovery","pass":1,"snapshot_ms":17.318,"successful_routes":79,"worker_ids":[13,16],"workers":2}
PARALLEL_PROGRESS {"batch_ms":773.813,"matches_serial":true,"mode":"recovery","pass":1,"snapshot_ms":33.743,"successful_routes":79,"worker_ids":[18,5,5,18],"workers":4}
PARALLEL_PROGRESS {"batch_ms":833.101,"matches_serial":true,"mode":"recovery","pass":2,"snapshot_ms":28.444,"successful_routes":79,"worker_ids":[5,18,5,18],"workers":4}
PARALLEL_PROGRESS {"batch_ms":876.347,"matches_serial":true,"mode":"recovery","pass":2,"snapshot_ms":10.924,"successful_routes":79,"worker_ids":[5,18],"workers":2}
PARALLEL_PROGRESS {"batch_ms":950.177,"matches_serial":true,"mode":"recovery","pass":2,"snapshot_ms":6.112,"successful_routes":79,"worker_ids":[6],"workers":1}
PARALLEL_PROGRESS {"batch_ms":952.664,"matches_serial":true,"mode":"recovery","pass":2,"snapshot_ms":6.409,"successful_routes":79,"worker_ids":[1],"workers":0}
NAVIGATION_PARALLEL_POC {"buildings":6,"deer":8,"failures":0,"high_priority":false,"requests":80,"runs":[{"batch_ms":61.205,"matches_serial":true,"mode":"arithmetic_control","pass":1,"snapshot_ms":0.013,"worker_ids":[1],"workers":0},{"batch_ms":88.464,"matches_serial":true,"mode":"arithmetic_control","pass":1,"snapshot_ms":0.035,"worker_ids":[5],"workers":1},{"batch_ms":33.904,"matches_serial":true,"mode":"arithmetic_control","pass":1,"snapshot_ms":0.043,"worker_ids":[6,8],"workers":2},{"batch_ms":42.468,"matches_serial":true,"mode":"arithmetic_control","pass":1,"snapshot_ms":0.034,"worker_ids":[10,12,10,12],"workers":4},{"batch_ms":35.895,"matches_serial":true,"mode":"arithmetic_control","pass":2,"snapshot_ms":0.055,"worker_ids":[10,12,10,12],"workers":4},{"batch_ms":35.919,"matches_serial":true,"mode":"arithmetic_control","pass":2,"snapshot_ms":0.046,"worker_ids":[12,10],"workers":2},{"batch_ms":73.281,"matches_serial":true,"mode":"arithmetic_control","pass":2,"snapshot_ms":0.038,"worker_ids":[13],"workers":1},{"batch_ms":74.063,"matches_serial":true,"mode":"arithmetic_control","pass":2,"snapshot_ms":0.036,"worker_ids":[1],"workers":0},{"async":true,"batch_ms":53.346,"main_loop_ticks":3,"main_submit_ms":0.012,"matches_serial":true,"max_main_tick_gap_ms":39.998,"mode":"arithmetic_control","workers":4},{"batch_ms":450.434,"matches_serial":true,"mode":"grid","pass":1,"snapshot_ms":8.694,"worker_ids":[1],"workers":0},{"batch_ms":464.525,"matches_serial":true,"mode":"grid","pass":1,"snapshot_ms":63.154,"worker_ids":[16],"workers":1},{"batch_ms":412.924,"matches_serial":true,"mode":"grid","pass":1,"snapshot_ms":29.703,"worker_ids":[18,5],"workers":2},{"batch_ms":312.164,"matches_serial":true,"mode":"grid","pass":1,"snapshot_ms":72.411,"worker_ids":[6,8,8,6],"workers":4},{"batch_ms":328.63,"matches_serial":true,"mode":"grid","pass":2,"snapshot_ms":34.657,"worker_ids":[6,8,8,6],"workers":4},{"batch_ms":433.51,"matches_serial":true,"mode":"grid","pass":2,"snapshot_ms":22.917,"worker_ids":[8,6],"workers":2},{"batch_ms":404.053,"matches_serial":true,"mode":"grid","pass":2,"snapshot_ms":18.687,"worker_ids":[10],"workers":1},{"batch_ms":417.668,"matches_serial":true,"mode":"grid","pass":2,"snapshot_ms":19.877,"worker_ids":[1],"workers":0},{"async":true,"batch_ms":354.822,"main_loop_ticks":44,"main_submit_ms":0.012,"matches_serial":true,"max_main_tick_gap_ms":17.228,"mode":"grid","workers":4},{"batch_ms":871.8,"matches_serial":true,"mode":"recovery","pass":1,"snapshot_ms":39.754,"successful_routes":79,"worker_ids":[1],"workers":0},{"batch_ms":839.056,"matches_serial":true,"mode":"recovery","pass":1,"snapshot_ms":10.328,"successful_routes":79,"worker_ids":[12],"workers":1},{"batch_ms":707.212,"matches_serial":true,"mode":"recovery","pass":1,"snapshot_ms":17.318,"successful_routes":79,"worker_ids":[13,16],"workers":2},{"batch_ms":773.813,"matches_serial":true,"mode":"recovery","pass":1,"snapshot_ms":33.743,"successful_routes":79,"worker_ids":[18,5,5,18],"workers":4},{"batch_ms":833.101,"matches_serial":true,"mode":"recovery","pass":2,"snapshot_ms":28.444,"successful_routes":79,"worker_ids":[5,18,5,18],"workers":4},{"batch_ms":876.347,"matches_serial":true,"mode":"recovery","pass":2,"snapshot_ms":10.924,"successful_routes":79,"worker_ids":[5,18],"workers":2},{"batch_ms":950.177,"matches_serial":true,"mode":"recovery","pass":2,"snapshot_ms":6.112,"successful_routes":79,"worker_ids":[6],"workers":1},{"batch_ms":952.664,"matches_serial":true,"mode":"recovery","pass":2,"snapshot_ms":6.409,"successful_routes":79,"worker_ids":[1],"workers":0},{"async":true,"batch_ms":804.983,"main_loop_ticks":98,"main_submit_ms":0.01,"matches_serial":true,"max_main_tick_gap_ms":16.659,"mode":"recovery","workers":4}]}
