Godot Engine v4.7.2.stable.custom_build.ed1daf0bf (2026-08-17 01:18:38 UTC) - https://godotengine.org

POC_PASS snapshot_paths_match_live_oracle mismatches=0
POC_PASS snapshot_grid_matches_live_oracle cells=148996 mismatches=0
POC_PASS background_paths_match_live_oracle mismatches=0
POC_PASS bounded_workers_yield_main_loop 
ASYNC_NAV_PROFILE {"async_wall_us":692400,"buildings":6,"deer":8,"main_work_us":122488,"max_main_tick_us":11886,"metrics":{"accepted":80,"discarded":0,"finished":80,"max_active":2,"max_pending":80,"snapshot_us":53586,"submitted":80,"worker_us":523969},"resources":150,"serial_us":468302,"snapshot_kernel_us":488886,"ticks":72,"units":80}
POC_PASS naval_gate_overlap_snapshot naval=false allied=false differences=0
POC_PASS naval_gate_overlap_snapshot naval=false allied=true differences=0
POC_PASS naval_gate_overlap_snapshot naval=true allied=false differences=0
POC_PASS naval_gate_overlap_snapshot naval=true allied=true differences=0
POC_PASS new_order_discards_inflight_result 
POC_PASS structural_revision_discards_result 
POC_PASS moving_target_discards_result 
POC_PASS moved_unit_discards_result 
POC_PASS moving_deer_rechecks_live_collision 
POC_PASS result_never_teleports_mover 
POC_PASS dead_unit_releases_request 
POC_PASS reset_joins_workers_and_drops_results 
POC_PASS service_reusable_after_reset 
POC_PASS real_unit_submits_background_recovery 
POC_PASS real_unit_follows_background_detour (444.5299, 296.7535)
POC_PASS background_detour_preserves_speed_and_collision 
POC_PASS queue_capacity_is_bounded 
POC_PASS duplicate_request_is_coalesced 
POC_PASS new_order_releases_queued_slot 
NAVIGATION_ASYNC_POC checks=23 failures=0
