Godot Engine v4.7.2.stable.custom_build.ed1daf0bf (2026-08-17 01:18:38 UTC) - https://godotengine.org

POC_PASS auto_gather_sep24_angle0 remaining=951 order=gather
POC_PASS auto_gather_sep24_angle1 remaining=951 order=gather
POC_PASS auto_gather_sep24_angle2 remaining=951 order=gather
POC_PASS auto_gather_sep24_angle3 remaining=951 order=gather
POC_PASS auto_gather_sep30_angle0 remaining=951 order=gather
POC_PASS auto_gather_sep30_angle1 remaining=951 order=gather
POC_PASS auto_gather_sep30_angle2 remaining=951 order=gather
POC_PASS auto_gather_sep30_angle3 remaining=951 order=gather
POC_PASS auto_gather_sep40_angle0 remaining=951 order=gather
POC_PASS auto_gather_sep40_angle1 remaining=951 order=gather
POC_PASS auto_gather_sep40_angle2 remaining=951 order=gather
POC_PASS auto_gather_sep40_angle3 remaining=951 order=gather
POC_PASS auto_gather_sep48_angle0 remaining=951 order=gather
POC_PASS auto_gather_sep48_angle1 remaining=951 order=gather
POC_PASS auto_gather_sep48_angle2 remaining=951 order=gather
POC_PASS auto_gather_sep48_angle3 remaining=951 order=gather
POC_PASS auto_gather_sep64_angle0 remaining=951 order=gather
POC_PASS auto_gather_sep64_angle1 remaining=951 order=gather
POC_PASS auto_gather_sep64_angle2 remaining=951 order=gather
POC_PASS auto_gather_sep64_angle3 remaining=951 order=gather
POC_PASS depleted_gather_follows_explicit_queue_neighborfalse order=idle queue=0 pos=(656.0, 600.0)
POC_FAIL depleted_gather_follows_explicit_queue_neighbortrue order=gather queue=1 pos=(913.75, 600.0)
POC_PASS farm_queue_control_occupiedfalse_extrafalse order=gather queue=1
POC_PASS farm_queue_control_occupiedfalse_extratrue order=gather queue=1
POC_FAIL busy_farm_preserves_followup_move order=idle queue=0 pos=(744.0, 600.0)
POC_PASS farm_queue_control_occupiedtrue_extratrue order=gather queue=1
POC_PASS unload_town_center_villager_2_serialfalse_setup 2 boarded
POC_PASS unload_town_center_villager_2_serialfalse_exits 
POC_PASS unload_town_center_villager_2_serialfalse_no_overlap 0 pairs [(788.5, 687.5), (812.5, 687.5)]
POC_PASS unload_town_center_villager_4_serialfalse_setup 4 boarded
POC_PASS unload_town_center_villager_4_serialfalse_exits 
POC_PASS unload_town_center_villager_4_serialfalse_no_overlap 0 pairs [(788.5, 687.5), (812.5, 687.5), (836.5, 687.5), (788.5, 709.5)]
POC_PASS unload_town_center_villager_8_serialfalse_setup 8 boarded
POC_PASS unload_town_center_villager_8_serialfalse_exits 
POC_PASS unload_town_center_villager_8_serialfalse_no_overlap 0 pairs [(788.5, 687.5), (812.5, 687.5), (836.5, 687.5), (788.5, 709.5), (812.5, 709.5), (836.5, 709.5), (788.5, 731.5), (812.5, 731.5)]
POC_PASS unload_town_center_villager_2_serialtrue_setup 2 boarded
POC_PASS unload_town_center_villager_2_serialtrue_exits 
POC_PASS unload_town_center_villager_2_serialtrue_no_overlap 0 pairs [(788.5, 687.5), (804.0052, 669.181)]
POC_PASS unload_town_center_villager_4_serialtrue_setup 4 boarded
POC_PASS unload_town_center_villager_4_serialtrue_exits 
POC_PASS unload_town_center_villager_4_serialtrue_no_overlap 0 pairs [(788.5, 687.5), (804.0052, 669.181), (770.181, 671.9948), (811.3582, 694.8146)]
POC_PASS unload_town_center_villager_8_serialtrue_setup 8 boarded
POC_PASS unload_town_center_villager_8_serialtrue_exits 
POC_PASS unload_town_center_villager_8_serialtrue_no_overlap 0 pairs [(788.5, 687.5), (804.0052, 669.181), (770.181, 671.9948), (811.3582, 694.8146), (767.1646, 698.491), (790.4896, 711.4174), (836.3348, 683.5208), (751.8619, 656.4894)]
POC_PASS unload_town_center_knight_2_serialfalse_setup 2 boarded
POC_PASS unload_town_center_knight_2_serialfalse_exits 
POC_FAIL unload_town_center_knight_2_serialfalse_no_overlap 1 pairs [(788.5, 687.5), (812.5, 687.5)]
POC_PASS unload_town_center_knight_4_serialfalse_setup 4 boarded
POC_PASS unload_town_center_knight_4_serialfalse_exits 
POC_FAIL unload_town_center_knight_4_serialfalse_no_overlap 3 pairs [(788.5, 687.5), (812.5, 687.5), (836.5, 687.5), (788.5, 709.5)]
POC_PASS unload_town_center_knight_8_serialfalse_setup 8 boarded
POC_PASS unload_town_center_knight_8_serialfalse_exits 
POC_FAIL unload_town_center_knight_8_serialfalse_no_overlap 10 pairs [(788.5, 687.5), (812.5, 687.5), (836.5, 687.5), (788.5, 709.5), (812.5, 709.5), (836.5, 709.5), (788.5, 731.5), (812.5, 731.5)]
POC_PASS unload_town_center_knight_2_serialtrue_setup 2 boarded
POC_PASS unload_town_center_knight_2_serialtrue_exits 
POC_PASS unload_town_center_knight_2_serialtrue_no_overlap 0 pairs [(788.5, 687.5), (815.1693, 673.7613)]
POC_PASS unload_town_center_knight_4_serialtrue_setup 4 boarded
POC_PASS unload_town_center_knight_4_serialtrue_exits 
POC_PASS unload_town_center_knight_4_serialtrue_no_overlap 0 pairs [(788.5, 687.5), (815.1693, 673.7613), (759.9272, 678.3568), (811.3988, 706.8816)]
POC_PASS unload_town_center_knight_8_serialtrue_setup 8 boarded
POC_PASS unload_town_center_knight_8_serialtrue_exits 
POC_PASS unload_town_center_knight_8_serialtrue_no_overlap 0 pairs [(788.5, 687.5), (815.1693, 673.7613), (759.9272, 678.3568), (811.3988, 706.8816), (769.1184, 710.3988), (792.2305, 732.3451), (848.2935, 682.5259), (742.7025, 648.7368)]
POC_PASS unload_battering_ram_villager_2_serialfalse_setup 2 boarded
POC_PASS unload_battering_ram_villager_2_serialfalse_exits 
POC_PASS unload_battering_ram_villager_2_serialfalse_no_overlap 0 pairs [(777.0, 640.0), (800.0, 640.0)]
POC_PASS unload_battering_ram_villager_4_serialfalse_setup 4 boarded
POC_PASS unload_battering_ram_villager_4_serialfalse_exits 
POC_PASS unload_battering_ram_villager_4_serialfalse_no_overlap 0 pairs [(777.0, 640.0), (800.0, 640.0), (823.0, 640.0), (777.0, 663.0)]
POC_PASS unload_battering_ram_villager_8_serialfalse_setup 8 boarded
POC_PASS unload_battering_ram_villager_8_serialfalse_exits 
POC_PASS unload_battering_ram_villager_8_serialfalse_no_overlap 0 pairs [(777.0, 640.0), (800.0, 640.0), (823.0, 640.0), (777.0, 663.0), (800.0, 663.0), (823.0, 663.0), (777.0, 686.0), (800.0, 686.0)]
POC_PASS unload_battering_ram_villager_2_serialtrue_setup 2 boarded
POC_PASS unload_battering_ram_villager_2_serialtrue_exits 
POC_PASS unload_battering_ram_villager_2_serialtrue_no_overlap 0 pairs [(777.0, 640.0), (788.9633, 619.1943)]
POC_PASS unload_battering_ram_villager_4_serialtrue_setup 4 boarded
POC_PASS unload_battering_ram_villager_4_serialtrue_exits 
POC_PASS unload_battering_ram_villager_4_serialtrue_no_overlap 0 pairs [(777.0, 640.0), (788.9633, 619.1943), (800.8002, 643.0906), (762.3561, 620.9854)]
POC_PASS unload_battering_ram_villager_8_serialtrue_setup 8 boarded
POC_PASS unload_battering_ram_villager_8_serialtrue_exits 
POC_PASS unload_battering_ram_villager_8_serialtrue_no_overlap 0 pairs [(777.0, 640.0), (788.9633, 619.1943), (800.8002, 643.0906), (762.3561, 620.9854), (783.2526, 663.1712), (753.8288, 646.2526), (759.0551, 671.2086), (800.9266, 598.3885)]
POC_PASS unload_battering_ram_knight_2_serialfalse_setup 2 boarded
POC_PASS unload_battering_ram_knight_2_serialfalse_exits 
POC_PASS unload_battering_ram_knight_2_serialfalse_no_overlap 0 pairs [(777.0, 640.0), (805.7402, 626.1418)]
POC_PASS unload_battering_ram_knight_4_serialfalse_setup 4 boarded
POC_PASS unload_battering_ram_knight_4_serialfalse_exits 
POC_FAIL unload_battering_ram_knight_4_serialfalse_no_overlap 1 pairs [(777.0, 640.0), (805.7402, 626.1418), (823.0, 640.0), (791.0903, 668.1441)]
POC_PASS unload_battering_ram_knight_8_serialfalse_setup 8 boarded
POC_PASS unload_battering_ram_knight_8_serialfalse_exits 
POC_FAIL unload_battering_ram_knight_8_serialfalse_no_overlap 8 pairs [(777.0, 640.0), (805.7402, 626.1418), (823.0, 640.0), (791.0903, 668.1441), (800.0, 663.0), (823.0, 663.0), (777.0, 686.0), (800.0, 686.0)]
POC_PASS unload_battering_ram_knight_2_serialtrue_setup 2 boarded
POC_PASS unload_battering_ram_knight_2_serialtrue_exits 
POC_PASS unload_battering_ram_knight_2_serialtrue_no_overlap 0 pairs [(777.0, 640.0), (791.9542, 613.9928)]
POC_PASS unload_battering_ram_knight_4_serialtrue_setup 4 boarded
POC_PASS unload_battering_ram_knight_4_serialtrue_exits 
POC_FAIL unload_battering_ram_knight_4_serialtrue_no_overlap 2 pairs [(777.0, 640.0), (791.9542, 613.9928), (805.9641, 632.1843), (769.1843, 611.0359)]
POC_PASS unload_battering_ram_knight_8_serialtrue_setup 8 boarded
POC_PASS unload_battering_ram_knight_8_serialtrue_exits 
POC_FAIL unload_battering_ram_knight_8_serialtrue_no_overlap 2 pairs [(777.0, 640.0), (791.9542, 613.9928), (805.9641, 632.1843), (769.1843, 611.0359), (784.8157, 668.9641), (748.0359, 647.8157), (816.0108, 662.4312), (737.9892, 617.5688)]
POC_PASS unload_transport_ship_villager_2_serialfalse_setup 2 boarded
POC_PASS unload_transport_ship_villager_2_serialfalse_exits 
POC_PASS unload_transport_ship_villager_2_serialfalse_no_overlap 0 pairs [(752.0, 525.0), (775.0, 525.0)]
POC_PASS unload_transport_ship_villager_4_serialfalse_setup 4 boarded
POC_PASS unload_transport_ship_villager_4_serialfalse_exits 
POC_FAIL unload_transport_ship_villager_4_serialfalse_no_overlap 1 pairs [(752.0, 525.0), (775.0, 525.0), (789.5147, 533.4853), (752.0, 548.0)]
POC_PASS unload_transport_ship_villager_8_serialfalse_setup 8 boarded
POC_PASS unload_transport_ship_villager_8_serialfalse_exits 
POC_FAIL unload_transport_ship_villager_8_serialfalse_no_overlap 3 pairs [(752.0, 525.0), (775.0, 525.0), (789.5147, 533.4853), (752.0, 548.0), (775.0, 548.0), (787.3149, 542.5383), (752.0, 571.0), (775.0, 571.0)]
POC_PASS unload_transport_ship_villager_2_serialtrue_setup 2 boarded
POC_PASS unload_transport_ship_villager_2_serialtrue_exits 
POC_PASS unload_transport_ship_villager_2_serialtrue_no_overlap 0 pairs [(752.0, 525.0), (776.0, 525.0)]
POC_PASS unload_transport_ship_villager_4_serialtrue_setup 4 boarded
POC_PASS unload_transport_ship_villager_4_serialtrue_exits 
POC_PASS unload_transport_ship_villager_4_serialtrue_no_overlap 0 pairs [(752.0, 525.0), (776.0, 525.0), (761.1844, 547.1731), (761.1844, 502.8269)]
POC_PASS unload_transport_ship_villager_8_serialtrue_setup 8 boarded
POC_PASS unload_transport_ship_villager_8_serialtrue_exits 
POC_PASS unload_transport_ship_villager_8_serialtrue_no_overlap 0 pairs [(752.0, 525.0), (776.0, 525.0), (761.1844, 547.1731), (761.1844, 502.8269), (735.0294, 541.9706), (735.0294, 508.0294), (716.0, 525.0), (785.9411, 558.9411)]
POC_PASS unload_transport_ship_knight_2_serialfalse_setup 2 boarded
POC_PASS unload_transport_ship_knight_2_serialfalse_exits 
POC_PASS unload_transport_ship_knight_2_serialfalse_no_overlap 0 pairs [(752.0, 525.0), (780.7402, 538.8582)]
POC_PASS unload_transport_ship_knight_4_serialfalse_setup 4 boarded
POC_PASS unload_transport_ship_knight_4_serialfalse_exits 
POC_FAIL unload_transport_ship_knight_4_serialfalse_no_overlap 2 pairs [(752.0, 525.0), (780.7402, 538.8582), (784.1418, 530.7402), (765.3037, 554.929)]
POC_PASS unload_transport_ship_knight_8_serialfalse_setup 8 boarded
POC_PASS unload_transport_ship_knight_8_serialfalse_exits 
POC_FAIL unload_transport_ship_knight_8_serialfalse_no_overlap 13 pairs [(752.0, 525.0), (780.7402, 538.8582), (784.1418, 530.7402), (765.3037, 554.929), (775.0, 548.0), (784.6437, 541.1729), (752.0, 571.0), (775.0, 571.0)]
POC_PASS unload_transport_ship_knight_2_serialtrue_setup 2 boarded
POC_PASS unload_transport_ship_knight_2_serialtrue_exits 
POC_PASS unload_transport_ship_knight_2_serialtrue_no_overlap 0 pairs [(752.0, 525.0), (782.0, 525.0)]
POC_PASS unload_transport_ship_knight_4_serialtrue_setup 4 boarded
POC_PASS unload_transport_ship_knight_4_serialtrue_exits 
POC_PASS unload_transport_ship_knight_4_serialtrue_no_overlap 0 pairs [(752.0, 525.0), (782.0, 525.0), (752.0, 555.0), (752.0, 495.0)]
POC_PASS unload_transport_ship_knight_8_serialtrue_setup 8 boarded
POC_PASS unload_transport_ship_knight_8_serialtrue_exits 
POC_PASS unload_transport_ship_knight_8_serialtrue_no_overlap 0 pairs [(752.0, 525.0), (782.0, 525.0), (752.0, 555.0), (752.0, 495.0), (722.0, 525.0), (783.8198, 556.8198), (783.8198, 493.1802), (720.1802, 556.8198)]
POC_PASS boarding_battering_ram_sealedfalse_route_control 
POC_PASS boarding_battering_ram_sealedfalse_respects_barrier boarded=true pos=(900.0, 650.0)
POC_PASS boarding_battering_ram_wall0_placeable 
POC_PASS boarding_battering_ram_wall1_placeable 
POC_PASS boarding_battering_ram_wall2_placeable 
POC_PASS boarding_battering_ram_wall3_placeable 
POC_PASS boarding_battering_ram_sealedtrue_route_control 
POC_FAIL boarding_battering_ram_sealedtrue_respects_barrier boarded=true pos=(900.0, 650.0)
POC_PASS boarding_siege_tower_sealedfalse_route_control 
POC_PASS boarding_siege_tower_sealedfalse_respects_barrier boarded=true pos=(900.0, 650.0)
POC_PASS boarding_siege_tower_wall0_placeable 
POC_PASS boarding_siege_tower_wall1_placeable 
POC_PASS boarding_siege_tower_wall2_placeable 
POC_PASS boarding_siege_tower_wall3_placeable 
POC_PASS boarding_siege_tower_sealedtrue_route_control 
POC_FAIL boarding_siege_tower_sealedtrue_respects_barrier boarded=true pos=(900.0, 650.0)
POC_PASS retreat_mangonel_obstructedfalse_witness 
POC_PASS retreat_mangonel_obstructedfalse_can_fire minimum=102.0 pos=(852.0, 600.0) goal=(843.0, 600.0)
POC_PASS retreat_mangonel_obstructedtrue_witness 
POC_FAIL retreat_mangonel_obstructedtrue_can_fire minimum=102.0 pos=(900.0, 600.0) goal=(843.0, 600.0)
POC_PASS retreat_trebuchet_obstructedfalse_witness 
POC_PASS retreat_trebuchet_obstructedfalse_can_fire minimum=94.5 pos=(860.3203, 600.0) goal=(850.5, 600.0)
POC_PASS retreat_trebuchet_obstructedtrue_witness 
POC_FAIL retreat_trebuchet_obstructedtrue_can_fire minimum=94.5 pos=(900.0, 600.0) goal=(850.5, 600.0)
POC_PASS retreat_bombard_obstructedfalse_witness 
POC_PASS retreat_bombard_obstructedfalse_can_fire minimum=77.0 pos=(877.0001, 600.0) goal=(868.0, 600.0)
POC_PASS retreat_bombard_obstructedtrue_witness 
POC_FAIL retreat_bombard_obstructedtrue_can_fire minimum=77.0 pos=(900.0, 600.0) goal=(868.0, 600.0)
POC_PASS landing_variant0_setup 
POC_PASS landing_variant0_pair_exists 
POC_PASS landing_variant0_land_is_free { "land": (775.0, 525.0), "water": (825.0, 525.0) }
POC_PASS landing_variant0_finishes_safely (752.0, 525.0)
POC_PASS landing_variant1_setup 
POC_PASS landing_variant1_pair_exists 
POC_PASS landing_variant1_land_is_free { "land": (775.0, 475.0), "water": (825.0, 475.0) }
POC_PASS landing_variant1_finishes_safely (752.0, 475.0)
POC_PASS landing_variant2_setup 
POC_PASS landing_variant2_pair_exists 
POC_FAIL landing_variant2_land_is_free { "land": (775.0, 525.0), "water": (825.0, 525.0) }
POC_PASS landing_variant2_finishes_safely (765.7766, 491.7404)
POC_PASS landing_route_spacing80_boarded 
POC_PASS landing_route_spacing80_pair_exists 
POC_FAIL landing_route_spacing80_water_reachable pair={ "land": (1025.0, 525.0), "water": (975.0, 525.0) } points=0
POC_PASS landing_route_spacing80_fallback_witness 
POC_FAIL landing_route_spacing80_unloads order=unload pos=(425.0, 525.0)
POC_PASS landing_route_spacing100_boarded 
POC_PASS landing_route_spacing100_pair_exists 
POC_PASS landing_route_spacing100_water_reachable pair={ "land": (1025.0, 525.0), "water": (975.0, 525.0) } points=3
POC_PASS landing_route_spacing100_fallback_witness 
POC_PASS landing_route_spacing100_unloads order=idle pos=(959.3107, 521.8621)
POC_PASS landing_route_spacing125_boarded 
POC_PASS landing_route_spacing125_pair_exists 
POC_PASS landing_route_spacing125_water_reachable pair={ "land": (1025.0, 525.0), "water": (975.0, 525.0) } points=3
POC_PASS landing_route_spacing125_fallback_witness 
POC_PASS landing_route_spacing125_unloads order=idle pos=(959.3107, 521.8621)
POC_FAIL spawn_villager_2_no_overlap 1 pairs [(800.0, 600.0), (812.0, 600.0)]
POC_FAIL spawn_villager_4_no_overlap 5 pairs [(800.0, 600.0), (812.0, 600.0), (804.5922, 611.0865), (804.5922, 588.9135)]
POC_FAIL spawn_villager_8_no_overlap 14 pairs [(800.0, 600.0), (812.0, 600.0), (804.5922, 611.0865), (804.5922, 588.9135), (791.5147, 608.4853), (791.5147, 591.5147), (822.1731, 609.1844), (816.9706, 583.0294)]
POC_FAIL spawn_knight_2_no_overlap 1 pairs [(800.0, 600.0), (815.0, 600.0)]
POC_FAIL spawn_knight_4_no_overlap 6 pairs [(800.0, 600.0), (815.0, 600.0), (805.7402, 613.8582), (805.7402, 586.1418)]
POC_FAIL spawn_knight_8_no_overlap 19 pairs [(800.0, 600.0), (815.0, 600.0), (805.7402, 613.8582), (805.7402, 586.1418), (789.3934, 610.6066), (789.3934, 589.3934), (827.7164, 611.4805), (821.2132, 578.7868)]
POC_FAIL spawn_battering_ram_2_no_overlap 1 pairs [(800.0, 600.0), (818.0, 600.0)]
POC_FAIL spawn_battering_ram_4_no_overlap 6 pairs [(800.0, 600.0), (818.0, 600.0), (806.8883, 616.6298), (806.8883, 583.3702)]
POC_FAIL spawn_battering_ram_8_no_overlap 19 pairs [(800.0, 600.0), (818.0, 600.0), (806.8883, 616.6298), (806.8883, 583.3702), (787.2721, 612.7279), (787.2721, 587.2721), (833.2596, 613.7766), (825.4559, 574.5441)]
POC_PASS production_spearman_setup 8 trained
POC_FAIL production_spearman_no_overlap 10 pairs [(962.0, 593.5185), (962.0, 622.4655), (974.0, 582.7383), (974.0, 608.6501), (970.4853, 630.1127), (953.5147, 588.5609), (957.4078, 578.2304), (998.0, 598.178)]
POC_PASS production_knight_setup 8 trained
POC_FAIL production_knight_no_overlap 10 pairs [(962.0, 593.5185), (977.0, 622.4655), (977.0, 582.7383), (956.2598, 622.5083), (967.7402, 635.4856), (956.2598, 583.1879), (962.0, 574.317), (1007.0, 598.178)]
POC_PASS target_spearman_visible_attack_control 
POC_PASS target_spearman_deleted_not_attacked_after_transition 
POC_PASS target_spearman_deleted_queue_resumes order=idle queue=0 pos=(602.6832, 405.3666)
POC_PASS target_spearman_garrisoned_setup 
POC_PASS target_spearman_garrisoned_not_attacked_after_transition 
POC_FAIL target_spearman_garrisoned_queue_resumes order=attack queue=1 pos=(700.0, 600.0)
POC_PASS target_spearman_embarked_setup 
POC_FAIL target_spearman_embarked_not_attacked_after_transition 
POC_FAIL target_spearman_embarked_queue_resumes order=attack queue=1 pos=(1087.75, 600.0)
POC_PASS target_spearman_converted_setup 
POC_FAIL target_spearman_converted_not_attacked_after_transition 
POC_FAIL target_spearman_converted_queue_resumes order=attack queue=1 pos=(1017.75, 600.0)
POC_PASS target_archer_visible_attack_control 
POC_PASS target_archer_deleted_not_attacked_after_transition 
POC_PASS target_archer_deleted_queue_resumes order=idle queue=0 pos=(602.6832, 405.3666)
POC_PASS target_archer_garrisoned_setup 
POC_FAIL target_archer_garrisoned_not_attacked_after_transition 
POC_FAIL target_archer_garrisoned_queue_resumes order=attack queue=1 pos=(1000.25, 612.5)
POC_PASS target_archer_embarked_setup 
POC_FAIL target_archer_embarked_not_attacked_after_transition 
POC_FAIL target_archer_embarked_queue_resumes order=attack queue=1 pos=(957.75, 600.0)
POC_PASS target_archer_converted_setup 
POC_FAIL target_archer_converted_not_attacked_after_transition 
POC_FAIL target_archer_converted_queue_resumes order=attack queue=1 pos=(887.75, 600.0)
NAVIGATION_STATE_POC checks=226 failures=43
WARNING: 8 ObjectDB instances were leaked at exit (run with `--verbose` for details).
   at: cleanup (core/object/object.cpp:2536)
