Godot Engine v4.7.2.stable.custom_build.ed1daf0bf (2026-08-17 01:18:38 UTC) - https://godotengine.org

PARALLEL_PROGRESS {"batch_ms":96.939,"matches_serial":true,"mode":"arithmetic_control","pass":1,"snapshot_ms":0.014,"worker_ids":[1],"workers":0}
PARALLEL_PROGRESS {"batch_ms":186.952,"matches_serial":true,"mode":"arithmetic_control","pass":1,"snapshot_ms":0.027,"worker_ids":[5],"workers":1}
PARALLEL_PROGRESS {"batch_ms":43.086,"matches_serial":true,"mode":"arithmetic_control","pass":1,"snapshot_ms":0.042,"worker_ids":[8,7],"workers":2}
PARALLEL_PROGRESS {"batch_ms":32.246,"matches_serial":true,"mode":"arithmetic_control","pass":1,"snapshot_ms":0.034,"worker_ids":[10,12,10,12],"workers":4}
PARALLEL_PROGRESS {"batch_ms":40.79,"matches_serial":true,"mode":"arithmetic_control","pass":2,"snapshot_ms":0.037,"worker_ids":[10,12,10,12],"workers":4}
PARALLEL_PROGRESS {"batch_ms":50.292,"matches_serial":true,"mode":"arithmetic_control","pass":2,"snapshot_ms":0.059,"worker_ids":[10,12],"workers":2}
PARALLEL_PROGRESS {"batch_ms":83.934,"matches_serial":true,"mode":"arithmetic_control","pass":2,"snapshot_ms":0.027,"worker_ids":[14],"workers":1}
PARALLEL_PROGRESS {"batch_ms":93.292,"matches_serial":true,"mode":"arithmetic_control","pass":2,"snapshot_ms":0.043,"worker_ids":[1],"workers":0}
PARALLEL_PROGRESS {"batch_ms":578.125,"matches_serial":true,"mode":"grid","pass":1,"snapshot_ms":6.917,"worker_ids":[1],"workers":0}
PARALLEL_PROGRESS {"batch_ms":780.15,"matches_serial":true,"mode":"grid","pass":1,"snapshot_ms":37.518,"worker_ids":[16],"workers":1}
PARALLEL_PROGRESS {"batch_ms":414.061,"matches_serial":true,"mode":"grid","pass":1,"snapshot_ms":44.648,"worker_ids":[18,5],"workers":2}
PARALLEL_PROGRESS {"batch_ms":375.003,"matches_serial":true,"mode":"grid","pass":1,"snapshot_ms":84.209,"worker_ids":[7,8,7,8],"workers":4}
PARALLEL_PROGRESS {"batch_ms":645.854,"matches_serial":true,"mode":"grid","pass":2,"snapshot_ms":57.025,"worker_ids":[7,8,8,7],"workers":4}
PARALLEL_PROGRESS {"batch_ms":446.714,"matches_serial":true,"mode":"grid","pass":2,"snapshot_ms":67.589,"worker_ids":[7,8],"workers":2}
PARALLEL_PROGRESS {"batch_ms":618.418,"matches_serial":true,"mode":"grid","pass":2,"snapshot_ms":64.196,"worker_ids":[10],"workers":1}
PARALLEL_PROGRESS {"batch_ms":668.559,"matches_serial":true,"mode":"grid","pass":2,"snapshot_ms":22.429,"worker_ids":[1],"workers":0}
PARALLEL_PROGRESS {"batch_ms":1248.427,"matches_serial":true,"mode":"recovery","pass":1,"snapshot_ms":61.176,"successful_routes":79,"worker_ids":[1],"workers":0}
PARALLEL_PROGRESS {"batch_ms":1170.278,"matches_serial":true,"mode":"recovery","pass":1,"snapshot_ms":9.296,"successful_routes":79,"worker_ids":[12],"workers":1}
PARALLEL_PROGRESS {"batch_ms":937.321,"matches_serial":true,"mode":"recovery","pass":1,"snapshot_ms":20.99,"successful_routes":79,"worker_ids":[14,16],"workers":2}
PARALLEL_PROGRESS {"batch_ms":1049.958,"matches_serial":true,"mode":"recovery","pass":1,"snapshot_ms":35.002,"successful_routes":79,"worker_ids":[18,5,5,18],"workers":4}
PARALLEL_PROGRESS {"batch_ms":1138.259,"matches_serial":true,"mode":"recovery","pass":2,"snapshot_ms":30.931,"successful_routes":79,"worker_ids":[5,18,5,18],"workers":4}
PARALLEL_PROGRESS {"batch_ms":1066.893,"matches_serial":true,"mode":"recovery","pass":2,"snapshot_ms":15.955,"successful_routes":79,"worker_ids":[5,18],"workers":2}
PARALLEL_PROGRESS {"batch_ms":1582.413,"matches_serial":true,"mode":"recovery","pass":2,"snapshot_ms":6.084,"successful_routes":79,"worker_ids":[7],"workers":1}
PARALLEL_PROGRESS {"batch_ms":1292.296,"matches_serial":true,"mode":"recovery","pass":2,"snapshot_ms":6.001,"successful_routes":79,"worker_ids":[1],"workers":0}
NAVIGATION_PARALLEL_POC {"buildings":6,"deer":8,"failures":0,"high_priority":false,"requests":80,"runs":[{"batch_ms":96.939,"matches_serial":true,"mode":"arithmetic_control","pass":1,"snapshot_ms":0.014,"worker_ids":[1],"workers":0},{"batch_ms":186.952,"matches_serial":true,"mode":"arithmetic_control","pass":1,"snapshot_ms":0.027,"worker_ids":[5],"workers":1},{"batch_ms":43.086,"matches_serial":true,"mode":"arithmetic_control","pass":1,"snapshot_ms":0.042,"worker_ids":[8,7],"workers":2},{"batch_ms":32.246,"matches_serial":true,"mode":"arithmetic_control","pass":1,"snapshot_ms":0.034,"worker_ids":[10,12,10,12],"workers":4},{"batch_ms":40.79,"matches_serial":true,"mode":"arithmetic_control","pass":2,"snapshot_ms":0.037,"worker_ids":[10,12,10,12],"workers":4},{"batch_ms":50.292,"matches_serial":true,"mode":"arithmetic_control","pass":2,"snapshot_ms":0.059,"worker_ids":[10,12],"workers":2},{"batch_ms":83.934,"matches_serial":true,"mode":"arithmetic_control","pass":2,"snapshot_ms":0.027,"worker_ids":[14],"workers":1},{"batch_ms":93.292,"matches_serial":true,"mode":"arithmetic_control","pass":2,"snapshot_ms":0.043,"worker_ids":[1],"workers":0},{"async":true,"batch_ms":79.759,"main_loop_ticks":2,"main_submit_ms":0.01,"matches_serial":true,"max_main_tick_gap_ms":79.698,"mode":"arithmetic_control","workers":4},{"batch_ms":578.125,"matches_serial":true,"mode":"grid","pass":1,"snapshot_ms":6.917,"worker_ids":[1],"workers":0},{"batch_ms":780.15,"matches_serial":true,"mode":"grid","pass":1,"snapshot_ms":37.518,"worker_ids":[16],"workers":1},{"batch_ms":414.061,"matches_serial":true,"mode":"grid","pass":1,"snapshot_ms":44.648,"worker_ids":[18,5],"workers":2},{"batch_ms":375.003,"matches_serial":true,"mode":"grid","pass":1,"snapshot_ms":84.209,"worker_ids":[7,8,7,8],"workers":4},{"batch_ms":645.854,"matches_serial":true,"mode":"grid","pass":2,"snapshot_ms":57.025,"worker_ids":[7,8,8,7],"workers":4},{"batch_ms":446.714,"matches_serial":true,"mode":"grid","pass":2,"snapshot_ms":67.589,"worker_ids":[7,8],"workers":2},{"batch_ms":618.418,"matches_serial":true,"mode":"grid","pass":2,"snapshot_ms":64.196,"worker_ids":[10],"workers":1},{"batch_ms":668.559,"matches_serial":true,"mode":"grid","pass":2,"snapshot_ms":22.429,"worker_ids":[1],"workers":0},{"async":true,"batch_ms":531.183,"main_loop_ticks":54,"main_submit_ms":0.011,"matches_serial":true,"max_main_tick_gap_ms":103.988,"mode":"grid","workers":4},{"batch_ms":1248.427,"matches_serial":true,"mode":"recovery","pass":1,"snapshot_ms":61.176,"successful_routes":79,"worker_ids":[1],"workers":0},{"batch_ms":1170.278,"matches_serial":true,"mode":"recovery","pass":1,"snapshot_ms":9.296,"successful_routes":79,"worker_ids":[12],"workers":1},{"batch_ms":937.321,"matches_serial":true,"mode":"recovery","pass":1,"snapshot_ms":20.99,"successful_routes":79,"worker_ids":[14,16],"workers":2},{"batch_ms":1049.958,"matches_serial":true,"mode":"recovery","pass":1,"snapshot_ms":35.002,"successful_routes":79,"worker_ids":[18,5,5,18],"workers":4},{"batch_ms":1138.259,"matches_serial":true,"mode":"recovery","pass":2,"snapshot_ms":30.931,"successful_routes":79,"worker_ids":[5,18,5,18],"workers":4},{"batch_ms":1066.893,"matches_serial":true,"mode":"recovery","pass":2,"snapshot_ms":15.955,"successful_routes":79,"worker_ids":[5,18],"workers":2},{"batch_ms":1582.413,"matches_serial":true,"mode":"recovery","pass":2,"snapshot_ms":6.084,"successful_routes":79,"worker_ids":[7],"workers":1},{"batch_ms":1292.296,"matches_serial":true,"mode":"recovery","pass":2,"snapshot_ms":6.001,"successful_routes":79,"worker_ids":[1],"workers":0},{"async":true,"batch_ms":1053.562,"main_loop_ticks":127,"main_submit_ms":0.018,"matches_serial":true,"max_main_tick_gap_ms":16.828,"mode":"recovery","workers":4}]}
