Godot Engine v4.7.2.stable.custom_build.ed1daf0bf (2026-08-17 01:18:38 UTC) - https://godotengine.org

SPIKE frame=0 ms=37.3
SPIKE frame=216 ms=31.3
  stuck owner=0 kind=villager order=gather failures=1 pos=(289.0283, 806.4182) dest=(0.0, 0.0)
  stuck owner=2 kind=villager order=gather failures=1 pos=(386.8931, 1903.461) dest=(0.0, 0.0)
  stuck owner=3 kind=villager order=build failures=1 pos=(2003.65, 787.8587) dest=(0.0, 0.0)
SPIKE frame=217 ms=58.2
  stuck owner=0 kind=villager order=gather failures=1 pos=(289.0283, 806.4182) dest=(0.0, 0.0)
  stuck owner=2 kind=villager order=gather failures=1 pos=(386.8931, 1903.461) dest=(0.0, 0.0)
  stuck owner=3 kind=villager order=build failures=1 pos=(2003.65, 787.8587) dest=(0.0, 0.0)
SPIKE frame=1171 ms=33.1
  stuck owner=0 kind=villager order=gather failures=1 pos=(448.3181, 598.4879) dest=(0.0, 0.0)
  stuck owner=0 kind=villager order=gather failures=1 pos=(289.0283, 806.4182) dest=(0.0, 0.0)
  stuck owner=2 kind=villager order=gather failures=1 pos=(386.8931, 1903.461) dest=(0.0, 0.0)
  stuck owner=3 kind=villager order=build failures=1 pos=(2003.65, 787.8587) dest=(0.0, 0.0)
  stuck owner=3 kind=villager order=gather failures=1 pos=(1951.682, 598.4879) dest=(0.0, 0.0)
SPIKE frame=2000 ms=54.2
  stuck owner=0 kind=villager order=gather failures=1 pos=(448.3181, 598.4879) dest=(0.0, 0.0)
  stuck owner=0 kind=villager order=gather failures=1 pos=(289.0283, 806.4182) dest=(0.0, 0.0)
  stuck owner=2 kind=villager order=gather failures=1 pos=(386.8931, 1903.461) dest=(0.0, 0.0)
SPIKE frame=2007 ms=35.6
  stuck owner=0 kind=villager order=gather failures=1 pos=(448.3181, 598.4879) dest=(0.0, 0.0)
  stuck owner=0 kind=villager order=gather failures=1 pos=(289.0283, 806.4182) dest=(0.0, 0.0)
  stuck owner=2 kind=villager order=gather failures=1 pos=(386.8931, 1903.461) dest=(0.0, 0.0)
SPIKE frame=2114 ms=62.2
  stuck owner=0 kind=villager order=gather failures=1 pos=(448.3181, 598.4879) dest=(0.0, 0.0)
  stuck owner=0 kind=villager order=gather failures=1 pos=(289.0283, 806.4182) dest=(0.0, 0.0)
  stuck owner=2 kind=villager order=gather failures=1 pos=(386.8931, 1903.461) dest=(0.0, 0.0)
SPIKE frame=2227 ms=41.3
  stuck owner=0 kind=villager order=gather failures=1 pos=(448.3181, 598.4879) dest=(0.0, 0.0)
  stuck owner=0 kind=villager order=gather failures=1 pos=(289.0283, 806.4182) dest=(0.0, 0.0)
frames=2400 mean=8.49 p50=8.30 p90=10.85 p99=16.91 max=62.24
frames with obstacle_revision bump: 6/2400, with grid_refresh: 0/2400
first wildlife: 38, last wildlife: 38, last units: 24, last buildings: 19
--- slowest 15 frames ---
{"astar_ms":0.0,"buildings":15,"can_occupy_ms":0.0,"fine_build_ms":0.0,"fine_cells":0,"frame":2114,"grid_refresh":0,"grid_refresh_ms":0.0,"move_step_ms":0.0,"ms":62.24,"path_between_ms":0.0,"path_to_range_ms":0.0,"ptr_coarse_ms":0.0,"ptr_refine_ms":0.0,"rev":17,"rev_delta":3,"units":24,"wildlife":38}
{"astar_ms":0.0,"buildings":7,"can_occupy_ms":0.0,"fine_build_ms":0.0,"fine_cells":0,"frame":217,"grid_refresh":0,"grid_refresh_ms":0.0,"move_step_ms":0.0,"ms":58.17,"path_between_ms":0.0,"path_to_range_ms":0.0,"ptr_coarse_ms":0.0,"ptr_refine_ms":0.0,"rev":8,"rev_delta":0,"units":24,"wildlife":38}
{"astar_ms":0.0,"buildings":11,"can_occupy_ms":0.0,"fine_build_ms":0.0,"fine_cells":0,"frame":2000,"grid_refresh":0,"grid_refresh_ms":0.0,"move_step_ms":0.0,"ms":54.19,"path_between_ms":0.0,"path_to_range_ms":0.0,"ptr_coarse_ms":0.0,"ptr_refine_ms":0.0,"rev":12,"rev_delta":3,"units":24,"wildlife":38}
{"astar_ms":0.0,"buildings":19,"can_occupy_ms":0.0,"fine_build_ms":0.0,"fine_cells":0,"frame":2227,"grid_refresh":0,"grid_refresh_ms":0.0,"move_step_ms":0.0,"ms":41.26,"path_between_ms":0.0,"path_to_range_ms":0.0,"ptr_coarse_ms":0.0,"ptr_refine_ms":0.0,"rev":20,"rev_delta":3,"units":24,"wildlife":38}
{"astar_ms":0.0,"buildings":7,"can_occupy_ms":0.0,"fine_build_ms":0.0,"fine_cells":0,"frame":0,"grid_refresh":0,"grid_refresh_ms":0.0,"move_step_ms":0.0,"ms":37.26,"path_between_ms":0.0,"path_to_range_ms":0.0,"ptr_coarse_ms":0.0,"ptr_refine_ms":0.0,"rev":8,"rev_delta":0,"units":24,"wildlife":38}
{"astar_ms":0.0,"buildings":11,"can_occupy_ms":0.0,"fine_build_ms":0.0,"fine_cells":0,"frame":2007,"grid_refresh":0,"grid_refresh_ms":0.0,"move_step_ms":0.0,"ms":35.62,"path_between_ms":0.0,"path_to_range_ms":0.0,"ptr_coarse_ms":0.0,"ptr_refine_ms":0.0,"rev":13,"rev_delta":1,"units":24,"wildlife":38}
{"astar_ms":0.0,"buildings":7,"can_occupy_ms":0.0,"fine_build_ms":0.0,"fine_cells":0,"frame":1171,"grid_refresh":0,"grid_refresh_ms":0.0,"move_step_ms":0.0,"ms":33.06,"path_between_ms":0.0,"path_to_range_ms":0.0,"ptr_coarse_ms":0.0,"ptr_refine_ms":0.0,"rev":8,"rev_delta":0,"units":24,"wildlife":38}
{"astar_ms":0.0,"buildings":7,"can_occupy_ms":0.0,"fine_build_ms":0.0,"fine_cells":0,"frame":216,"grid_refresh":0,"grid_refresh_ms":0.0,"move_step_ms":0.0,"ms":31.32,"path_between_ms":0.0,"path_to_range_ms":0.0,"ptr_coarse_ms":0.0,"ptr_refine_ms":0.0,"rev":8,"rev_delta":0,"units":24,"wildlife":38}
{"astar_ms":0.0,"buildings":7,"can_occupy_ms":0.0,"fine_build_ms":0.0,"fine_cells":0,"frame":569,"grid_refresh":0,"grid_refresh_ms":0.0,"move_step_ms":0.0,"ms":29.82,"path_between_ms":0.0,"path_to_range_ms":0.0,"ptr_coarse_ms":0.0,"ptr_refine_ms":0.0,"rev":8,"rev_delta":0,"units":24,"wildlife":38}
{"astar_ms":0.0,"buildings":7,"can_occupy_ms":0.0,"fine_build_ms":0.0,"fine_cells":0,"frame":61,"grid_refresh":0,"grid_refresh_ms":0.0,"move_step_ms":0.0,"ms":24.43,"path_between_ms":0.0,"path_to_range_ms":0.0,"ptr_coarse_ms":0.0,"ptr_refine_ms":0.0,"rev":8,"rev_delta":0,"units":24,"wildlife":38}
{"astar_ms":0.0,"buildings":7,"can_occupy_ms":0.0,"fine_build_ms":0.0,"fine_cells":0,"frame":1808,"grid_refresh":0,"grid_refresh_ms":0.0,"move_step_ms":0.0,"ms":23.7,"path_between_ms":0.0,"path_to_range_ms":0.0,"ptr_coarse_ms":0.0,"ptr_refine_ms":0.0,"rev":9,"rev_delta":0,"units":24,"wildlife":38}
{"astar_ms":0.0,"buildings":7,"can_occupy_ms":0.0,"fine_build_ms":0.0,"fine_cells":0,"frame":218,"grid_refresh":0,"grid_refresh_ms":0.0,"move_step_ms":0.0,"ms":20.84,"path_between_ms":0.0,"path_to_range_ms":0.0,"ptr_coarse_ms":0.0,"ptr_refine_ms":0.0,"rev":8,"rev_delta":0,"units":24,"wildlife":38}
{"astar_ms":0.0,"buildings":7,"can_occupy_ms":0.0,"fine_build_ms":0.0,"fine_cells":0,"frame":1812,"grid_refresh":0,"grid_refresh_ms":0.0,"move_step_ms":0.0,"ms":20.54,"path_between_ms":0.0,"path_to_range_ms":0.0,"ptr_coarse_ms":0.0,"ptr_refine_ms":0.0,"rev":9,"rev_delta":0,"units":24,"wildlife":38}
{"astar_ms":0.0,"buildings":7,"can_occupy_ms":0.0,"fine_build_ms":0.0,"fine_cells":0,"frame":1800,"grid_refresh":0,"grid_refresh_ms":0.0,"move_step_ms":0.0,"ms":20.01,"path_between_ms":0.0,"path_to_range_ms":0.0,"ptr_coarse_ms":0.0,"ptr_refine_ms":0.0,"rev":9,"rev_delta":0,"units":24,"wildlife":38}
{"astar_ms":0.0,"buildings":15,"can_occupy_ms":0.0,"fine_build_ms":0.0,"fine_cells":0,"frame":2166,"grid_refresh":0,"grid_refresh_ms":0.0,"move_step_ms":0.0,"ms":19.9,"path_between_ms":0.0,"path_to_range_ms":0.0,"ptr_coarse_ms":0.0,"ptr_refine_ms":0.0,"rev":17,"rev_delta":0,"units":24,"wildlife":38}
--- sample every 300 frames ---
{"astar_ms":0.0,"buildings":7,"can_occupy_ms":0.0,"fine_build_ms":0.0,"fine_cells":0,"frame":0,"grid_refresh":0,"grid_refresh_ms":0.0,"move_step_ms":0.0,"ms":37.26,"path_between_ms":0.0,"path_to_range_ms":0.0,"ptr_coarse_ms":0.0,"ptr_refine_ms":0.0,"rev":8,"rev_delta":0,"units":24,"wildlife":38}
{"astar_ms":0.0,"buildings":7,"can_occupy_ms":0.0,"fine_build_ms":0.0,"fine_cells":0,"frame":300,"grid_refresh":0,"grid_refresh_ms":0.0,"move_step_ms":0.0,"ms":7.43,"path_between_ms":0.0,"path_to_range_ms":0.0,"ptr_coarse_ms":0.0,"ptr_refine_ms":0.0,"rev":8,"rev_delta":0,"units":24,"wildlife":38}
{"astar_ms":0.0,"buildings":7,"can_occupy_ms":0.0,"fine_build_ms":0.0,"fine_cells":0,"frame":600,"grid_refresh":0,"grid_refresh_ms":0.0,"move_step_ms":0.0,"ms":7.51,"path_between_ms":0.0,"path_to_range_ms":0.0,"ptr_coarse_ms":0.0,"ptr_refine_ms":0.0,"rev":8,"rev_delta":0,"units":24,"wildlife":38}
{"astar_ms":0.0,"buildings":7,"can_occupy_ms":0.0,"fine_build_ms":0.0,"fine_cells":0,"frame":900,"grid_refresh":0,"grid_refresh_ms":0.0,"move_step_ms":0.0,"ms":9.29,"path_between_ms":0.0,"path_to_range_ms":0.0,"ptr_coarse_ms":0.0,"ptr_refine_ms":0.0,"rev":8,"rev_delta":0,"units":24,"wildlife":38}
{"astar_ms":0.0,"buildings":7,"can_occupy_ms":0.0,"fine_build_ms":0.0,"fine_cells":0,"frame":1200,"grid_refresh":0,"grid_refresh_ms":0.0,"move_step_ms":0.0,"ms":7.48,"path_between_ms":0.0,"path_to_range_ms":0.0,"ptr_coarse_ms":0.0,"ptr_refine_ms":0.0,"rev":8,"rev_delta":0,"units":24,"wildlife":38}
{"astar_ms":0.0,"buildings":7,"can_occupy_ms":0.0,"fine_build_ms":0.0,"fine_cells":0,"frame":1500,"grid_refresh":0,"grid_refresh_ms":0.0,"move_step_ms":0.0,"ms":9.85,"path_between_ms":0.0,"path_to_range_ms":0.0,"ptr_coarse_ms":0.0,"ptr_refine_ms":0.0,"rev":8,"rev_delta":0,"units":24,"wildlife":38}
{"astar_ms":0.0,"buildings":7,"can_occupy_ms":0.0,"fine_build_ms":0.0,"fine_cells":0,"frame":1800,"grid_refresh":0,"grid_refresh_ms":0.0,"move_step_ms":0.0,"ms":20.01,"path_between_ms":0.0,"path_to_range_ms":0.0,"ptr_coarse_ms":0.0,"ptr_refine_ms":0.0,"rev":9,"rev_delta":0,"units":24,"wildlife":38}
{"astar_ms":0.0,"buildings":11,"can_occupy_ms":0.0,"fine_build_ms":0.0,"fine_cells":0,"frame":2100,"grid_refresh":0,"grid_refresh_ms":0.0,"move_step_ms":0.0,"ms":10.31,"path_between_ms":0.0,"path_to_range_ms":0.0,"ptr_coarse_ms":0.0,"ptr_refine_ms":0.0,"rev":13,"rev_delta":0,"units":24,"wildlife":38}
