Godot Engine v4.7.2.stable.custom_build.ed1daf0bf (2026-08-17 01:18:38 UTC) - https://godotengine.org

PARALLEL_PROGRESS {"batch_ms":108.744,"matches_serial":true,"mode":"arithmetic_control","pass":1,"snapshot_ms":0.011,"worker_ids":[1],"workers":0}
PARALLEL_PROGRESS {"batch_ms":113.502,"matches_serial":true,"mode":"arithmetic_control","pass":1,"snapshot_ms":0.028,"worker_ids":[5],"workers":1}
PARALLEL_PROGRESS {"batch_ms":39.298,"matches_serial":true,"mode":"arithmetic_control","pass":1,"snapshot_ms":0.03,"worker_ids":[6,7],"workers":2}
PARALLEL_PROGRESS {"batch_ms":37.086,"matches_serial":true,"mode":"arithmetic_control","pass":1,"snapshot_ms":0.051,"worker_ids":[8,9,8,9],"workers":4}
PARALLEL_PROGRESS {"batch_ms":30.549,"matches_serial":true,"mode":"arithmetic_control","pass":2,"snapshot_ms":0.041,"worker_ids":[8,9,8,9],"workers":4}
PARALLEL_PROGRESS {"batch_ms":42.408,"matches_serial":true,"mode":"arithmetic_control","pass":2,"snapshot_ms":0.033,"worker_ids":[9,8],"workers":2}
PARALLEL_PROGRESS {"batch_ms":72.169,"matches_serial":true,"mode":"arithmetic_control","pass":2,"snapshot_ms":0.037,"worker_ids":[10],"workers":1}
PARALLEL_PROGRESS {"batch_ms":84.608,"matches_serial":true,"mode":"arithmetic_control","pass":2,"snapshot_ms":0.023,"worker_ids":[1],"workers":0}
PARALLEL_PROGRESS {"batch_ms":658.357,"matches_serial":true,"mode":"grid","pass":1,"snapshot_ms":8.715,"worker_ids":[1],"workers":0}
PARALLEL_PROGRESS {"batch_ms":623.749,"matches_serial":true,"mode":"grid","pass":1,"snapshot_ms":51.975,"worker_ids":[11],"workers":1}
PARALLEL_PROGRESS {"batch_ms":418.442,"matches_serial":true,"mode":"grid","pass":1,"snapshot_ms":42.19,"worker_ids":[12,5],"workers":2}
PARALLEL_PROGRESS {"batch_ms":435.733,"matches_serial":true,"mode":"grid","pass":1,"snapshot_ms":55.457,"worker_ids":[6,7,6,7],"workers":4}
PARALLEL_PROGRESS {"batch_ms":475.149,"matches_serial":true,"mode":"grid","pass":2,"snapshot_ms":51.533,"worker_ids":[6,7,6,7],"workers":4}
PARALLEL_PROGRESS {"batch_ms":422.537,"matches_serial":true,"mode":"grid","pass":2,"snapshot_ms":32.284,"worker_ids":[6,7],"workers":2}
PARALLEL_PROGRESS {"batch_ms":516.678,"matches_serial":true,"mode":"grid","pass":2,"snapshot_ms":29.891,"worker_ids":[8],"workers":1}
PARALLEL_PROGRESS {"batch_ms":642.469,"matches_serial":true,"mode":"grid","pass":2,"snapshot_ms":44.826,"worker_ids":[1],"workers":0}
PARALLEL_PROGRESS {"batch_ms":1238.037,"matches_serial":true,"mode":"recovery","pass":1,"snapshot_ms":77.824,"successful_routes":79,"worker_ids":[1],"workers":0}
PARALLEL_PROGRESS {"batch_ms":1069.799,"matches_serial":true,"mode":"recovery","pass":1,"snapshot_ms":16.992,"successful_routes":79,"worker_ids":[9],"workers":1}
PARALLEL_PROGRESS {"batch_ms":841.968,"matches_serial":true,"mode":"recovery","pass":1,"snapshot_ms":27.542,"successful_routes":79,"worker_ids":[10,11],"workers":2}
PARALLEL_PROGRESS {"batch_ms":789.962,"matches_serial":true,"mode":"recovery","pass":1,"snapshot_ms":35.39,"successful_routes":79,"worker_ids":[12,5,5,12],"workers":4}
PARALLEL_PROGRESS {"batch_ms":834.053,"matches_serial":true,"mode":"recovery","pass":2,"snapshot_ms":49.695,"successful_routes":79,"worker_ids":[12,5,12,5],"workers":4}
PARALLEL_PROGRESS {"batch_ms":780.212,"matches_serial":true,"mode":"recovery","pass":2,"snapshot_ms":16.378,"successful_routes":79,"worker_ids":[12,5],"workers":2}
PARALLEL_PROGRESS {"batch_ms":975.391,"matches_serial":true,"mode":"recovery","pass":2,"snapshot_ms":9.098,"successful_routes":79,"worker_ids":[6],"workers":1}
PARALLEL_PROGRESS {"batch_ms":1187.218,"matches_serial":true,"mode":"recovery","pass":2,"snapshot_ms":8.839,"successful_routes":79,"worker_ids":[1],"workers":0}
NAVIGATION_PARALLEL_POC {"buildings":6,"deer":8,"failures":0,"high_priority":false,"requests":80,"runs":[{"batch_ms":108.744,"matches_serial":true,"mode":"arithmetic_control","pass":1,"snapshot_ms":0.011,"worker_ids":[1],"workers":0},{"batch_ms":113.502,"matches_serial":true,"mode":"arithmetic_control","pass":1,"snapshot_ms":0.028,"worker_ids":[5],"workers":1},{"batch_ms":39.298,"matches_serial":true,"mode":"arithmetic_control","pass":1,"snapshot_ms":0.03,"worker_ids":[6,7],"workers":2},{"batch_ms":37.086,"matches_serial":true,"mode":"arithmetic_control","pass":1,"snapshot_ms":0.051,"worker_ids":[8,9,8,9],"workers":4},{"batch_ms":30.549,"matches_serial":true,"mode":"arithmetic_control","pass":2,"snapshot_ms":0.041,"worker_ids":[8,9,8,9],"workers":4},{"batch_ms":42.408,"matches_serial":true,"mode":"arithmetic_control","pass":2,"snapshot_ms":0.033,"worker_ids":[9,8],"workers":2},{"batch_ms":72.169,"matches_serial":true,"mode":"arithmetic_control","pass":2,"snapshot_ms":0.037,"worker_ids":[10],"workers":1},{"batch_ms":84.608,"matches_serial":true,"mode":"arithmetic_control","pass":2,"snapshot_ms":0.023,"worker_ids":[1],"workers":0},{"async":true,"batch_ms":63.62,"main_loop_ticks":8,"main_submit_ms":0.011,"matches_serial":true,"max_main_tick_gap_ms":21.828,"mode":"arithmetic_control","workers":4},{"batch_ms":658.357,"matches_serial":true,"mode":"grid","pass":1,"snapshot_ms":8.715,"worker_ids":[1],"workers":0},{"batch_ms":623.749,"matches_serial":true,"mode":"grid","pass":1,"snapshot_ms":51.975,"worker_ids":[11],"workers":1},{"batch_ms":418.442,"matches_serial":true,"mode":"grid","pass":1,"snapshot_ms":42.19,"worker_ids":[12,5],"workers":2},{"batch_ms":435.733,"matches_serial":true,"mode":"grid","pass":1,"snapshot_ms":55.457,"worker_ids":[6,7,6,7],"workers":4},{"batch_ms":475.149,"matches_serial":true,"mode":"grid","pass":2,"snapshot_ms":51.533,"worker_ids":[6,7,6,7],"workers":4},{"batch_ms":422.537,"matches_serial":true,"mode":"grid","pass":2,"snapshot_ms":32.284,"worker_ids":[6,7],"workers":2},{"batch_ms":516.678,"matches_serial":true,"mode":"grid","pass":2,"snapshot_ms":29.891,"worker_ids":[8],"workers":1},{"batch_ms":642.469,"matches_serial":true,"mode":"grid","pass":2,"snapshot_ms":44.826,"worker_ids":[1],"workers":0},{"async":true,"batch_ms":526.756,"main_loop_ticks":61,"main_submit_ms":0.017,"matches_serial":true,"max_main_tick_gap_ms":28.621,"mode":"grid","workers":4},{"batch_ms":1238.037,"matches_serial":true,"mode":"recovery","pass":1,"snapshot_ms":77.824,"successful_routes":79,"worker_ids":[1],"workers":0},{"batch_ms":1069.799,"matches_serial":true,"mode":"recovery","pass":1,"snapshot_ms":16.992,"successful_routes":79,"worker_ids":[9],"workers":1},{"batch_ms":841.968,"matches_serial":true,"mode":"recovery","pass":1,"snapshot_ms":27.542,"successful_routes":79,"worker_ids":[10,11],"workers":2},{"batch_ms":789.962,"matches_serial":true,"mode":"recovery","pass":1,"snapshot_ms":35.39,"successful_routes":79,"worker_ids":[12,5,5,12],"workers":4},{"batch_ms":834.053,"matches_serial":true,"mode":"recovery","pass":2,"snapshot_ms":49.695,"successful_routes":79,"worker_ids":[12,5,12,5],"workers":4},{"batch_ms":780.212,"matches_serial":true,"mode":"recovery","pass":2,"snapshot_ms":16.378,"successful_routes":79,"worker_ids":[12,5],"workers":2},{"batch_ms":975.391,"matches_serial":true,"mode":"recovery","pass":2,"snapshot_ms":9.098,"successful_routes":79,"worker_ids":[6],"workers":1},{"batch_ms":1187.218,"matches_serial":true,"mode":"recovery","pass":2,"snapshot_ms":8.839,"successful_routes":79,"worker_ids":[1],"workers":0},{"async":true,"batch_ms":923.319,"main_loop_ticks":109,"main_submit_ms":0.013,"matches_serial":true,"max_main_tick_gap_ms":23.308,"mode":"recovery","workers":4}]}
