Godot Engine v4.7.2.stable.custom_build.ed1daf0bf (2026-08-17 01:18:38 UTC) - https://godotengine.org

POC_PASS farm_repair_completes hp=170.0/170.0 pos=(354.9541, 648.5454)
POC_PASS farm_repair_queue_advances idle
POC_PASS blacksmith_repair_completes hp=650.0/650.0 pos=(355.605, 648.2711)
POC_PASS blacksmith_repair_queue_advances idle
POC_PASS monastery_repair_completes hp=460.0/460.0 pos=(356.3117, 648.0243)
POC_PASS monastery_repair_queue_advances idle
POC_PASS keep_repair_completes hp=1500.0/1500.0 pos=(356.2929, 647.9582)
POC_PASS keep_repair_queue_advances idle
POC_PASS wonder_repair_completes hp=2100.0/2100.0 pos=(356.3488, 647.6916)
POC_PASS wonder_repair_queue_advances idle
POC_PASS dense_1_workers_build_all 8/8 in 0.05s
POC_PASS dense_1_workers_finish_queues 1/1
POC_PASS dense_1_workers_no_teleport 
POC_PASS dense_12_workers_build_all 96/96 in 1.01s
POC_PASS dense_12_workers_finish_queues 12/12
POC_PASS dense_12_workers_no_teleport 
POC_PASS dense_48_workers_build_all 96/96 in 6.64s
POC_PASS dense_48_workers_finish_queues 48/48
POC_PASS dense_48_workers_no_teleport 
POC_PASS dense_96_workers_build_all 96/96 in 13.56s
POC_PASS dense_96_workers_finish_queues 96/96
POC_PASS dense_96_workers_no_teleport 
POC_PASS farm_1_workers_use_assigned_farms 1 working
POC_PASS farm_4_workers_use_assigned_farms 4 working
POC_PASS farm_8_workers_use_assigned_farms 8 working
POC_FAIL trader_completes_multiple_round_trips legs=1 pos=(1267.296, 667.2963)
POC_PASS deleted_queued_build_is_skipped 
POC_PASS sealed_jobs_wait_and_preserve_queues 
POC_PASS sealed_jobs_do_not_work_through_barrier 
POC_PASS demolition_wakes_all_repair_jobs 
POC_PASS demolition_all_queues_finish 
NAVIGATION_TASKS_POC checks=31 failures=1
