Godot Engine v4.7.2.stable.custom_build.ed1daf0bf (2026-08-17 01:18:38 UTC) - https://godotengine.org

2026-10-02 11:43:28.224 godot.macos.template_debug.arm64[8034:22616916] XType: Using static font registry.
POC_PASS b21_all_96_sites_are_legal 
POC_PASS b21_all_seven_initial_positions_are_clear 
B21_END completed=89 states=[{ "id": 112910666347, "pos": (709.8823, 375.0638), "order": "move", "queue": 0, "stalled": 3.35, "goal": (1526.0, 379.859), "stop": 6.0, "target": (inf, inf), "route": [(709.8823, 375.0638), (707.1428, 350.0), (764.2856, 350.0), (821.4285, 350.0), (878.5714, 350.0), (935.7142, 350.0), (992.8571, 350.0), (1050.0, 350.0), (1107.143, 350.0), (1164.286, 350.0), (1221.428, 350.0), (1278.571, 350.0), (1335.714, 350.0), (1392.857, 350.0), (1450.0, 350.0), (1507.143, 371.4286), (1526.0, 379.859)], "yield": 0.0 }, { "id": 113145547343, "pos": (690.2985, 368.711), "order": "build", "queue": 7, "stalled": 0.8, "goal": (640.0, 480.0), "stop": 56.0800018310547, "target": (640.0, 480.0), "route": [(690.2985, 368.711), (688.45, 451.2656)], "yield": 0.0 }, { "id": 113380428338, "pos": (689.9805, 668.058), "order": "build", "queue": 7, "stalled": 2.4, "goal": (640.0, 480.0), "stop": 56.0800018310547, "target": (640.0, 480.0), "route": [(689.9805, 668.058), (688.45, 508.7344)], "yield": 0.0 }, { "id": 113615309598, "pos": (709.593, 661.3858), "order": "move", "queue": 0, "stalled": 1.8, "goal": (1590.0, 560.0), "stop": 6.0, "target": (inf, inf), "route": [(709.593, 661.3858), (707.1428, 692.8572), (764.2856, 692.8572), (821.4285, 692.8572), (878.5714, 692.8572), (935.7142, 692.8572), (992.8571, 692.8572), (1050.0, 692.8572), (1107.143, 692.8572), (1164.286, 692.8572), (1221.428, 692.8572), (1278.571, 692.8572), (1335.714, 671.4286), (1392.857, 650.0), (1450.0, 621.4286), (1507.143, 592.8571), (1564.286, 571.4286), (1590.0, 560.0)], "yield": 0.0 }, { "id": 113850190636, "pos": (705.0511, 635.5209), "order": "move", "queue": 0, "stalled": 1.1, "goal": (1590.0, 650.0), "stop": 6.0, "target": (inf, inf), "route": [(694.7604, 647.0254), (707.1428, 692.8572), (764.2856, 692.8572), (821.4285, 692.8572), (878.5714, 692.8572), (935.7142, 692.8572), (992.8571, 692.8572), (1050.0, 692.8572), (1107.143, 692.8572), (1164.286, 692.8572), (1221.428, 692.8572), (1278.571, 692.8572), (1335.714, 692.8572), (1392.857, 692.8572), (1450.0, 692.8572), (1507.143, 685.7142), (1564.286, 664.2857), (1590.0, 650.0)], "yield": 0.1 }, { "id": 114085071674, "pos": (692.655, 342.9229), "order": "build", "queue": 7, "stalled": 1.0, "goal": (640.0, 480.0), "stop": 56.0800018310547, "target": (640.0, 480.0), "route": [(676.655, 350.9229), (692.655, 342.9229)], "yield": 0.0 }, { "id": 114319952712, "pos": (710.9235, 688.1528), "order": "build", "queue": 7, "stalled": 2.2, "goal": (640.0, 480.0), "stop": 56.0800018310547, "target": (640.0, 480.0), "route": [(708.885, 687.8547), (688.45, 508.7344)], "yield": 0.1 }]
POC_FAIL b21_all_96_sites_complete_at_original_deadline 
POC_FAIL b21_all_seven_finish_queues_at_original_deadline 
POC_PASS b21_no_teleport 
POC_PASS b21_never_overlaps_allies 
POC_PASS b21_build_travelling_yield_policy 
POC_PASS b21_build_travelling_preserves_job 
POC_PASS b21_build_travelling_safe_bounded_motion 
POC_PASS b21_build_working_yield_policy 
POC_PASS b21_build_working_preserves_job 
POC_PASS b21_build_working_safe_bounded_motion 
POC_PASS b21_build_not_stalled_yield_policy 
POC_PASS b21_build_not_stalled_preserves_job 
POC_PASS b21_build_not_stalled_safe_bounded_motion 
POC_PASS b21_build_hold_yield_policy 
POC_PASS b21_build_hold_preserves_job 
POC_PASS b21_build_hold_safe_bounded_motion 
POC_PASS b21_build_enemy_yield_policy 
POC_PASS b21_build_enemy_preserves_job 
POC_PASS b21_build_enemy_safe_bounded_motion 
POC_PASS b21_build_lower_priority_yield_policy 
POC_PASS b21_build_lower_priority_preserves_job 
POC_PASS b21_build_lower_priority_safe_bounded_motion 
POC_PASS b21_build_invalid_goal_yield_policy 
POC_PASS b21_build_invalid_goal_preserves_job 
POC_PASS b21_build_invalid_goal_safe_bounded_motion 
POC_PASS b21_build_invalid_target_yield_policy 
POC_PASS b21_build_invalid_target_preserves_job 
POC_PASS b21_build_invalid_target_safe_bounded_motion 
POC_PASS b21_build_moving_target_yield_policy 
POC_PASS b21_build_moving_target_preserves_job 
POC_PASS b21_build_moving_target_safe_bounded_motion 
POC_PASS b21_repair_travelling_yield_policy 
POC_PASS b21_repair_travelling_preserves_job 
POC_PASS b21_repair_travelling_safe_bounded_motion 
POC_PASS b21_repair_working_yield_policy 
POC_PASS b21_repair_working_preserves_job 
POC_PASS b21_repair_working_safe_bounded_motion 
POC_PASS b21_repair_not_stalled_yield_policy 
POC_PASS b21_repair_not_stalled_preserves_job 
POC_PASS b21_repair_not_stalled_safe_bounded_motion 
POC_PASS b21_repair_hold_yield_policy 
POC_PASS b21_repair_hold_preserves_job 
POC_PASS b21_repair_hold_safe_bounded_motion 
POC_PASS b21_repair_enemy_yield_policy 
POC_PASS b21_repair_enemy_preserves_job 
POC_PASS b21_repair_enemy_safe_bounded_motion 
POC_PASS b21_repair_lower_priority_yield_policy 
POC_PASS b21_repair_lower_priority_preserves_job 
POC_PASS b21_repair_lower_priority_safe_bounded_motion 
POC_PASS b21_repair_invalid_goal_yield_policy 
POC_PASS b21_repair_invalid_goal_preserves_job 
POC_PASS b21_repair_invalid_goal_safe_bounded_motion 
POC_PASS b21_repair_invalid_target_yield_policy 
POC_PASS b21_repair_invalid_target_preserves_job 
POC_PASS b21_repair_invalid_target_safe_bounded_motion 
POC_PASS b21_repair_moving_target_yield_policy 
POC_PASS b21_repair_moving_target_preserves_job 
POC_PASS b21_repair_moving_target_safe_bounded_motion 
POC_PASS b21_gather_travelling_yield_policy 
POC_PASS b21_gather_travelling_preserves_job 
POC_PASS b21_gather_travelling_safe_bounded_motion 
POC_PASS b21_gather_working_yield_policy 
POC_PASS b21_gather_working_preserves_job 
POC_PASS b21_gather_working_safe_bounded_motion 
POC_PASS b21_gather_not_stalled_yield_policy 
POC_PASS b21_gather_not_stalled_preserves_job 
POC_PASS b21_gather_not_stalled_safe_bounded_motion 
POC_PASS b21_gather_hold_yield_policy 
POC_PASS b21_gather_hold_preserves_job 
POC_PASS b21_gather_hold_safe_bounded_motion 
POC_PASS b21_gather_enemy_yield_policy 
POC_PASS b21_gather_enemy_preserves_job 
POC_PASS b21_gather_enemy_safe_bounded_motion 
POC_PASS b21_gather_lower_priority_yield_policy 
POC_PASS b21_gather_lower_priority_preserves_job 
POC_PASS b21_gather_lower_priority_safe_bounded_motion 
POC_PASS b21_gather_invalid_goal_yield_policy 
POC_PASS b21_gather_invalid_goal_preserves_job 
POC_PASS b21_gather_invalid_goal_safe_bounded_motion 
POC_PASS b21_gather_invalid_target_yield_policy 
POC_PASS b21_gather_invalid_target_preserves_job 
POC_PASS b21_gather_invalid_target_safe_bounded_motion 
POC_PASS b21_gather_moving_target_yield_policy 
POC_PASS b21_gather_moving_target_preserves_job 
POC_PASS b21_gather_moving_target_safe_bounded_motion 
EXPLORATION_B21_WORK_YIELD checks=87 failures=2
