Godot Engine v4.7.2.stable.custom_build.ed1daf0bf (2026-08-17 01:18:38 UTC) - https://godotengine.org

POC_FAIL formation_balanced_angle0_distance80 arrived=8/12
POC_FAIL formation_balanced_angle0_distance350 arrived=10/12
POC_FAIL formation_balanced_angle1_distance80 arrived=10/12
POC_FAIL formation_balanced_angle1_distance350 arrived=9/12
POC_FAIL formation_balanced_angle2_distance80 arrived=9/12
POC_FAIL formation_balanced_angle2_distance350 arrived=9/12
POC_FAIL formation_balanced_angle3_distance80 arrived=10/12
POC_FAIL formation_balanced_angle3_distance350 arrived=8/12
POC_FAIL formation_balanced_angle4_distance80 arrived=8/12
POC_FAIL formation_balanced_angle4_distance350 arrived=8/12
POC_FAIL formation_balanced_angle5_distance80 arrived=10/12
POC_FAIL formation_balanced_angle5_distance350 arrived=9/12
POC_FAIL formation_balanced_angle6_distance80 arrived=9/12
POC_FAIL formation_balanced_angle6_distance350 arrived=11/12
POC_FAIL formation_balanced_angle7_distance80 arrived=11/12
POC_FAIL formation_balanced_angle7_distance350 arrived=9/12
POC_FAIL formation_line_angle0_distance80 arrived=9/12
POC_FAIL formation_line_angle0_distance350 arrived=10/12
POC_FAIL formation_line_angle1_distance80 arrived=8/12
POC_FAIL formation_line_angle1_distance350 arrived=11/12
POC_FAIL formation_line_angle2_distance80 arrived=10/12
POC_FAIL formation_line_angle2_distance350 arrived=10/12
POC_FAIL formation_line_angle3_distance80 arrived=7/12
POC_FAIL formation_line_angle3_distance350 arrived=8/12
POC_FAIL formation_line_angle4_distance80 arrived=9/12
POC_FAIL formation_line_angle4_distance350 arrived=11/12
POC_FAIL formation_line_angle5_distance80 arrived=10/12
POC_FAIL formation_line_angle5_distance350 arrived=10/12
POC_FAIL formation_line_angle6_distance80 arrived=7/12
POC_FAIL formation_line_angle6_distance350 arrived=10/12
POC_FAIL formation_line_angle7_distance80 arrived=8/12
POC_FAIL formation_line_angle7_distance350 arrived=9/12
POC_FAIL formation_compact_angle0_distance80 arrived=6/12
POC_FAIL formation_compact_angle0_distance350 arrived=9/12
POC_FAIL formation_compact_angle1_distance80 arrived=5/12
POC_FAIL formation_compact_angle1_distance350 arrived=10/12
POC_FAIL formation_compact_angle2_distance80 arrived=8/12
POC_FAIL formation_compact_angle2_distance350 arrived=9/12
POC_FAIL formation_compact_angle3_distance80 arrived=6/12
POC_FAIL formation_compact_angle3_distance350 arrived=9/12
POC_FAIL formation_compact_angle4_distance80 arrived=8/12
POC_FAIL formation_compact_angle4_distance350 arrived=8/12
POC_FAIL formation_compact_angle5_distance80 arrived=5/12
POC_FAIL formation_compact_angle5_distance350 arrived=9/12
POC_FAIL formation_compact_angle6_distance80 arrived=7/12
POC_FAIL formation_compact_angle6_distance350 arrived=9/12
POC_FAIL formation_compact_angle7_distance80 arrived=7/12
POC_FAIL formation_compact_angle7_distance350 arrived=8/12
POC_FAIL formation_column_angle0_distance80 arrived=6/12
POC_FAIL formation_column_angle0_distance350 arrived=11/12
POC_FAIL formation_column_angle1_distance80 arrived=8/12
POC_FAIL formation_column_angle1_distance350 arrived=8/12
POC_FAIL formation_column_angle2_distance80 arrived=9/12
POC_FAIL formation_column_angle2_distance350 arrived=5/12
POC_FAIL formation_column_angle3_distance80 arrived=7/12
POC_FAIL formation_column_angle3_distance350 arrived=6/12
POC_FAIL formation_column_angle4_distance80 arrived=7/12
POC_FAIL formation_column_angle4_distance350 arrived=5/12
POC_FAIL formation_column_angle5_distance80 arrived=6/12
POC_FAIL formation_column_angle5_distance350 arrived=4/12
POC_FAIL formation_column_angle6_distance80 arrived=5/12
POC_FAIL formation_column_angle6_distance350 arrived=7/12
POC_FAIL formation_column_angle7_distance80 arrived=9/12
POC_FAIL formation_column_angle7_distance350 arrived=4/12
POC_PASS seeded_routes_radius10 unsafe=0 empty=0 stuck=0 /20
POC_FAIL seeded_routes_radius12 unsafe=2 empty=0 stuck=0 /20
POC_FAIL seeded_routes_radius18 unsafe=1 empty=0 stuck=0 /20
POC_FAIL seeded_routes_radius24 unsafe=3 empty=0 stuck=2 /20
POC_FAIL seeded_routes_radius28 unsafe=19 empty=0 stuck=10 /20
POC_PASS naval_reaches_water_goal 
POC_FAIL land_does_not_cross_water 
POC_FAIL ship_does_not_cross_land 
POC_PASS friendly_gate_passable 
POC_PASS enemy_gate_impassable 
POC_PASS queued_group_commands 
POC_FAIL obstructed_group_goal_synchronized 
POC_FAIL obstructed_group_goal_finishes 
POC_PASS new_command_replaces_route 
POC_PASS map_edge_(12.0, 12.0) 
SCRIPT ERROR: Out of bounds get index '600' (on base: 'PackedByteArray')
          at: RtsNavigation._can_occupy (res://scripts/world/navigation.gd:456)
          GDScript backtrace (most recent call first):
              [0] _can_occupy (res://scripts/world/navigation.gd:456)
              [1] can_occupy (res://scripts/world/navigation.gd:439)
              [2] _test_boundaries (res://tests/navigation_poc_matrix.gd:134)
              [3] _run (res://tests/navigation_poc_matrix.gd:10)
POC_FAIL map_edge_(1488.0, 988.0) 
POC_PASS map_edge_(1488.0, 12.0) 
SCRIPT ERROR: Out of bounds get index '600' (on base: 'PackedByteArray')
          at: RtsNavigation._can_occupy (res://scripts/world/navigation.gd:456)
          GDScript backtrace (most recent call first):
              [0] _can_occupy (res://scripts/world/navigation.gd:456)
              [1] can_occupy (res://scripts/world/navigation.gd:439)
              [2] _test_boundaries (res://tests/navigation_poc_matrix.gd:134)
              [3] _run (res://tests/navigation_poc_matrix.gd:10)
POC_FAIL map_edge_(12.0, 988.0) 
POC_FAIL sealed_route_finishes_at_reachable_edge 
POC_PASS subcell_passage_witness 
POC_FAIL subcell_passage_safe_route 
POC_FAIL subcell_passage_arrival 
POC_FAIL subcell_passage_interaction 
POC_FAIL blocked_click_snaps_to_near_side (661.0, 525.0)
POC_FAIL routes_around_fixed_unit_corral (478.8974, 548.5148)
POC_PASS enemies_and_hold_units_are_not_pushed 
NAVIGATION_POC_MATRIX checks=90 failures=80
