Godot Engine v4.7.2.stable.custom_build.ed1daf0bf (2026-08-17 01:18:38 UTC) - https://godotengine.org

setup: units=153 buildings=23 players=2 ai_controllers=1 cage_reachable=false
... sim t=0s frames=0 wall=0s
... sim t=1s frames=83 wall=0s
... sim t=2s frames=203 wall=1s
... sim t=3s frames=258 wall=2s
... sim t=4s frames=337 wall=6s
... sim t=5s frames=409 wall=8s
... sim t=6s frames=529 wall=9s
... sim t=7s frames=567 wall=12s
... sim t=8s frames=646 wall=15s
... sim t=9s frames=726 wall=17s
... sim t=10s frames=821 wall=18s
... sim t=11s frames=852 wall=19s
... sim t=12s frames=910 wall=21s
... sim t=13s frames=1011 wall=22s
... sim t=14s frames=1112 wall=23s
... sim t=15s frames=1145 wall=28s

=== frame wall time over 1146 frames (15.0 sim s, profiling=false) ===
median 8.3 ms | p95 29.3 ms | max 3043.8 ms

=== 266 spike frames (> 12 ms) ===
t=  0.4s    12.5 ms  flags=["fog"] actions=[]
t=  0.6s    16.5 ms  flags=["fog"] actions=[]
t=  0.7s    14.2 ms  flags=["fog"] actions=[]
t=  0.9s    15.6 ms  flags=["fog"] actions=[]
t=  1.0s    12.7 ms  flags=["fog"] actions=[]
t=  1.2s    16.7 ms  flags=["fog"] actions=[]
t=  1.3s    12.9 ms  flags=["fog"] actions=[]
t=  1.5s    12.0 ms  flags=["fog"] actions=[]
t=  1.7s    12.4 ms  flags=["fog"] actions=[]
t=  1.8s    13.7 ms  flags=["fog"] actions=[]
t=  2.0s    85.5 ms  flags=[] actions=["group_order"]
t=  2.0s    21.2 ms  flags=[] actions=[]
t=  2.1s    21.4 ms  flags=[] actions=[]
t=  2.1s    25.6 ms  flags=["fog"] actions=[]
t=  2.2s    17.9 ms  flags=[] actions=[]
t=  2.2s    16.9 ms  flags=[] actions=[]
t=  2.2s    16.6 ms  flags=[] actions=[]
t=  2.2s    18.2 ms  flags=[] actions=[]
t=  2.2s    15.5 ms  flags=[] actions=[]
t=  2.2s    15.1 ms  flags=[] actions=[]
t=  2.3s    15.6 ms  flags=[] actions=[]
t=  2.3s    15.3 ms  flags=[] actions=[]
t=  2.3s    24.8 ms  flags=["fog"] actions=[]
t=  2.3s    15.6 ms  flags=[] actions=[]
t=  2.3s    15.2 ms  flags=[] actions=[]
t=  2.3s    15.0 ms  flags=[] actions=[]
t=  2.4s    14.8 ms  flags=[] actions=[]
t=  2.4s    15.6 ms  flags=[] actions=[]
t=  2.4s    16.7 ms  flags=[] actions=[]
t=  2.4s    15.4 ms  flags=[] actions=[]
t=  2.4s    14.9 ms  flags=[] actions=[]
t=  2.4s    23.3 ms  flags=["fog"] actions=[]
t=  2.5s    15.2 ms  flags=[] actions=[]
t=  2.5s    16.2 ms  flags=[] actions=[]
t=  2.5s    15.4 ms  flags=[] actions=[]
t=  2.5s    15.2 ms  flags=[] actions=[]
t=  2.5s    15.3 ms  flags=[] actions=[]
t=  2.5s    15.0 ms  flags=[] actions=[]
t=  2.6s    15.1 ms  flags=[] actions=[]
t=  2.6s    16.8 ms  flags=[] actions=[]
t=  2.6s    17.3 ms  flags=[] actions=[]
t=  2.6s    23.4 ms  flags=["fog"] actions=[]
t=  2.6s    15.0 ms  flags=[] actions=[]
t=  2.6s    15.0 ms  flags=[] actions=[]
t=  2.7s    15.2 ms  flags=[] actions=[]
t=  2.7s    16.0 ms  flags=[] actions=[]
t=  2.7s    15.6 ms  flags=[] actions=[]
t=  2.7s    15.2 ms  flags=[] actions=[]
t=  2.7s    14.9 ms  flags=[] actions=[]
t=  2.7s    15.3 ms  flags=[] actions=[]
t=  2.8s    14.9 ms  flags=[] actions=[]
t=  2.8s    23.4 ms  flags=["fog"] actions=[]
t=  2.8s    16.9 ms  flags=[] actions=[]
t=  2.8s    15.0 ms  flags=[] actions=[]
t=  2.8s    14.9 ms  flags=[] actions=[]
t=  2.8s    15.6 ms  flags=[] actions=[]
t=  2.9s    15.9 ms  flags=[] actions=[]
t=  2.9s    17.7 ms  flags=[] actions=[]
t=  2.9s    16.9 ms  flags=[] actions=[]
t=  2.9s    15.8 ms  flags=[] actions=[]
t=  2.9s    14.7 ms  flags=[] actions=[]
t=  2.9s    23.0 ms  flags=["fog"] actions=[]
t=  3.0s    14.6 ms  flags=[] actions=[]
t=  3.0s    16.7 ms  flags=[] actions=[]
t=  3.0s    15.4 ms  flags=[] actions=[]
t=  3.0s    15.0 ms  flags=[] actions=[]
t=  3.0s    16.4 ms  flags=[] actions=[]
t=  3.0s    17.2 ms  flags=[] actions=[]
t=  3.1s    16.6 ms  flags=[] actions=[]
t=  3.1s    16.7 ms  flags=[] actions=[]
t=  3.1s    15.5 ms  flags=[] actions=[]
t=  3.1s    23.9 ms  flags=["fog"] actions=[]
t=  3.1s   135.2 ms  flags=[] actions=[]
t=  3.2s  1629.3 ms  flags=["ai_tick"] actions=[]
t=  3.4s    25.2 ms  flags=["fog"] actions=[]
t=  3.4s    12.1 ms  flags=[] actions=[]
t=  3.5s    14.4 ms  flags=["fog"] actions=[]
t=  3.7s    17.1 ms  flags=["fog"] actions=[]
t=  3.8s    14.5 ms  flags=["fog"] actions=[]
t=  4.0s    22.0 ms  flags=[] actions=[]
t=  4.0s    23.1 ms  flags=[] actions=[]
t=  4.0s  1342.0 ms  flags=["fog"] actions=[]
t=  4.1s   122.6 ms  flags=[] actions=["building_edit"]
t=  4.2s  1733.8 ms  flags=["fog"] actions=[]
t=  4.4s    15.3 ms  flags=["fog"] actions=[]
t=  4.6s    17.8 ms  flags=["fog"] actions=[]
t=  4.7s    17.1 ms  flags=["fog"] actions=[]
t=  4.8s    17.5 ms  flags=[] actions=[]
t=  4.9s    14.9 ms  flags=["fog"] actions=[]
t=  5.0s    14.0 ms  flags=["fog"] actions=[]
t=  5.2s    15.0 ms  flags=["fog"] actions=[]
t=  5.3s    14.1 ms  flags=["fog"] actions=[]
t=  5.5s    17.0 ms  flags=["fog"] actions=[]
t=  5.7s    14.5 ms  flags=["fog"] actions=[]
t=  5.8s    13.8 ms  flags=["fog"] actions=[]
t=  6.0s    14.3 ms  flags=["fog"] actions=[]
t=  6.0s  2085.5 ms  flags=[] actions=["group_order", "unreachable_order"]
t=  6.0s    25.9 ms  flags=[] actions=[]
t=  6.2s    36.4 ms  flags=["fog"] actions=[]
t=  6.2s    24.6 ms  flags=[] actions=[]
t=  6.2s    23.7 ms  flags=[] actions=[]
t=  6.2s    22.2 ms  flags=[] actions=[]
t=  6.3s    23.5 ms  flags=["ai_tick"] actions=[]
t=  6.3s    21.7 ms  flags=[] actions=[]
t=  6.3s    29.6 ms  flags=["fog"] actions=[]
t=  6.3s    24.3 ms  flags=[] actions=[]
t=  6.4s    21.5 ms  flags=[] actions=[]
t=  6.4s    21.6 ms  flags=[] actions=[]
t=  6.4s    21.9 ms  flags=[] actions=[]
t=  6.4s    22.0 ms  flags=[] actions=[]
t=  6.5s    21.6 ms  flags=[] actions=[]
t=  6.5s    29.8 ms  flags=["fog"] actions=[]
t=  6.5s    21.6 ms  flags=[] actions=[]
t=  6.5s    24.8 ms  flags=[] actions=[]
t=  6.5s    21.8 ms  flags=[] actions=[]
t=  6.6s    22.0 ms  flags=[] actions=[]
t=  6.6s    21.8 ms  flags=[] actions=[]
t=  6.6s    22.1 ms  flags=[] actions=[]
t=  6.6s    30.0 ms  flags=["fog"] actions=[]
t=  6.7s    21.4 ms  flags=[] actions=[]
t=  6.7s    21.5 ms  flags=[] actions=[]
t=  6.7s    25.2 ms  flags=[] actions=[]
t=  6.7s    22.0 ms  flags=[] actions=[]
t=  6.8s    21.6 ms  flags=[] actions=[]
t=  6.8s    21.6 ms  flags=[] actions=[]
t=  6.8s    30.0 ms  flags=["fog"] actions=[]
t=  6.8s    21.5 ms  flags=[] actions=[]
t=  6.8s    22.0 ms  flags=[] actions=[]
t=  6.9s    22.4 ms  flags=[] actions=[]
t=  6.9s    24.1 ms  flags=[] actions=[]
t=  6.9s    21.5 ms  flags=[] actions=[]
t=  6.9s    21.5 ms  flags=[] actions=[]
t=  7.0s    30.1 ms  flags=["fog"] actions=[]
t=  7.0s    21.8 ms  flags=[] actions=[]
t=  7.0s    21.4 ms  flags=[] actions=[]
t=  7.0s    21.1 ms  flags=[] actions=[]
t=  7.1s    21.3 ms  flags=[] actions=[]
t=  7.1s    24.5 ms  flags=[] actions=[]
t=  7.1s    22.1 ms  flags=[] actions=[]
t=  7.1s    34.7 ms  flags=["fog"] actions=[]
t=  7.3s    14.0 ms  flags=["fog"] actions=[]
t=  7.3s    19.4 ms  flags=[] actions=[]
t=  7.3s    20.5 ms  flags=[] actions=[]
t=  7.3s  1375.8 ms  flags=[] actions=[]
t=  7.5s   156.5 ms  flags=["fog"] actions=[]
t=  7.6s    12.8 ms  flags=["fog"] actions=[]
t=  7.8s    14.2 ms  flags=["fog"] actions=[]
t=  7.9s    14.1 ms  flags=["fog"] actions=[]
t=  8.0s    19.9 ms  flags=[] actions=[]
t=  8.0s    21.5 ms  flags=[] actions=[]
t=  8.1s  1371.8 ms  flags=[] actions=[]
t=  8.2s    20.3 ms  flags=["fog"] actions=[]
t=  8.3s    49.7 ms  flags=[] actions=[]
t=  8.3s    65.4 ms  flags=[] actions=[]
t=  8.4s    91.5 ms  flags=["fog"] actions=[]
t=  8.5s    13.3 ms  flags=["fog"] actions=[]
t=  8.7s    12.8 ms  flags=["fog"] actions=[]
t=  8.8s    13.1 ms  flags=["fog"] actions=[]
t=  9.0s    14.6 ms  flags=["fog"] actions=[]
t=  9.2s    13.0 ms  flags=["fog"] actions=[]
t=  9.3s    14.0 ms  flags=["fog"] actions=[]
t=  9.4s    35.1 ms  flags=[] actions=[]
t=  9.5s    44.5 ms  flags=["fog"] actions=[]
t=  9.6s    13.2 ms  flags=["fog"] actions=[]
t=  9.7s    13.1 ms  flags=[] actions=[]
t=  9.7s    24.3 ms  flags=[] actions=[]
t=  9.7s    51.5 ms  flags=[] actions=[]
t=  9.8s    14.1 ms  flags=["fog"] actions=[]
t=  9.8s    20.0 ms  flags=[] actions=[]
t=  9.8s    51.9 ms  flags=[] actions=[]
t=  9.9s    22.0 ms  flags=[] actions=[]
t=  9.9s    34.5 ms  flags=[] actions=[]
t=  9.9s    31.1 ms  flags=["fog"] actions=[]
t= 10.0s    75.9 ms  flags=["stats"] actions=["group_order"]
t= 10.0s    37.9 ms  flags=[] actions=[]
t= 10.1s    40.4 ms  flags=["fog"] actions=[]
t= 10.1s    28.6 ms  flags=[] actions=[]
t= 10.2s    30.0 ms  flags=[] actions=[]
t= 10.2s    29.0 ms  flags=[] actions=[]
t= 10.2s    28.0 ms  flags=[] actions=[]
t= 10.3s    36.3 ms  flags=["fog"] actions=[]
t= 10.3s    29.1 ms  flags=[] actions=[]
t= 10.3s    34.5 ms  flags=[] actions=[]
t= 10.4s    32.9 ms  flags=[] actions=[]
t= 10.4s    29.3 ms  flags=[] actions=[]
t= 10.4s    42.4 ms  flags=["fog"] actions=[]
t= 10.5s    28.7 ms  flags=[] actions=[]
t= 10.5s    29.2 ms  flags=[] actions=[]
t= 10.5s    28.7 ms  flags=[] actions=[]
t= 10.6s    29.5 ms  flags=[] actions=[]
t= 10.6s    36.9 ms  flags=["fog"] actions=[]
t= 10.6s    28.7 ms  flags=[] actions=[]
t= 10.6s    27.9 ms  flags=[] actions=[]
t= 10.7s    28.4 ms  flags=[] actions=[]
t= 10.7s    27.5 ms  flags=[] actions=[]
t= 10.7s    27.8 ms  flags=[] actions=[]
t= 10.8s    38.3 ms  flags=["fog"] actions=[]
t= 10.8s    28.8 ms  flags=[] actions=[]
t= 10.8s    27.6 ms  flags=[] actions=[]
t= 10.9s    27.4 ms  flags=[] actions=[]
t= 10.9s    27.6 ms  flags=[] actions=[]
t= 10.9s    27.1 ms  flags=[] actions=[]
t= 10.9s    35.8 ms  flags=["fog"] actions=[]
t= 11.0s    29.3 ms  flags=[] actions=[]
t= 11.0s    30.5 ms  flags=[] actions=["building_edit"]
t= 11.0s   162.1 ms  flags=[] actions=[]
t= 11.2s   101.8 ms  flags=["fog"] actions=[]
t= 11.3s    15.2 ms  flags=["fog"] actions=[]
t= 11.4s    52.9 ms  flags=[] actions=[]
t= 11.5s  1424.2 ms  flags=[] actions=[]
t= 11.6s   142.9 ms  flags=["fog"] actions=[]
t= 11.8s    16.0 ms  flags=["fog"] actions=[]
t= 11.9s    15.9 ms  flags=["fog"] actions=[]
t= 12.1s    15.2 ms  flags=["fog"] actions=[]
t= 12.1s    38.8 ms  flags=[] actions=[]
t= 12.2s    50.9 ms  flags=[] actions=[]
t= 12.2s    43.4 ms  flags=["fog"] actions=[]
t= 12.4s    34.8 ms  flags=[] actions=[]
t= 12.4s    20.3 ms  flags=[] actions=[]
t= 12.4s    13.8 ms  flags=["fog"] actions=[]
t= 12.4s    20.6 ms  flags=[] actions=[]
t= 12.5s    19.4 ms  flags=[] actions=[]
t= 12.5s    12.6 ms  flags=["fog"] actions=[]
t= 12.7s    14.2 ms  flags=["fog"] actions=[]
t= 12.9s    13.1 ms  flags=["fog"] actions=[]
t= 13.0s    14.5 ms  flags=["fog"] actions=[]
t= 13.2s    15.5 ms  flags=["fog"] actions=[]
t= 13.3s    12.9 ms  flags=["fog"] actions=[]
t= 13.5s   189.9 ms  flags=["fog"] actions=[]
t= 13.6s    13.9 ms  flags=["fog"] actions=[]
t= 13.8s    13.5 ms  flags=["fog"] actions=[]
t= 14.0s    13.1 ms  flags=["fog"] actions=[]
t= 14.0s   649.1 ms  flags=[] actions=["group_order"]
t= 14.0s    26.8 ms  flags=[] actions=[]
t= 14.1s  3043.8 ms  flags=["fog"] actions=[]
t= 14.3s    28.4 ms  flags=[] actions=[]
t= 14.3s    31.5 ms  flags=["fog"] actions=[]
t= 14.3s    22.2 ms  flags=[] actions=[]
t= 14.4s    22.1 ms  flags=[] actions=[]
t= 14.4s    23.5 ms  flags=[] actions=[]
t= 14.4s    22.1 ms  flags=[] actions=[]
t= 14.4s    22.1 ms  flags=[] actions=[]
t= 14.5s    21.9 ms  flags=[] actions=[]
t= 14.5s    35.0 ms  flags=["fog"] actions=[]
t= 14.5s    23.1 ms  flags=[] actions=[]
t= 14.5s    22.7 ms  flags=[] actions=[]
t= 14.5s    22.8 ms  flags=[] actions=[]
t= 14.6s    22.5 ms  flags=[] actions=[]
t= 14.6s    22.4 ms  flags=[] actions=[]
t= 14.6s    22.0 ms  flags=[] actions=[]
t= 14.6s    30.4 ms  flags=["fog"] actions=[]
t= 14.7s    23.9 ms  flags=[] actions=[]
t= 14.7s    23.1 ms  flags=[] actions=[]
t= 14.7s    21.8 ms  flags=[] actions=[]
t= 14.7s    22.3 ms  flags=[] actions=[]
t= 14.8s    22.3 ms  flags=[] actions=[]
t= 14.8s    22.2 ms  flags=[] actions=[]
t= 14.8s    30.3 ms  flags=["fog"] actions=[]
t= 14.8s    23.6 ms  flags=[] actions=[]
t= 14.9s    26.7 ms  flags=[] actions=[]
t= 14.9s    22.5 ms  flags=[] actions=[]
t= 14.9s    22.0 ms  flags=[] actions=[]
t= 14.9s    23.6 ms  flags=[] actions=[]
t= 15.0s    22.9 ms  flags=[] actions=[]
t= 15.0s    30.4 ms  flags=["fog"] actions=[]
t= 15.0s    26.8 ms  flags=["stats"] actions=[]

=== spike time by coincident activity (not exclusive measured costs) ===
fog              8457.7 ms total
unattributed    11155.0 ms total
ai_tick          1652.9 ms total
stats             102.7 ms total

=== nav profile totals across whole run ===
