Godot Engine v4.7.2.stable.custom_build.ed1daf0bf (2026-08-17 01:18:38 UTC) - https://godotengine.org

setup: units=153 buildings=23 players=2 ai_controllers=1 cage_reachable=false
... sim t=0s frames=0 wall=0s
... sim t=1s frames=85 wall=0s
... sim t=2s frames=205 wall=1s
... sim t=3s frames=256 wall=2s
... sim t=4s frames=334 wall=6s
... sim t=5s frames=408 wall=8s
... sim t=6s frames=528 wall=9s
... sim t=7s frames=566 wall=12s
... sim t=8s frames=643 wall=15s
... sim t=9s frames=725 wall=17s
... sim t=10s frames=814 wall=18s
... sim t=11s frames=847 wall=19s
... sim t=12s frames=905 wall=20s
... sim t=13s frames=986 wall=23s
... sim t=14s frames=1088 wall=24s
... sim t=15s frames=1117 wall=26s

=== frame wall time over 1118 frames (15.0 sim s, profiling=false) ===
median 8.4 ms | p95 30.0 ms | max 2085.2 ms

=== 267 spike frames (> 12 ms) ===
t=  0.4s    12.1 ms  flags=["fog"] actions=[]
t=  0.6s    14.9 ms  flags=["fog"] actions=[]
t=  0.9s    12.2 ms  flags=["fog"] actions=[]
t=  1.0s    12.9 ms  flags=["fog"] actions=[]
t=  1.2s    12.4 ms  flags=["fog"] actions=[]
t=  1.4s    14.1 ms  flags=["fog"] actions=[]
t=  1.5s    12.4 ms  flags=["fog"] actions=[]
t=  1.7s    12.1 ms  flags=["fog"] actions=[]
t=  2.0s    12.2 ms  flags=["fog"] actions=[]
t=  2.0s    78.7 ms  flags=[] actions=["group_order"]
t=  2.0s    20.4 ms  flags=[] actions=[]
t=  2.1s    20.1 ms  flags=[] actions=[]
t=  2.1s    16.7 ms  flags=[] actions=[]
t=  2.1s    25.8 ms  flags=["fog"] actions=[]
t=  2.2s    15.4 ms  flags=[] actions=[]
t=  2.2s    14.8 ms  flags=[] actions=[]
t=  2.2s    17.7 ms  flags=[] actions=[]
t=  2.2s    14.9 ms  flags=[] actions=[]
t=  2.2s    14.8 ms  flags=[] actions=[]
t=  2.3s    14.7 ms  flags=[] actions=[]
t=  2.3s    15.4 ms  flags=[] actions=[]
t=  2.3s    14.9 ms  flags=[] actions=[]
t=  2.3s    24.4 ms  flags=["fog"] actions=[]
t=  2.3s    16.6 ms  flags=[] actions=[]
t=  2.3s    15.1 ms  flags=[] actions=[]
t=  2.4s    15.4 ms  flags=[] actions=[]
t=  2.4s    15.0 ms  flags=[] actions=[]
t=  2.4s    16.8 ms  flags=[] actions=[]
t=  2.4s    18.5 ms  flags=[] actions=[]
t=  2.4s    32.8 ms  flags=[] actions=[]
t=  2.4s    56.6 ms  flags=[] actions=[]
t=  2.5s    26.1 ms  flags=["fog"] actions=[]
t=  2.5s    15.5 ms  flags=[] actions=[]
t=  2.5s    16.2 ms  flags=[] actions=[]
t=  2.6s    16.4 ms  flags=[] actions=[]
t=  2.6s    19.8 ms  flags=[] actions=[]
t=  2.6s    16.9 ms  flags=[] actions=[]
t=  2.6s    15.6 ms  flags=[] actions=[]
t=  2.6s    15.9 ms  flags=[] actions=[]
t=  2.7s    23.4 ms  flags=["fog"] actions=[]
t=  2.7s    16.2 ms  flags=[] actions=[]
t=  2.7s    15.8 ms  flags=[] actions=[]
t=  2.7s    15.2 ms  flags=[] actions=[]
t=  2.7s    15.4 ms  flags=[] actions=[]
t=  2.7s    15.1 ms  flags=[] actions=[]
t=  2.8s    15.7 ms  flags=[] actions=[]
t=  2.8s    20.6 ms  flags=[] actions=[]
t=  2.8s    17.7 ms  flags=[] actions=[]
t=  2.8s    23.4 ms  flags=["fog"] actions=[]
t=  2.8s    15.9 ms  flags=[] actions=[]
t=  2.8s    14.8 ms  flags=[] actions=[]
t=  2.9s    15.3 ms  flags=[] actions=[]
t=  2.9s    15.2 ms  flags=[] actions=[]
t=  2.9s    15.6 ms  flags=[] actions=[]
t=  2.9s    14.7 ms  flags=[] actions=[]
t=  2.9s    15.5 ms  flags=[] actions=[]
t=  2.9s    14.7 ms  flags=[] actions=[]
t=  3.0s    25.1 ms  flags=["fog"] actions=[]
t=  3.0s    16.3 ms  flags=[] actions=[]
t=  3.0s    15.1 ms  flags=[] actions=[]
t=  3.0s    15.3 ms  flags=[] actions=[]
t=  3.0s    15.1 ms  flags=[] actions=[]
t=  3.0s    15.1 ms  flags=[] actions=[]
t=  3.1s    16.5 ms  flags=[] actions=[]
t=  3.1s    15.2 ms  flags=[] actions=[]
t=  3.1s    15.8 ms  flags=[] actions=[]
t=  3.1s    14.8 ms  flags=[] actions=[]
t=  3.1s   141.3 ms  flags=["fog"] actions=[]
t=  3.2s  1633.0 ms  flags=["ai_tick"] actions=[]
t=  3.4s    28.2 ms  flags=["fog"] actions=[]
t=  3.4s    14.7 ms  flags=[] actions=[]
t=  3.5s    14.6 ms  flags=["fog"] actions=[]
t=  3.7s    13.2 ms  flags=[] actions=[]
t=  3.7s    15.0 ms  flags=["fog"] actions=[]
t=  3.9s    14.8 ms  flags=["fog"] actions=[]
t=  4.0s    21.8 ms  flags=[] actions=[]
t=  4.0s    23.4 ms  flags=[] actions=[]
t=  4.0s  1371.2 ms  flags=[] actions=[]
t=  4.1s   112.2 ms  flags=["fog"] actions=["building_edit"]
t=  4.2s  1604.2 ms  flags=[] actions=[]
t=  4.4s    21.0 ms  flags=["fog"] actions=[]
t=  4.5s    14.6 ms  flags=["fog"] actions=[]
t=  4.7s    14.2 ms  flags=["fog"] actions=[]
t=  4.8s    16.8 ms  flags=["fog"] actions=[]
t=  5.0s    15.7 ms  flags=["fog"] actions=[]
t=  5.1s    14.7 ms  flags=["fog"] actions=[]
t=  5.3s    15.1 ms  flags=["fog"] actions=[]
t=  5.5s    14.0 ms  flags=["fog"] actions=[]
t=  5.6s    14.2 ms  flags=["fog"] actions=[]
t=  5.8s    16.3 ms  flags=["fog"] actions=[]
t=  5.9s    14.4 ms  flags=["fog"] actions=[]
t=  6.0s  2085.2 ms  flags=[] actions=["group_order", "unreachable_order"]
t=  6.0s    27.3 ms  flags=[] actions=[]
t=  6.1s    37.8 ms  flags=["fog"] actions=[]
t=  6.2s    23.1 ms  flags=[] actions=[]
t=  6.2s    29.1 ms  flags=[] actions=[]
t=  6.2s    22.8 ms  flags=[] actions=[]
t=  6.3s    25.4 ms  flags=["ai_tick"] actions=[]
t=  6.3s    21.5 ms  flags=[] actions=[]
t=  6.3s    29.8 ms  flags=["fog"] actions=[]
t=  6.3s    23.9 ms  flags=[] actions=[]
t=  6.4s    22.3 ms  flags=[] actions=[]
t=  6.4s    21.5 ms  flags=[] actions=[]
t=  6.4s    22.2 ms  flags=[] actions=[]
t=  6.4s    21.8 ms  flags=[] actions=[]
t=  6.4s    22.5 ms  flags=[] actions=[]
t=  6.5s    30.0 ms  flags=["fog"] actions=[]
t=  6.5s    21.6 ms  flags=[] actions=[]
t=  6.5s    23.6 ms  flags=[] actions=[]
t=  6.5s    22.0 ms  flags=[] actions=[]
t=  6.6s    21.8 ms  flags=[] actions=[]
t=  6.6s    23.7 ms  flags=[] actions=[]
t=  6.6s    23.5 ms  flags=[] actions=[]
t=  6.6s    31.5 ms  flags=["fog"] actions=[]
t=  6.7s    22.4 ms  flags=[] actions=[]
t=  6.7s    21.7 ms  flags=[] actions=[]
t=  6.7s    23.8 ms  flags=[] actions=[]
t=  6.7s    22.4 ms  flags=[] actions=[]
t=  6.8s    21.9 ms  flags=[] actions=[]
t=  6.8s    22.9 ms  flags=[] actions=[]
t=  6.8s    30.5 ms  flags=["fog"] actions=[]
t=  6.8s    22.9 ms  flags=[] actions=[]
t=  6.9s    22.0 ms  flags=[] actions=[]
t=  6.9s    21.8 ms  flags=[] actions=[]
t=  6.9s    23.3 ms  flags=[] actions=[]
t=  6.9s    22.2 ms  flags=[] actions=[]
t=  6.9s    21.9 ms  flags=[] actions=[]
t=  7.0s    30.6 ms  flags=["fog"] actions=[]
t=  7.0s    21.4 ms  flags=[] actions=[]
t=  7.0s    22.0 ms  flags=[] actions=[]
t=  7.0s    21.9 ms  flags=[] actions=[]
t=  7.1s    22.2 ms  flags=[] actions=[]
t=  7.1s    23.8 ms  flags=[] actions=[]
t=  7.1s    21.9 ms  flags=[] actions=[]
t=  7.1s    39.3 ms  flags=["fog"] actions=[]
t=  7.3s    15.7 ms  flags=["fog"] actions=[]
t=  7.3s    19.8 ms  flags=[] actions=[]
t=  7.3s    21.5 ms  flags=[] actions=[]
t=  7.3s  1450.4 ms  flags=[] actions=[]
t=  7.5s   162.6 ms  flags=["fog"] actions=[]
t=  7.6s    13.0 ms  flags=["fog"] actions=[]
t=  7.8s    13.1 ms  flags=["fog"] actions=[]
t=  7.9s    12.7 ms  flags=["fog"] actions=[]
t=  8.0s    54.1 ms  flags=[] actions=[]
t=  8.1s  1488.3 ms  flags=[] actions=[]
t=  8.2s    17.1 ms  flags=["fog"] actions=[]
t=  8.2s    35.0 ms  flags=[] actions=[]
t=  8.3s    50.5 ms  flags=[] actions=[]
t=  8.3s    39.3 ms  flags=[] actions=[]
t=  8.4s    50.4 ms  flags=[] actions=[]
t=  8.4s    12.9 ms  flags=["fog"] actions=[]
t=  8.6s    14.1 ms  flags=["fog"] actions=[]
t=  8.7s    13.1 ms  flags=["fog"] actions=[]
t=  8.9s    13.5 ms  flags=["fog"] actions=[]
t=  9.0s    13.1 ms  flags=["fog"] actions=[]
t=  9.2s    13.2 ms  flags=["fog"] actions=[]
t=  9.3s    19.7 ms  flags=["ai_tick"] actions=[]
t=  9.3s    14.6 ms  flags=["fog"] actions=[]
t=  9.4s    51.7 ms  flags=[] actions=[]
t=  9.5s    37.2 ms  flags=[] actions=[]
t=  9.5s    15.3 ms  flags=["fog"] actions=[]
t=  9.5s    22.5 ms  flags=[] actions=[]
t=  9.7s    14.1 ms  flags=["fog"] actions=[]
t=  9.7s    21.0 ms  flags=[] actions=[]
t=  9.8s   123.1 ms  flags=["fog"] actions=[]
t=  9.9s    58.2 ms  flags=[] actions=[]
t= 10.0s   100.3 ms  flags=["fog", "stats"] actions=["group_order"]
t= 10.0s    32.7 ms  flags=[] actions=[]
t= 10.1s    28.9 ms  flags=[] actions=[]
t= 10.2s    36.6 ms  flags=["fog"] actions=[]
t= 10.2s    26.7 ms  flags=[] actions=[]
t= 10.2s    26.7 ms  flags=[] actions=[]
t= 10.3s    25.6 ms  flags=[] actions=[]
t= 10.3s    26.0 ms  flags=[] actions=[]
t= 10.3s    27.5 ms  flags=[] actions=[]
t= 10.3s    35.3 ms  flags=["fog"] actions=[]
t= 10.4s    27.8 ms  flags=[] actions=[]
t= 10.4s    25.8 ms  flags=[] actions=[]
t= 10.4s    27.0 ms  flags=[] actions=[]
t= 10.5s    27.2 ms  flags=[] actions=[]
t= 10.5s    27.1 ms  flags=[] actions=[]
t= 10.5s    35.3 ms  flags=["fog"] actions=[]
t= 10.5s    26.7 ms  flags=[] actions=[]
t= 10.6s    28.9 ms  flags=[] actions=[]
t= 10.6s    25.7 ms  flags=[] actions=[]
t= 10.6s    25.9 ms  flags=[] actions=[]
t= 10.6s    25.8 ms  flags=[] actions=[]
t= 10.7s    35.2 ms  flags=["fog"] actions=[]
t= 10.7s    26.2 ms  flags=[] actions=[]
t= 10.7s    26.2 ms  flags=[] actions=[]
t= 10.8s    28.8 ms  flags=[] actions=[]
t= 10.8s    26.9 ms  flags=[] actions=[]
t= 10.8s    26.3 ms  flags=[] actions=[]
t= 10.8s    34.6 ms  flags=["fog"] actions=[]
t= 10.9s    25.5 ms  flags=[] actions=[]
t= 10.9s    25.9 ms  flags=[] actions=[]
t= 10.9s    27.5 ms  flags=[] actions=[]
t= 11.0s    31.3 ms  flags=[] actions=[]
t= 11.0s    26.4 ms  flags=[] actions=[]
t= 11.0s    36.8 ms  flags=["fog"] actions=["building_edit"]
t= 11.0s   146.1 ms  flags=[] actions=[]
t= 11.2s   100.8 ms  flags=["fog"] actions=[]
t= 11.3s    15.9 ms  flags=["fog"] actions=[]
t= 11.4s    42.7 ms  flags=[] actions=[]
t= 11.5s   113.7 ms  flags=["fog"] actions=[]
t= 11.6s   157.4 ms  flags=[] actions=[]
t= 11.7s    19.9 ms  flags=["fog"] actions=[]
t= 11.9s    15.3 ms  flags=["fog"] actions=[]
t= 12.0s    17.1 ms  flags=["fog"] actions=[]
t= 12.1s    18.8 ms  flags=[] actions=[]
t= 12.1s    52.4 ms  flags=[] actions=[]
t= 12.2s    20.7 ms  flags=[] actions=[]
t= 12.2s    14.3 ms  flags=["fog"] actions=[]
t= 12.2s    54.4 ms  flags=[] actions=[]
t= 12.3s    40.0 ms  flags=["ai_tick"] actions=[]
t= 12.4s    14.0 ms  flags=["fog"] actions=[]
t= 12.4s    21.3 ms  flags=[] actions=[]
t= 12.4s    21.7 ms  flags=[] actions=[]
t= 12.4s    23.8 ms  flags=[] actions=[]
t= 12.4s    22.7 ms  flags=[] actions=[]
t= 12.5s    15.1 ms  flags=["fog"] actions=[]
t= 12.7s    14.2 ms  flags=["fog"] actions=[]
t= 12.8s  1726.9 ms  flags=[] actions=[]
t= 12.9s    26.3 ms  flags=["fog"] actions=[]
t= 13.1s    13.5 ms  flags=["fog"] actions=[]
t= 13.2s    13.6 ms  flags=["fog"] actions=[]
t= 13.4s    18.2 ms  flags=[] actions=[]
t= 13.4s    35.9 ms  flags=[] actions=[]
t= 13.4s    21.8 ms  flags=["fog"] actions=[]
t= 13.4s    12.2 ms  flags=[] actions=[]
t= 13.5s    16.3 ms  flags=[] actions=[]
t= 13.5s    14.1 ms  flags=[] actions=[]
t= 13.6s    12.2 ms  flags=[] actions=[]
t= 13.6s    34.1 ms  flags=["fog"] actions=[]
t= 13.6s    12.0 ms  flags=[] actions=[]
t= 13.7s    19.7 ms  flags=["fog"] actions=[]
t= 13.9s    14.0 ms  flags=["fog"] actions=[]
t= 14.0s   733.0 ms  flags=[] actions=["group_order"]
t= 14.0s    28.1 ms  flags=[] actions=[]
t= 14.1s    36.4 ms  flags=["fog"] actions=[]
t= 14.2s    23.9 ms  flags=[] actions=[]
t= 14.2s    25.1 ms  flags=[] actions=[]
t= 14.2s    23.8 ms  flags=[] actions=[]
t= 14.2s    26.1 ms  flags=[] actions=[]
t= 14.3s    24.4 ms  flags=[] actions=[]
t= 14.3s    31.4 ms  flags=["fog"] actions=[]
t= 14.3s    22.9 ms  flags=[] actions=[]
t= 14.3s    23.2 ms  flags=[] actions=[]
t= 14.4s  1115.7 ms  flags=[] actions=[]
t= 14.5s    38.8 ms  flags=["fog"] actions=[]
t= 14.6s    29.1 ms  flags=[] actions=[]
t= 14.6s    25.5 ms  flags=[] actions=[]
t= 14.6s    27.9 ms  flags=[] actions=[]
t= 14.6s    25.5 ms  flags=[] actions=[]
t= 14.7s    33.9 ms  flags=["fog"] actions=[]
t= 14.7s    28.5 ms  flags=[] actions=[]
t= 14.7s    26.9 ms  flags=[] actions=[]
t= 14.8s    25.2 ms  flags=[] actions=[]
t= 14.8s    25.4 ms  flags=[] actions=[]
t= 14.8s    25.1 ms  flags=[] actions=[]
t= 14.8s    36.5 ms  flags=["fog"] actions=[]
t= 14.9s    33.4 ms  flags=[] actions=[]
t= 14.9s    29.9 ms  flags=[] actions=[]
t= 14.9s    28.8 ms  flags=[] actions=[]
t= 15.0s    27.4 ms  flags=[] actions=[]
t= 15.0s    25.9 ms  flags=[] actions=[]
t= 15.0s    52.9 ms  flags=["fog", "stats"] actions=[]

=== spike time by coincident activity (not exclusive measured costs) ===
fog              2497.9 ms total
unattributed    15878.2 ms total
ai_tick          1718.0 ms total
stats             153.1 ms total

=== nav profile totals across whole run ===
WARNING: 2 ObjectDB instances were leaked at exit (run with `--verbose` for details).
   at: cleanup (core/object/object.cpp:2536)
