Godot Engine v4.7.2.stable.custom_build.ed1daf0bf (2026-08-17 01:18:38 UTC) - https://godotengine.org

setup: units=153 buildings=23 players=2 ai_controllers=1 cage_reachable=false
... sim t=0s frames=0 wall=0s
... sim t=1s frames=82 wall=0s
... sim t=2s frames=202 wall=1s
... sim t=3s frames=257 wall=2s
... sim t=4s frames=338 wall=4s
... sim t=5s frames=441 wall=5s
... sim t=6s frames=544 wall=6s
... sim t=7s frames=578 wall=7s
... sim t=8s frames=653 wall=8s
... sim t=9s frames=742 wall=10s
... sim t=10s frames=841 wall=11s
... sim t=11s frames=871 wall=12s
... sim t=12s frames=920 wall=13s
... sim t=13s frames=1011 wall=14s
... sim t=14s frames=1117 wall=15s
... sim t=15s frames=1152 wall=17s

=== frame wall time over 1153 frames (15.0 sim s, profiling=false) ===
median 8.3 ms | p95 29.4 ms | max 795.2 ms

=== 258 spike frames (> 12 ms) ===
t=  0.4s    12.3 ms  flags=["fog"] actions=[]
t=  0.6s    16.0 ms  flags=["fog"] actions=[]
t=  0.7s    24.3 ms  flags=["fog"] actions=[]
t=  0.8s    23.2 ms  flags=[] actions=[]
t=  0.9s    14.6 ms  flags=["fog"] actions=[]
t=  1.4s    12.4 ms  flags=["fog"] actions=[]
t=  1.5s    12.1 ms  flags=["fog"] actions=[]
t=  1.7s    12.2 ms  flags=["fog"] actions=[]
t=  2.0s    12.6 ms  flags=["fog"] actions=[]
t=  2.0s    85.3 ms  flags=[] actions=["group_order"]
t=  2.0s    20.9 ms  flags=[] actions=[]
t=  2.1s    20.6 ms  flags=[] actions=[]
t=  2.1s    15.8 ms  flags=[] actions=[]
t=  2.1s    24.0 ms  flags=["fog"] actions=[]
t=  2.2s    15.7 ms  flags=[] actions=[]
t=  2.2s    16.0 ms  flags=[] actions=[]
t=  2.2s    20.4 ms  flags=[] actions=[]
t=  2.2s    18.1 ms  flags=[] actions=[]
t=  2.3s    15.3 ms  flags=[] actions=[]
t=  2.3s    15.6 ms  flags=[] actions=[]
t=  2.3s    15.0 ms  flags=[] actions=[]
t=  2.3s    16.0 ms  flags=[] actions=[]
t=  2.3s    25.9 ms  flags=["fog"] actions=[]
t=  2.3s    16.0 ms  flags=[] actions=[]
t=  2.3s    15.3 ms  flags=[] actions=[]
t=  2.4s    15.2 ms  flags=[] actions=[]
t=  2.4s    15.2 ms  flags=[] actions=[]
t=  2.4s    17.4 ms  flags=[] actions=[]
t=  2.4s    16.1 ms  flags=[] actions=[]
t=  2.4s    15.9 ms  flags=[] actions=[]
t=  2.4s    15.4 ms  flags=[] actions=[]
t=  2.5s    15.2 ms  flags=[] actions=[]
t=  2.5s    23.8 ms  flags=["fog"] actions=[]
t=  2.5s    16.0 ms  flags=[] actions=[]
t=  2.5s    16.1 ms  flags=[] actions=[]
t=  2.5s    15.9 ms  flags=[] actions=[]
t=  2.5s    15.5 ms  flags=[] actions=[]
t=  2.6s    15.6 ms  flags=[] actions=[]
t=  2.6s    15.9 ms  flags=[] actions=[]
t=  2.6s    18.4 ms  flags=[] actions=[]
t=  2.6s    16.0 ms  flags=[] actions=[]
t=  2.6s    15.6 ms  flags=[] actions=[]
t=  2.6s    23.8 ms  flags=["fog"] actions=[]
t=  2.7s    15.3 ms  flags=[] actions=[]
t=  2.7s    16.0 ms  flags=[] actions=[]
t=  2.7s    15.3 ms  flags=[] actions=[]
t=  2.7s    16.4 ms  flags=[] actions=[]
t=  2.7s    15.7 ms  flags=[] actions=[]
t=  2.7s    15.6 ms  flags=[] actions=[]
t=  2.8s    16.9 ms  flags=[] actions=[]
t=  2.8s    18.7 ms  flags=[] actions=[]
t=  2.8s    15.6 ms  flags=[] actions=[]
t=  2.8s    24.1 ms  flags=["fog"] actions=[]
t=  2.8s    15.5 ms  flags=[] actions=[]
t=  2.8s    15.7 ms  flags=[] actions=[]
t=  2.9s    16.4 ms  flags=[] actions=[]
t=  2.9s    15.2 ms  flags=[] actions=[]
t=  2.9s    15.3 ms  flags=[] actions=[]
t=  2.9s    15.5 ms  flags=[] actions=[]
t=  2.9s    16.0 ms  flags=[] actions=[]
t=  2.9s    18.9 ms  flags=[] actions=[]
t=  3.0s    25.9 ms  flags=["fog"] actions=[]
t=  3.0s    16.3 ms  flags=[] actions=[]
t=  3.0s    15.3 ms  flags=[] actions=[]
t=  3.0s    15.3 ms  flags=[] actions=[]
t=  3.0s    15.5 ms  flags=[] actions=[]
t=  3.0s    16.6 ms  flags=[] actions=[]
t=  3.1s    16.5 ms  flags=[] actions=[]
t=  3.1s    15.2 ms  flags=[] actions=[]
t=  3.1s    15.3 ms  flags=[] actions=[]
t=  3.1s   145.8 ms  flags=["fog"] actions=[]
t=  3.2s   512.8 ms  flags=["ai_tick"] actions=[]
t=  3.4s    24.6 ms  flags=["fog"] actions=[]
t=  3.5s    17.5 ms  flags=["fog"] actions=[]
t=  3.7s    14.8 ms  flags=["fog"] actions=[]
t=  3.8s    15.7 ms  flags=["fog"] actions=[]
t=  3.8s    14.6 ms  flags=[] actions=[]
t=  4.0s    14.8 ms  flags=["fog"] actions=[]
t=  4.0s   158.2 ms  flags=[] actions=[]
t=  4.1s    18.7 ms  flags=["fog"] actions=[]
t=  4.2s    13.7 ms  flags=[] actions=[]
t=  4.3s    14.8 ms  flags=["fog"] actions=[]
t=  4.5s    14.8 ms  flags=["fog"] actions=[]
t=  4.6s    14.8 ms  flags=["fog"] actions=[]
t=  4.8s    14.6 ms  flags=["fog"] actions=[]
t=  4.9s    14.3 ms  flags=["fog"] actions=[]
t=  5.0s    13.0 ms  flags=["stats"] actions=[]
t=  5.1s    14.7 ms  flags=["fog"] actions=[]
t=  5.2s    14.4 ms  flags=["fog"] actions=[]
t=  5.4s    15.0 ms  flags=["fog"] actions=[]
t=  5.5s   147.2 ms  flags=[] actions=[]
t=  5.7s    20.7 ms  flags=["fog"] actions=[]
t=  5.8s    14.1 ms  flags=["fog"] actions=[]
t=  6.0s    14.6 ms  flags=["fog"] actions=[]
t=  6.0s   795.2 ms  flags=[] actions=["group_order", "unreachable_order"]
t=  6.0s    28.8 ms  flags=[] actions=[]
t=  6.1s    38.6 ms  flags=["fog"] actions=[]
t=  6.2s    25.9 ms  flags=[] actions=[]
t=  6.2s    25.5 ms  flags=[] actions=[]
t=  6.2s    25.6 ms  flags=[] actions=[]
t=  6.3s    26.3 ms  flags=["ai_tick"] actions=[]
t=  6.3s    24.6 ms  flags=[] actions=[]
t=  6.3s    33.5 ms  flags=["fog"] actions=[]
t=  6.4s    27.4 ms  flags=[] actions=[]
t=  6.4s    25.4 ms  flags=[] actions=[]
t=  6.4s    24.4 ms  flags=[] actions=[]
t=  6.4s    26.6 ms  flags=[] actions=[]
t=  6.5s    27.8 ms  flags=[] actions=[]
t=  6.5s    33.5 ms  flags=["fog"] actions=[]
t=  6.5s    25.6 ms  flags=[] actions=[]
t=  6.5s    26.6 ms  flags=[] actions=[]
t=  6.6s    25.0 ms  flags=[] actions=[]
t=  6.6s    24.6 ms  flags=[] actions=[]
t=  6.6s    24.9 ms  flags=[] actions=[]
t=  6.6s    33.2 ms  flags=["fog"] actions=[]
t=  6.7s    25.3 ms  flags=[] actions=[]
t=  6.7s    24.1 ms  flags=[] actions=[]
t=  6.7s    26.5 ms  flags=[] actions=[]
t=  6.8s    24.2 ms  flags=[] actions=[]
t=  6.8s    26.2 ms  flags=[] actions=[]
t=  6.8s    32.7 ms  flags=["fog"] actions=[]
t=  6.8s    24.3 ms  flags=[] actions=[]
t=  6.9s    24.5 ms  flags=[] actions=[]
t=  6.9s    25.4 ms  flags=[] actions=[]
t=  6.9s    28.2 ms  flags=[] actions=[]
t=  6.9s    24.4 ms  flags=[] actions=[]
t=  7.0s    33.2 ms  flags=["fog"] actions=[]
t=  7.0s    24.9 ms  flags=[] actions=[]
t=  7.0s    23.8 ms  flags=[] actions=[]
t=  7.0s    23.9 ms  flags=[] actions=[]
t=  7.1s    24.7 ms  flags=[] actions=[]
t=  7.1s    26.2 ms  flags=[] actions=[]
t=  7.1s    37.1 ms  flags=["fog"] actions=[]
t=  7.3s    15.5 ms  flags=["fog"] actions=[]
t=  7.3s    21.5 ms  flags=[] actions=[]
t=  7.3s    23.4 ms  flags=[] actions=[]
t=  7.3s   153.2 ms  flags=[] actions=[]
t=  7.5s   177.1 ms  flags=["fog"] actions=[]
t=  7.6s    15.3 ms  flags=["fog"] actions=[]
t=  7.8s    15.2 ms  flags=["fog"] actions=[]
t=  7.9s    15.6 ms  flags=["fog"] actions=[]
t=  8.0s    22.6 ms  flags=[] actions=[]
t=  8.1s    14.8 ms  flags=["fog"] actions=[]
t=  8.2s    14.2 ms  flags=["fog"] actions=[]
t=  8.3s    36.0 ms  flags=[] actions=[]
t=  8.3s   389.6 ms  flags=[] actions=[]
t=  8.4s    36.5 ms  flags=["fog"] actions=[]
t=  8.6s    25.1 ms  flags=["fog"] actions=[]
t=  8.7s    29.4 ms  flags=[] actions=[]
t=  8.7s    27.2 ms  flags=[] actions=[]
t=  8.8s    30.3 ms  flags=["fog"] actions=[]
t=  8.9s    15.0 ms  flags=["fog"] actions=[]
t=  9.1s    15.4 ms  flags=["fog"] actions=[]
t=  9.1s    67.0 ms  flags=[] actions=[]
t=  9.2s    38.6 ms  flags=[] actions=[]
t=  9.2s    14.0 ms  flags=["fog"] actions=[]
t=  9.3s    15.0 ms  flags=["ai_tick"] actions=[]
t=  9.4s    16.5 ms  flags=["fog"] actions=[]
t=  9.5s    39.4 ms  flags=[] actions=[]
t=  9.5s    19.3 ms  flags=["fog"] actions=[]
t=  9.6s    37.5 ms  flags=[] actions=[]
t=  9.7s    15.7 ms  flags=["fog"] actions=[]
t=  9.9s    15.8 ms  flags=["fog"] actions=[]
t=  9.9s    14.1 ms  flags=[] actions=[]
t= 10.0s    95.5 ms  flags=["stats"] actions=["group_order"]
t= 10.0s    42.1 ms  flags=["fog"] actions=[]
t= 10.1s    31.8 ms  flags=[] actions=[]
t= 10.2s    38.7 ms  flags=["fog"] actions=[]
t= 10.2s    28.7 ms  flags=[] actions=[]
t= 10.3s    29.0 ms  flags=[] actions=[]
t= 10.3s    27.9 ms  flags=[] actions=[]
t= 10.3s    28.4 ms  flags=[] actions=[]
t= 10.3s    37.3 ms  flags=["fog"] actions=[]
t= 10.4s    32.9 ms  flags=[] actions=[]
t= 10.4s    33.4 ms  flags=[] actions=[]
t= 10.4s    28.7 ms  flags=[] actions=[]
t= 10.5s    28.1 ms  flags=[] actions=[]
t= 10.5s    36.8 ms  flags=["fog"] actions=[]
t= 10.5s    28.6 ms  flags=[] actions=[]
t= 10.6s    29.8 ms  flags=[] actions=[]
t= 10.6s    28.9 ms  flags=[] actions=[]
t= 10.6s    29.1 ms  flags=[] actions=[]
t= 10.7s    37.3 ms  flags=["fog"] actions=[]
t= 10.7s    29.4 ms  flags=[] actions=[]
t= 10.7s    28.7 ms  flags=[] actions=[]
t= 10.7s    29.8 ms  flags=[] actions=[]
t= 10.8s    28.6 ms  flags=[] actions=[]
t= 10.8s    37.5 ms  flags=["fog"] actions=[]
t= 10.8s    27.7 ms  flags=[] actions=[]
t= 10.9s    31.4 ms  flags=[] actions=[]
t= 10.9s    30.5 ms  flags=[] actions=[]
t= 10.9s    29.7 ms  flags=[] actions=[]
t= 11.0s    36.8 ms  flags=["fog"] actions=[]
t= 11.0s    28.8 ms  flags=[] actions=[]
t= 11.0s    29.1 ms  flags=[] actions=["building_edit"]
t= 11.1s    99.0 ms  flags=[] actions=[]
t= 11.1s   145.3 ms  flags=["fog"] actions=[]
t= 11.3s    13.2 ms  flags=[] actions=[]
t= 11.3s    16.1 ms  flags=["fog"] actions=[]
t= 11.4s   120.4 ms  flags=[] actions=[]
t= 11.5s   293.3 ms  flags=["fog"] actions=[]
t= 11.7s    91.1 ms  flags=[] actions=[]
t= 11.8s    21.2 ms  flags=["fog"] actions=[]
t= 11.9s    16.4 ms  flags=["fog"] actions=[]
t= 12.1s    16.5 ms  flags=["fog"] actions=[]
t= 12.3s    13.7 ms  flags=["fog"] actions=[]
t= 12.3s    37.4 ms  flags=[] actions=[]
t= 12.3s   390.2 ms  flags=["ai_tick"] actions=[]
t= 12.4s    35.3 ms  flags=["fog"] actions=[]
t= 12.5s    20.6 ms  flags=[] actions=[]
t= 12.6s    13.2 ms  flags=["fog"] actions=[]
t= 12.7s    13.5 ms  flags=["fog"] actions=[]
t= 12.9s    14.0 ms  flags=["fog"] actions=[]
t= 12.9s   126.9 ms  flags=[] actions=[]
t= 13.1s    14.9 ms  flags=["fog"] actions=[]
t= 13.2s    13.3 ms  flags=["fog"] actions=[]
t= 13.4s    13.7 ms  flags=["fog"] actions=[]
t= 13.5s    14.6 ms  flags=["fog"] actions=[]
t= 13.7s    13.9 ms  flags=["fog"] actions=[]
t= 13.8s    17.7 ms  flags=[] actions=[]
t= 13.8s    42.5 ms  flags=[] actions=[]
t= 13.9s    24.0 ms  flags=["fog"] actions=[]
t= 14.0s   656.1 ms  flags=[] actions=["group_order"]
t= 14.0s    27.0 ms  flags=[] actions=[]
t= 14.1s   613.7 ms  flags=["fog"] actions=[]
t= 14.3s    29.7 ms  flags=[] actions=[]
t= 14.3s    32.2 ms  flags=["fog"] actions=[]
t= 14.3s    21.4 ms  flags=[] actions=[]
t= 14.4s    21.2 ms  flags=[] actions=[]
t= 14.4s    21.4 ms  flags=[] actions=[]
t= 14.4s    21.3 ms  flags=[] actions=[]
t= 14.4s    21.1 ms  flags=[] actions=[]
t= 14.4s    20.8 ms  flags=[] actions=[]
t= 14.5s    31.1 ms  flags=["fog"] actions=[]
t= 14.5s    21.6 ms  flags=[] actions=[]
t= 14.5s    21.1 ms  flags=[] actions=[]
t= 14.5s    21.1 ms  flags=[] actions=[]
t= 14.5s    21.6 ms  flags=[] actions=[]
t= 14.6s    21.4 ms  flags=[] actions=[]
t= 14.6s    20.6 ms  flags=[] actions=[]
t= 14.6s    30.5 ms  flags=["fog"] actions=[]
t= 14.6s    22.3 ms  flags=[] actions=[]
t= 14.7s    23.0 ms  flags=[] actions=[]
t= 14.7s    21.0 ms  flags=[] actions=[]
t= 14.7s    21.6 ms  flags=[] actions=[]
t= 14.7s    21.1 ms  flags=[] actions=[]
t= 14.8s    22.8 ms  flags=[] actions=[]
t= 14.8s    30.0 ms  flags=["fog"] actions=[]
t= 14.8s    21.1 ms  flags=[] actions=[]
t= 14.8s    21.0 ms  flags=[] actions=[]
t= 14.8s    23.6 ms  flags=[] actions=[]
t= 14.9s    21.8 ms  flags=[] actions=[]
t= 14.9s    21.4 ms  flags=[] actions=[]
t= 14.9s    21.4 ms  flags=[] actions=[]
t= 14.9s    30.8 ms  flags=["fog"] actions=[]
t= 15.0s    21.8 ms  flags=[] actions=[]
t= 15.0s    20.9 ms  flags=[] actions=[]
t= 15.0s    26.5 ms  flags=["stats"] actions=[]

=== spike time by coincident activity (not exclusive measured costs) ===
fog              3124.0 ms total
unattributed     6298.7 ms total
ai_tick           944.3 ms total
stats             135.0 ms total

=== nav profile totals across whole run ===
