Godot Engine v4.7.2.stable.custom_build.ed1daf0bf (2026-08-17 01:18:38 UTC) - https://godotengine.org

setup: units=153 buildings=23 players=2 ai_controllers=1 cage_reachable=false
... sim t=0s frames=0 wall=0s
... sim t=1s frames=84 wall=0s
... sim t=2s frames=203 wall=1s
... sim t=3s frames=252 wall=2s
... sim t=4s frames=332 wall=4s
... sim t=5s frames=435 wall=5s
... sim t=6s frames=555 wall=6s
... sim t=7s frames=594 wall=7s
... sim t=8s frames=676 wall=8s
... sim t=9s frames=794 wall=9s
... sim t=10s frames=900 wall=10s
... sim t=11s frames=930 wall=11s
... sim t=12s frames=990 wall=12s
... sim t=13s frames=1082 wall=13s
... sim t=14s frames=1185 wall=14s
... sim t=15s frames=1222 wall=15s

=== frame wall time over 1223 frames (15.0 sim s, profiling=false) ===
median 8.4 ms | p95 29.2 ms | max 512.2 ms

=== 260 spike frames (> 12 ms) ===
t=  0.6s    16.5 ms  flags=["fog"] actions=[]
t=  0.9s    16.2 ms  flags=["fog"] actions=[]
t=  1.0s    12.3 ms  flags=["fog"] actions=[]
t=  1.2s    16.0 ms  flags=["fog"] actions=[]
t=  1.3s    12.6 ms  flags=["fog"] actions=[]
t=  1.5s    15.2 ms  flags=["fog"] actions=[]
t=  1.6s    17.1 ms  flags=["fog"] actions=[]
t=  1.9s    12.8 ms  flags=["fog"] actions=[]
t=  2.0s   114.6 ms  flags=[] actions=["group_order"]
t=  2.0s    26.3 ms  flags=[] actions=[]
t=  2.1s    34.5 ms  flags=["fog"] actions=[]
t=  2.2s    17.9 ms  flags=[] actions=[]
t=  2.2s    17.7 ms  flags=[] actions=[]
t=  2.2s    16.1 ms  flags=[] actions=[]
t=  2.2s    20.8 ms  flags=[] actions=[]
t=  2.3s    20.5 ms  flags=[] actions=[]
t=  2.3s    21.3 ms  flags=[] actions=[]
t=  2.3s    28.6 ms  flags=["fog"] actions=[]
t=  2.3s    19.5 ms  flags=[] actions=[]
t=  2.3s    19.4 ms  flags=[] actions=[]
t=  2.4s    15.4 ms  flags=[] actions=[]
t=  2.4s    15.2 ms  flags=[] actions=[]
t=  2.4s    18.8 ms  flags=[] actions=[]
t=  2.4s    15.5 ms  flags=[] actions=[]
t=  2.4s    16.0 ms  flags=[] actions=[]
t=  2.4s    24.1 ms  flags=["fog"] actions=[]
t=  2.5s    16.2 ms  flags=[] actions=[]
t=  2.5s    16.2 ms  flags=[] actions=[]
t=  2.5s    20.0 ms  flags=[] actions=[]
t=  2.5s    21.4 ms  flags=[] actions=[]
t=  2.5s    18.7 ms  flags=[] actions=[]
t=  2.6s    18.0 ms  flags=[] actions=[]
t=  2.6s    18.9 ms  flags=[] actions=[]
t=  2.6s    29.8 ms  flags=["fog"] actions=[]
t=  2.6s    16.5 ms  flags=[] actions=[]
t=  2.6s    15.6 ms  flags=[] actions=[]
t=  2.7s    16.1 ms  flags=[] actions=[]
t=  2.7s    17.2 ms  flags=[] actions=[]
t=  2.7s    16.4 ms  flags=[] actions=[]
t=  2.7s    15.9 ms  flags=[] actions=[]
t=  2.7s    16.1 ms  flags=[] actions=[]
t=  2.7s    15.1 ms  flags=[] actions=[]
t=  2.8s    24.8 ms  flags=["fog"] actions=[]
t=  2.8s    15.2 ms  flags=[] actions=[]
t=  2.8s    15.0 ms  flags=[] actions=[]
t=  2.8s    15.8 ms  flags=[] actions=[]
t=  2.8s    15.2 ms  flags=[] actions=[]
t=  2.8s    15.2 ms  flags=[] actions=[]
t=  2.9s    14.8 ms  flags=[] actions=[]
t=  2.9s    15.4 ms  flags=[] actions=[]
t=  2.9s    15.2 ms  flags=[] actions=[]
t=  2.9s    15.2 ms  flags=[] actions=[]
t=  2.9s    23.2 ms  flags=["fog"] actions=[]
t=  2.9s    14.8 ms  flags=[] actions=[]
t=  3.0s    16.5 ms  flags=[] actions=[]
t=  3.0s    15.6 ms  flags=[] actions=[]
t=  3.0s    16.0 ms  flags=[] actions=[]
t=  3.0s    16.3 ms  flags=[] actions=[]
t=  3.0s    16.4 ms  flags=[] actions=[]
t=  3.0s    20.2 ms  flags=[] actions=[]
t=  3.1s    16.9 ms  flags=[] actions=[]
t=  3.1s    18.3 ms  flags=[] actions=[]
t=  3.1s    24.6 ms  flags=["fog"] actions=[]
t=  3.1s    16.5 ms  flags=[] actions=[]
t=  3.1s   178.6 ms  flags=[] actions=[]
t=  3.3s   511.4 ms  flags=["fog", "ai_tick"] actions=[]
t=  3.4s    21.4 ms  flags=[] actions=[]
t=  3.4s    19.0 ms  flags=["fog"] actions=[]
t=  3.5s    12.2 ms  flags=[] actions=[]
t=  3.6s    15.8 ms  flags=["fog"] actions=[]
t=  3.7s    14.5 ms  flags=["fog"] actions=[]
t=  3.9s    14.3 ms  flags=["fog"] actions=[]
t=  4.0s   154.8 ms  flags=[] actions=[]
t=  4.1s    21.6 ms  flags=["fog"] actions=[]
t=  4.3s    13.9 ms  flags=["fog"] actions=[]
t=  4.5s    14.3 ms  flags=["fog"] actions=[]
t=  4.6s    13.9 ms  flags=["fog"] actions=[]
t=  4.8s    14.1 ms  flags=["fog"] actions=[]
t=  4.9s    14.2 ms  flags=["fog"] actions=[]
t=  5.0s    12.1 ms  flags=["stats"] actions=[]
t=  5.1s    14.4 ms  flags=["fog"] actions=[]
t=  5.2s    13.8 ms  flags=["fog"] actions=[]
t=  5.4s    13.7 ms  flags=["fog"] actions=[]
t=  5.5s    13.8 ms  flags=["fog"] actions=[]
t=  5.7s    13.9 ms  flags=["fog"] actions=[]
t=  5.8s    13.8 ms  flags=["fog"] actions=[]
t=  5.9s    13.9 ms  flags=[] actions=[]
t=  6.0s   140.1 ms  flags=["fog"] actions=["group_order", "unreachable_order"]
t=  6.0s    25.1 ms  flags=[] actions=[]
t=  6.1s    25.9 ms  flags=[] actions=[]
t=  6.2s    30.5 ms  flags=["fog"] actions=[]
t=  6.2s    21.5 ms  flags=[] actions=[]
t=  6.2s    22.2 ms  flags=[] actions=[]
t=  6.3s    21.4 ms  flags=[] actions=[]
t=  6.3s    26.8 ms  flags=["ai_tick"] actions=[]
t=  6.3s    23.4 ms  flags=[] actions=[]
t=  6.3s    34.4 ms  flags=["fog"] actions=[]
t=  6.4s    21.8 ms  flags=[] actions=[]
t=  6.4s    21.6 ms  flags=[] actions=[]
t=  6.4s    21.4 ms  flags=[] actions=[]
t=  6.4s    22.0 ms  flags=[] actions=[]
t=  6.4s    21.2 ms  flags=[] actions=[]
t=  6.5s    23.4 ms  flags=[] actions=[]
t=  6.5s    29.9 ms  flags=["fog"] actions=[]
t=  6.5s    23.5 ms  flags=[] actions=[]
t=  6.5s    21.4 ms  flags=[] actions=[]
t=  6.6s    21.2 ms  flags=[] actions=[]
t=  6.6s    21.5 ms  flags=[] actions=[]
t=  6.6s    21.9 ms  flags=[] actions=[]
t=  6.6s    21.4 ms  flags=[] actions=[]
t=  6.6s    30.0 ms  flags=["fog"] actions=[]
t=  6.7s    21.0 ms  flags=[] actions=[]
t=  6.7s    21.5 ms  flags=[] actions=[]
t=  6.7s    24.0 ms  flags=[] actions=[]
t=  6.7s    21.2 ms  flags=[] actions=[]
t=  6.8s    22.0 ms  flags=[] actions=[]
t=  6.8s    22.6 ms  flags=[] actions=[]
t=  6.8s    30.3 ms  flags=["fog"] actions=[]
t=  6.8s    21.8 ms  flags=[] actions=[]
t=  6.8s    21.3 ms  flags=[] actions=[]
t=  6.9s    21.7 ms  flags=[] actions=[]
t=  6.9s    21.3 ms  flags=[] actions=[]
t=  6.9s    24.1 ms  flags=[] actions=[]
t=  6.9s    21.3 ms  flags=[] actions=[]
t=  7.0s    33.3 ms  flags=["fog"] actions=[]
t=  7.0s    26.3 ms  flags=[] actions=[]
t=  7.0s    24.3 ms  flags=[] actions=[]
t=  7.0s    22.5 ms  flags=[] actions=[]
t=  7.1s    22.7 ms  flags=[] actions=[]
t=  7.1s    22.0 ms  flags=[] actions=[]
t=  7.1s    91.2 ms  flags=["fog"] actions=[]
t=  7.3s    13.2 ms  flags=["fog"] actions=[]
t=  7.4s    34.6 ms  flags=[] actions=[]
t=  7.4s    42.5 ms  flags=["fog"] actions=[]
t=  7.5s    35.0 ms  flags=[] actions=[]
t=  7.5s    81.2 ms  flags=[] actions=[]
t=  7.6s    15.5 ms  flags=["fog"] actions=[]
t=  7.7s    13.4 ms  flags=["fog"] actions=[]
t=  7.9s    13.1 ms  flags=["fog"] actions=[]
t=  8.1s    13.9 ms  flags=["fog"] actions=[]
t=  8.2s    19.7 ms  flags=[] actions=[]
t=  8.2s    12.7 ms  flags=["fog"] actions=[]
t=  8.3s    18.6 ms  flags=[] actions=[]
t=  8.4s    12.7 ms  flags=["fog"] actions=[]
t=  8.5s    13.5 ms  flags=["fog"] actions=[]
t=  8.7s    13.4 ms  flags=["fog"] actions=[]
t=  8.8s    13.5 ms  flags=["fog"] actions=[]
t=  9.0s    13.4 ms  flags=["fog"] actions=[]
t=  9.2s    12.8 ms  flags=["fog"] actions=[]
t=  9.3s    21.5 ms  flags=["ai_tick"] actions=[]
t=  9.3s    17.4 ms  flags=["fog"] actions=[]
t=  9.5s    17.0 ms  flags=["fog"] actions=[]
t=  9.5s    24.9 ms  flags=[] actions=[]
t=  9.6s    16.9 ms  flags=["fog"] actions=[]
t=  9.7s    23.7 ms  flags=[] actions=[]
t=  9.8s    16.8 ms  flags=["fog"] actions=[]
t=  9.9s    17.0 ms  flags=["fog"] actions=[]
t= 10.0s    93.5 ms  flags=["stats"] actions=["group_order"]
t= 10.0s    33.3 ms  flags=[] actions=[]
t= 10.1s    40.7 ms  flags=["fog"] actions=[]
t= 10.2s    33.5 ms  flags=[] actions=[]
t= 10.2s    30.9 ms  flags=[] actions=[]
t= 10.2s    29.3 ms  flags=[] actions=[]
t= 10.3s    29.5 ms  flags=[] actions=[]
t= 10.3s    38.3 ms  flags=["fog"] actions=[]
t= 10.3s    29.6 ms  flags=[] actions=[]
t= 10.4s    29.5 ms  flags=[] actions=[]
t= 10.4s    30.7 ms  flags=[] actions=[]
t= 10.4s    29.8 ms  flags=[] actions=[]
t= 10.5s    37.4 ms  flags=["fog"] actions=[]
t= 10.5s    30.3 ms  flags=[] actions=[]
t= 10.5s    29.5 ms  flags=[] actions=[]
t= 10.6s    28.9 ms  flags=[] actions=[]
t= 10.6s    30.6 ms  flags=[] actions=[]
t= 10.6s    38.4 ms  flags=["fog"] actions=[]
t= 10.6s    29.2 ms  flags=[] actions=[]
t= 10.7s    29.2 ms  flags=[] actions=[]
t= 10.7s    29.4 ms  flags=[] actions=[]
t= 10.7s    28.7 ms  flags=[] actions=[]
t= 10.8s    39.1 ms  flags=["fog"] actions=[]
t= 10.8s    29.5 ms  flags=[] actions=[]
t= 10.8s    29.3 ms  flags=[] actions=[]
t= 10.9s    28.9 ms  flags=[] actions=[]
t= 10.9s    28.8 ms  flags=[] actions=[]
t= 10.9s    37.1 ms  flags=["fog"] actions=[]
t= 10.9s    30.7 ms  flags=[] actions=[]
t= 11.0s    29.9 ms  flags=[] actions=[]
t= 11.0s    30.2 ms  flags=[] actions=["building_edit"]
t= 11.0s   135.3 ms  flags=[] actions=[]
t= 11.2s   101.4 ms  flags=["fog"] actions=[]
t= 11.3s    14.2 ms  flags=[] actions=[]
t= 11.3s    17.6 ms  flags=["fog"] actions=[]
t= 11.3s    12.0 ms  flags=[] actions=[]
t= 11.4s    38.8 ms  flags=[] actions=[]
t= 11.5s    26.2 ms  flags=[] actions=[]
t= 11.5s    47.6 ms  flags=["fog"] actions=[]
t= 11.6s    25.9 ms  flags=[] actions=[]
t= 11.6s    42.8 ms  flags=[] actions=[]
t= 11.6s    39.4 ms  flags=[] actions=[]
t= 11.7s    17.7 ms  flags=["fog"] actions=[]
t= 11.8s    17.6 ms  flags=["fog"] actions=[]
t= 12.0s    12.2 ms  flags=[] actions=[]
t= 12.0s    17.4 ms  flags=["fog"] actions=[]
t= 12.1s    17.2 ms  flags=["fog"] actions=[]
t= 12.2s    21.2 ms  flags=[] actions=[]
t= 12.2s    20.8 ms  flags=[] actions=[]
t= 12.3s    14.1 ms  flags=["fog"] actions=[]
t= 12.3s   173.6 ms  flags=["ai_tick"] actions=[]
t= 12.4s    86.2 ms  flags=["fog"] actions=[]
t= 12.5s    12.3 ms  flags=[] actions=[]
t= 12.6s    14.4 ms  flags=["fog"] actions=[]
t= 12.7s    13.8 ms  flags=["fog"] actions=[]
t= 12.9s    13.6 ms  flags=["fog"] actions=[]
t= 13.0s    14.6 ms  flags=[] actions=[]
t= 13.0s    16.7 ms  flags=[] actions=[]
t= 13.1s   358.2 ms  flags=["fog"] actions=[]
t= 13.2s    14.7 ms  flags=["fog"] actions=[]
t= 13.4s    13.7 ms  flags=["fog"] actions=[]
t= 13.5s    14.0 ms  flags=["fog"] actions=[]
t= 13.7s    15.0 ms  flags=["fog"] actions=[]
t= 13.8s    13.7 ms  flags=["fog"] actions=[]
t= 14.0s    13.6 ms  flags=["fog"] actions=[]
t= 14.0s   512.2 ms  flags=[] actions=["group_order"]
t= 14.0s    30.2 ms  flags=[] actions=[]
t= 14.1s    36.5 ms  flags=["fog"] actions=[]
t= 14.2s    23.9 ms  flags=[] actions=[]
t= 14.2s    24.2 ms  flags=[] actions=[]
t= 14.2s    23.2 ms  flags=[] actions=[]
t= 14.3s    22.7 ms  flags=[] actions=[]
t= 14.3s    22.9 ms  flags=[] actions=[]
t= 14.3s    31.2 ms  flags=["fog"] actions=[]
t= 14.3s    23.9 ms  flags=[] actions=[]
t= 14.3s    22.9 ms  flags=[] actions=[]
t= 14.4s    23.1 ms  flags=[] actions=[]
t= 14.4s    24.2 ms  flags=[] actions=[]
t= 14.4s    23.4 ms  flags=[] actions=[]
t= 14.4s    23.3 ms  flags=[] actions=[]
t= 14.5s    31.7 ms  flags=["fog"] actions=[]
t= 14.5s    22.7 ms  flags=[] actions=[]
t= 14.5s    24.7 ms  flags=[] actions=[]
t= 14.5s    29.3 ms  flags=[] actions=[]
t= 14.6s    23.7 ms  flags=[] actions=[]
t= 14.6s    25.3 ms  flags=[] actions=[]
t= 14.6s    24.2 ms  flags=[] actions=[]
t= 14.6s    32.5 ms  flags=["fog"] actions=[]
t= 14.7s    23.1 ms  flags=[] actions=[]
t= 14.7s    22.6 ms  flags=[] actions=[]
t= 14.7s    23.2 ms  flags=[] actions=[]
t= 14.7s    23.6 ms  flags=[] actions=[]
t= 14.8s    23.6 ms  flags=[] actions=[]
t= 14.8s    24.1 ms  flags=[] actions=[]
t= 14.8s    33.8 ms  flags=["fog"] actions=[]
t= 14.8s    26.4 ms  flags=[] actions=[]
t= 14.9s    24.0 ms  flags=[] actions=[]
t= 14.9s    22.6 ms  flags=[] actions=[]
t= 14.9s    23.4 ms  flags=[] actions=[]
t= 14.9s    22.9 ms  flags=[] actions=[]
t= 15.0s    32.3 ms  flags=["fog"] actions=[]
t= 15.0s    24.4 ms  flags=[] actions=[]
t= 15.0s    28.6 ms  flags=["stats"] actions=[]

=== spike time by coincident activity (not exclusive measured costs) ===
fog              3017.7 ms total
unattributed     4725.4 ms total
ai_tick           733.2 ms total
stats             134.3 ms total

=== nav profile totals across whole run ===
WARNING: 4 ObjectDB instances were leaked at exit (run with `--verbose` for details).
   at: cleanup (core/object/object.cpp:2536)
