Godot Engine v4.7.2.stable.custom_build.ed1daf0bf (2026-08-17 01:18:38 UTC) - https://godotengine.org

POC_PASS formation_balanced_angle0_distance80 arrived=12/12
POC_PASS formation_balanced_angle0_distance350 arrived=12/12
POC_PASS formation_balanced_angle1_distance80 arrived=12/12
POC_PASS formation_balanced_angle1_distance350 arrived=12/12
POC_PASS formation_balanced_angle2_distance80 arrived=12/12
POC_PASS formation_balanced_angle2_distance350 arrived=12/12
POC_PASS formation_balanced_angle3_distance80 arrived=12/12
POC_PASS formation_balanced_angle3_distance350 arrived=12/12
POC_PASS formation_balanced_angle4_distance80 arrived=12/12
POC_PASS formation_balanced_angle4_distance350 arrived=12/12
POC_PASS formation_balanced_angle5_distance80 arrived=12/12
POC_PASS formation_balanced_angle5_distance350 arrived=12/12
POC_PASS formation_balanced_angle6_distance80 arrived=12/12
POC_PASS formation_balanced_angle6_distance350 arrived=12/12
POC_PASS formation_balanced_angle7_distance80 arrived=12/12
POC_PASS formation_balanced_angle7_distance350 arrived=12/12
POC_PASS formation_line_angle0_distance80 arrived=12/12
POC_PASS formation_line_angle0_distance350 arrived=12/12
POC_PASS formation_line_angle1_distance80 arrived=12/12
POC_PASS formation_line_angle1_distance350 arrived=12/12
POC_PASS formation_line_angle2_distance80 arrived=12/12
POC_PASS formation_line_angle2_distance350 arrived=12/12
POC_PASS formation_line_angle3_distance80 arrived=12/12
POC_PASS formation_line_angle3_distance350 arrived=12/12
POC_PASS formation_line_angle4_distance80 arrived=12/12
POC_PASS formation_line_angle4_distance350 arrived=12/12
POC_PASS formation_line_angle5_distance80 arrived=12/12
POC_PASS formation_line_angle5_distance350 arrived=12/12
POC_PASS formation_line_angle6_distance80 arrived=12/12
POC_PASS formation_line_angle6_distance350 arrived=12/12
POC_PASS formation_line_angle7_distance80 arrived=12/12
POC_PASS formation_line_angle7_distance350 arrived=12/12
POC_PASS formation_compact_angle0_distance80 arrived=12/12
POC_PASS formation_compact_angle0_distance350 arrived=12/12
POC_PASS formation_compact_angle1_distance80 arrived=12/12
POC_PASS formation_compact_angle1_distance350 arrived=12/12
POC_PASS formation_compact_angle2_distance80 arrived=12/12
POC_PASS formation_compact_angle2_distance350 arrived=12/12
POC_PASS formation_compact_angle3_distance80 arrived=12/12
POC_PASS formation_compact_angle3_distance350 arrived=12/12
POC_PASS formation_compact_angle4_distance80 arrived=12/12
POC_PASS formation_compact_angle4_distance350 arrived=12/12
POC_PASS formation_compact_angle5_distance80 arrived=12/12
POC_PASS formation_compact_angle5_distance350 arrived=12/12
POC_PASS formation_compact_angle6_distance80 arrived=12/12
POC_PASS formation_compact_angle6_distance350 arrived=12/12
POC_PASS formation_compact_angle7_distance80 arrived=12/12
POC_PASS formation_compact_angle7_distance350 arrived=12/12
POC_PASS formation_column_angle0_distance80 arrived=12/12
POC_PASS formation_column_angle0_distance350 arrived=12/12
POC_PASS formation_column_angle1_distance80 arrived=12/12
POC_PASS formation_column_angle1_distance350 arrived=12/12
POC_PASS formation_column_angle2_distance80 arrived=12/12
POC_PASS formation_column_angle2_distance350 arrived=12/12
POC_PASS formation_column_angle3_distance80 arrived=12/12
POC_PASS formation_column_angle3_distance350 arrived=12/12
POC_PASS formation_column_angle4_distance80 arrived=12/12
POC_PASS formation_column_angle4_distance350 arrived=12/12
POC_PASS formation_column_angle5_distance80 arrived=12/12
POC_PASS formation_column_angle5_distance350 arrived=12/12
POC_PASS formation_column_angle6_distance80 arrived=12/12
POC_PASS formation_column_angle6_distance350 arrived=12/12
POC_PASS formation_column_angle7_distance80 arrived=12/12
POC_PASS formation_column_angle7_distance350 arrived=12/12
POC_PASS seeded_routes_radius10 unsafe=0 empty=0 stuck=0 /20
POC_PASS seeded_routes_radius12 unsafe=0 empty=0 stuck=0 /20
POC_PASS seeded_routes_radius18 unsafe=0 empty=0 stuck=0 /20
POC_PASS seeded_routes_radius24 unsafe=0 empty=0 stuck=0 /20
POC_PASS seeded_routes_radius28 unsafe=0 empty=0 stuck=0 /20
POC_PASS naval_reaches_water_goal
POC_PASS land_does_not_cross_water
POC_PASS ship_does_not_cross_land
POC_PASS friendly_gate_passable
POC_PASS enemy_gate_impassable
POC_PASS queued_group_commands
POC_PASS obstructed_group_goal_synchronized
POC_PASS obstructed_group_goal_finishes
POC_PASS new_command_replaces_route
POC_PASS map_edge_(12.0, 12.0)
POC_PASS map_edge_(1488.0, 988.0)
POC_PASS map_edge_(1488.0, 12.0)
POC_PASS map_edge_(12.0, 988.0)
POC_PASS sealed_route_finishes_at_reachable_edge
POC_PASS subcell_passage_witness
POC_PASS subcell_passage_safe_route
POC_PASS subcell_passage_arrival
POC_PASS subcell_passage_interaction
POC_PASS blocked_click_snaps_to_near_side (589.0, 525.0)
POC_PASS routes_around_fixed_unit_corral (819.677, 524.8522)
POC_PASS enemies_and_hold_units_are_not_pushed
NAVIGATION_POC_MATRIX checks=90 failures=0
