Godot Engine v4.7.2.stable.custom_build.ed1daf0bf (2026-08-17 01:18:38 UTC) - https://godotengine.org

PARALLEL_PROGRESS {"batch_ms":85.066,"matches_serial":true,"mode":"arithmetic_control","pass":1,"snapshot_ms":0.016,"worker_ids":[1],"workers":0}
PARALLEL_PROGRESS {"batch_ms":104.983,"matches_serial":true,"mode":"arithmetic_control","pass":1,"snapshot_ms":0.042,"worker_ids":[5],"workers":1}
PARALLEL_PROGRESS {"batch_ms":46.5,"matches_serial":true,"mode":"arithmetic_control","pass":1,"snapshot_ms":0.044,"worker_ids":[6,7],"workers":2}
PARALLEL_PROGRESS {"batch_ms":52.007,"matches_serial":true,"mode":"arithmetic_control","pass":1,"snapshot_ms":0.038,"worker_ids":[8,9,8,9],"workers":4}
PARALLEL_PROGRESS {"batch_ms":51.043,"matches_serial":true,"mode":"arithmetic_control","pass":2,"snapshot_ms":0.06,"worker_ids":[8,9,9,8],"workers":4}
PARALLEL_PROGRESS {"batch_ms":48.115,"matches_serial":true,"mode":"arithmetic_control","pass":2,"snapshot_ms":0.053,"worker_ids":[8,9],"workers":2}
PARALLEL_PROGRESS {"batch_ms":82.376,"matches_serial":true,"mode":"arithmetic_control","pass":2,"snapshot_ms":0.03,"worker_ids":[10],"workers":1}
PARALLEL_PROGRESS {"batch_ms":82.402,"matches_serial":true,"mode":"arithmetic_control","pass":2,"snapshot_ms":0.037,"worker_ids":[1],"workers":0}
PARALLEL_PROGRESS {"batch_ms":542.871,"matches_serial":true,"mode":"grid","pass":1,"snapshot_ms":9.495,"worker_ids":[1],"workers":0}
PARALLEL_PROGRESS {"batch_ms":487.828,"matches_serial":true,"mode":"grid","pass":1,"snapshot_ms":34.24,"worker_ids":[12],"workers":1}
PARALLEL_PROGRESS {"batch_ms":403.397,"matches_serial":true,"mode":"grid","pass":1,"snapshot_ms":35.634,"worker_ids":[14,5],"workers":2}
PARALLEL_PROGRESS {"batch_ms":399.601,"matches_serial":true,"mode":"grid","pass":1,"snapshot_ms":67.327,"worker_ids":[6,7,7,6],"workers":4}
PARALLEL_PROGRESS {"batch_ms":414.378,"matches_serial":true,"mode":"grid","pass":2,"snapshot_ms":53.885,"worker_ids":[6,7,7,6],"workers":4}
PARALLEL_PROGRESS {"batch_ms":397.054,"matches_serial":true,"mode":"grid","pass":2,"snapshot_ms":24.523,"worker_ids":[6,7],"workers":2}
PARALLEL_PROGRESS {"batch_ms":594.332,"matches_serial":true,"mode":"grid","pass":2,"snapshot_ms":19.12,"worker_ids":[8],"workers":1}
PARALLEL_PROGRESS {"batch_ms":481.317,"matches_serial":true,"mode":"grid","pass":2,"snapshot_ms":22.394,"worker_ids":[1],"workers":0}
PARALLEL_PROGRESS {"batch_ms":1082.236,"matches_serial":true,"mode":"recovery","pass":1,"snapshot_ms":41.343,"successful_routes":79,"worker_ids":[1],"workers":0}
PARALLEL_PROGRESS {"batch_ms":1043.569,"matches_serial":true,"mode":"recovery","pass":1,"snapshot_ms":6.019,"successful_routes":79,"worker_ids":[9],"workers":1}
PARALLEL_PROGRESS {"batch_ms":855.039,"matches_serial":true,"mode":"recovery","pass":1,"snapshot_ms":17.145,"successful_routes":79,"worker_ids":[10,12],"workers":2}
PARALLEL_PROGRESS {"batch_ms":853.79,"matches_serial":true,"mode":"recovery","pass":1,"snapshot_ms":116.821,"successful_routes":79,"worker_ids":[14,5,14,5],"workers":4}
PARALLEL_PROGRESS {"batch_ms":916.4,"matches_serial":true,"mode":"recovery","pass":2,"snapshot_ms":36.501,"successful_routes":79,"worker_ids":[14,5,5,14],"workers":4}
PARALLEL_PROGRESS {"batch_ms":879.124,"matches_serial":true,"mode":"recovery","pass":2,"snapshot_ms":22.291,"successful_routes":79,"worker_ids":[14,5],"workers":2}
PARALLEL_PROGRESS {"batch_ms":1066.371,"matches_serial":true,"mode":"recovery","pass":2,"snapshot_ms":10.061,"successful_routes":79,"worker_ids":[6],"workers":1}
PARALLEL_PROGRESS {"batch_ms":997.649,"matches_serial":true,"mode":"recovery","pass":2,"snapshot_ms":14.353,"successful_routes":79,"worker_ids":[1],"workers":0}
NAVIGATION_PARALLEL_POC {"buildings":6,"deer":8,"failures":0,"high_priority":false,"requests":80,"runs":[{"batch_ms":85.066,"matches_serial":true,"mode":"arithmetic_control","pass":1,"snapshot_ms":0.016,"worker_ids":[1],"workers":0},{"batch_ms":104.983,"matches_serial":true,"mode":"arithmetic_control","pass":1,"snapshot_ms":0.042,"worker_ids":[5],"workers":1},{"batch_ms":46.5,"matches_serial":true,"mode":"arithmetic_control","pass":1,"snapshot_ms":0.044,"worker_ids":[6,7],"workers":2},{"batch_ms":52.007,"matches_serial":true,"mode":"arithmetic_control","pass":1,"snapshot_ms":0.038,"worker_ids":[8,9,8,9],"workers":4},{"batch_ms":51.043,"matches_serial":true,"mode":"arithmetic_control","pass":2,"snapshot_ms":0.06,"worker_ids":[8,9,9,8],"workers":4},{"batch_ms":48.115,"matches_serial":true,"mode":"arithmetic_control","pass":2,"snapshot_ms":0.053,"worker_ids":[8,9],"workers":2},{"batch_ms":82.376,"matches_serial":true,"mode":"arithmetic_control","pass":2,"snapshot_ms":0.03,"worker_ids":[10],"workers":1},{"batch_ms":82.402,"matches_serial":true,"mode":"arithmetic_control","pass":2,"snapshot_ms":0.037,"worker_ids":[1],"workers":0},{"async":true,"batch_ms":50.831,"main_loop_ticks":6,"main_submit_ms":0.015,"matches_serial":true,"max_main_tick_gap_ms":31.073,"mode":"arithmetic_control","workers":4},{"batch_ms":542.871,"matches_serial":true,"mode":"grid","pass":1,"snapshot_ms":9.495,"worker_ids":[1],"workers":0},{"batch_ms":487.828,"matches_serial":true,"mode":"grid","pass":1,"snapshot_ms":34.24,"worker_ids":[12],"workers":1},{"batch_ms":403.397,"matches_serial":true,"mode":"grid","pass":1,"snapshot_ms":35.634,"worker_ids":[14,5],"workers":2},{"batch_ms":399.601,"matches_serial":true,"mode":"grid","pass":1,"snapshot_ms":67.327,"worker_ids":[6,7,7,6],"workers":4},{"batch_ms":414.378,"matches_serial":true,"mode":"grid","pass":2,"snapshot_ms":53.885,"worker_ids":[6,7,7,6],"workers":4},{"batch_ms":397.054,"matches_serial":true,"mode":"grid","pass":2,"snapshot_ms":24.523,"worker_ids":[6,7],"workers":2},{"batch_ms":594.332,"matches_serial":true,"mode":"grid","pass":2,"snapshot_ms":19.12,"worker_ids":[8],"workers":1},{"batch_ms":481.317,"matches_serial":true,"mode":"grid","pass":2,"snapshot_ms":22.394,"worker_ids":[1],"workers":0},{"async":true,"batch_ms":437.374,"main_loop_ticks":51,"main_submit_ms":0.017,"matches_serial":true,"max_main_tick_gap_ms":27.517,"mode":"grid","workers":4},{"batch_ms":1082.236,"matches_serial":true,"mode":"recovery","pass":1,"snapshot_ms":41.343,"successful_routes":79,"worker_ids":[1],"workers":0},{"batch_ms":1043.569,"matches_serial":true,"mode":"recovery","pass":1,"snapshot_ms":6.019,"successful_routes":79,"worker_ids":[9],"workers":1},{"batch_ms":855.039,"matches_serial":true,"mode":"recovery","pass":1,"snapshot_ms":17.145,"successful_routes":79,"worker_ids":[10,12],"workers":2},{"batch_ms":853.79,"matches_serial":true,"mode":"recovery","pass":1,"snapshot_ms":116.821,"successful_routes":79,"worker_ids":[14,5,14,5],"workers":4},{"batch_ms":916.4,"matches_serial":true,"mode":"recovery","pass":2,"snapshot_ms":36.501,"successful_routes":79,"worker_ids":[14,5,5,14],"workers":4},{"batch_ms":879.124,"matches_serial":true,"mode":"recovery","pass":2,"snapshot_ms":22.291,"successful_routes":79,"worker_ids":[14,5],"workers":2},{"batch_ms":1066.371,"matches_serial":true,"mode":"recovery","pass":2,"snapshot_ms":10.061,"successful_routes":79,"worker_ids":[6],"workers":1},{"batch_ms":997.649,"matches_serial":true,"mode":"recovery","pass":2,"snapshot_ms":14.353,"successful_routes":79,"worker_ids":[1],"workers":0},{"async":true,"batch_ms":945.979,"main_loop_ticks":111,"main_submit_ms":0.011,"matches_serial":true,"max_main_tick_gap_ms":39.616,"mode":"recovery","workers":4}]}
