Godot Engine v4.7.2.stable.custom_build.ed1daf0bf (2026-08-17 01:18:38 UTC) - https://godotengine.org

POC_PASS farm_repair_completes hp=170.0/170.0 pos=(354.9541, 648.5454)
POC_PASS farm_repair_queue_advances idle
POC_PASS blacksmith_repair_completes hp=650.0/650.0 pos=(355.605, 648.2711)
POC_PASS blacksmith_repair_queue_advances idle
POC_PASS monastery_repair_completes hp=460.0/460.0 pos=(356.3117, 648.0243)
POC_PASS monastery_repair_queue_advances idle
POC_PASS keep_repair_completes hp=1500.0/1500.0 pos=(356.2929, 647.9582)
POC_PASS keep_repair_queue_advances idle
POC_PASS wonder_repair_completes hp=2100.0/2100.0 pos=(356.3488, 647.6916)
POC_PASS wonder_repair_queue_advances idle
POC_PASS dense_1_workers_build_all 8/8 in 0.14s
POC_PASS dense_1_workers_finish_queues 1/1
POC_PASS dense_1_workers_no_teleport 
POC_PASS dense_12_workers_build_all 96/96 in 2.31s
POC_PASS dense_12_workers_finish_queues 12/12
POC_PASS dense_12_workers_no_teleport 
POC_FAIL dense_48_workers_build_all 89/96 in 31.69s
POC_FAIL dense_48_workers_finish_queues 41/48
STUCK order=move pos=(709.8823, 375.0638) goal=(1526.0, 379.859) queue=0 route=[(709.8823, 375.0638), (707.1428, 350.0), (764.2857, 350.0), (821.4286, 350.0), (878.5714, 350.0), (935.7143, 350.0), (992.8571, 350.0), (1050.0, 350.0), (1107.143, 350.0), (1164.286, 350.0), (1221.429, 350.0), (1278.571, 350.0), (1335.714, 350.0), (1392.857, 350.0), (1450.0, 350.0), (1507.143, 371.4286), (1526.0, 379.859)]
STUCK order=build pos=(690.2985, 368.711) goal=(0.0, 0.0) queue=7 route=[(690.2985, 368.711), (688.45, 451.2656)]
STUCK order=build pos=(689.9805, 668.058) goal=(0.0, 0.0) queue=7 route=[(689.9805, 668.058), (688.45, 508.7344)]
STUCK order=move pos=(709.593, 661.3858) goal=(1590.0, 560.0) queue=0 route=[(709.593, 661.3858), (707.1428, 692.8571), (764.2857, 692.8571), (821.4286, 692.8571), (878.5714, 692.8571), (935.7143, 692.8571), (992.8571, 692.8571), (1050.0, 692.8571), (1107.143, 692.8571), (1164.286, 692.8571), (1221.429, 692.8571), (1278.571, 692.8571), (1335.714, 671.4286), (1392.857, 650.0), (1450.0, 621.4286), (1507.143, 592.8571), (1564.286, 571.4286), (1590.0, 560.0)]
STUCK order=move pos=(699.26, 641.5241) goal=(1590.0, 650.0) queue=0 route=[(703.8788, 640.6294), (707.1428, 692.8571), (764.2857, 692.8571), (821.4286, 692.8571), (878.5714, 692.8571), (935.7143, 692.8571), (992.8571, 692.8571), (1050.0, 692.8571), (1107.143, 692.8571), (1164.286, 692.8571), (1221.429, 692.8571), (1278.571, 692.8571), (1335.714, 692.8571), (1392.857, 692.8571), (1450.0, 692.8571), (1507.143, 685.7143), (1564.286, 664.2857), (1590.0, 650.0)]
STUCK order=build pos=(704.4349, 351.0641) goal=(0.0, 0.0) queue=7 route=[(704.3876, 350.9834), (688.45, 451.2656)]
STUCK order=build pos=(705.8054, 681.6865) goal=(0.0, 0.0) queue=7 route=[(706.0096, 681.4316), (688.45, 508.7344)]
POC_PASS dense_48_workers_no_teleport 
POC_PASS dense_96_workers_build_all 96/96 in 46.37s
POC_PASS dense_96_workers_finish_queues 96/96
POC_PASS dense_96_workers_no_teleport 
POC_PASS farm_1_workers_use_assigned_farms 1 working
POC_PASS farm_4_workers_use_assigned_farms 4 working
POC_PASS farm_8_workers_use_assigned_farms 8 working
POC_PASS trader_completes_multiple_round_trips legs=9 pos=(1019.312, 643.8347)
POC_PASS deleted_queued_build_is_skipped 
POC_PASS sealed_jobs_wait_and_preserve_queues 
POC_PASS sealed_jobs_do_not_work_through_barrier 
POC_PASS demolition_wakes_all_repair_jobs 
POC_PASS demolition_all_queues_finish 
NAVIGATION_TASKS_POC checks=31 failures=2
