Godot Engine v4.7.2.stable.custom_build.ed1daf0bf (2026-08-17 01:18:38 UTC) - https://godotengine.org

PARALLEL_PROGRESS {"batch_ms":91.539,"matches_serial":true,"mode":"arithmetic_control","pass":1,"snapshot_ms":0.012,"worker_ids":[1],"workers":0}
PARALLEL_PROGRESS {"batch_ms":86.493,"matches_serial":true,"mode":"arithmetic_control","pass":1,"snapshot_ms":0.035,"worker_ids":[5],"workers":1}
PARALLEL_PROGRESS {"batch_ms":52.067,"matches_serial":true,"mode":"arithmetic_control","pass":1,"snapshot_ms":0.038,"worker_ids":[7,6],"workers":2}
PARALLEL_PROGRESS {"batch_ms":48.602,"matches_serial":true,"mode":"arithmetic_control","pass":1,"snapshot_ms":0.049,"worker_ids":[8,9,9,8],"workers":4}
PARALLEL_PROGRESS {"batch_ms":46.808,"matches_serial":true,"mode":"arithmetic_control","pass":2,"snapshot_ms":0.058,"worker_ids":[8,9,9,8],"workers":4}
PARALLEL_PROGRESS {"batch_ms":33.387,"matches_serial":true,"mode":"arithmetic_control","pass":2,"snapshot_ms":0.033,"worker_ids":[8,9],"workers":2}
PARALLEL_PROGRESS {"batch_ms":66.138,"matches_serial":true,"mode":"arithmetic_control","pass":2,"snapshot_ms":0.023,"worker_ids":[10],"workers":1}
PARALLEL_PROGRESS {"batch_ms":70.988,"matches_serial":true,"mode":"arithmetic_control","pass":2,"snapshot_ms":0.022,"worker_ids":[1],"workers":0}
PARALLEL_PROGRESS {"batch_ms":443.334,"matches_serial":true,"mode":"grid","pass":1,"snapshot_ms":8.582,"worker_ids":[1],"workers":0}
PARALLEL_PROGRESS {"batch_ms":432.773,"matches_serial":true,"mode":"grid","pass":1,"snapshot_ms":55.428,"worker_ids":[11],"workers":1}
PARALLEL_PROGRESS {"batch_ms":441.82,"matches_serial":true,"mode":"grid","pass":1,"snapshot_ms":32.396,"worker_ids":[12,5],"workers":2}
PARALLEL_PROGRESS {"batch_ms":372.595,"matches_serial":true,"mode":"grid","pass":1,"snapshot_ms":63.818,"worker_ids":[6,7,7,6],"workers":4}
PARALLEL_PROGRESS {"batch_ms":437.106,"matches_serial":true,"mode":"grid","pass":2,"snapshot_ms":52.105,"worker_ids":[6,7,7,6],"workers":4}
PARALLEL_PROGRESS {"batch_ms":399.915,"matches_serial":true,"mode":"grid","pass":2,"snapshot_ms":34.278,"worker_ids":[6,7],"workers":2}
PARALLEL_PROGRESS {"batch_ms":406.112,"matches_serial":true,"mode":"grid","pass":2,"snapshot_ms":23.36,"worker_ids":[8],"workers":1}
PARALLEL_PROGRESS {"batch_ms":450.501,"matches_serial":true,"mode":"grid","pass":2,"snapshot_ms":18.08,"worker_ids":[1],"workers":0}
PARALLEL_PROGRESS {"batch_ms":1050.379,"matches_serial":true,"mode":"recovery","pass":1,"snapshot_ms":46.015,"successful_routes":79,"worker_ids":[1],"workers":0}
PARALLEL_PROGRESS {"batch_ms":1093.319,"matches_serial":true,"mode":"recovery","pass":1,"snapshot_ms":14.02,"successful_routes":79,"worker_ids":[9],"workers":1}
PARALLEL_PROGRESS {"batch_ms":865.005,"matches_serial":true,"mode":"recovery","pass":1,"snapshot_ms":18.71,"successful_routes":79,"worker_ids":[10,11],"workers":2}
PARALLEL_PROGRESS {"batch_ms":719.335,"matches_serial":true,"mode":"recovery","pass":1,"snapshot_ms":25.215,"successful_routes":79,"worker_ids":[12,5,5,12],"workers":4}
PARALLEL_PROGRESS {"batch_ms":928.185,"matches_serial":true,"mode":"recovery","pass":2,"snapshot_ms":41.701,"successful_routes":79,"worker_ids":[12,5,5,12],"workers":4}
PARALLEL_PROGRESS {"batch_ms":972.159,"matches_serial":true,"mode":"recovery","pass":2,"snapshot_ms":17.101,"successful_routes":79,"worker_ids":[12,5],"workers":2}
PARALLEL_PROGRESS {"batch_ms":1047.637,"matches_serial":true,"mode":"recovery","pass":2,"snapshot_ms":6.773,"successful_routes":79,"worker_ids":[6],"workers":1}
PARALLEL_PROGRESS {"batch_ms":1336.086,"matches_serial":true,"mode":"recovery","pass":2,"snapshot_ms":9.335,"successful_routes":79,"worker_ids":[1],"workers":0}
NAVIGATION_PARALLEL_POC {"buildings":6,"deer":8,"failures":0,"high_priority":false,"requests":80,"runs":[{"batch_ms":91.539,"matches_serial":true,"mode":"arithmetic_control","pass":1,"snapshot_ms":0.012,"worker_ids":[1],"workers":0},{"batch_ms":86.493,"matches_serial":true,"mode":"arithmetic_control","pass":1,"snapshot_ms":0.035,"worker_ids":[5],"workers":1},{"batch_ms":52.067,"matches_serial":true,"mode":"arithmetic_control","pass":1,"snapshot_ms":0.038,"worker_ids":[7,6],"workers":2},{"batch_ms":48.602,"matches_serial":true,"mode":"arithmetic_control","pass":1,"snapshot_ms":0.049,"worker_ids":[8,9,9,8],"workers":4},{"batch_ms":46.808,"matches_serial":true,"mode":"arithmetic_control","pass":2,"snapshot_ms":0.058,"worker_ids":[8,9,9,8],"workers":4},{"batch_ms":33.387,"matches_serial":true,"mode":"arithmetic_control","pass":2,"snapshot_ms":0.033,"worker_ids":[8,9],"workers":2},{"batch_ms":66.138,"matches_serial":true,"mode":"arithmetic_control","pass":2,"snapshot_ms":0.023,"worker_ids":[10],"workers":1},{"batch_ms":70.988,"matches_serial":true,"mode":"arithmetic_control","pass":2,"snapshot_ms":0.022,"worker_ids":[1],"workers":0},{"async":true,"batch_ms":36.995,"main_loop_ticks":7,"main_submit_ms":0.031,"matches_serial":true,"max_main_tick_gap_ms":11.663,"mode":"arithmetic_control","workers":4},{"batch_ms":443.334,"matches_serial":true,"mode":"grid","pass":1,"snapshot_ms":8.582,"worker_ids":[1],"workers":0},{"batch_ms":432.773,"matches_serial":true,"mode":"grid","pass":1,"snapshot_ms":55.428,"worker_ids":[11],"workers":1},{"batch_ms":441.82,"matches_serial":true,"mode":"grid","pass":1,"snapshot_ms":32.396,"worker_ids":[12,5],"workers":2},{"batch_ms":372.595,"matches_serial":true,"mode":"grid","pass":1,"snapshot_ms":63.818,"worker_ids":[6,7,7,6],"workers":4},{"batch_ms":437.106,"matches_serial":true,"mode":"grid","pass":2,"snapshot_ms":52.105,"worker_ids":[6,7,7,6],"workers":4},{"batch_ms":399.915,"matches_serial":true,"mode":"grid","pass":2,"snapshot_ms":34.278,"worker_ids":[6,7],"workers":2},{"batch_ms":406.112,"matches_serial":true,"mode":"grid","pass":2,"snapshot_ms":23.36,"worker_ids":[8],"workers":1},{"batch_ms":450.501,"matches_serial":true,"mode":"grid","pass":2,"snapshot_ms":18.08,"worker_ids":[1],"workers":0},{"async":true,"batch_ms":541.082,"main_loop_ticks":63,"main_submit_ms":5.292,"matches_serial":true,"max_main_tick_gap_ms":23.066,"mode":"grid","workers":4},{"batch_ms":1050.379,"matches_serial":true,"mode":"recovery","pass":1,"snapshot_ms":46.015,"successful_routes":79,"worker_ids":[1],"workers":0},{"batch_ms":1093.319,"matches_serial":true,"mode":"recovery","pass":1,"snapshot_ms":14.02,"successful_routes":79,"worker_ids":[9],"workers":1},{"batch_ms":865.005,"matches_serial":true,"mode":"recovery","pass":1,"snapshot_ms":18.71,"successful_routes":79,"worker_ids":[10,11],"workers":2},{"batch_ms":719.335,"matches_serial":true,"mode":"recovery","pass":1,"snapshot_ms":25.215,"successful_routes":79,"worker_ids":[12,5,5,12],"workers":4},{"batch_ms":928.185,"matches_serial":true,"mode":"recovery","pass":2,"snapshot_ms":41.701,"successful_routes":79,"worker_ids":[12,5,5,12],"workers":4},{"batch_ms":972.159,"matches_serial":true,"mode":"recovery","pass":2,"snapshot_ms":17.101,"successful_routes":79,"worker_ids":[12,5],"workers":2},{"batch_ms":1047.637,"matches_serial":true,"mode":"recovery","pass":2,"snapshot_ms":6.773,"successful_routes":79,"worker_ids":[6],"workers":1},{"batch_ms":1336.086,"matches_serial":true,"mode":"recovery","pass":2,"snapshot_ms":9.335,"successful_routes":79,"worker_ids":[1],"workers":0},{"async":true,"batch_ms":947.656,"main_loop_ticks":114,"main_submit_ms":0.013,"matches_serial":true,"max_main_tick_gap_ms":27.012,"mode":"recovery","workers":4}]}
