Godot Engine v4.7.2.stable.custom_build.ed1daf0bf (2026-08-17 01:18:38 UTC) - https://godotengine.org

POC_PASS gather_oblique_0 [(955.9698, 620.6708), (764.55, 538.3739)]
POC_PASS gather_oblique_0_arrives (764.55, 538.3739)
POC_PASS gather_oblique_1 [(820.6708, 755.9698), (738.3739, 564.55)]
POC_PASS gather_oblique_1_arrives (738.3739, 564.55)
POC_PASS gather_oblique_2 [(629.3292, 755.9699), (711.6261, 564.55)]
POC_PASS gather_oblique_2_arrives (711.6261, 564.55)
POC_PASS gather_oblique_3 [(494.0301, 620.6709), (685.45, 538.3739)]
POC_PASS gather_oblique_3_arrives (685.45, 538.3739)
POC_PASS gather_oblique_4 [(494.0301, 429.3291), (685.45, 511.6261)]
POC_PASS gather_oblique_4_arrives (685.45, 511.6261)
POC_PASS gather_oblique_5 [(629.3291, 294.0301), (711.6261, 485.45)]
POC_PASS gather_oblique_5_arrives (711.6261, 485.45)
POC_PASS gather_oblique_6 [(820.6709, 294.0302), (738.3739, 485.45)]
POC_PASS gather_oblique_6_arrives (738.3739, 485.45)
POC_PASS gather_oblique_7 [(955.9699, 429.3291), (764.55, 511.6261)]
POC_PASS gather_oblique_7_arrives (764.55, 511.6261)
POC_PASS repair_oblique_0 [(955.9698, 620.6708), (764.55, 528.9826)]
POC_PASS repair_oblique_0_arrives (764.7714, 529.0886)
POC_PASS repair_oblique_1 [(820.6708, 755.9698), (728.9826, 564.55)]
POC_PASS repair_oblique_1_arrives (729.0886, 564.7714)
POC_PASS repair_oblique_2 [(629.3292, 755.9699), (721.0174, 564.55)]
POC_PASS repair_oblique_2_arrives (720.9114, 564.7714)
POC_PASS repair_oblique_3 [(494.0301, 620.6709), (685.45, 528.9826)]
POC_PASS repair_oblique_3_arrives (685.2285, 529.0887)
POC_PASS repair_oblique_4 [(494.0301, 429.3291), (685.45, 521.0174)]
POC_PASS repair_oblique_4_arrives (685.2285, 520.9113)
POC_PASS repair_oblique_5 [(629.3291, 294.0301), (721.0174, 485.45)]
POC_PASS repair_oblique_5_arrives (720.9113, 485.2284)
POC_PASS repair_oblique_6 [(820.6709, 294.0302), (728.9826, 485.45)]
POC_PASS repair_oblique_6_arrives (729.0887, 485.2284)
POC_PASS repair_oblique_7 [(955.9699, 429.3291), (764.55, 521.0174)]
POC_PASS repair_oblique_7_arrives (764.7715, 520.9113)
POC_PASS build_oblique_0 [(955.9698, 620.6708), (766.8055, 542.3164)]
POC_PASS build_oblique_0_arrives (766.8055, 542.3164)
POC_PASS build_oblique_1 [(820.6708, 755.9698), (742.3164, 566.8055)]
POC_PASS build_oblique_1_arrives (742.3164, 566.8055)
POC_PASS build_oblique_2 [(629.3292, 755.9699), (707.6836, 566.8055)]
POC_PASS build_oblique_2_arrives (707.6836, 566.8055)
POC_PASS build_oblique_3 [(494.0301, 620.6709), (683.1945, 542.3164)]
POC_PASS build_oblique_3_arrives (683.1945, 542.3164)
POC_PASS build_oblique_4 [(494.0301, 429.3291), (683.1945, 507.6836)]
POC_PASS build_oblique_4_arrives (683.1945, 507.6836)
POC_PASS build_oblique_5 [(629.3291, 294.0301), (707.6836, 483.1945)]
POC_PASS build_oblique_5_arrives (707.6836, 483.1945)
POC_PASS build_oblique_6 [(820.6709, 294.0302), (742.3164, 483.1945)]
POC_PASS build_oblique_6_arrives (742.3164, 483.1945)
POC_PASS build_oblique_7 [(955.9699, 429.3291), (766.8055, 507.6836)]
POC_PASS build_oblique_7_arrives (766.8055, 507.6836)
POC_PASS fine_detour_false_witness 
POC_PASS fine_detour_false_route points=17
POC_PASS fine_detour_false_arrives (824.9999, 325.0)
POC_PASS fine_detour_true_witness 
POC_PASS fine_detour_true_route points=54
POC_PASS fine_detour_true_arrives (3725.0, 1825.0)
POC_PASS blocked_click_keeps_reachable_far_side (989.0, 525.0)
POC_PASS edge_interaction_0 (20.12991, 426.2193)
POC_PASS edge_interaction_1 (1479.87, 426.2193)
POC_PASS edge_interaction_2 (725.0, 20.25)
POC_PASS edge_interaction_3 (725.0, 979.75)
POC_PASS attack_ground_approaches_occupied_target (544.75, 525.0)
POC_PASS overlapping_resource_not_cached_as_walkable 
POC_PASS other_unit_resource_collision_stays_strict 
POC_PASS opposing_gather_workers_arrive [(1189.75, 525.0), (1104.947, 523.0003), (1019.75, 525.0), (943.0003, 514.947), (849.947, 526.9997), (764.75, 525.0), (700.25, 525.0), (599.0914, 531.9125)]
POC_PASS opposing_build_workers_arrive [(1189.75, 525.0), (1104.947, 523.0003), (1019.75, 525.0), (934.947, 523.0003), (858.0003, 514.947), (764.75, 525.0), (700.25, 525.0), (596.4647, 530.4116)]
POC_PASS opposing_repair_workers_arrive [(1189.75, 525.0), (1104.75, 525.0), (1019.75, 525.0), (935.5302, 521.0775), (858.0003, 514.947), (764.75, 525.0), (700.25, 525.0), (615.053, 523.0003)]
POC_PASS opposing_trade_workers_arrive [(1189.75, 525.0), (1104.75, 525.0), (1019.75, 525.0), (937.1713, 519.7369), (854.2154, 516.3989), (764.75, 525.0), (700.25, 525.0), (615.25, 525.0)]
POC_PASS alley_radius10_margin1_offset0 points=4
POC_PASS alley_radius10_margin1_offset0_arrives (1025.0, 625.0)
POC_PASS alley_radius10_margin1_offset3 points=4
POC_PASS alley_radius10_margin1_offset3_arrives (1025.0, 625.0)
POC_PASS alley_radius10_margin1_offset11 points=16
POC_PASS alley_radius10_margin1_offset11_arrives (1021.179, 623.6442)
POC_PASS alley_radius10_margin4_offset0 points=4
POC_PASS alley_radius10_margin4_offset0_arrives (1025.0, 625.0)
POC_PASS alley_radius10_margin4_offset3 points=16
POC_PASS alley_radius10_margin4_offset3_arrives (1021.179, 623.6442)
POC_PASS alley_radius10_margin4_offset11 points=16
POC_PASS alley_radius10_margin4_offset11_arrives (1021.179, 623.6442)
POC_PASS alley_radius10_margin10_offset0 points=4
POC_PASS alley_radius10_margin10_offset0_arrives (1025.0, 625.0)
POC_PASS alley_radius10_margin10_offset3 points=4
POC_PASS alley_radius10_margin10_offset3_arrives (1025.0, 625.0)
POC_PASS alley_radius10_margin10_offset11 points=16
POC_PASS alley_radius10_margin10_offset11_arrives (1021.179, 623.6442)
POC_PASS alley_radius12_margin1_offset0 points=4
POC_PASS alley_radius12_margin1_offset0_arrives (1025.0, 625.0)
POC_PASS alley_radius12_margin1_offset3 points=4
POC_PASS alley_radius12_margin1_offset3_arrives (1025.0, 625.0)
POC_PASS alley_radius12_margin1_offset11 points=4
POC_PASS alley_radius12_margin1_offset11_arrives (1020.535, 623.9106)
POC_PASS alley_radius12_margin4_offset0 points=4
POC_PASS alley_radius12_margin4_offset0_arrives (1025.0, 625.0)
POC_PASS alley_radius12_margin4_offset3 points=4
POC_PASS alley_radius12_margin4_offset3_arrives (1019.011, 623.4316)
POC_PASS alley_radius12_margin4_offset11 points=4
POC_PASS alley_radius12_margin4_offset11_arrives (1020.875, 624.0107)
POC_PASS alley_radius12_margin10_offset0 points=4
POC_PASS alley_radius12_margin10_offset0_arrives (1025.0, 625.0)
POC_PASS alley_radius12_margin10_offset3 points=4
POC_PASS alley_radius12_margin10_offset3_arrives (1025.0, 625.0)
POC_PASS alley_radius12_margin10_offset11 points=14
POC_PASS alley_radius12_margin10_offset11_arrives (1023.866, 624.433)
POC_PASS alley_radius18_margin1_offset0 points=4
POC_PASS alley_radius18_margin1_offset0_arrives (1025.0, 625.0)
POC_PASS alley_radius18_margin1_offset3 points=4
POC_PASS alley_radius18_margin1_offset3_arrives (1024.25, 624.7971)
POC_PASS alley_radius18_margin1_offset11 points=4
POC_PASS alley_radius18_margin1_offset11_arrives (1025.0, 625.0)
POC_PASS alley_radius18_margin4_offset0 points=4
POC_PASS alley_radius18_margin4_offset0_arrives (1025.0, 625.0)
POC_PASS alley_radius18_margin4_offset3 points=4
POC_PASS alley_radius18_margin4_offset3_arrives (1024.625, 624.9002)
POC_PASS alley_radius18_margin4_offset11 points=4
POC_PASS alley_radius18_margin4_offset11_arrives (1025.0, 625.0)
POC_PASS alley_radius18_margin10_offset0 points=4
POC_PASS alley_radius18_margin10_offset0_arrives (1025.0, 625.0)
POC_PASS alley_radius18_margin10_offset3 points=4
POC_PASS alley_radius18_margin10_offset3_arrives (1025.0, 625.0)
POC_PASS alley_radius18_margin10_offset11 points=12
POC_PASS alley_radius18_margin10_offset11_arrives (1025.0, 625.0)
POC_PASS alley_radius24_margin1_offset0 points=4
POC_PASS alley_radius24_margin1_offset0_arrives (1025.0, 625.0)
POC_PASS alley_radius24_margin1_offset3 points=4
POC_PASS alley_radius24_margin1_offset3_arrives (1021.154, 623.9421)
POC_PASS alley_radius24_margin1_offset11 points=4
POC_PASS alley_radius24_margin1_offset11_arrives (1023.11, 624.5231)
POC_PASS alley_radius24_margin4_offset0 points=4
POC_PASS alley_radius24_margin4_offset0_arrives (1025.0, 625.0)
POC_PASS alley_radius24_margin4_offset3 points=4
POC_PASS alley_radius24_margin4_offset3_arrives (1021.53, 624.0603)
POC_PASS alley_radius24_margin4_offset11 points=4
POC_PASS alley_radius24_margin4_offset11_arrives (1023.462, 624.6184)
POC_PASS alley_radius24_margin10_offset0 points=4
POC_PASS alley_radius24_margin10_offset0_arrives (1025.0, 625.0)
POC_PASS alley_radius24_margin10_offset3 points=4
POC_PASS alley_radius24_margin10_offset3_arrives (1025.0, 625.0)
POC_PASS alley_radius24_margin10_offset11 points=12
POC_PASS alley_radius24_margin10_offset11_arrives (1025.0, 625.0)
POC_PASS alley_radius28_margin1_offset0 points=4
POC_PASS alley_radius28_margin1_offset0_arrives (1025.0, 625.0)
POC_PASS alley_radius28_margin1_offset3 points=4
POC_PASS alley_radius28_margin1_offset3_arrives (1024.871, 624.9642)
POC_PASS alley_radius28_margin1_offset11 points=4
POC_PASS alley_radius28_margin1_offset11_arrives (1025.0, 625.0)
POC_PASS alley_radius28_margin4_offset0 points=4
POC_PASS alley_radius28_margin4_offset0_arrives (1025.0, 625.0)
POC_PASS alley_radius28_margin4_offset3 points=4
POC_PASS alley_radius28_margin4_offset3_arrives (1025.0, 625.0)
POC_PASS alley_radius28_margin4_offset11 points=4
POC_PASS alley_radius28_margin4_offset11_arrives (1025.0, 625.0)
POC_PASS alley_radius28_margin10_offset0 points=4
POC_PASS alley_radius28_margin10_offset0_arrives (1025.0, 625.0)
POC_PASS alley_radius28_margin10_offset3 points=4
POC_PASS alley_radius28_margin10_offset3_arrives (1025.0, 625.0)
POC_PASS alley_radius28_margin10_offset11 points=12
POC_PASS alley_radius28_margin10_offset11_arrives (1025.0, 625.0)
POC_PASS large_fixed_corral_can_backtrack_to_exit (1125.0, 525.0)
POC_PASS cached_corner_route_exists 
POC_PASS cached_corner_route_invalidated_by_construction 
POC_PASS cached_corner_route_reopens_after_demolition 
POC_PASS corner_route_before_small_resource_motion 
POC_PASS corner_edges_rechecked_below_resource_refresh_threshold 
NAVIGATION_DENSE_POC checks=162 failures=0
