Godot Engine v4.7.2.stable.custom_build.ed1daf0bf (2026-08-17 01:18:38 UTC) - https://godotengine.org

2026-10-02 12:04:37.519 godot.macos.template_debug.arm64[43358:22727148] XType: Using static font registry.
SPIKE frame=167 ms=185.0
  stuck owner=0 kind=villager order=gather failures=1 pos=(289.0283, 806.4182) dest=(0.0, 0.0)
  stuck owner=2 kind=villager order=gather failures=1 pos=(194.25, 1869.104) dest=(0.0, 0.0)
SPIKE frame=168 ms=37.3
  stuck owner=0 kind=villager order=gather failures=1 pos=(289.0283, 806.4182) dest=(0.0, 0.0)
  stuck owner=2 kind=villager order=gather failures=1 pos=(194.25, 1869.104) dest=(0.0, 0.0)
SPIKE frame=391 ms=67.1
  stuck owner=0 kind=villager order=gather failures=1 pos=(289.0283, 806.4182) dest=(0.0, 0.0)
  stuck owner=2 kind=villager order=gather failures=1 pos=(194.25, 1869.104) dest=(0.0, 0.0)
  stuck owner=3 kind=villager order=gather failures=1 pos=(2220.972, 653.3738) dest=(0.0, 0.0)
SPIKE frame=665 ms=72.0
  stuck owner=0 kind=villager order=gather failures=1 pos=(289.0283, 806.4182) dest=(0.0, 0.0)
  stuck owner=1 kind=villager order=build failures=1 pos=(2016.676, 1619.23) dest=(0.0, 0.0)
  stuck owner=2 kind=villager order=gather failures=1 pos=(194.25, 1869.104) dest=(0.0, 0.0)
  stuck owner=3 kind=villager order=gather failures=1 pos=(2220.972, 653.3738) dest=(0.0, 0.0)
SPIKE frame=1101 ms=63.1
  stuck owner=0 kind=villager order=gather failures=1 pos=(289.0283, 806.4182) dest=(0.0, 0.0)
  stuck owner=1 kind=villager order=build failures=1 pos=(2016.676, 1619.23) dest=(0.0, 0.0)
  stuck owner=2 kind=villager order=gather failures=1 pos=(194.25, 1869.104) dest=(0.0, 0.0)
  stuck owner=3 kind=villager order=gather failures=1 pos=(2220.972, 653.3738) dest=(0.0, 0.0)
SPIKE frame=1102 ms=48.8
  stuck owner=0 kind=villager order=gather failures=1 pos=(289.0283, 806.4182) dest=(0.0, 0.0)
  stuck owner=1 kind=villager order=build failures=1 pos=(2016.676, 1619.23) dest=(0.0, 0.0)
  stuck owner=2 kind=villager order=gather failures=1 pos=(194.25, 1869.104) dest=(0.0, 0.0)
  stuck owner=3 kind=villager order=gather failures=1 pos=(2220.972, 653.3738) dest=(0.0, 0.0)
SPIKE frame=1383 ms=73.5
  stuck owner=0 kind=villager order=gather failures=1 pos=(289.0283, 806.4182) dest=(0.0, 0.0)
  stuck owner=1 kind=villager order=build failures=1 pos=(2016.676, 1619.23) dest=(0.0, 0.0)
  stuck owner=2 kind=villager order=gather failures=1 pos=(194.25, 1869.104) dest=(0.0, 0.0)
  stuck owner=3 kind=villager order=gather failures=1 pos=(2220.972, 653.3738) dest=(0.0, 0.0)
SPIKE frame=1851 ms=35.8
  stuck owner=0 kind=villager order=gather failures=1 pos=(289.0283, 806.4182) dest=(0.0, 0.0)
  stuck owner=1 kind=villager order=build failures=1 pos=(2016.676, 1619.23) dest=(0.0, 0.0)
  stuck owner=2 kind=villager order=gather failures=1 pos=(194.25, 1869.104) dest=(0.0, 0.0)
  stuck owner=3 kind=villager order=gather failures=1 pos=(2220.972, 653.3738) dest=(0.0, 0.0)
SPIKE frame=1857 ms=31.3
  stuck owner=0 kind=villager order=gather failures=1 pos=(289.0283, 806.4182) dest=(0.0, 0.0)
  stuck owner=1 kind=villager order=build failures=1 pos=(2016.676, 1619.23) dest=(0.0, 0.0)
  stuck owner=2 kind=villager order=gather failures=1 pos=(194.25, 1869.104) dest=(0.0, 0.0)
  stuck owner=3 kind=villager order=gather failures=1 pos=(2220.972, 653.3738) dest=(0.0, 0.0)
SPIKE frame=1858 ms=37.3
  stuck owner=0 kind=villager order=gather failures=1 pos=(289.0283, 806.4182) dest=(0.0, 0.0)
  stuck owner=1 kind=villager order=build failures=1 pos=(2016.676, 1619.23) dest=(0.0, 0.0)
  stuck owner=2 kind=villager order=gather failures=1 pos=(194.25, 1869.104) dest=(0.0, 0.0)
  stuck owner=3 kind=villager order=gather failures=1 pos=(2220.972, 653.3738) dest=(0.0, 0.0)
SPIKE frame=1863 ms=44.0
  stuck owner=0 kind=villager order=gather failures=1 pos=(289.0283, 806.4182) dest=(0.0, 0.0)
  stuck owner=1 kind=villager order=build failures=1 pos=(2016.676, 1619.23) dest=(0.0, 0.0)
  stuck owner=2 kind=villager order=gather failures=1 pos=(194.25, 1869.104) dest=(0.0, 0.0)
  stuck owner=3 kind=villager order=gather failures=1 pos=(2220.972, 653.3738) dest=(0.0, 0.0)
SPIKE frame=1867 ms=82.6
  stuck owner=0 kind=villager order=gather failures=1 pos=(289.0283, 806.4182) dest=(0.0, 0.0)
  stuck owner=1 kind=villager order=build failures=1 pos=(2016.676, 1619.23) dest=(0.0, 0.0)
  stuck owner=2 kind=villager order=gather failures=1 pos=(194.25, 1869.104) dest=(0.0, 0.0)
  stuck owner=3 kind=villager order=gather failures=1 pos=(2220.972, 653.3738) dest=(0.0, 0.0)
SPIKE frame=1868 ms=32.9
  stuck owner=0 kind=villager order=gather failures=1 pos=(289.0283, 806.4182) dest=(0.0, 0.0)
  stuck owner=1 kind=villager order=build failures=1 pos=(2016.676, 1619.23) dest=(0.0, 0.0)
  stuck owner=2 kind=villager order=gather failures=1 pos=(194.25, 1869.104) dest=(0.0, 0.0)
  stuck owner=3 kind=villager order=gather failures=1 pos=(2220.972, 653.3738) dest=(0.0, 0.0)
SPIKE frame=1912 ms=33.7
  stuck owner=0 kind=villager order=gather failures=1 pos=(289.0283, 806.4182) dest=(0.0, 0.0)
  stuck owner=1 kind=villager order=build failures=1 pos=(2016.676, 1619.23) dest=(0.0, 0.0)
  stuck owner=2 kind=villager order=gather failures=1 pos=(194.25, 1869.104) dest=(0.0, 0.0)
  stuck owner=3 kind=villager order=gather failures=1 pos=(2220.972, 653.3738) dest=(0.0, 0.0)
SPIKE frame=1941 ms=38.9
  stuck owner=0 kind=villager order=gather failures=1 pos=(289.0283, 806.4182) dest=(0.0, 0.0)
  stuck owner=1 kind=villager order=build failures=1 pos=(2016.676, 1619.23) dest=(0.0, 0.0)
  stuck owner=2 kind=villager order=gather failures=1 pos=(194.25, 1869.104) dest=(0.0, 0.0)
SPIKE frame=1951 ms=38.2
  stuck owner=0 kind=villager order=gather failures=1 pos=(289.0283, 806.4182) dest=(0.0, 0.0)
  stuck owner=1 kind=villager order=build failures=1 pos=(2016.676, 1619.23) dest=(0.0, 0.0)
  stuck owner=2 kind=villager order=gather failures=1 pos=(194.25, 1869.104) dest=(0.0, 0.0)
SPIKE frame=1974 ms=61.2
  stuck owner=0 kind=villager order=gather failures=1 pos=(289.0283, 806.4182) dest=(0.0, 0.0)
  stuck owner=1 kind=villager order=build failures=1 pos=(2016.676, 1619.23) dest=(0.0, 0.0)
  stuck owner=2 kind=villager order=gather failures=1 pos=(194.25, 1869.104) dest=(0.0, 0.0)
SPIKE frame=2050 ms=30.4
  stuck owner=0 kind=villager order=gather failures=1 pos=(289.0283, 806.4182) dest=(0.0, 0.0)
  stuck owner=2 kind=villager order=gather failures=1 pos=(194.25, 1869.104) dest=(0.0, 0.0)
SPIKE frame=2091 ms=70.9
  stuck owner=0 kind=villager order=gather failures=1 pos=(289.0283, 806.4182) dest=(0.0, 0.0)
  stuck owner=2 kind=villager order=gather failures=1 pos=(194.25, 1869.104) dest=(0.0, 0.0)
  stuck owner=3 kind=villager order=build failures=1 pos=(2067.958, 898.4434) dest=(0.0, 0.0)
SPIKE frame=2092 ms=31.2
  stuck owner=0 kind=villager order=gather failures=1 pos=(289.0283, 806.4182) dest=(0.0, 0.0)
  stuck owner=2 kind=villager order=gather failures=1 pos=(194.25, 1869.104) dest=(0.0, 0.0)
  stuck owner=3 kind=villager order=build failures=1 pos=(2067.958, 898.4434) dest=(0.0, 0.0)
SPIKE frame=2134 ms=35.9
  stuck owner=0 kind=villager order=gather failures=1 pos=(289.0283, 806.4182) dest=(0.0, 0.0)
  stuck owner=2 kind=villager order=gather failures=1 pos=(194.25, 1869.104) dest=(0.0, 0.0)
  stuck owner=3 kind=villager order=build failures=1 pos=(2067.958, 898.4434) dest=(0.0, 0.0)
SPIKE frame=2151 ms=33.6
  stuck owner=0 kind=villager order=gather failures=1 pos=(289.0283, 806.4182) dest=(0.0, 0.0)
  stuck owner=3 kind=villager order=build failures=1 pos=(2067.958, 898.4434) dest=(0.0, 0.0)
frames=2400 mean=8.77 p50=8.32 p90=9.29 p99=25.86 max=185.00
frames with obstacle_revision bump: 6/2400, with grid_refresh: 0/2400
first wildlife: 38, last wildlife: 38, last units: 24, last buildings: 19
--- slowest 15 frames ---
{"astar_ms":0.0,"buildings":7,"can_occupy_ms":0.0,"fine_build_ms":0.0,"fine_cells":0,"frame":167,"grid_refresh":0,"grid_refresh_ms":0.0,"move_step_ms":0.0,"ms":185.0,"path_between_ms":0.0,"path_to_range_ms":0.0,"ptr_coarse_ms":0.0,"ptr_refine_ms":0.0,"rev":8,"rev_delta":0,"units":24,"wildlife":38}
{"astar_ms":0.0,"buildings":7,"can_occupy_ms":0.0,"fine_build_ms":0.0,"fine_cells":0,"frame":1867,"grid_refresh":0,"grid_refresh_ms":0.0,"move_step_ms":0.0,"ms":82.61,"path_between_ms":0.0,"path_to_range_ms":0.0,"ptr_coarse_ms":0.0,"ptr_refine_ms":0.0,"rev":9,"rev_delta":0,"units":24,"wildlife":38}
{"astar_ms":0.0,"buildings":7,"can_occupy_ms":0.0,"fine_build_ms":0.0,"fine_cells":0,"frame":1383,"grid_refresh":0,"grid_refresh_ms":0.0,"move_step_ms":0.0,"ms":73.52,"path_between_ms":0.0,"path_to_range_ms":0.0,"ptr_coarse_ms":0.0,"ptr_refine_ms":0.0,"rev":8,"rev_delta":0,"units":24,"wildlife":38}
{"astar_ms":0.0,"buildings":7,"can_occupy_ms":0.0,"fine_build_ms":0.0,"fine_cells":0,"frame":665,"grid_refresh":0,"grid_refresh_ms":0.0,"move_step_ms":0.0,"ms":72.04,"path_between_ms":0.0,"path_to_range_ms":0.0,"ptr_coarse_ms":0.0,"ptr_refine_ms":0.0,"rev":8,"rev_delta":0,"units":24,"wildlife":38}
{"astar_ms":0.0,"buildings":15,"can_occupy_ms":0.0,"fine_build_ms":0.0,"fine_cells":0,"frame":2091,"grid_refresh":0,"grid_refresh_ms":0.0,"move_step_ms":0.0,"ms":70.92,"path_between_ms":0.0,"path_to_range_ms":0.0,"ptr_coarse_ms":0.0,"ptr_refine_ms":0.0,"rev":17,"rev_delta":0,"units":24,"wildlife":38}
{"astar_ms":0.0,"buildings":7,"can_occupy_ms":0.0,"fine_build_ms":0.0,"fine_cells":0,"frame":391,"grid_refresh":0,"grid_refresh_ms":0.0,"move_step_ms":0.0,"ms":67.1,"path_between_ms":0.0,"path_to_range_ms":0.0,"ptr_coarse_ms":0.0,"ptr_refine_ms":0.0,"rev":8,"rev_delta":0,"units":24,"wildlife":38}
{"astar_ms":0.0,"buildings":7,"can_occupy_ms":0.0,"fine_build_ms":0.0,"fine_cells":0,"frame":1101,"grid_refresh":0,"grid_refresh_ms":0.0,"move_step_ms":0.0,"ms":63.15,"path_between_ms":0.0,"path_to_range_ms":0.0,"ptr_coarse_ms":0.0,"ptr_refine_ms":0.0,"rev":8,"rev_delta":0,"units":24,"wildlife":38}
{"astar_ms":0.0,"buildings":11,"can_occupy_ms":0.0,"fine_build_ms":0.0,"fine_cells":0,"frame":1974,"grid_refresh":0,"grid_refresh_ms":0.0,"move_step_ms":0.0,"ms":61.2,"path_between_ms":0.0,"path_to_range_ms":0.0,"ptr_coarse_ms":0.0,"ptr_refine_ms":0.0,"rev":13,"rev_delta":0,"units":24,"wildlife":38}
{"astar_ms":0.0,"buildings":7,"can_occupy_ms":0.0,"fine_build_ms":0.0,"fine_cells":0,"frame":1102,"grid_refresh":0,"grid_refresh_ms":0.0,"move_step_ms":0.0,"ms":48.77,"path_between_ms":0.0,"path_to_range_ms":0.0,"ptr_coarse_ms":0.0,"ptr_refine_ms":0.0,"rev":8,"rev_delta":0,"units":24,"wildlife":38}
{"astar_ms":0.0,"buildings":7,"can_occupy_ms":0.0,"fine_build_ms":0.0,"fine_cells":0,"frame":1863,"grid_refresh":0,"grid_refresh_ms":0.0,"move_step_ms":0.0,"ms":43.99,"path_between_ms":0.0,"path_to_range_ms":0.0,"ptr_coarse_ms":0.0,"ptr_refine_ms":0.0,"rev":9,"rev_delta":0,"units":24,"wildlife":38}
{"astar_ms":0.0,"buildings":11,"can_occupy_ms":0.0,"fine_build_ms":0.0,"fine_cells":0,"frame":1941,"grid_refresh":0,"grid_refresh_ms":0.0,"move_step_ms":0.0,"ms":38.89,"path_between_ms":0.0,"path_to_range_ms":0.0,"ptr_coarse_ms":0.0,"ptr_refine_ms":0.0,"rev":13,"rev_delta":3,"units":24,"wildlife":38}
{"astar_ms":0.0,"buildings":11,"can_occupy_ms":0.0,"fine_build_ms":0.0,"fine_cells":0,"frame":1951,"grid_refresh":0,"grid_refresh_ms":0.0,"move_step_ms":0.0,"ms":38.18,"path_between_ms":0.0,"path_to_range_ms":0.0,"ptr_coarse_ms":0.0,"ptr_refine_ms":0.0,"rev":13,"rev_delta":0,"units":24,"wildlife":38}
{"astar_ms":0.0,"buildings":7,"can_occupy_ms":0.0,"fine_build_ms":0.0,"fine_cells":0,"frame":1858,"grid_refresh":0,"grid_refresh_ms":0.0,"move_step_ms":0.0,"ms":37.32,"path_between_ms":0.0,"path_to_range_ms":0.0,"ptr_coarse_ms":0.0,"ptr_refine_ms":0.0,"rev":9,"rev_delta":0,"units":24,"wildlife":38}
{"astar_ms":0.0,"buildings":7,"can_occupy_ms":0.0,"fine_build_ms":0.0,"fine_cells":0,"frame":168,"grid_refresh":0,"grid_refresh_ms":0.0,"move_step_ms":0.0,"ms":37.3,"path_between_ms":0.0,"path_to_range_ms":0.0,"ptr_coarse_ms":0.0,"ptr_refine_ms":0.0,"rev":8,"rev_delta":0,"units":24,"wildlife":38}
{"astar_ms":0.0,"buildings":15,"can_occupy_ms":0.0,"fine_build_ms":0.0,"fine_cells":0,"frame":2134,"grid_refresh":0,"grid_refresh_ms":0.0,"move_step_ms":0.0,"ms":35.85,"path_between_ms":0.0,"path_to_range_ms":0.0,"ptr_coarse_ms":0.0,"ptr_refine_ms":0.0,"rev":17,"rev_delta":0,"units":24,"wildlife":38}
--- sample every 300 frames ---
{"astar_ms":0.0,"buildings":7,"can_occupy_ms":0.0,"fine_build_ms":0.0,"fine_cells":0,"frame":0,"grid_refresh":0,"grid_refresh_ms":0.0,"move_step_ms":0.0,"ms":18.84,"path_between_ms":0.0,"path_to_range_ms":0.0,"ptr_coarse_ms":0.0,"ptr_refine_ms":0.0,"rev":8,"rev_delta":0,"units":24,"wildlife":38}
{"astar_ms":0.0,"buildings":7,"can_occupy_ms":0.0,"fine_build_ms":0.0,"fine_cells":0,"frame":300,"grid_refresh":0,"grid_refresh_ms":0.0,"move_step_ms":0.0,"ms":9.32,"path_between_ms":0.0,"path_to_range_ms":0.0,"ptr_coarse_ms":0.0,"ptr_refine_ms":0.0,"rev":8,"rev_delta":0,"units":24,"wildlife":38}
{"astar_ms":0.0,"buildings":7,"can_occupy_ms":0.0,"fine_build_ms":0.0,"fine_cells":0,"frame":600,"grid_refresh":0,"grid_refresh_ms":0.0,"move_step_ms":0.0,"ms":8.29,"path_between_ms":0.0,"path_to_range_ms":0.0,"ptr_coarse_ms":0.0,"ptr_refine_ms":0.0,"rev":8,"rev_delta":0,"units":24,"wildlife":38}
{"astar_ms":0.0,"buildings":7,"can_occupy_ms":0.0,"fine_build_ms":0.0,"fine_cells":0,"frame":900,"grid_refresh":0,"grid_refresh_ms":0.0,"move_step_ms":0.0,"ms":8.85,"path_between_ms":0.0,"path_to_range_ms":0.0,"ptr_coarse_ms":0.0,"ptr_refine_ms":0.0,"rev":8,"rev_delta":0,"units":24,"wildlife":38}
{"astar_ms":0.0,"buildings":7,"can_occupy_ms":0.0,"fine_build_ms":0.0,"fine_cells":0,"frame":1200,"grid_refresh":0,"grid_refresh_ms":0.0,"move_step_ms":0.0,"ms":7.76,"path_between_ms":0.0,"path_to_range_ms":0.0,"ptr_coarse_ms":0.0,"ptr_refine_ms":0.0,"rev":8,"rev_delta":0,"units":24,"wildlife":38}
{"astar_ms":0.0,"buildings":7,"can_occupy_ms":0.0,"fine_build_ms":0.0,"fine_cells":0,"frame":1500,"grid_refresh":0,"grid_refresh_ms":0.0,"move_step_ms":0.0,"ms":8.07,"path_between_ms":0.0,"path_to_range_ms":0.0,"ptr_coarse_ms":0.0,"ptr_refine_ms":0.0,"rev":8,"rev_delta":0,"units":24,"wildlife":38}
{"astar_ms":0.0,"buildings":7,"can_occupy_ms":0.0,"fine_build_ms":0.0,"fine_cells":0,"frame":1800,"grid_refresh":0,"grid_refresh_ms":0.0,"move_step_ms":0.0,"ms":8.07,"path_between_ms":0.0,"path_to_range_ms":0.0,"ptr_coarse_ms":0.0,"ptr_refine_ms":0.0,"rev":9,"rev_delta":0,"units":24,"wildlife":38}
{"astar_ms":0.0,"buildings":15,"can_occupy_ms":0.0,"fine_build_ms":0.0,"fine_cells":0,"frame":2100,"grid_refresh":0,"grid_refresh_ms":0.0,"move_step_ms":0.0,"ms":8.21,"path_between_ms":0.0,"path_to_range_ms":0.0,"ptr_coarse_ms":0.0,"ptr_refine_ms":0.0,"rev":17,"rev_delta":0,"units":24,"wildlife":38}
