Godot Engine v4.7.2.stable.custom_build.ed1daf0bf (2026-08-17 01:18:38 UTC) - https://godotengine.org

PARALLEL_PROGRESS {"batch_ms":33.54,"matches_serial":true,"mode":"arithmetic_control","pass":1,"snapshot_ms":0.006,"worker_ids":[1],"workers":0}
PARALLEL_PROGRESS {"batch_ms":34.125,"matches_serial":true,"mode":"arithmetic_control","pass":1,"snapshot_ms":0.012,"worker_ids":[5],"workers":1}
PARALLEL_PROGRESS {"batch_ms":17.408,"matches_serial":true,"mode":"arithmetic_control","pass":1,"snapshot_ms":0.012,"worker_ids":[6,7],"workers":2}
PARALLEL_PROGRESS {"batch_ms":17.552,"matches_serial":true,"mode":"arithmetic_control","pass":1,"snapshot_ms":0.018,"worker_ids":[9,12,9,12],"workers":4}
PARALLEL_PROGRESS {"batch_ms":17.261,"matches_serial":true,"mode":"arithmetic_control","pass":2,"snapshot_ms":0.019,"worker_ids":[9,12,12,9],"workers":4}
PARALLEL_PROGRESS {"batch_ms":17.244,"matches_serial":true,"mode":"arithmetic_control","pass":2,"snapshot_ms":0.013,"worker_ids":[9,12],"workers":2}
PARALLEL_PROGRESS {"batch_ms":34.498,"matches_serial":true,"mode":"arithmetic_control","pass":2,"snapshot_ms":0.012,"worker_ids":[13],"workers":1}
PARALLEL_PROGRESS {"batch_ms":37.903,"matches_serial":true,"mode":"arithmetic_control","pass":2,"snapshot_ms":0.012,"worker_ids":[1],"workers":0}
PARALLEL_PROGRESS {"batch_ms":231.237,"matches_serial":true,"mode":"grid","pass":1,"snapshot_ms":4.926,"worker_ids":[1],"workers":0}
PARALLEL_PROGRESS {"batch_ms":214.788,"matches_serial":true,"mode":"grid","pass":1,"snapshot_ms":22.645,"worker_ids":[15],"workers":1}
PARALLEL_PROGRESS {"batch_ms":162.435,"matches_serial":true,"mode":"grid","pass":1,"snapshot_ms":25.164,"worker_ids":[5,17],"workers":2}
PARALLEL_PROGRESS {"batch_ms":167.363,"matches_serial":true,"mode":"grid","pass":1,"snapshot_ms":25.813,"worker_ids":[7,6,6,7],"workers":4}
PARALLEL_PROGRESS {"batch_ms":187.728,"matches_serial":true,"mode":"grid","pass":2,"snapshot_ms":27.096,"worker_ids":[7,6,6,7],"workers":4}
PARALLEL_PROGRESS {"batch_ms":163.991,"matches_serial":true,"mode":"grid","pass":2,"snapshot_ms":16.93,"worker_ids":[6,7],"workers":2}
PARALLEL_PROGRESS {"batch_ms":212.423,"matches_serial":true,"mode":"grid","pass":2,"snapshot_ms":13.671,"worker_ids":[9],"workers":1}
PARALLEL_PROGRESS {"batch_ms":206.119,"matches_serial":true,"mode":"grid","pass":2,"snapshot_ms":12.174,"worker_ids":[1],"workers":0}
PARALLEL_PROGRESS {"batch_ms":401.727,"matches_serial":true,"mode":"recovery","pass":1,"snapshot_ms":26.103,"successful_routes":79,"worker_ids":[1],"workers":0}
PARALLEL_PROGRESS {"batch_ms":401.57,"matches_serial":true,"mode":"recovery","pass":1,"snapshot_ms":4.047,"successful_routes":79,"worker_ids":[12],"workers":1}
PARALLEL_PROGRESS {"batch_ms":314.496,"matches_serial":true,"mode":"recovery","pass":1,"snapshot_ms":7.702,"successful_routes":79,"worker_ids":[13,15],"workers":2}
PARALLEL_PROGRESS {"batch_ms":321.994,"matches_serial":true,"mode":"recovery","pass":1,"snapshot_ms":16.694,"successful_routes":79,"worker_ids":[17,5,5,17],"workers":4}
PARALLEL_PROGRESS {"batch_ms":357.879,"matches_serial":true,"mode":"recovery","pass":2,"snapshot_ms":16.531,"successful_routes":79,"worker_ids":[17,5,5,17],"workers":4}
PARALLEL_PROGRESS {"batch_ms":330.344,"matches_serial":true,"mode":"recovery","pass":2,"snapshot_ms":8.233,"successful_routes":79,"worker_ids":[17,5],"workers":2}
PARALLEL_PROGRESS {"batch_ms":590.562,"matches_serial":true,"mode":"recovery","pass":2,"snapshot_ms":4.085,"successful_routes":79,"worker_ids":[6],"workers":1}
PARALLEL_PROGRESS {"batch_ms":434.372,"matches_serial":true,"mode":"recovery","pass":2,"snapshot_ms":4.72,"successful_routes":79,"worker_ids":[1],"workers":0}
NAVIGATION_PARALLEL_POC {"buildings":6,"deer":8,"failures":0,"high_priority":false,"requests":80,"runs":[{"batch_ms":33.54,"matches_serial":true,"mode":"arithmetic_control","pass":1,"snapshot_ms":0.006,"worker_ids":[1],"workers":0},{"batch_ms":34.125,"matches_serial":true,"mode":"arithmetic_control","pass":1,"snapshot_ms":0.012,"worker_ids":[5],"workers":1},{"batch_ms":17.408,"matches_serial":true,"mode":"arithmetic_control","pass":1,"snapshot_ms":0.012,"worker_ids":[6,7],"workers":2},{"batch_ms":17.552,"matches_serial":true,"mode":"arithmetic_control","pass":1,"snapshot_ms":0.018,"worker_ids":[9,12,9,12],"workers":4},{"batch_ms":17.261,"matches_serial":true,"mode":"arithmetic_control","pass":2,"snapshot_ms":0.019,"worker_ids":[9,12,12,9],"workers":4},{"batch_ms":17.244,"matches_serial":true,"mode":"arithmetic_control","pass":2,"snapshot_ms":0.013,"worker_ids":[9,12],"workers":2},{"batch_ms":34.498,"matches_serial":true,"mode":"arithmetic_control","pass":2,"snapshot_ms":0.012,"worker_ids":[13],"workers":1},{"batch_ms":37.903,"matches_serial":true,"mode":"arithmetic_control","pass":2,"snapshot_ms":0.012,"worker_ids":[1],"workers":0},{"async":true,"batch_ms":26.121,"main_loop_ticks":6,"main_submit_ms":0.007,"matches_serial":true,"max_main_tick_gap_ms":9.262,"mode":"arithmetic_control","workers":4},{"batch_ms":231.237,"matches_serial":true,"mode":"grid","pass":1,"snapshot_ms":4.926,"worker_ids":[1],"workers":0},{"batch_ms":214.788,"matches_serial":true,"mode":"grid","pass":1,"snapshot_ms":22.645,"worker_ids":[15],"workers":1},{"batch_ms":162.435,"matches_serial":true,"mode":"grid","pass":1,"snapshot_ms":25.164,"worker_ids":[5,17],"workers":2},{"batch_ms":167.363,"matches_serial":true,"mode":"grid","pass":1,"snapshot_ms":25.813,"worker_ids":[7,6,6,7],"workers":4},{"batch_ms":187.728,"matches_serial":true,"mode":"grid","pass":2,"snapshot_ms":27.096,"worker_ids":[7,6,6,7],"workers":4},{"batch_ms":163.991,"matches_serial":true,"mode":"grid","pass":2,"snapshot_ms":16.93,"worker_ids":[6,7],"workers":2},{"batch_ms":212.423,"matches_serial":true,"mode":"grid","pass":2,"snapshot_ms":13.671,"worker_ids":[9],"workers":1},{"batch_ms":206.119,"matches_serial":true,"mode":"grid","pass":2,"snapshot_ms":12.174,"worker_ids":[1],"workers":0},{"async":true,"batch_ms":176.722,"main_loop_ticks":23,"main_submit_ms":0.007,"matches_serial":true,"max_main_tick_gap_ms":10.391,"mode":"grid","workers":4},{"batch_ms":401.727,"matches_serial":true,"mode":"recovery","pass":1,"snapshot_ms":26.103,"successful_routes":79,"worker_ids":[1],"workers":0},{"batch_ms":401.57,"matches_serial":true,"mode":"recovery","pass":1,"snapshot_ms":4.047,"successful_routes":79,"worker_ids":[12],"workers":1},{"batch_ms":314.496,"matches_serial":true,"mode":"recovery","pass":1,"snapshot_ms":7.702,"successful_routes":79,"worker_ids":[13,15],"workers":2},{"batch_ms":321.994,"matches_serial":true,"mode":"recovery","pass":1,"snapshot_ms":16.694,"successful_routes":79,"worker_ids":[17,5,5,17],"workers":4},{"batch_ms":357.879,"matches_serial":true,"mode":"recovery","pass":2,"snapshot_ms":16.531,"successful_routes":79,"worker_ids":[17,5,5,17],"workers":4},{"batch_ms":330.344,"matches_serial":true,"mode":"recovery","pass":2,"snapshot_ms":8.233,"successful_routes":79,"worker_ids":[17,5],"workers":2},{"batch_ms":590.562,"matches_serial":true,"mode":"recovery","pass":2,"snapshot_ms":4.085,"successful_routes":79,"worker_ids":[6],"workers":1},{"batch_ms":434.372,"matches_serial":true,"mode":"recovery","pass":2,"snapshot_ms":4.72,"successful_routes":79,"worker_ids":[1],"workers":0},{"async":true,"batch_ms":343.625,"main_loop_ticks":43,"main_submit_ms":0.006,"matches_serial":true,"max_main_tick_gap_ms":10.435,"mode":"recovery","workers":4}]}
