Godot Engine v4.7.2.stable.custom_build.ed1daf0bf (2026-08-17 01:18:38 UTC) - https://godotengine.org

BOAR_MOVEMENT fps=120 max_step=0.367 stationary=0
POC_PASS boar_pursues_continuously_between_scans 
POC_PASS boar_speed_is_frame_rate_independent 
POC_PASS boar_stride_and_facing_follow_motion 
BOAR_MOVEMENT fps=60 max_step=0.733 stationary=0
POC_PASS boar_pursues_continuously_between_scans 
POC_PASS boar_speed_is_frame_rate_independent 
POC_PASS boar_stride_and_facing_follow_motion 
BOAR_MOVEMENT fps=30 max_step=1.467 stationary=0
POC_PASS boar_pursues_continuously_between_scans 
POC_PASS boar_speed_is_frame_rate_independent 
POC_PASS boar_stride_and_facing_follow_motion 
POC_PASS boar_hit_has_facing_and_attack_pose 
POC_PASS boar_attack_cooldown_and_anchor_stay_stable 
POC_PASS boar_next_hit_respects_original_cooldown 
POC_PASS boar_drops_dead_target_between_scans 
POC_PASS boar_drops_out_of_range_target 
POC_PASS unclaimed_sheep_grazes_without_wandering 
POC_PASS sheep_claims_and_follows_scout 
POC_PASS sheep_turns_and_steps_toward_scout 
POC_PASS sheep_raises_head_and_accelerates 
POC_PASS sheep_stops_stepping_and_grazes_at_follow_distance 
POC_PASS claimed_sheep_resumes_speed_bounded_following 
POC_PASS gathered_sheep_becomes_stationary_meat 
POC_PASS delivered_sheep_stays_at_town_center 
POC_PASS sheep_long_frame_cannot_cross_water 
POC_PASS boar_long_frame_cannot_cross_water 
POC_PASS sheep_pause_freezes_motion_and_pose 
POC_PASS sheep_death_freezes_motion_and_stride 
POC_PASS boar_pause_freezes_motion_and_pose 
POC_PASS boar_death_freezes_motion_and_stride 
LIVESTOCK_MOVEMENT_POC checks=28 failures=0
