Godot Engine v4.7.2.stable.custom_build.ed1daf0bf (2026-08-17 01:18:38 UTC) - https://godotengine.org

PARALLEL_PROGRESS {"batch_ms":34.145,"matches_serial":true,"mode":"arithmetic_control","pass":1,"snapshot_ms":0.007,"worker_ids":[1],"workers":0}
PARALLEL_PROGRESS {"batch_ms":34.778,"matches_serial":true,"mode":"arithmetic_control","pass":1,"snapshot_ms":0.011,"worker_ids":[5],"workers":1}
PARALLEL_PROGRESS {"batch_ms":17.42,"matches_serial":true,"mode":"arithmetic_control","pass":1,"snapshot_ms":0.015,"worker_ids":[6,8],"workers":2}
PARALLEL_PROGRESS {"batch_ms":17.316,"matches_serial":true,"mode":"arithmetic_control","pass":1,"snapshot_ms":0.018,"worker_ids":[9,12,9,12],"workers":4}
PARALLEL_PROGRESS {"batch_ms":17.799,"matches_serial":true,"mode":"arithmetic_control","pass":2,"snapshot_ms":0.025,"worker_ids":[9,12,9,12],"workers":4}
PARALLEL_PROGRESS {"batch_ms":17.682,"matches_serial":true,"mode":"arithmetic_control","pass":2,"snapshot_ms":0.017,"worker_ids":[9,12],"workers":2}
PARALLEL_PROGRESS {"batch_ms":34.712,"matches_serial":true,"mode":"arithmetic_control","pass":2,"snapshot_ms":0.012,"worker_ids":[14],"workers":1}
PARALLEL_PROGRESS {"batch_ms":35.193,"matches_serial":true,"mode":"arithmetic_control","pass":2,"snapshot_ms":0.007,"worker_ids":[1],"workers":0}
PARALLEL_PROGRESS {"batch_ms":214.235,"matches_serial":true,"mode":"grid","pass":1,"snapshot_ms":3.928,"worker_ids":[1],"workers":0}
PARALLEL_PROGRESS {"batch_ms":203.104,"matches_serial":true,"mode":"grid","pass":1,"snapshot_ms":20.247,"worker_ids":[16],"workers":1}
PARALLEL_PROGRESS {"batch_ms":149.194,"matches_serial":true,"mode":"grid","pass":1,"snapshot_ms":20.598,"worker_ids":[5,18],"workers":2}
PARALLEL_PROGRESS {"batch_ms":156.447,"matches_serial":true,"mode":"grid","pass":1,"snapshot_ms":28.23,"worker_ids":[6,8,8,6],"workers":4}
PARALLEL_PROGRESS {"batch_ms":152.081,"matches_serial":true,"mode":"grid","pass":2,"snapshot_ms":28.229,"worker_ids":[6,8,8,6],"workers":4}
PARALLEL_PROGRESS {"batch_ms":157.509,"matches_serial":true,"mode":"grid","pass":2,"snapshot_ms":18.667,"worker_ids":[8,6],"workers":2}
PARALLEL_PROGRESS {"batch_ms":203.213,"matches_serial":true,"mode":"grid","pass":2,"snapshot_ms":13.733,"worker_ids":[9],"workers":1}
PARALLEL_PROGRESS {"batch_ms":204.832,"matches_serial":true,"mode":"grid","pass":2,"snapshot_ms":10.972,"worker_ids":[1],"workers":0}
PARALLEL_PROGRESS {"batch_ms":415.09,"matches_serial":true,"mode":"recovery","pass":1,"snapshot_ms":27.935,"successful_routes":79,"worker_ids":[1],"workers":0}
PARALLEL_PROGRESS {"batch_ms":386.025,"matches_serial":true,"mode":"recovery","pass":1,"snapshot_ms":3.83,"successful_routes":79,"worker_ids":[12],"workers":1}
PARALLEL_PROGRESS {"batch_ms":287.891,"matches_serial":true,"mode":"recovery","pass":1,"snapshot_ms":7.844,"successful_routes":79,"worker_ids":[14,16],"workers":2}
PARALLEL_PROGRESS {"batch_ms":294.79,"matches_serial":true,"mode":"recovery","pass":1,"snapshot_ms":13.858,"successful_routes":79,"worker_ids":[18,5,5,18],"workers":4}
PARALLEL_PROGRESS {"batch_ms":399.417,"matches_serial":true,"mode":"recovery","pass":2,"snapshot_ms":15.504,"successful_routes":79,"worker_ids":[5,18,18,5],"workers":4}
PARALLEL_PROGRESS {"batch_ms":364.287,"matches_serial":true,"mode":"recovery","pass":2,"snapshot_ms":45.572,"successful_routes":79,"worker_ids":[18,5],"workers":2}
PARALLEL_PROGRESS {"batch_ms":562.595,"matches_serial":true,"mode":"recovery","pass":2,"snapshot_ms":3.871,"successful_routes":79,"worker_ids":[6],"workers":1}
PARALLEL_PROGRESS {"batch_ms":379.543,"matches_serial":true,"mode":"recovery","pass":2,"snapshot_ms":3.703,"successful_routes":79,"worker_ids":[1],"workers":0}
NAVIGATION_PARALLEL_POC {"buildings":6,"deer":8,"failures":0,"high_priority":false,"requests":80,"runs":[{"batch_ms":34.145,"matches_serial":true,"mode":"arithmetic_control","pass":1,"snapshot_ms":0.007,"worker_ids":[1],"workers":0},{"batch_ms":34.778,"matches_serial":true,"mode":"arithmetic_control","pass":1,"snapshot_ms":0.011,"worker_ids":[5],"workers":1},{"batch_ms":17.42,"matches_serial":true,"mode":"arithmetic_control","pass":1,"snapshot_ms":0.015,"worker_ids":[6,8],"workers":2},{"batch_ms":17.316,"matches_serial":true,"mode":"arithmetic_control","pass":1,"snapshot_ms":0.018,"worker_ids":[9,12,9,12],"workers":4},{"batch_ms":17.799,"matches_serial":true,"mode":"arithmetic_control","pass":2,"snapshot_ms":0.025,"worker_ids":[9,12,9,12],"workers":4},{"batch_ms":17.682,"matches_serial":true,"mode":"arithmetic_control","pass":2,"snapshot_ms":0.017,"worker_ids":[9,12],"workers":2},{"batch_ms":34.712,"matches_serial":true,"mode":"arithmetic_control","pass":2,"snapshot_ms":0.012,"worker_ids":[14],"workers":1},{"batch_ms":35.193,"matches_serial":true,"mode":"arithmetic_control","pass":2,"snapshot_ms":0.007,"worker_ids":[1],"workers":0},{"async":true,"batch_ms":19.968,"main_loop_ticks":5,"main_submit_ms":0.004,"matches_serial":true,"max_main_tick_gap_ms":9.739,"mode":"arithmetic_control","workers":4},{"batch_ms":214.235,"matches_serial":true,"mode":"grid","pass":1,"snapshot_ms":3.928,"worker_ids":[1],"workers":0},{"batch_ms":203.104,"matches_serial":true,"mode":"grid","pass":1,"snapshot_ms":20.247,"worker_ids":[16],"workers":1},{"batch_ms":149.194,"matches_serial":true,"mode":"grid","pass":1,"snapshot_ms":20.598,"worker_ids":[5,18],"workers":2},{"batch_ms":156.447,"matches_serial":true,"mode":"grid","pass":1,"snapshot_ms":28.23,"worker_ids":[6,8,8,6],"workers":4},{"batch_ms":152.081,"matches_serial":true,"mode":"grid","pass":2,"snapshot_ms":28.229,"worker_ids":[6,8,8,6],"workers":4},{"batch_ms":157.509,"matches_serial":true,"mode":"grid","pass":2,"snapshot_ms":18.667,"worker_ids":[8,6],"workers":2},{"batch_ms":203.213,"matches_serial":true,"mode":"grid","pass":2,"snapshot_ms":13.733,"worker_ids":[9],"workers":1},{"batch_ms":204.832,"matches_serial":true,"mode":"grid","pass":2,"snapshot_ms":10.972,"worker_ids":[1],"workers":0},{"async":true,"batch_ms":184.779,"main_loop_ticks":24,"main_submit_ms":0.008,"matches_serial":true,"max_main_tick_gap_ms":14.412,"mode":"grid","workers":4},{"batch_ms":415.09,"matches_serial":true,"mode":"recovery","pass":1,"snapshot_ms":27.935,"successful_routes":79,"worker_ids":[1],"workers":0},{"batch_ms":386.025,"matches_serial":true,"mode":"recovery","pass":1,"snapshot_ms":3.83,"successful_routes":79,"worker_ids":[12],"workers":1},{"batch_ms":287.891,"matches_serial":true,"mode":"recovery","pass":1,"snapshot_ms":7.844,"successful_routes":79,"worker_ids":[14,16],"workers":2},{"batch_ms":294.79,"matches_serial":true,"mode":"recovery","pass":1,"snapshot_ms":13.858,"successful_routes":79,"worker_ids":[18,5,5,18],"workers":4},{"batch_ms":399.417,"matches_serial":true,"mode":"recovery","pass":2,"snapshot_ms":15.504,"successful_routes":79,"worker_ids":[5,18,18,5],"workers":4},{"batch_ms":364.287,"matches_serial":true,"mode":"recovery","pass":2,"snapshot_ms":45.572,"successful_routes":79,"worker_ids":[18,5],"workers":2},{"batch_ms":562.595,"matches_serial":true,"mode":"recovery","pass":2,"snapshot_ms":3.871,"successful_routes":79,"worker_ids":[6],"workers":1},{"batch_ms":379.543,"matches_serial":true,"mode":"recovery","pass":2,"snapshot_ms":3.703,"successful_routes":79,"worker_ids":[1],"workers":0},{"async":true,"batch_ms":320.844,"main_loop_ticks":40,"main_submit_ms":0.006,"matches_serial":true,"max_main_tick_gap_ms":12.431,"mode":"recovery","workers":4}]}
