Godot Engine v4.7.2.stable.custom_build.ed1daf0bf (2026-08-17 01:18:38 UTC) - https://godotengine.org

2026-10-02 11:48:10.468 godot.macos.template_debug.arm64[15007:22637188] XType: Using static font registry.
POC_PASS b21_all_96_sites_are_legal 
POC_PASS b21_all_seven_initial_positions_are_clear 
B21_END completed=96 states=[{ "id": 112910666347, "pos": (1523.648, 378.8077), "order": "idle", "queue": 0, "stalled": 0.0, "travel_stalled": 0.0, "goal": (inf, inf), "stop": -1.0, "target": (inf, inf), "route": [], "yield": 0.0 }, { "id": 113145547343, "pos": (1528.575, 482.4945), "order": "idle", "queue": 0, "stalled": 0.0, "travel_stalled": 0.0, "goal": (inf, inf), "stop": -1.0, "target": (inf, inf), "route": [], "yield": 0.0 }, { "id": 113380428338, "pos": (1565.818, 453.9372), "order": "idle", "queue": 0, "stalled": 0.0, "travel_stalled": 0.0, "goal": (inf, inf), "stop": -1.0, "target": (inf, inf), "route": [], "yield": 0.0 }, { "id": 113615309598, "pos": (1583.511, 561.594), "order": "idle", "queue": 0, "stalled": 0.0, "travel_stalled": 0.0, "goal": (inf, inf), "stop": -1.0, "target": (inf, inf), "route": [], "yield": 0.0 }, { "id": 113850190636, "pos": (1584.042, 653.3102), "order": "idle", "queue": 0, "stalled": 0.0, "travel_stalled": 0.0, "goal": (inf, inf), "stop": -1.0, "target": (inf, inf), "route": [], "yield": 0.0 }, { "id": 114085071674, "pos": (1549.161, 484.3048), "order": "idle", "queue": 0, "stalled": 0.0, "travel_stalled": 0.0, "goal": (inf, inf), "stop": -1.0, "target": (inf, inf), "route": [], "yield": 0.0 }, { "id": 114319952712, "pos": (1544.654, 464.0834), "order": "idle", "queue": 0, "stalled": 0.0, "travel_stalled": 0.0, "goal": (inf, inf), "stop": -1.0, "target": (inf, inf), "route": [], "yield": 0.0 }]
POC_PASS b21_all_96_sites_complete_at_original_deadline 
POC_PASS b21_all_seven_finish_queues_at_original_deadline 
POC_PASS b21_no_teleport 
POC_PASS b21_never_overlaps_allies 
POC_PASS b21_build_travelling_yield_policy 
POC_PASS b21_build_travelling_preserves_job 
POC_PASS b21_build_travelling_safe_bounded_motion 
POC_PASS b21_build_working_yield_policy 
POC_PASS b21_build_working_preserves_job 
POC_PASS b21_build_working_safe_bounded_motion 
POC_PASS b21_build_not_stalled_yield_policy 
POC_PASS b21_build_not_stalled_preserves_job 
POC_PASS b21_build_not_stalled_safe_bounded_motion 
POC_PASS b21_build_hold_yield_policy 
POC_PASS b21_build_hold_preserves_job 
POC_PASS b21_build_hold_safe_bounded_motion 
POC_PASS b21_build_enemy_yield_policy 
POC_PASS b21_build_enemy_preserves_job 
POC_PASS b21_build_enemy_safe_bounded_motion 
POC_PASS b21_build_lower_priority_yield_policy 
POC_PASS b21_build_lower_priority_preserves_job 
POC_PASS b21_build_lower_priority_safe_bounded_motion 
POC_PASS b21_build_invalid_goal_yield_policy 
POC_PASS b21_build_invalid_goal_preserves_job 
POC_PASS b21_build_invalid_goal_safe_bounded_motion 
POC_PASS b21_build_invalid_target_yield_policy 
POC_PASS b21_build_invalid_target_preserves_job 
POC_PASS b21_build_invalid_target_safe_bounded_motion 
POC_PASS b21_build_moving_target_yield_policy 
POC_PASS b21_build_moving_target_preserves_job 
POC_PASS b21_build_moving_target_safe_bounded_motion 
POC_PASS b21_build_stale_group_yield_policy 
POC_PASS b21_build_stale_group_preserves_job 
POC_PASS b21_build_stale_group_safe_bounded_motion 
POC_PASS b21_repair_travelling_yield_policy 
POC_PASS b21_repair_travelling_preserves_job 
POC_PASS b21_repair_travelling_safe_bounded_motion 
POC_PASS b21_repair_working_yield_policy 
POC_PASS b21_repair_working_preserves_job 
POC_PASS b21_repair_working_safe_bounded_motion 
POC_PASS b21_repair_not_stalled_yield_policy 
POC_PASS b21_repair_not_stalled_preserves_job 
POC_PASS b21_repair_not_stalled_safe_bounded_motion 
POC_PASS b21_repair_hold_yield_policy 
POC_PASS b21_repair_hold_preserves_job 
POC_PASS b21_repair_hold_safe_bounded_motion 
POC_PASS b21_repair_enemy_yield_policy 
POC_PASS b21_repair_enemy_preserves_job 
POC_PASS b21_repair_enemy_safe_bounded_motion 
POC_PASS b21_repair_lower_priority_yield_policy 
POC_PASS b21_repair_lower_priority_preserves_job 
POC_PASS b21_repair_lower_priority_safe_bounded_motion 
POC_PASS b21_repair_invalid_goal_yield_policy 
POC_PASS b21_repair_invalid_goal_preserves_job 
POC_PASS b21_repair_invalid_goal_safe_bounded_motion 
POC_PASS b21_repair_invalid_target_yield_policy 
POC_PASS b21_repair_invalid_target_preserves_job 
POC_PASS b21_repair_invalid_target_safe_bounded_motion 
POC_PASS b21_repair_moving_target_yield_policy 
POC_PASS b21_repair_moving_target_preserves_job 
POC_PASS b21_repair_moving_target_safe_bounded_motion 
POC_PASS b21_repair_stale_group_yield_policy 
POC_PASS b21_repair_stale_group_preserves_job 
POC_PASS b21_repair_stale_group_safe_bounded_motion 
POC_PASS b21_gather_travelling_yield_policy 
POC_PASS b21_gather_travelling_preserves_job 
POC_PASS b21_gather_travelling_safe_bounded_motion 
POC_PASS b21_gather_working_yield_policy 
POC_PASS b21_gather_working_preserves_job 
POC_PASS b21_gather_working_safe_bounded_motion 
POC_PASS b21_gather_not_stalled_yield_policy 
POC_PASS b21_gather_not_stalled_preserves_job 
POC_PASS b21_gather_not_stalled_safe_bounded_motion 
POC_PASS b21_gather_hold_yield_policy 
POC_PASS b21_gather_hold_preserves_job 
POC_PASS b21_gather_hold_safe_bounded_motion 
POC_PASS b21_gather_enemy_yield_policy 
POC_PASS b21_gather_enemy_preserves_job 
POC_PASS b21_gather_enemy_safe_bounded_motion 
POC_PASS b21_gather_lower_priority_yield_policy 
POC_PASS b21_gather_lower_priority_preserves_job 
POC_PASS b21_gather_lower_priority_safe_bounded_motion 
POC_PASS b21_gather_invalid_goal_yield_policy 
POC_PASS b21_gather_invalid_goal_preserves_job 
POC_PASS b21_gather_invalid_goal_safe_bounded_motion 
POC_PASS b21_gather_invalid_target_yield_policy 
POC_PASS b21_gather_invalid_target_preserves_job 
POC_PASS b21_gather_invalid_target_safe_bounded_motion 
POC_PASS b21_gather_moving_target_yield_policy 
POC_PASS b21_gather_moving_target_preserves_job 
POC_PASS b21_gather_moving_target_safe_bounded_motion 
POC_PASS b21_gather_stale_group_yield_policy 
POC_PASS b21_gather_stale_group_preserves_job 
POC_PASS b21_gather_stale_group_safe_bounded_motion 
EXPLORATION_B21_WORK_YIELD checks=96 failures=0
WARNING: 2 ObjectDB instances were leaked at exit (run with `--verbose` for details).
   at: cleanup (core/object/object.cpp:2536)
