Godot Engine v4.7.2.stable.custom_build.ed1daf0bf (2026-08-17 01:18:38 UTC) - https://godotengine.org

POC_PASS large_unit_safe_route [(225.0, 275.0), (475.0, 675.0), (575.0, 925.0), (775.0, 825.0), (975.0, 425.0), (1025.0, 275.0)]
POC_PASS large_unit_uses_wide_detour (1023.067, 280.7999)
POC_PASS range_interior_witness 
POC_PASS range_search_includes_interior [(125.0, 525.0), (536.4841, 527.3931)]
POC_PASS range_target_arrival (536.4841, 527.3931)
POC_PASS group_replan_destination_sync 
POC_PASS group_replan_finishes [[(983.2491, 292.958), (989.557, 292.507), "idle"], [(1016.938, 291.5555), (1023.525, 291.032), "idle"], [(1020.228, 324.3846), (1025.0, 325.0), "idle"], [(981.9931, 346.7977), (991.032, 326.475), "idle"], [(998.4952, 366.9181), (992.507, 360.443), "idle"], [(1020.639, 354.8312), (1026.475, 358.968), "idle"]]
POC_PASS short_move_balanced [5.1, 5.1, 5.1, 5.1, 5.1, 5.1, 5.1, 5.1, 5.1, 5.1, 5.1, 5.1]
POC_PASS short_move_column [5.6, 6.6, 5.1, 7.3, 5.9, 8.7, 8.5, 4.3, 7.7, 3.6, 5.2, 3.1]
POC_PASS short_move_compact [17.6, 3.7, 5.9, 6.5, 16.0, 4.1, 4.8, 4.3, 6.3, 5.0, 4.2, 4.6]
POC_PASS off_grid_start_witness 
POC_PASS off_grid_start_safe_route [(257.0, 275.0), (275.0, 225.0), (525.0, 275.0)]
POC_PASS off_grid_start_arrival (519.1114, 273.8493)
POC_PASS resource_clearance_matrix 0/30 unsafe []
POC_PASS speed_independent_of_frame_rate [259.999694824219, 260.000152587891, 259.999694824219, 260.0]
POC_PASS resource_motion_within_cell_invalidates 
POC_PASS moved_resource_safe_route 
POC_PASS group_gap_1_cells [[(1020.489, 426.3489), "idle"], [(939.1868, 414.2943), "idle"], [(989.4067, 409.2476), "idle"], [(986.0827, 461.772), "idle"], [(1020.531, 458.2206), "idle"], [(963.6013, 414.0865), "idle"], [(986.637, 492.0367), "idle"], [(1010.971, 492.5117), "idle"], [(1033.854, 480.3729), "idle"], [(984.5234, 525.0421), "idle"], [(950.6848, 524.7921), "idle"], [(1020.077, 525.0699), "idle"]]
POC_PASS group_gap_2_cells [[(1019.084, 422.6199), "idle"], [(935.0398, 414.1981), "idle"], [(995.6342, 442.8817), "idle"], [(1011.687, 463.8372), "idle"], [(1038.227, 456.2959), "idle"], [(966.3122, 452.637), "idle"], [(987.5457, 491.734), "idle"], [(1020.339, 491.5826), "idle"], [(1002.528, 514.7458), "idle"], [(980.2119, 524.5339), "idle"], [(954.0755, 545.8732), "idle"], [(1024.507, 526.1767), "idle"]]
POC_PASS group_gap_3_cells [[(1019.084, 422.6199), "idle"], [(935.0398, 414.1981), "idle"], [(995.6342, 442.8817), "idle"], [(1011.687, 463.8372), "idle"], [(1038.227, 456.2959), "idle"], [(966.3122, 452.637), "idle"], [(987.5457, 491.734), "idle"], [(1020.339, 491.5826), "idle"], [(1002.528, 514.7458), "idle"], [(980.2119, 524.5339), "idle"], [(954.0755, 545.8732), "idle"], [(1024.507, 526.1767), "idle"]]
POC_PASS friendly_idle_units_yield (619.6727, 522.2396)
NAVIGATION_POC checks=21 failures=0
