Godot Engine v4.7.2.stable.custom_build.ed1daf0bf (2026-08-17 01:18:38 UTC) - https://godotengine.org

POC_PASS farm_repair_completes hp=170.0/170.0 pos=(355.776, 648.3757)
POC_PASS farm_repair_queue_advances idle
POC_PASS blacksmith_repair_completes hp=650.0/650.0 pos=(355.6827, 648.0746)
POC_PASS blacksmith_repair_queue_advances idle
POC_PASS monastery_repair_completes hp=460.0/460.0 pos=(355.6774, 648.0591)
POC_PASS monastery_repair_queue_advances idle
POC_PASS keep_repair_completes hp=1500.0/1500.0 pos=(355.6625, 648.0162)
POC_PASS keep_repair_queue_advances idle
POC_PASS wonder_repair_completes hp=2100.0/2100.0 pos=(355.7579, 647.8405)
POC_PASS wonder_repair_queue_advances idle
POC_PASS dense_1_workers_build_all 8/8 in 0.04s
POC_PASS dense_1_workers_finish_queues 1/1
POC_PASS dense_1_workers_no_teleport 
POC_PASS dense_12_workers_build_all 96/96 in 0.87s
POC_PASS dense_12_workers_finish_queues 12/12
POC_PASS dense_12_workers_no_teleport 
POC_PASS dense_48_workers_build_all 96/96 in 5.32s
POC_PASS dense_48_workers_finish_queues 48/48
POC_PASS dense_48_workers_no_teleport 
POC_PASS dense_96_workers_build_all 96/96 in 15.41s
POC_PASS dense_96_workers_finish_queues 96/96
POC_PASS dense_96_workers_no_teleport 
POC_PASS farm_1_workers_use_assigned_farms 1 working
POC_PASS farm_4_workers_use_assigned_farms 4 working
POC_PASS farm_8_workers_use_assigned_farms 8 working
POC_PASS trader_completes_multiple_round_trips legs=11 pos=(910.2997, 617.9269)
POC_PASS deleted_queued_build_is_skipped 
POC_PASS sealed_jobs_wait_and_preserve_queues 
POC_PASS sealed_jobs_do_not_work_through_barrier 
POC_PASS demolition_wakes_all_repair_jobs 
POC_PASS demolition_all_queues_finish 
NAVIGATION_TASKS_POC checks=31 failures=0
WARNING: 2 ObjectDB instances were leaked at exit (run with `--verbose` for details).
   at: cleanup (core/object/object.cpp:2536)
