Godot Engine v4.7.2.stable.custom_build.ed1daf0bf (2026-08-17 01:18:38 UTC) - https://godotengine.org

CHECK_OK English/live: initial wood order and empty queue
CASE {"case":"English/live/gold","expected_mining":false,"final":{"gather_kind":"wood","order":"gather","owner":0,"queue_size":0,"remaining":9804,"target_id":110830291480,"target_kind":"wood"},"gains":{"gold":0,"stone":0,"wood":196},"mining_ticks":0,"queue_nonempty_ticks":0,"seconds":30.0,"steps":600,"timeline":[{"gather_kind":"wood","order":"gather","owner":0,"queue_size":0,"remaining":9993,"t":0.05,"target_id":110830291480,"target_kind":"wood"}]}
CHECK_OK English/live/gold: all simulation steps ran
CHECK_OK English/live/gold: mining expectation
CHECK_OK English/live/gold: no queued commands appeared
CHECK_OK English/live/gold: ore untouched and no mining income
CHECK_OK English/live/gold: actually gathered wood
CHECK_OK English/live: initial wood order and empty queue
CASE {"case":"English/live/stone","expected_mining":false,"final":{"gather_kind":"wood","order":"gather","owner":0,"queue_size":0,"remaining":9804,"target_id":111971142161,"target_kind":"wood"},"gains":{"gold":0,"stone":0,"wood":196},"mining_ticks":0,"queue_nonempty_ticks":0,"seconds":30.0,"steps":600,"timeline":[{"gather_kind":"wood","order":"gather","owner":0,"queue_size":0,"remaining":9993,"t":0.05,"target_id":111971142161,"target_kind":"wood"}]}
CHECK_OK English/live/stone: all simulation steps ran
CHECK_OK English/live/stone: mining expectation
CHECK_OK English/live/stone: no queued commands appeared
CHECK_OK English/live/stone: ore untouched and no mining income
CHECK_OK English/live/stone: actually gathered wood
CHECK_OK English/neighbor: initial wood order and empty queue
CASE {"case":"English/neighbor/gold","expected_mining":false,"final":{"gather_kind":"wood","order":"gather","owner":0,"queue_size":0,"remaining":9832,"target_id":113262988055,"target_kind":"wood"},"gains":{"gold":0,"stone":0,"wood":193},"mining_ticks":0,"queue_nonempty_ticks":0,"seconds":30.0,"steps":600,"timeline":[{"gather_kind":"wood","order":"gather","owner":0,"queue_size":0,"remaining":18,"t":0.05,"target_id":113095215645,"target_kind":"wood"},{"gather_kind":"wood","order":"gather","owner":0,"queue_size":0,"remaining":10000,"t":3.35,"target_id":113262988055,"target_kind":"wood"}]}
CHECK_OK English/neighbor/gold: all simulation steps ran
CHECK_OK English/neighbor/gold: mining expectation
CHECK_OK English/neighbor/gold: no queued commands appeared
CHECK_OK English/neighbor/gold: ore untouched and no mining income
CHECK_OK English/neighbor/gold: actually gathered wood
CHECK_OK English/neighbor: initial wood order and empty queue
CASE {"case":"English/neighbor/stone","expected_mining":false,"final":{"gather_kind":"wood","order":"gather","owner":0,"queue_size":0,"remaining":9832,"target_id":114487724536,"target_kind":"wood"},"gains":{"gold":0,"stone":0,"wood":193},"mining_ticks":0,"queue_nonempty_ticks":0,"seconds":30.0,"steps":600,"timeline":[{"gather_kind":"wood","order":"gather","owner":0,"queue_size":0,"remaining":18,"t":0.05,"target_id":114319952397,"target_kind":"wood"},{"gather_kind":"wood","order":"gather","owner":0,"queue_size":0,"remaining":10000,"t":3.35,"target_id":114487724536,"target_kind":"wood"}]}
CHECK_OK English/neighbor/stone: all simulation steps ran
CHECK_OK English/neighbor/stone: mining expectation
CHECK_OK English/neighbor/stone: no queued commands appeared
CHECK_OK English/neighbor/stone: ore untouched and no mining income
CHECK_OK English/neighbor/stone: actually gathered wood
CHECK_OK English/no_tree: initial wood order and empty queue
CASE {"case":"English/no_tree/gold","expected_mining":false,"final":{"gather_kind":"wood","order":"idle","owner":0,"queue_size":0,"remaining":-1,"target_id":0,"target_kind":""},"gains":{"gold":0,"stone":0,"wood":25},"mining_ticks":0,"queue_nonempty_ticks":0,"seconds":30.0,"steps":600,"timeline":[{"gather_kind":"wood","order":"gather","owner":0,"queue_size":0,"remaining":18,"t":0.05,"target_id":115527911963,"target_kind":"wood"},{"gather_kind":"wood","order":"idle","owner":0,"queue_size":0,"remaining":-1,"t":3.35,"target_id":0,"target_kind":""}]}
CHECK_OK English/no_tree/gold: all simulation steps ran
CHECK_OK English/no_tree/gold: mining expectation
CHECK_OK English/no_tree/gold: no queued commands appeared
CHECK_OK English/no_tree/gold: ore untouched and no mining income
CHECK_OK English/no_tree/gold: idle when no eligible replacement
CHECK_OK English/no_tree: initial wood order and empty queue
CASE {"case":"English/no_tree/stone","expected_mining":false,"final":{"gather_kind":"wood","order":"idle","owner":0,"queue_size":0,"remaining":-1,"target_id":0,"target_kind":""},"gains":{"gold":0,"stone":0,"wood":25},"mining_ticks":0,"queue_nonempty_ticks":0,"seconds":30.0,"steps":600,"timeline":[{"gather_kind":"wood","order":"gather","owner":0,"queue_size":0,"remaining":18,"t":0.05,"target_id":116635208216,"target_kind":"wood"},{"gather_kind":"wood","order":"idle","owner":0,"queue_size":0,"remaining":-1,"t":3.35,"target_id":0,"target_kind":""}]}
CHECK_OK English/no_tree/stone: all simulation steps ran
CHECK_OK English/no_tree/stone: mining expectation
CHECK_OK English/no_tree/stone: no queued commands appeared
CHECK_OK English/no_tree/stone: ore untouched and no mining income
CHECK_OK English/no_tree/stone: idle when no eligible replacement
CHECK_OK English/outside_radius: initial wood order and empty queue
CASE {"case":"English/outside_radius/gold","expected_mining":false,"final":{"gather_kind":"wood","order":"idle","owner":0,"queue_size":0,"remaining":-1,"target_id":0,"target_kind":""},"gains":{"gold":0,"stone":0,"wood":25},"mining_ticks":0,"queue_nonempty_ticks":0,"seconds":30.0,"steps":600,"timeline":[{"gather_kind":"wood","order":"gather","owner":0,"queue_size":0,"remaining":18,"t":0.05,"target_id":117759281675,"target_kind":"wood"},{"gather_kind":"wood","order":"idle","owner":0,"queue_size":0,"remaining":-1,"t":3.35,"target_id":0,"target_kind":""}]}
CHECK_OK English/outside_radius/gold: all simulation steps ran
CHECK_OK English/outside_radius/gold: mining expectation
CHECK_OK English/outside_radius/gold: no queued commands appeared
CHECK_OK English/outside_radius/gold: ore untouched and no mining income
CHECK_OK English/outside_radius/gold: idle when no eligible replacement
CHECK_OK English/outside_radius: initial wood order and empty queue
CASE {"case":"English/outside_radius/stone","expected_mining":false,"final":{"gather_kind":"wood","order":"idle","owner":0,"queue_size":0,"remaining":-1,"target_id":0,"target_kind":""},"gains":{"gold":0,"stone":0,"wood":25},"mining_ticks":0,"queue_nonempty_ticks":0,"seconds":30.0,"steps":600,"timeline":[{"gather_kind":"wood","order":"gather","owner":0,"queue_size":0,"remaining":18,"t":0.05,"target_id":118967241243,"target_kind":"wood"},{"gather_kind":"wood","order":"idle","owner":0,"queue_size":0,"remaining":-1,"t":3.35,"target_id":0,"target_kind":""}]}
CHECK_OK English/outside_radius/stone: all simulation steps ran
CHECK_OK English/outside_radius/stone: mining expectation
CHECK_OK English/outside_radius/stone: no queued commands appeared
CHECK_OK English/outside_radius/stone: ore untouched and no mining income
CHECK_OK English/outside_radius/stone: idle when no eligible replacement
CHECK_OK English/deleted: initial wood order and empty queue
CASE {"case":"English/deleted/gold","expected_mining":false,"final":{"gather_kind":"wood","order":"gather","owner":0,"queue_size":0,"remaining":9811,"target_id":120342973199,"target_kind":"wood"},"gains":{"gold":0,"stone":0,"wood":189},"mining_ticks":0,"queue_nonempty_ticks":0,"seconds":30.0,"steps":600,"timeline":[{"gather_kind":"wood","order":"gather","owner":0,"queue_size":0,"remaining":10000,"t":0.05,"target_id":120342973199,"target_kind":"wood"}]}
CHECK_OK English/deleted/gold: all simulation steps ran
CHECK_OK English/deleted/gold: mining expectation
CHECK_OK English/deleted/gold: no queued commands appeared
CHECK_OK English/deleted/gold: ore untouched and no mining income
CHECK_OK English/deleted/gold: actually gathered wood
CHECK_OK English/deleted: initial wood order and empty queue
CASE {"case":"English/deleted/stone","expected_mining":false,"final":{"gather_kind":"wood","order":"gather","owner":0,"queue_size":0,"remaining":9811,"target_id":121550932750,"target_kind":"wood"},"gains":{"gold":0,"stone":0,"wood":189},"mining_ticks":0,"queue_nonempty_ticks":0,"seconds":30.0,"steps":600,"timeline":[{"gather_kind":"wood","order":"gather","owner":0,"queue_size":0,"remaining":10000,"t":0.05,"target_id":121550932750,"target_kind":"wood"}]}
CHECK_OK English/deleted/stone: all simulation steps ran
CHECK_OK English/deleted/stone: mining expectation
CHECK_OK English/deleted/stone: no queued commands appeared
CHECK_OK English/deleted/stone: ore untouched and no mining income
CHECK_OK English/deleted/stone: actually gathered wood
CHECK_OK English/freed: initial wood order and empty queue
CASE {"case":"English/freed/gold","expected_mining":false,"final":{"gather_kind":"wood","order":"gather","owner":0,"queue_size":0,"remaining":9811,"target_id":122758892023,"target_kind":"wood"},"gains":{"gold":0,"stone":0,"wood":189},"mining_ticks":0,"queue_nonempty_ticks":0,"seconds":30.0,"steps":600,"timeline":[{"gather_kind":"wood","order":"gather","owner":0,"queue_size":0,"remaining":10000,"t":0.05,"target_id":122758892023,"target_kind":"wood"}]}
CHECK_OK English/freed/gold: all simulation steps ran
CHECK_OK English/freed/gold: mining expectation
CHECK_OK English/freed/gold: no queued commands appeared
CHECK_OK English/freed/gold: ore untouched and no mining income
CHECK_OK English/freed/gold: actually gathered wood
CHECK_OK English/freed: initial wood order and empty queue
CASE {"case":"English/freed/stone","expected_mining":false,"final":{"gather_kind":"wood","order":"gather","owner":0,"queue_size":0,"remaining":9811,"target_id":123966851589,"target_kind":"wood"},"gains":{"gold":0,"stone":0,"wood":189},"mining_ticks":0,"queue_nonempty_ticks":0,"seconds":30.0,"steps":600,"timeline":[{"gather_kind":"wood","order":"gather","owner":0,"queue_size":0,"remaining":10000,"t":0.05,"target_id":123966851589,"target_kind":"wood"}]}
CHECK_OK English/freed/stone: all simulation steps ran
CHECK_OK English/freed/stone: mining expectation
CHECK_OK English/freed/stone: no queued commands appeared
CHECK_OK English/freed/stone: ore untouched and no mining income
CHECK_OK English/freed/stone: actually gathered wood
CHECK_OK English/fog: initial wood order and empty queue
CHECK_OK fog fixture: replacement hidden, ore explored
CASE {"case":"English/fog/gold","expected_mining":false,"final":{"gather_kind":"wood","order":"idle","owner":0,"queue_size":0,"remaining":-1,"target_id":0,"target_kind":""},"gains":{"gold":0,"stone":0,"wood":25},"mining_ticks":0,"queue_nonempty_ticks":0,"seconds":30.0,"steps":600,"timeline":[{"gather_kind":"wood","order":"gather","owner":0,"queue_size":0,"remaining":18,"t":0.05,"target_id":125007038968,"target_kind":"wood"},{"gather_kind":"wood","order":"idle","owner":0,"queue_size":0,"remaining":-1,"t":3.35,"target_id":0,"target_kind":""}]}
CHECK_OK English/fog/gold: all simulation steps ran
CHECK_OK English/fog/gold: mining expectation
CHECK_OK English/fog/gold: no queued commands appeared
CHECK_OK English/fog/gold: ore untouched and no mining income
CHECK_OK English/fog/gold: idle when no eligible replacement
CHECK_OK English/fog: initial wood order and empty queue
CHECK_OK fog fixture: replacement hidden, ore explored
CASE {"case":"English/fog/stone","expected_mining":false,"final":{"gather_kind":"wood","order":"idle","owner":0,"queue_size":0,"remaining":-1,"target_id":0,"target_kind":""},"gains":{"gold":0,"stone":0,"wood":25},"mining_ticks":0,"queue_nonempty_ticks":0,"seconds":30.0,"steps":600,"timeline":[{"gather_kind":"wood","order":"gather","owner":0,"queue_size":0,"remaining":18,"t":0.05,"target_id":126265330445,"target_kind":"wood"},{"gather_kind":"wood","order":"idle","owner":0,"queue_size":0,"remaining":-1,"t":3.35,"target_id":0,"target_kind":""}]}
CHECK_OK English/fog/stone: all simulation steps ran
CHECK_OK English/fog/stone: mining expectation
CHECK_OK English/fog/stone: no queued commands appeared
CHECK_OK English/fog/stone: ore untouched and no mining income
CHECK_OK English/fog/stone: idle when no eligible replacement
CHECK_OK English/blocked: initial wood order and empty queue
CASE {"case":"English/blocked/gold","expected_mining":false,"final":{"gather_kind":"wood","order":"idle","owner":0,"queue_size":0,"remaining":-1,"target_id":0,"target_kind":""},"gains":{"gold":0,"stone":0,"wood":25},"mining_ticks":0,"queue_nonempty_ticks":0,"seconds":30.0,"steps":600,"timeline":[{"gather_kind":"wood","order":"gather","owner":0,"queue_size":0,"remaining":18,"t":0.05,"target_id":127523621369,"target_kind":"wood"},{"gather_kind":"wood","order":"idle","owner":0,"queue_size":0,"remaining":-1,"t":3.35,"target_id":0,"target_kind":""}]}
CHECK_OK English/blocked/gold: all simulation steps ran
CHECK_OK English/blocked/gold: mining expectation
CHECK_OK English/blocked/gold: no queued commands appeared
CHECK_OK English/blocked/gold: ore untouched and no mining income
CHECK_OK English/blocked/gold: idle when no eligible replacement
CHECK_OK English/blocked: initial wood order and empty queue
CASE {"case":"English/blocked/stone","expected_mining":false,"final":{"gather_kind":"wood","order":"idle","owner":0,"queue_size":0,"remaining":-1,"target_id":0,"target_kind":""},"gains":{"gold":0,"stone":0,"wood":25},"mining_ticks":0,"queue_nonempty_ticks":0,"seconds":30.0,"steps":600,"timeline":[{"gather_kind":"wood","order":"gather","owner":0,"queue_size":0,"remaining":18,"t":0.05,"target_id":128748358416,"target_kind":"wood"},{"gather_kind":"wood","order":"idle","owner":0,"queue_size":0,"remaining":-1,"t":3.35,"target_id":0,"target_kind":""}]}
CHECK_OK English/blocked/stone: all simulation steps ran
CHECK_OK English/blocked/stone: mining expectation
CHECK_OK English/blocked/stone: no queued commands appeared
CHECK_OK English/blocked/stone: ore untouched and no mining income
CHECK_OK English/blocked/stone: idle when no eligible replacement
CHECK_OK French/live: initial wood order and empty queue
CASE {"case":"French/live/gold","expected_mining":false,"final":{"gather_kind":"wood","order":"gather","owner":0,"queue_size":0,"remaining":9804,"target_id":145525573541,"target_kind":"wood"},"gains":{"gold":0,"stone":0,"wood":196},"mining_ticks":0,"queue_nonempty_ticks":0,"seconds":30.0,"steps":600,"timeline":[{"gather_kind":"wood","order":"gather","owner":0,"queue_size":0,"remaining":9993,"t":0.05,"target_id":145525573541,"target_kind":"wood"}]}
CHECK_OK French/live/gold: all simulation steps ran
CHECK_OK French/live/gold: mining expectation
CHECK_OK French/live/gold: no queued commands appeared
CHECK_OK French/live/gold: ore untouched and no mining income
CHECK_OK French/live/gold: actually gathered wood
CHECK_OK French/live: initial wood order and empty queue
CASE {"case":"French/live/stone","expected_mining":false,"final":{"gather_kind":"wood","order":"gather","owner":0,"queue_size":0,"remaining":9804,"target_id":146649647015,"target_kind":"wood"},"gains":{"gold":0,"stone":0,"wood":196},"mining_ticks":0,"queue_nonempty_ticks":0,"seconds":30.0,"steps":600,"timeline":[{"gather_kind":"wood","order":"gather","owner":0,"queue_size":0,"remaining":9993,"t":0.05,"target_id":146649647015,"target_kind":"wood"}]}
CHECK_OK French/live/stone: all simulation steps ran
CHECK_OK French/live/stone: mining expectation
CHECK_OK French/live/stone: no queued commands appeared
CHECK_OK French/live/stone: ore untouched and no mining income
CHECK_OK French/live/stone: actually gathered wood
CHECK_OK French/neighbor: initial wood order and empty queue
CASE {"case":"French/neighbor/gold","expected_mining":false,"final":{"gather_kind":"wood","order":"gather","owner":0,"queue_size":0,"remaining":9832,"target_id":147941492664,"target_kind":"wood"},"gains":{"gold":0,"stone":0,"wood":193},"mining_ticks":0,"queue_nonempty_ticks":0,"seconds":30.0,"steps":600,"timeline":[{"gather_kind":"wood","order":"gather","owner":0,"queue_size":0,"remaining":18,"t":0.05,"target_id":147773720480,"target_kind":"wood"},{"gather_kind":"wood","order":"gather","owner":0,"queue_size":0,"remaining":10000,"t":3.35,"target_id":147941492664,"target_kind":"wood"}]}
CHECK_OK French/neighbor/gold: all simulation steps ran
CHECK_OK French/neighbor/gold: mining expectation
CHECK_OK French/neighbor/gold: no queued commands appeared
CHECK_OK French/neighbor/gold: ore untouched and no mining income
CHECK_OK French/neighbor/gold: actually gathered wood
CHECK_OK French/neighbor: initial wood order and empty queue
CASE {"case":"French/neighbor/stone","expected_mining":false,"final":{"gather_kind":"wood","order":"gather","owner":0,"queue_size":0,"remaining":9832,"target_id":149149452223,"target_kind":"wood"},"gains":{"gold":0,"stone":0,"wood":193},"mining_ticks":0,"queue_nonempty_ticks":0,"seconds":30.0,"steps":600,"timeline":[{"gather_kind":"wood","order":"gather","owner":0,"queue_size":0,"remaining":18,"t":0.05,"target_id":148981680042,"target_kind":"wood"},{"gather_kind":"wood","order":"gather","owner":0,"queue_size":0,"remaining":10000,"t":3.35,"target_id":149149452223,"target_kind":"wood"}]}
CHECK_OK French/neighbor/stone: all simulation steps ran
CHECK_OK French/neighbor/stone: mining expectation
CHECK_OK French/neighbor/stone: no queued commands appeared
CHECK_OK French/neighbor/stone: ore untouched and no mining income
CHECK_OK French/neighbor/stone: actually gathered wood
CHECK_OK French/no_tree: initial wood order and empty queue
CASE {"case":"French/no_tree/gold","expected_mining":false,"final":{"gather_kind":"wood","order":"idle","owner":0,"queue_size":0,"remaining":-1,"target_id":0,"target_kind":""},"gains":{"gold":0,"stone":0,"wood":25},"mining_ticks":0,"queue_nonempty_ticks":0,"seconds":30.0,"steps":600,"timeline":[{"gather_kind":"wood","order":"gather","owner":0,"queue_size":0,"remaining":18,"t":0.05,"target_id":150189639585,"target_kind":"wood"},{"gather_kind":"wood","order":"idle","owner":0,"queue_size":0,"remaining":-1,"t":3.35,"target_id":0,"target_kind":""}]}
CHECK_OK French/no_tree/gold: all simulation steps ran
CHECK_OK French/no_tree/gold: mining expectation
CHECK_OK French/no_tree/gold: no queued commands appeared
CHECK_OK French/no_tree/gold: ore untouched and no mining income
CHECK_OK French/no_tree/gold: idle when no eligible replacement
CHECK_OK French/no_tree: initial wood order and empty queue
CASE {"case":"French/no_tree/stone","expected_mining":false,"final":{"gather_kind":"wood","order":"idle","owner":0,"queue_size":0,"remaining":-1,"target_id":0,"target_kind":""},"gains":{"gold":0,"stone":0,"wood":25},"mining_ticks":0,"queue_nonempty_ticks":0,"seconds":30.0,"steps":600,"timeline":[{"gather_kind":"wood","order":"gather","owner":0,"queue_size":0,"remaining":18,"t":0.05,"target_id":151296935838,"target_kind":"wood"},{"gather_kind":"wood","order":"idle","owner":0,"queue_size":0,"remaining":-1,"t":3.35,"target_id":0,"target_kind":""}]}
CHECK_OK French/no_tree/stone: all simulation steps ran
CHECK_OK French/no_tree/stone: mining expectation
CHECK_OK French/no_tree/stone: no queued commands appeared
CHECK_OK French/no_tree/stone: ore untouched and no mining income
CHECK_OK French/no_tree/stone: idle when no eligible replacement
CHECK_OK French/outside_radius: initial wood order and empty queue
CASE {"case":"French/outside_radius/gold","expected_mining":false,"final":{"gather_kind":"wood","order":"idle","owner":0,"queue_size":0,"remaining":-1,"target_id":0,"target_kind":""},"gains":{"gold":0,"stone":0,"wood":25},"mining_ticks":0,"queue_nonempty_ticks":0,"seconds":30.0,"steps":600,"timeline":[{"gather_kind":"wood","order":"gather","owner":0,"queue_size":0,"remaining":18,"t":0.05,"target_id":152421009323,"target_kind":"wood"},{"gather_kind":"wood","order":"idle","owner":0,"queue_size":0,"remaining":-1,"t":3.35,"target_id":0,"target_kind":""}]}
CHECK_OK French/outside_radius/gold: all simulation steps ran
CHECK_OK French/outside_radius/gold: mining expectation
CHECK_OK French/outside_radius/gold: no queued commands appeared
CHECK_OK French/outside_radius/gold: ore untouched and no mining income
CHECK_OK French/outside_radius/gold: idle when no eligible replacement
CHECK_OK French/outside_radius: initial wood order and empty queue
CASE {"case":"French/outside_radius/stone","expected_mining":false,"final":{"gather_kind":"wood","order":"idle","owner":0,"queue_size":0,"remaining":-1,"target_id":0,"target_kind":""},"gains":{"gold":0,"stone":0,"wood":25},"mining_ticks":0,"queue_nonempty_ticks":0,"seconds":30.0,"steps":600,"timeline":[{"gather_kind":"wood","order":"gather","owner":0,"queue_size":0,"remaining":18,"t":0.05,"target_id":153628968865,"target_kind":"wood"},{"gather_kind":"wood","order":"idle","owner":0,"queue_size":0,"remaining":-1,"t":3.35,"target_id":0,"target_kind":""}]}
CHECK_OK French/outside_radius/stone: all simulation steps ran
CHECK_OK French/outside_radius/stone: mining expectation
CHECK_OK French/outside_radius/stone: no queued commands appeared
CHECK_OK French/outside_radius/stone: ore untouched and no mining income
CHECK_OK French/outside_radius/stone: idle when no eligible replacement
CHECK_OK French/deleted: initial wood order and empty queue
CASE {"case":"French/deleted/gold","expected_mining":false,"final":{"gather_kind":"wood","order":"gather","owner":0,"queue_size":0,"remaining":9811,"target_id":155004700579,"target_kind":"wood"},"gains":{"gold":0,"stone":0,"wood":189},"mining_ticks":0,"queue_nonempty_ticks":0,"seconds":30.0,"steps":600,"timeline":[{"gather_kind":"wood","order":"gather","owner":0,"queue_size":0,"remaining":10000,"t":0.05,"target_id":155004700579,"target_kind":"wood"}]}
CHECK_OK French/deleted/gold: all simulation steps ran
CHECK_OK French/deleted/gold: mining expectation
CHECK_OK French/deleted/gold: no queued commands appeared
CHECK_OK French/deleted/gold: ore untouched and no mining income
CHECK_OK French/deleted/gold: actually gathered wood
CHECK_OK French/deleted: initial wood order and empty queue
CASE {"case":"French/deleted/stone","expected_mining":false,"final":{"gather_kind":"wood","order":"gather","owner":0,"queue_size":0,"remaining":9811,"target_id":156212660124,"target_kind":"wood"},"gains":{"gold":0,"stone":0,"wood":189},"mining_ticks":0,"queue_nonempty_ticks":0,"seconds":30.0,"steps":600,"timeline":[{"gather_kind":"wood","order":"gather","owner":0,"queue_size":0,"remaining":10000,"t":0.05,"target_id":156212660124,"target_kind":"wood"}]}
CHECK_OK French/deleted/stone: all simulation steps ran
CHECK_OK French/deleted/stone: mining expectation
CHECK_OK French/deleted/stone: no queued commands appeared
CHECK_OK French/deleted/stone: ore untouched and no mining income
CHECK_OK French/deleted/stone: actually gathered wood
CHECK_OK French/freed: initial wood order and empty queue
CASE {"case":"French/freed/gold","expected_mining":false,"final":{"gather_kind":"wood","order":"gather","owner":0,"queue_size":0,"remaining":9811,"target_id":157420619635,"target_kind":"wood"},"gains":{"gold":0,"stone":0,"wood":189},"mining_ticks":0,"queue_nonempty_ticks":0,"seconds":30.0,"steps":600,"timeline":[{"gather_kind":"wood","order":"gather","owner":0,"queue_size":0,"remaining":10000,"t":0.05,"target_id":157420619635,"target_kind":"wood"}]}
CHECK_OK French/freed/gold: all simulation steps ran
CHECK_OK French/freed/gold: mining expectation
CHECK_OK French/freed/gold: no queued commands appeared
CHECK_OK French/freed/gold: ore untouched and no mining income
CHECK_OK French/freed/gold: actually gathered wood
CHECK_OK French/freed: initial wood order and empty queue
CASE {"case":"French/freed/stone","expected_mining":false,"final":{"gather_kind":"wood","order":"gather","owner":0,"queue_size":0,"remaining":9811,"target_id":158628579257,"target_kind":"wood"},"gains":{"gold":0,"stone":0,"wood":189},"mining_ticks":0,"queue_nonempty_ticks":0,"seconds":30.0,"steps":600,"timeline":[{"gather_kind":"wood","order":"gather","owner":0,"queue_size":0,"remaining":10000,"t":0.05,"target_id":158628579257,"target_kind":"wood"}]}
CHECK_OK French/freed/stone: all simulation steps ran
CHECK_OK French/freed/stone: mining expectation
CHECK_OK French/freed/stone: no queued commands appeared
CHECK_OK French/freed/stone: ore untouched and no mining income
CHECK_OK French/freed/stone: actually gathered wood
CHECK_OK French/fog: initial wood order and empty queue
CHECK_OK fog fixture: replacement hidden, ore explored
CASE {"case":"French/fog/gold","expected_mining":false,"final":{"gather_kind":"wood","order":"idle","owner":0,"queue_size":0,"remaining":-1,"target_id":0,"target_kind":""},"gains":{"gold":0,"stone":0,"wood":25},"mining_ticks":0,"queue_nonempty_ticks":0,"seconds":30.0,"steps":600,"timeline":[{"gather_kind":"wood","order":"gather","owner":0,"queue_size":0,"remaining":18,"t":0.05,"target_id":159668766655,"target_kind":"wood"},{"gather_kind":"wood","order":"idle","owner":0,"queue_size":0,"remaining":-1,"t":3.35,"target_id":0,"target_kind":""}]}
CHECK_OK French/fog/gold: all simulation steps ran
CHECK_OK French/fog/gold: mining expectation
CHECK_OK French/fog/gold: no queued commands appeared
CHECK_OK French/fog/gold: ore untouched and no mining income
CHECK_OK French/fog/gold: idle when no eligible replacement
CHECK_OK French/fog: initial wood order and empty queue
CHECK_OK fog fixture: replacement hidden, ore explored
CASE {"case":"French/fog/stone","expected_mining":false,"final":{"gather_kind":"wood","order":"idle","owner":0,"queue_size":0,"remaining":-1,"target_id":0,"target_kind":""},"gains":{"gold":0,"stone":0,"wood":25},"mining_ticks":0,"queue_nonempty_ticks":0,"seconds":30.0,"steps":600,"timeline":[{"gather_kind":"wood","order":"gather","owner":0,"queue_size":0,"remaining":18,"t":0.05,"target_id":160910280619,"target_kind":"wood"},{"gather_kind":"wood","order":"idle","owner":0,"queue_size":0,"remaining":-1,"t":3.35,"target_id":0,"target_kind":""}]}
CHECK_OK French/fog/stone: all simulation steps ran
CHECK_OK French/fog/stone: mining expectation
CHECK_OK French/fog/stone: no queued commands appeared
CHECK_OK French/fog/stone: ore untouched and no mining income
CHECK_OK French/fog/stone: idle when no eligible replacement
CHECK_OK French/blocked: initial wood order and empty queue
CASE {"case":"French/blocked/gold","expected_mining":false,"final":{"gather_kind":"wood","order":"idle","owner":0,"queue_size":0,"remaining":-1,"target_id":0,"target_kind":""},"gains":{"gold":0,"stone":0,"wood":25},"mining_ticks":0,"queue_nonempty_ticks":0,"seconds":30.0,"steps":600,"timeline":[{"gather_kind":"wood","order":"gather","owner":0,"queue_size":0,"remaining":18,"t":0.05,"target_id":162168571810,"target_kind":"wood"},{"gather_kind":"wood","order":"idle","owner":0,"queue_size":0,"remaining":-1,"t":3.35,"target_id":0,"target_kind":""}]}
CHECK_OK French/blocked/gold: all simulation steps ran
CHECK_OK French/blocked/gold: mining expectation
CHECK_OK French/blocked/gold: no queued commands appeared
CHECK_OK French/blocked/gold: ore untouched and no mining income
CHECK_OK French/blocked/gold: idle when no eligible replacement
CHECK_OK French/blocked: initial wood order and empty queue
CASE {"case":"French/blocked/stone","expected_mining":false,"final":{"gather_kind":"wood","order":"idle","owner":0,"queue_size":0,"remaining":-1,"target_id":0,"target_kind":""},"gains":{"gold":0,"stone":0,"wood":25},"mining_ticks":0,"queue_nonempty_ticks":0,"seconds":30.0,"steps":600,"timeline":[{"gather_kind":"wood","order":"gather","owner":0,"queue_size":0,"remaining":18,"t":0.05,"target_id":163393309530,"target_kind":"wood"},{"gather_kind":"wood","order":"idle","owner":0,"queue_size":0,"remaining":-1,"t":3.35,"target_id":0,"target_kind":""}]}
CHECK_OK French/blocked/stone: all simulation steps ran
CHECK_OK French/blocked/stone: mining expectation
CHECK_OK French/blocked/stone: no queued commands appeared
CHECK_OK French/blocked/stone: ore untouched and no mining income
CHECK_OK French/blocked/stone: idle when no eligible replacement
CHECK_OK Chinese/live: initial wood order and empty queue
CASE {"case":"Chinese/live/gold","expected_mining":false,"final":{"gather_kind":"wood","order":"gather","owner":0,"queue_size":0,"remaining":9804,"target_id":180438960886,"target_kind":"wood"},"gains":{"gold":0,"stone":0,"wood":196},"mining_ticks":0,"queue_nonempty_ticks":0,"seconds":30.0,"steps":600,"timeline":[{"gather_kind":"wood","order":"gather","owner":0,"queue_size":0,"remaining":9993,"t":0.05,"target_id":180438960886,"target_kind":"wood"}]}
CHECK_OK Chinese/live/gold: all simulation steps ran
CHECK_OK Chinese/live/gold: mining expectation
CHECK_OK Chinese/live/gold: no queued commands appeared
CHECK_OK Chinese/live/gold: ore untouched and no mining income
CHECK_OK Chinese/live/gold: actually gathered wood
CHECK_OK Chinese/live: initial wood order and empty queue
CASE {"case":"Chinese/live/stone","expected_mining":false,"final":{"gather_kind":"wood","order":"gather","owner":0,"queue_size":0,"remaining":9804,"target_id":181563034356,"target_kind":"wood"},"gains":{"gold":0,"stone":0,"wood":196},"mining_ticks":0,"queue_nonempty_ticks":0,"seconds":30.0,"steps":600,"timeline":[{"gather_kind":"wood","order":"gather","owner":0,"queue_size":0,"remaining":9993,"t":0.05,"target_id":181563034356,"target_kind":"wood"}]}
CHECK_OK Chinese/live/stone: all simulation steps ran
CHECK_OK Chinese/live/stone: mining expectation
CHECK_OK Chinese/live/stone: no queued commands appeared
CHECK_OK Chinese/live/stone: ore untouched and no mining income
CHECK_OK Chinese/live/stone: actually gathered wood
CHECK_OK Chinese/neighbor: initial wood order and empty queue
CASE {"case":"Chinese/neighbor/gold","expected_mining":false,"final":{"gather_kind":"wood","order":"gather","owner":0,"queue_size":0,"remaining":9832,"target_id":182854880249,"target_kind":"wood"},"gains":{"gold":0,"stone":0,"wood":193},"mining_ticks":0,"queue_nonempty_ticks":0,"seconds":30.0,"steps":600,"timeline":[{"gather_kind":"wood","order":"gather","owner":0,"queue_size":0,"remaining":18,"t":0.05,"target_id":182687107841,"target_kind":"wood"},{"gather_kind":"wood","order":"gather","owner":0,"queue_size":0,"remaining":10000,"t":3.35,"target_id":182854880249,"target_kind":"wood"}]}
CHECK_OK Chinese/neighbor/gold: all simulation steps ran
CHECK_OK Chinese/neighbor/gold: mining expectation
CHECK_OK Chinese/neighbor/gold: no queued commands appeared
CHECK_OK Chinese/neighbor/gold: ore untouched and no mining income
CHECK_OK Chinese/neighbor/gold: actually gathered wood
CHECK_OK Chinese/neighbor: initial wood order and empty queue
CASE {"case":"Chinese/neighbor/stone","expected_mining":false,"final":{"gather_kind":"wood","order":"gather","owner":0,"queue_size":0,"remaining":9832,"target_id":184062839523,"target_kind":"wood"},"gains":{"gold":0,"stone":0,"wood":193},"mining_ticks":0,"queue_nonempty_ticks":0,"seconds":30.0,"steps":600,"timeline":[{"gather_kind":"wood","order":"gather","owner":0,"queue_size":0,"remaining":18,"t":0.05,"target_id":183895067385,"target_kind":"wood"},{"gather_kind":"wood","order":"gather","owner":0,"queue_size":0,"remaining":10000,"t":3.35,"target_id":184062839523,"target_kind":"wood"}]}
CHECK_OK Chinese/neighbor/stone: all simulation steps ran
CHECK_OK Chinese/neighbor/stone: mining expectation
CHECK_OK Chinese/neighbor/stone: no queued commands appeared
CHECK_OK Chinese/neighbor/stone: ore untouched and no mining income
CHECK_OK Chinese/neighbor/stone: actually gathered wood
CHECK_OK Chinese/no_tree: initial wood order and empty queue
CASE {"case":"Chinese/no_tree/gold","expected_mining":false,"final":{"gather_kind":"wood","order":"idle","owner":0,"queue_size":0,"remaining":-1,"target_id":0,"target_kind":""},"gains":{"gold":0,"stone":0,"wood":25},"mining_ticks":0,"queue_nonempty_ticks":0,"seconds":30.0,"steps":600,"timeline":[{"gather_kind":"wood","order":"gather","owner":0,"queue_size":0,"remaining":18,"t":0.05,"target_id":185103026944,"target_kind":"wood"},{"gather_kind":"wood","order":"idle","owner":0,"queue_size":0,"remaining":-1,"t":3.35,"target_id":0,"target_kind":""}]}
CHECK_OK Chinese/no_tree/gold: all simulation steps ran
CHECK_OK Chinese/no_tree/gold: mining expectation
CHECK_OK Chinese/no_tree/gold: no queued commands appeared
CHECK_OK Chinese/no_tree/gold: ore untouched and no mining income
CHECK_OK Chinese/no_tree/gold: idle when no eligible replacement
CHECK_OK Chinese/no_tree: initial wood order and empty queue
CASE {"case":"Chinese/no_tree/stone","expected_mining":false,"final":{"gather_kind":"wood","order":"idle","owner":0,"queue_size":0,"remaining":-1,"target_id":0,"target_kind":""},"gains":{"gold":0,"stone":0,"wood":25},"mining_ticks":0,"queue_nonempty_ticks":0,"seconds":30.0,"steps":600,"timeline":[{"gather_kind":"wood","order":"gather","owner":0,"queue_size":0,"remaining":18,"t":0.05,"target_id":186227100407,"target_kind":"wood"},{"gather_kind":"wood","order":"idle","owner":0,"queue_size":0,"remaining":-1,"t":3.35,"target_id":0,"target_kind":""}]}
CHECK_OK Chinese/no_tree/stone: all simulation steps ran
CHECK_OK Chinese/no_tree/stone: mining expectation
CHECK_OK Chinese/no_tree/stone: no queued commands appeared
CHECK_OK Chinese/no_tree/stone: ore untouched and no mining income
CHECK_OK Chinese/no_tree/stone: idle when no eligible replacement
CHECK_OK Chinese/outside_radius: initial wood order and empty queue
CASE {"case":"Chinese/outside_radius/gold","expected_mining":false,"final":{"gather_kind":"wood","order":"idle","owner":0,"queue_size":0,"remaining":-1,"target_id":0,"target_kind":""},"gains":{"gold":0,"stone":0,"wood":25},"mining_ticks":0,"queue_nonempty_ticks":0,"seconds":30.0,"steps":600,"timeline":[{"gather_kind":"wood","order":"gather","owner":0,"queue_size":0,"remaining":18,"t":0.05,"target_id":187351173874,"target_kind":"wood"},{"gather_kind":"wood","order":"idle","owner":0,"queue_size":0,"remaining":-1,"t":3.35,"target_id":0,"target_kind":""}]}
CHECK_OK Chinese/outside_radius/gold: all simulation steps ran
CHECK_OK Chinese/outside_radius/gold: mining expectation
CHECK_OK Chinese/outside_radius/gold: no queued commands appeared
CHECK_OK Chinese/outside_radius/gold: ore untouched and no mining income
CHECK_OK Chinese/outside_radius/gold: idle when no eligible replacement
CHECK_OK Chinese/outside_radius: initial wood order and empty queue
CASE {"case":"Chinese/outside_radius/stone","expected_mining":false,"final":{"gather_kind":"wood","order":"idle","owner":0,"queue_size":0,"remaining":-1,"target_id":0,"target_kind":""},"gains":{"gold":0,"stone":0,"wood":25},"mining_ticks":0,"queue_nonempty_ticks":0,"seconds":30.0,"steps":600,"timeline":[{"gather_kind":"wood","order":"gather","owner":0,"queue_size":0,"remaining":18,"t":0.05,"target_id":188559133430,"target_kind":"wood"},{"gather_kind":"wood","order":"idle","owner":0,"queue_size":0,"remaining":-1,"t":3.35,"target_id":0,"target_kind":""}]}
CHECK_OK Chinese/outside_radius/stone: all simulation steps ran
CHECK_OK Chinese/outside_radius/stone: mining expectation
CHECK_OK Chinese/outside_radius/stone: no queued commands appeared
CHECK_OK Chinese/outside_radius/stone: ore untouched and no mining income
CHECK_OK Chinese/outside_radius/stone: idle when no eligible replacement
CHECK_OK Chinese/deleted: initial wood order and empty queue
CASE {"case":"Chinese/deleted/gold","expected_mining":false,"final":{"gather_kind":"wood","order":"gather","owner":0,"queue_size":0,"remaining":9811,"target_id":189918088178,"target_kind":"wood"},"gains":{"gold":0,"stone":0,"wood":189},"mining_ticks":0,"queue_nonempty_ticks":0,"seconds":30.0,"steps":600,"timeline":[{"gather_kind":"wood","order":"gather","owner":0,"queue_size":0,"remaining":10000,"t":0.05,"target_id":189918088178,"target_kind":"wood"}]}
CHECK_OK Chinese/deleted/gold: all simulation steps ran
CHECK_OK Chinese/deleted/gold: mining expectation
CHECK_OK Chinese/deleted/gold: no queued commands appeared
CHECK_OK Chinese/deleted/gold: ore untouched and no mining income
CHECK_OK Chinese/deleted/gold: actually gathered wood
CHECK_OK Chinese/deleted: initial wood order and empty queue
CASE {"case":"Chinese/deleted/stone","expected_mining":false,"final":{"gather_kind":"wood","order":"gather","owner":0,"queue_size":0,"remaining":9811,"target_id":191126047476,"target_kind":"wood"},"gains":{"gold":0,"stone":0,"wood":189},"mining_ticks":0,"queue_nonempty_ticks":0,"seconds":30.0,"steps":600,"timeline":[{"gather_kind":"wood","order":"gather","owner":0,"queue_size":0,"remaining":10000,"t":0.05,"target_id":191126047476,"target_kind":"wood"}]}
CHECK_OK Chinese/deleted/stone: all simulation steps ran
CHECK_OK Chinese/deleted/stone: mining expectation
CHECK_OK Chinese/deleted/stone: no queued commands appeared
CHECK_OK Chinese/deleted/stone: ore untouched and no mining income
CHECK_OK Chinese/deleted/stone: actually gathered wood
CHECK_OK Chinese/freed: initial wood order and empty queue
CASE {"case":"Chinese/freed/gold","expected_mining":false,"final":{"gather_kind":"wood","order":"gather","owner":0,"queue_size":0,"remaining":9811,"target_id":192334007290,"target_kind":"wood"},"gains":{"gold":0,"stone":0,"wood":189},"mining_ticks":0,"queue_nonempty_ticks":0,"seconds":30.0,"steps":600,"timeline":[{"gather_kind":"wood","order":"gather","owner":0,"queue_size":0,"remaining":10000,"t":0.05,"target_id":192334007290,"target_kind":"wood"}]}
CHECK_OK Chinese/freed/gold: all simulation steps ran
CHECK_OK Chinese/freed/gold: mining expectation
CHECK_OK Chinese/freed/gold: no queued commands appeared
CHECK_OK Chinese/freed/gold: ore untouched and no mining income
CHECK_OK Chinese/freed/gold: actually gathered wood
CHECK_OK Chinese/freed: initial wood order and empty queue
CASE {"case":"Chinese/freed/stone","expected_mining":false,"final":{"gather_kind":"wood","order":"gather","owner":0,"queue_size":0,"remaining":9811,"target_id":193541966347,"target_kind":"wood"},"gains":{"gold":0,"stone":0,"wood":189},"mining_ticks":0,"queue_nonempty_ticks":0,"seconds":30.0,"steps":600,"timeline":[{"gather_kind":"wood","order":"gather","owner":0,"queue_size":0,"remaining":10000,"t":0.05,"target_id":193541966347,"target_kind":"wood"}]}
CHECK_OK Chinese/freed/stone: all simulation steps ran
CHECK_OK Chinese/freed/stone: mining expectation
CHECK_OK Chinese/freed/stone: no queued commands appeared
CHECK_OK Chinese/freed/stone: ore untouched and no mining income
CHECK_OK Chinese/freed/stone: actually gathered wood
CHECK_OK Chinese/fog: initial wood order and empty queue
CHECK_OK fog fixture: replacement hidden, ore explored
CASE {"case":"Chinese/fog/gold","expected_mining":false,"final":{"gather_kind":"wood","order":"idle","owner":0,"queue_size":0,"remaining":-1,"target_id":0,"target_kind":""},"gains":{"gold":0,"stone":0,"wood":25},"mining_ticks":0,"queue_nonempty_ticks":0,"seconds":30.0,"steps":600,"timeline":[{"gather_kind":"wood","order":"gather","owner":0,"queue_size":0,"remaining":18,"t":0.05,"target_id":194582153955,"target_kind":"wood"},{"gather_kind":"wood","order":"idle","owner":0,"queue_size":0,"remaining":-1,"t":3.35,"target_id":0,"target_kind":""}]}
CHECK_OK Chinese/fog/gold: all simulation steps ran
CHECK_OK Chinese/fog/gold: mining expectation
CHECK_OK Chinese/fog/gold: no queued commands appeared
CHECK_OK Chinese/fog/gold: ore untouched and no mining income
CHECK_OK Chinese/fog/gold: idle when no eligible replacement
CHECK_OK Chinese/fog: initial wood order and empty queue
CHECK_OK fog fixture: replacement hidden, ore explored
CASE {"case":"Chinese/fog/stone","expected_mining":false,"final":{"gather_kind":"wood","order":"idle","owner":0,"queue_size":0,"remaining":-1,"target_id":0,"target_kind":""},"gains":{"gold":0,"stone":0,"wood":25},"mining_ticks":0,"queue_nonempty_ticks":0,"seconds":30.0,"steps":600,"timeline":[{"gather_kind":"wood","order":"gather","owner":0,"queue_size":0,"remaining":18,"t":0.05,"target_id":195840445152,"target_kind":"wood"},{"gather_kind":"wood","order":"idle","owner":0,"queue_size":0,"remaining":-1,"t":3.35,"target_id":0,"target_kind":""}]}
CHECK_OK Chinese/fog/stone: all simulation steps ran
CHECK_OK Chinese/fog/stone: mining expectation
CHECK_OK Chinese/fog/stone: no queued commands appeared
CHECK_OK Chinese/fog/stone: ore untouched and no mining income
CHECK_OK Chinese/fog/stone: idle when no eligible replacement
CHECK_OK Chinese/blocked: initial wood order and empty queue
CASE {"case":"Chinese/blocked/gold","expected_mining":false,"final":{"gather_kind":"wood","order":"idle","owner":0,"queue_size":0,"remaining":-1,"target_id":0,"target_kind":""},"gains":{"gold":0,"stone":0,"wood":25},"mining_ticks":0,"queue_nonempty_ticks":0,"seconds":30.0,"steps":600,"timeline":[{"gather_kind":"wood","order":"gather","owner":0,"queue_size":0,"remaining":18,"t":0.05,"target_id":197098736377,"target_kind":"wood"},{"gather_kind":"wood","order":"idle","owner":0,"queue_size":0,"remaining":-1,"t":3.35,"target_id":0,"target_kind":""}]}
CHECK_OK Chinese/blocked/gold: all simulation steps ran
CHECK_OK Chinese/blocked/gold: mining expectation
CHECK_OK Chinese/blocked/gold: no queued commands appeared
CHECK_OK Chinese/blocked/gold: ore untouched and no mining income
CHECK_OK Chinese/blocked/gold: idle when no eligible replacement
CHECK_OK Chinese/blocked: initial wood order and empty queue
CASE {"case":"Chinese/blocked/stone","expected_mining":false,"final":{"gather_kind":"wood","order":"idle","owner":0,"queue_size":0,"remaining":-1,"target_id":0,"target_kind":""},"gains":{"gold":0,"stone":0,"wood":25},"mining_ticks":0,"queue_nonempty_ticks":0,"seconds":30.0,"steps":600,"timeline":[{"gather_kind":"wood","order":"gather","owner":0,"queue_size":0,"remaining":18,"t":0.05,"target_id":198323473130,"target_kind":"wood"},{"gather_kind":"wood","order":"idle","owner":0,"queue_size":0,"remaining":-1,"t":3.35,"target_id":0,"target_kind":""}]}
CHECK_OK Chinese/blocked/stone: all simulation steps ran
CHECK_OK Chinese/blocked/stone: mining expectation
CHECK_OK Chinese/blocked/stone: no queued commands appeared
CHECK_OK Chinese/blocked/stone: ore untouched and no mining income
CHECK_OK Chinese/blocked/stone: idle when no eligible replacement
CHECK_OK queued control: mining intent queued at setup
CASE {"case":"control/queued_gold","expected_mining":true,"final":{"gather_kind":"gold","order":"gather","owner":0,"queue_size":0,"remaining":9802,"target_id":199715982076,"target_kind":"gold"},"gains":{"gold":198,"stone":0,"wood":100},"mining_ticks":492,"queue_nonempty_ticks":308,"seconds":40.0,"steps":800,"timeline":[{"gather_kind":"wood","order":"gather","owner":0,"queue_size":1,"remaining":93,"t":0.05,"target_id":199548209901,"target_kind":"wood"},{"gather_kind":"gold","order":"gather","owner":0,"queue_size":0,"remaining":10000,"t":15.45,"target_id":199715982076,"target_kind":"gold"}]}
CHECK_OK control/queued_gold: all simulation steps ran
CHECK_OK control/queued_gold: mining expectation
CHECK_OK control/queued_gold: wood depleted before queued mining
CHECK_OK queued control: mining intent queued at setup
CASE {"case":"control/queued_stone","expected_mining":true,"final":{"gather_kind":"stone","order":"gather","owner":0,"queue_size":0,"remaining":9846,"target_id":201108491252,"target_kind":"stone"},"gains":{"gold":0,"stone":154,"wood":100},"mining_ticks":492,"queue_nonempty_ticks":308,"seconds":40.0,"steps":800,"timeline":[{"gather_kind":"wood","order":"gather","owner":0,"queue_size":1,"remaining":93,"t":0.05,"target_id":200940718819,"target_kind":"wood"},{"gather_kind":"stone","order":"gather","owner":0,"queue_size":0,"remaining":10000,"t":15.45,"target_id":201108491252,"target_kind":"stone"}]}
CHECK_OK control/queued_stone: all simulation steps ran
CHECK_OK control/queued_stone: mining expectation
CHECK_OK control/queued_stone: wood depleted before queued mining
CHECK_OK new non-appended wood command clears old mining queue
CASE {"case":"control/reissued_wood_clears_queue","expected_mining":false,"final":{"gather_kind":"wood","order":"idle","owner":0,"queue_size":0,"remaining":-1,"target_id":0,"target_kind":""},"gains":{"gold":0,"stone":0,"wood":25},"mining_ticks":0,"queue_nonempty_ticks":0,"seconds":30.0,"steps":600,"timeline":[{"gather_kind":"wood","order":"gather","owner":0,"queue_size":0,"remaining":18,"t":0.05,"target_id":202299673364,"target_kind":"wood"},{"gather_kind":"wood","order":"idle","owner":0,"queue_size":0,"remaining":-1,"t":3.35,"target_id":0,"target_kind":""}]}
CHECK_OK control/reissued_wood_clears_queue: all simulation steps ran
CHECK_OK control/reissued_wood_clears_queue: mining expectation
CHECK_OK low-level order_gather preserves old queue
CASE {"case":"control/low_level_preserves_old_queue","expected_mining":true,"final":{"gather_kind":"gold","order":"gather","owner":0,"queue_size":0,"remaining":9784,"target_id":203474078435,"target_kind":"gold"},"gains":{"gold":216,"stone":0,"wood":25},"mining_ticks":534,"queue_nonempty_ticks":66,"seconds":30.0,"steps":600,"timeline":[{"gather_kind":"wood","order":"gather","owner":0,"queue_size":1,"remaining":18,"t":0.05,"target_id":203390192361,"target_kind":"wood"},{"gather_kind":"gold","order":"gather","owner":0,"queue_size":0,"remaining":10000,"t":3.35,"target_id":203474078435,"target_kind":"gold"}]}
CHECK_OK control/low_level_preserves_old_queue: all simulation steps ran
CHECK_OK control/low_level_preserves_old_queue: mining expectation
CHECK_OK player dispatcher fixture: wood target and expected queue
CASE {"case":"control/player_dispatcher_wood_clears_gold_queue","expected_mining":false,"final":{"gather_kind":"wood","order":"idle","owner":0,"queue_size":0,"remaining":-1,"target_id":0,"target_kind":""},"gains":{"gold":0,"stone":0,"wood":100},"mining_ticks":0,"queue_nonempty_ticks":0,"seconds":40.0,"steps":800,"timeline":[{"gather_kind":"wood","order":"gather","owner":0,"queue_size":0,"remaining":93,"t":0.05,"target_id":204497488642,"target_kind":"wood"},{"gather_kind":"wood","order":"idle","owner":0,"queue_size":0,"remaining":-1,"t":15.45,"target_id":0,"target_kind":""}]}
CHECK_OK control/player_dispatcher_wood_clears_gold_queue: all simulation steps ran
CHECK_OK control/player_dispatcher_wood_clears_gold_queue: mining expectation
CHECK_OK control/player_dispatcher_wood_clears_gold_queue: gold income follows append intent
CHECK_OK player dispatcher fixture: wood target and expected queue
CASE {"case":"control/player_dispatcher_queued_gold","expected_mining":true,"final":{"gather_kind":"gold","order":"gather","owner":0,"queue_size":0,"remaining":9802,"target_id":205906774810,"target_kind":"gold"},"gains":{"gold":198,"stone":0,"wood":100},"mining_ticks":492,"queue_nonempty_ticks":308,"seconds":40.0,"steps":800,"timeline":[{"gather_kind":"wood","order":"gather","owner":0,"queue_size":1,"remaining":93,"t":0.05,"target_id":205822888483,"target_kind":"wood"},{"gather_kind":"gold","order":"gather","owner":0,"queue_size":0,"remaining":10000,"t":15.45,"target_id":205906774810,"target_kind":"gold"}]}
CHECK_OK control/player_dispatcher_queued_gold: all simulation steps ran
CHECK_OK control/player_dispatcher_queued_gold: mining expectation
CHECK_OK control/player_dispatcher_queued_gold: gold income follows append intent
CASE {"case":"control/queued_mining_camp_then_auto_gold","expected_mining":true,"final":{"gather_kind":"gold","order":"gather","owner":0,"queue_size":0,"remaining":9360,"target_id":211023825653,"target_kind":"gold"},"gains":{"gold":640,"stone":0,"wood":25},"mining_ticks":1408,"queue_nonempty_ticks":66,"seconds":80.0,"steps":1600,"timeline":[{"gather_kind":"wood","order":"gather","owner":0,"queue_size":1,"remaining":18,"t":0.05,"target_id":210856053127,"target_kind":"wood"},{"gather_kind":"wood","order":"build","owner":0,"queue_size":0,"remaining":-1,"t":3.35,"target_id":211107711722,"target_kind":"mining_camp"},{"gather_kind":"gold","order":"gather","owner":0,"queue_size":0,"remaining":10000,"t":9.65,"target_id":211023825653,"target_kind":"gold"}]}
CHECK_OK control/queued_mining_camp_then_auto_gold: all simulation steps ran
CHECK_OK control/queued_mining_camp_then_auto_gold: mining expectation
CHECK_OK queued camp completes and automatically assigns nearby gold
CASE {"case":"control/opponent_ai_depleted_wood_to_gold","expected_mining":true,"final":{"gather_kind":"gold","order":"gather","owner":1,"queue_size":0,"remaining":9783,"target_id":213137754503,"target_kind":"gold"},"gains":{"gold":217,"stone":0,"wood":25},"mining_ticks":678,"queue_nonempty_ticks":0,"seconds":40.0,"steps":800,"timeline":[{"gather_kind":"wood","order":"gather","owner":1,"queue_size":0,"remaining":18,"t":0.05,"target_id":213053868802,"target_kind":"wood"},{"gather_kind":"wood","order":"idle","owner":1,"queue_size":0,"remaining":-1,"t":3.35,"target_id":0,"target_kind":""},{"gather_kind":"gold","order":"gather","owner":1,"queue_size":0,"remaining":10000,"t":6.15,"target_id":213137754503,"target_kind":"gold"}]}
CHECK_OK control/opponent_ai_depleted_wood_to_gold: all simulation steps ran
CHECK_OK control/opponent_ai_depleted_wood_to_gold: mining expectation
CHECK_OK opponent AI changes resource after wood exhaustion
CHECK_OK natural match: two lumberjacks; no player AI
CASE {"case":"natural_match/seed_4242","final":[{"gather_kind":"wood","order":"gather","owner":0,"queue_size":0,"remaining":73,"target_id":214614149029,"target_kind":"wood"},{"gather_kind":"wood","order":"gather","owner":0,"queue_size":0,"remaining":73,"target_id":214614149029,"target_kind":"wood"}],"mining_ticks":0,"rejected_steps":0,"seconds":120,"wood_gain":1427}
CHECK_OK natural_match/seed_4242: lumberjacks stay off ore in full match
CHECK_OK natural match: two lumberjacks; no player AI
CASE {"case":"natural_match/seed_44127","final":[{"gather_kind":"wood","order":"gather","owner":0,"queue_size":0,"remaining":52,"target_id":262747982390,"target_kind":"wood"},{"gather_kind":"wood","order":"gather","owner":0,"queue_size":0,"remaining":52,"target_id":262747982390,"target_kind":"wood"}],"mining_ticks":0,"rejected_steps":0,"seconds":120,"wood_gain":1448}
CHECK_OK natural_match/seed_44127: lumberjacks stay off ore in full match
GATHER_SWITCH_POC cases=58 checks=326 failures=0
