Godot Engine v4.7.2.stable.custom_build.ed1daf0bf (2026-08-17 01:18:38 UTC) - https://godotengine.org

SPIKE frame=30 ms=36.8
SPIKE frame=83 ms=32.8
SPIKE frame=412 ms=57.7
  stuck owner=0 kind=villager order=gather failures=1 pos=(179.0283, 653.3738) dest=(0.0, 0.0)
  stuck owner=2 kind=villager order=gather failures=1 pos=(386.8931, 1903.461) dest=(0.0, 0.0)
SPIKE frame=1198 ms=32.4
  stuck owner=0 kind=villager order=gather failures=1 pos=(475.3492, 592.6771) dest=(0.0, 0.0)
  stuck owner=0 kind=villager order=gather failures=1 pos=(179.0283, 653.3738) dest=(0.0, 0.0)
  stuck owner=1 kind=villager order=gather failures=1 pos=(1979.25, 1875.104) dest=(0.0, 0.0)
  stuck owner=2 kind=villager order=gather failures=1 pos=(386.8931, 1903.461) dest=(0.0, 0.0)
  stuck owner=3 kind=villager order=gather failures=1 pos=(1951.682, 598.4879) dest=(0.0, 0.0)
SPIKE frame=1209 ms=54.0
  stuck owner=0 kind=villager order=gather failures=1 pos=(475.3492, 592.6771) dest=(0.0, 0.0)
  stuck owner=0 kind=villager order=gather failures=1 pos=(179.0283, 653.3738) dest=(0.0, 0.0)
  stuck owner=1 kind=villager order=gather failures=1 pos=(1979.25, 1875.104) dest=(0.0, 0.0)
  stuck owner=2 kind=villager order=gather failures=1 pos=(386.8931, 1903.461) dest=(0.0, 0.0)
  stuck owner=3 kind=villager order=gather failures=1 pos=(1951.682, 598.4879) dest=(0.0, 0.0)
SPIKE frame=1210 ms=85.1
  stuck owner=0 kind=villager order=gather failures=1 pos=(475.3492, 592.6771) dest=(0.0, 0.0)
  stuck owner=0 kind=villager order=gather failures=1 pos=(179.0283, 653.3738) dest=(0.0, 0.0)
  stuck owner=1 kind=villager order=gather failures=1 pos=(1979.25, 1875.104) dest=(0.0, 0.0)
  stuck owner=2 kind=villager order=gather failures=1 pos=(386.8931, 1903.461) dest=(0.0, 0.0)
  stuck owner=3 kind=villager order=gather failures=1 pos=(1951.682, 598.4879) dest=(0.0, 0.0)
SPIKE frame=1915 ms=33.6
  stuck owner=0 kind=villager order=gather failures=1 pos=(475.3492, 592.6771) dest=(0.0, 0.0)
  stuck owner=0 kind=villager order=gather failures=1 pos=(179.0283, 653.3738) dest=(0.0, 0.0)
  stuck owner=1 kind=villager order=gather failures=1 pos=(1979.25, 1875.104) dest=(0.0, 0.0)
  stuck owner=2 kind=villager order=gather failures=1 pos=(386.8931, 1903.461) dest=(0.0, 0.0)
  stuck owner=3 kind=villager order=gather failures=1 pos=(1951.682, 598.4879) dest=(0.0, 0.0)
SPIKE frame=1978 ms=56.5
  stuck owner=0 kind=villager order=gather failures=1 pos=(475.3492, 592.6771) dest=(0.0, 0.0)
  stuck owner=0 kind=villager order=gather failures=1 pos=(179.0283, 653.3738) dest=(0.0, 0.0)
  stuck owner=1 kind=villager order=gather failures=1 pos=(1979.25, 1875.104) dest=(0.0, 0.0)
  stuck owner=2 kind=villager order=gather failures=1 pos=(386.8931, 1903.461) dest=(0.0, 0.0)
SPIKE frame=1990 ms=48.7
  stuck owner=0 kind=villager order=gather failures=1 pos=(475.3492, 592.6771) dest=(0.0, 0.0)
  stuck owner=0 kind=villager order=gather failures=1 pos=(179.0283, 653.3738) dest=(0.0, 0.0)
  stuck owner=1 kind=villager order=gather failures=1 pos=(1979.25, 1875.104) dest=(0.0, 0.0)
  stuck owner=2 kind=villager order=gather failures=1 pos=(386.8931, 1903.461) dest=(0.0, 0.0)
SPIKE frame=2150 ms=30.4
  stuck owner=0 kind=villager order=gather failures=1 pos=(475.3492, 592.6771) dest=(0.0, 0.0)
  stuck owner=0 kind=villager order=gather failures=1 pos=(179.0283, 653.3738) dest=(0.0, 0.0)
  stuck owner=1 kind=villager order=gather failures=1 pos=(1979.25, 1875.104) dest=(0.0, 0.0)
  stuck owner=2 kind=villager order=gather failures=1 pos=(386.8931, 1903.461) dest=(0.0, 0.0)
SPIKE frame=2204 ms=66.1
  stuck owner=0 kind=villager order=gather failures=1 pos=(475.3492, 592.6771) dest=(0.0, 0.0)
  stuck owner=0 kind=villager order=gather failures=1 pos=(179.0283, 653.3738) dest=(0.0, 0.0)
  stuck owner=1 kind=villager order=gather failures=1 pos=(1979.25, 1875.104) dest=(0.0, 0.0)
frames=2400 mean=8.58 p50=8.30 p90=10.69 p99=19.20 max=85.06
frames with obstacle_revision bump: 5/2400, with grid_refresh: 0/2400
first wildlife: 38, last wildlife: 38, last units: 24, last buildings: 15
--- slowest 15 frames ---
{"astar_ms":0.0,"buildings":7,"can_occupy_ms":0.0,"fine_build_ms":0.0,"fine_cells":0,"frame":1210,"grid_refresh":0,"grid_refresh_ms":0.0,"move_step_ms":0.0,"ms":85.06,"path_between_ms":0.0,"path_to_range_ms":0.0,"ptr_coarse_ms":0.0,"ptr_refine_ms":0.0,"rev":8,"rev_delta":0,"units":24,"wildlife":38}
{"astar_ms":0.0,"buildings":15,"can_occupy_ms":0.0,"fine_build_ms":0.0,"fine_cells":0,"frame":2204,"grid_refresh":0,"grid_refresh_ms":0.0,"move_step_ms":0.0,"ms":66.05,"path_between_ms":0.0,"path_to_range_ms":0.0,"ptr_coarse_ms":0.0,"ptr_refine_ms":0.0,"rev":17,"rev_delta":3,"units":24,"wildlife":38}
{"astar_ms":0.0,"buildings":7,"can_occupy_ms":0.0,"fine_build_ms":0.0,"fine_cells":0,"frame":412,"grid_refresh":0,"grid_refresh_ms":0.0,"move_step_ms":0.0,"ms":57.65,"path_between_ms":0.0,"path_to_range_ms":0.0,"ptr_coarse_ms":0.0,"ptr_refine_ms":0.0,"rev":8,"rev_delta":0,"units":24,"wildlife":38}
{"astar_ms":0.0,"buildings":11,"can_occupy_ms":0.0,"fine_build_ms":0.0,"fine_cells":0,"frame":1978,"grid_refresh":0,"grid_refresh_ms":0.0,"move_step_ms":0.0,"ms":56.48,"path_between_ms":0.0,"path_to_range_ms":0.0,"ptr_coarse_ms":0.0,"ptr_refine_ms":0.0,"rev":12,"rev_delta":3,"units":24,"wildlife":38}
{"astar_ms":0.0,"buildings":7,"can_occupy_ms":0.0,"fine_build_ms":0.0,"fine_cells":0,"frame":1209,"grid_refresh":0,"grid_refresh_ms":0.0,"move_step_ms":0.0,"ms":53.99,"path_between_ms":0.0,"path_to_range_ms":0.0,"ptr_coarse_ms":0.0,"ptr_refine_ms":0.0,"rev":8,"rev_delta":0,"units":24,"wildlife":38}
{"astar_ms":0.0,"buildings":11,"can_occupy_ms":0.0,"fine_build_ms":0.0,"fine_cells":0,"frame":1990,"grid_refresh":0,"grid_refresh_ms":0.0,"move_step_ms":0.0,"ms":48.68,"path_between_ms":0.0,"path_to_range_ms":0.0,"ptr_coarse_ms":0.0,"ptr_refine_ms":0.0,"rev":13,"rev_delta":1,"units":24,"wildlife":38}
{"astar_ms":0.0,"buildings":7,"can_occupy_ms":0.0,"fine_build_ms":0.0,"fine_cells":0,"frame":30,"grid_refresh":0,"grid_refresh_ms":0.0,"move_step_ms":0.0,"ms":36.82,"path_between_ms":0.0,"path_to_range_ms":0.0,"ptr_coarse_ms":0.0,"ptr_refine_ms":0.0,"rev":8,"rev_delta":0,"units":24,"wildlife":38}
{"astar_ms":0.0,"buildings":7,"can_occupy_ms":0.0,"fine_build_ms":0.0,"fine_cells":0,"frame":1915,"grid_refresh":0,"grid_refresh_ms":0.0,"move_step_ms":0.0,"ms":33.62,"path_between_ms":0.0,"path_to_range_ms":0.0,"ptr_coarse_ms":0.0,"ptr_refine_ms":0.0,"rev":9,"rev_delta":0,"units":24,"wildlife":38}
{"astar_ms":0.0,"buildings":7,"can_occupy_ms":0.0,"fine_build_ms":0.0,"fine_cells":0,"frame":83,"grid_refresh":0,"grid_refresh_ms":0.0,"move_step_ms":0.0,"ms":32.82,"path_between_ms":0.0,"path_to_range_ms":0.0,"ptr_coarse_ms":0.0,"ptr_refine_ms":0.0,"rev":8,"rev_delta":0,"units":24,"wildlife":38}
{"astar_ms":0.0,"buildings":7,"can_occupy_ms":0.0,"fine_build_ms":0.0,"fine_cells":0,"frame":1198,"grid_refresh":0,"grid_refresh_ms":0.0,"move_step_ms":0.0,"ms":32.43,"path_between_ms":0.0,"path_to_range_ms":0.0,"ptr_coarse_ms":0.0,"ptr_refine_ms":0.0,"rev":8,"rev_delta":0,"units":24,"wildlife":38}
{"astar_ms":0.0,"buildings":11,"can_occupy_ms":0.0,"fine_build_ms":0.0,"fine_cells":0,"frame":2150,"grid_refresh":0,"grid_refresh_ms":0.0,"move_step_ms":0.0,"ms":30.36,"path_between_ms":0.0,"path_to_range_ms":0.0,"ptr_coarse_ms":0.0,"ptr_refine_ms":0.0,"rev":14,"rev_delta":0,"units":24,"wildlife":38}
{"astar_ms":0.0,"buildings":7,"can_occupy_ms":0.0,"fine_build_ms":0.0,"fine_cells":0,"frame":1893,"grid_refresh":0,"grid_refresh_ms":0.0,"move_step_ms":0.0,"ms":28.76,"path_between_ms":0.0,"path_to_range_ms":0.0,"ptr_coarse_ms":0.0,"ptr_refine_ms":0.0,"rev":9,"rev_delta":0,"units":24,"wildlife":38}
{"astar_ms":0.0,"buildings":7,"can_occupy_ms":0.0,"fine_build_ms":0.0,"fine_cells":0,"frame":1894,"grid_refresh":0,"grid_refresh_ms":0.0,"move_step_ms":0.0,"ms":27.43,"path_between_ms":0.0,"path_to_range_ms":0.0,"ptr_coarse_ms":0.0,"ptr_refine_ms":0.0,"rev":9,"rev_delta":0,"units":24,"wildlife":38}
{"astar_ms":0.0,"buildings":7,"can_occupy_ms":0.0,"fine_build_ms":0.0,"fine_cells":0,"frame":4,"grid_refresh":0,"grid_refresh_ms":0.0,"move_step_ms":0.0,"ms":26.78,"path_between_ms":0.0,"path_to_range_ms":0.0,"ptr_coarse_ms":0.0,"ptr_refine_ms":0.0,"rev":8,"rev_delta":0,"units":24,"wildlife":38}
{"astar_ms":0.0,"buildings":7,"can_occupy_ms":0.0,"fine_build_ms":0.0,"fine_cells":0,"frame":1886,"grid_refresh":0,"grid_refresh_ms":0.0,"move_step_ms":0.0,"ms":26.77,"path_between_ms":0.0,"path_to_range_ms":0.0,"ptr_coarse_ms":0.0,"ptr_refine_ms":0.0,"rev":9,"rev_delta":0,"units":24,"wildlife":38}
--- sample every 300 frames ---
{"astar_ms":0.0,"buildings":7,"can_occupy_ms":0.0,"fine_build_ms":0.0,"fine_cells":0,"frame":0,"grid_refresh":0,"grid_refresh_ms":0.0,"move_step_ms":0.0,"ms":25.79,"path_between_ms":0.0,"path_to_range_ms":0.0,"ptr_coarse_ms":0.0,"ptr_refine_ms":0.0,"rev":8,"rev_delta":0,"units":24,"wildlife":38}
{"astar_ms":0.0,"buildings":7,"can_occupy_ms":0.0,"fine_build_ms":0.0,"fine_cells":0,"frame":300,"grid_refresh":0,"grid_refresh_ms":0.0,"move_step_ms":0.0,"ms":6.56,"path_between_ms":0.0,"path_to_range_ms":0.0,"ptr_coarse_ms":0.0,"ptr_refine_ms":0.0,"rev":8,"rev_delta":0,"units":24,"wildlife":38}
{"astar_ms":0.0,"buildings":7,"can_occupy_ms":0.0,"fine_build_ms":0.0,"fine_cells":0,"frame":600,"grid_refresh":0,"grid_refresh_ms":0.0,"move_step_ms":0.0,"ms":7.95,"path_between_ms":0.0,"path_to_range_ms":0.0,"ptr_coarse_ms":0.0,"ptr_refine_ms":0.0,"rev":8,"rev_delta":0,"units":24,"wildlife":38}
{"astar_ms":0.0,"buildings":7,"can_occupy_ms":0.0,"fine_build_ms":0.0,"fine_cells":0,"frame":900,"grid_refresh":0,"grid_refresh_ms":0.0,"move_step_ms":0.0,"ms":5.41,"path_between_ms":0.0,"path_to_range_ms":0.0,"ptr_coarse_ms":0.0,"ptr_refine_ms":0.0,"rev":8,"rev_delta":0,"units":24,"wildlife":38}
{"astar_ms":0.0,"buildings":7,"can_occupy_ms":0.0,"fine_build_ms":0.0,"fine_cells":0,"frame":1200,"grid_refresh":0,"grid_refresh_ms":0.0,"move_step_ms":0.0,"ms":4.09,"path_between_ms":0.0,"path_to_range_ms":0.0,"ptr_coarse_ms":0.0,"ptr_refine_ms":0.0,"rev":8,"rev_delta":0,"units":24,"wildlife":38}
{"astar_ms":0.0,"buildings":7,"can_occupy_ms":0.0,"fine_build_ms":0.0,"fine_cells":0,"frame":1500,"grid_refresh":0,"grid_refresh_ms":0.0,"move_step_ms":0.0,"ms":11.71,"path_between_ms":0.0,"path_to_range_ms":0.0,"ptr_coarse_ms":0.0,"ptr_refine_ms":0.0,"rev":8,"rev_delta":0,"units":24,"wildlife":38}
{"astar_ms":0.0,"buildings":7,"can_occupy_ms":0.0,"fine_build_ms":0.0,"fine_cells":0,"frame":1800,"grid_refresh":0,"grid_refresh_ms":0.0,"move_step_ms":0.0,"ms":17.28,"path_between_ms":0.0,"path_to_range_ms":0.0,"ptr_coarse_ms":0.0,"ptr_refine_ms":0.0,"rev":9,"rev_delta":0,"units":24,"wildlife":38}
{"astar_ms":0.0,"buildings":11,"can_occupy_ms":0.0,"fine_build_ms":0.0,"fine_cells":0,"frame":2100,"grid_refresh":0,"grid_refresh_ms":0.0,"move_step_ms":0.0,"ms":9.13,"path_between_ms":0.0,"path_to_range_ms":0.0,"ptr_coarse_ms":0.0,"ptr_refine_ms":0.0,"rev":13,"rev_delta":0,"units":24,"wildlife":38}
WARNING: 2 ObjectDB instances were leaked at exit (run with `--verbose` for details).
   at: cleanup (core/object/object.cpp:2536)
