Godot Engine v4.7.2.stable.custom_build.ed1daf0bf (2026-08-17 01:18:38 UTC) - https://godotengine.org

PARALLEL_PROGRESS {"batch_ms":75.566,"matches_serial":true,"mode":"arithmetic_control","pass":1,"snapshot_ms":0.015,"worker_ids":[1],"workers":0}
PARALLEL_PROGRESS {"batch_ms":70.738,"matches_serial":true,"mode":"arithmetic_control","pass":1,"snapshot_ms":0.029,"worker_ids":[5],"workers":1}
PARALLEL_PROGRESS {"batch_ms":41.345,"matches_serial":true,"mode":"arithmetic_control","pass":1,"snapshot_ms":0.038,"worker_ids":[6,7],"workers":2}
PARALLEL_PROGRESS {"batch_ms":42.94,"matches_serial":true,"mode":"arithmetic_control","pass":1,"snapshot_ms":0.053,"worker_ids":[8,10,8,10],"workers":4}
PARALLEL_PROGRESS {"batch_ms":39.413,"matches_serial":true,"mode":"arithmetic_control","pass":2,"snapshot_ms":0.06,"worker_ids":[8,10,10,8],"workers":4}
PARALLEL_PROGRESS {"batch_ms":35.102,"matches_serial":true,"mode":"arithmetic_control","pass":2,"snapshot_ms":0.057,"worker_ids":[8,10],"workers":2}
PARALLEL_PROGRESS {"batch_ms":69.867,"matches_serial":true,"mode":"arithmetic_control","pass":2,"snapshot_ms":0.037,"worker_ids":[12],"workers":1}
PARALLEL_PROGRESS {"batch_ms":79.011,"matches_serial":true,"mode":"arithmetic_control","pass":2,"snapshot_ms":0.038,"worker_ids":[1],"workers":0}
PARALLEL_PROGRESS {"batch_ms":428.454,"matches_serial":true,"mode":"grid","pass":1,"snapshot_ms":8.473,"worker_ids":[1],"workers":0}
PARALLEL_PROGRESS {"batch_ms":390.324,"matches_serial":true,"mode":"grid","pass":1,"snapshot_ms":31.066,"worker_ids":[14],"workers":1}
PARALLEL_PROGRESS {"batch_ms":317.066,"matches_serial":true,"mode":"grid","pass":1,"snapshot_ms":33.271,"worker_ids":[16,5],"workers":2}
PARALLEL_PROGRESS {"batch_ms":360.365,"matches_serial":true,"mode":"grid","pass":1,"snapshot_ms":41.865,"worker_ids":[6,7,7,6],"workers":4}
PARALLEL_PROGRESS {"batch_ms":336.327,"matches_serial":true,"mode":"grid","pass":2,"snapshot_ms":46.947,"worker_ids":[6,7,7,6],"workers":4}
PARALLEL_PROGRESS {"batch_ms":309.769,"matches_serial":true,"mode":"grid","pass":2,"snapshot_ms":24.417,"worker_ids":[7,6],"workers":2}
PARALLEL_PROGRESS {"batch_ms":426.38,"matches_serial":true,"mode":"grid","pass":2,"snapshot_ms":18.965,"worker_ids":[8],"workers":1}
PARALLEL_PROGRESS {"batch_ms":393.137,"matches_serial":true,"mode":"grid","pass":2,"snapshot_ms":21.075,"worker_ids":[1],"workers":0}
PARALLEL_PROGRESS {"batch_ms":867.536,"matches_serial":true,"mode":"recovery","pass":1,"snapshot_ms":68.322,"successful_routes":79,"worker_ids":[1],"workers":0}
PARALLEL_PROGRESS {"batch_ms":807.265,"matches_serial":true,"mode":"recovery","pass":1,"snapshot_ms":6.8,"successful_routes":79,"worker_ids":[10],"workers":1}
PARALLEL_PROGRESS {"batch_ms":650.115,"matches_serial":true,"mode":"recovery","pass":1,"snapshot_ms":13.622,"successful_routes":79,"worker_ids":[12,14],"workers":2}
PARALLEL_PROGRESS {"batch_ms":655.569,"matches_serial":true,"mode":"recovery","pass":1,"snapshot_ms":32.477,"successful_routes":79,"worker_ids":[5,16,5,16],"workers":4}
PARALLEL_PROGRESS {"batch_ms":623.786,"matches_serial":true,"mode":"recovery","pass":2,"snapshot_ms":28.083,"successful_routes":79,"worker_ids":[5,16,16,5],"workers":4}
PARALLEL_PROGRESS {"batch_ms":647.03,"matches_serial":true,"mode":"recovery","pass":2,"snapshot_ms":12.384,"successful_routes":79,"worker_ids":[16,5],"workers":2}
PARALLEL_PROGRESS {"batch_ms":810.604,"matches_serial":true,"mode":"recovery","pass":2,"snapshot_ms":10.425,"successful_routes":79,"worker_ids":[6],"workers":1}
PARALLEL_PROGRESS {"batch_ms":780.415,"matches_serial":true,"mode":"recovery","pass":2,"snapshot_ms":8.279,"successful_routes":79,"worker_ids":[1],"workers":0}
NAVIGATION_PARALLEL_POC {"buildings":6,"deer":8,"failures":0,"high_priority":false,"requests":80,"runs":[{"batch_ms":75.566,"matches_serial":true,"mode":"arithmetic_control","pass":1,"snapshot_ms":0.015,"worker_ids":[1],"workers":0},{"batch_ms":70.738,"matches_serial":true,"mode":"arithmetic_control","pass":1,"snapshot_ms":0.029,"worker_ids":[5],"workers":1},{"batch_ms":41.345,"matches_serial":true,"mode":"arithmetic_control","pass":1,"snapshot_ms":0.038,"worker_ids":[6,7],"workers":2},{"batch_ms":42.94,"matches_serial":true,"mode":"arithmetic_control","pass":1,"snapshot_ms":0.053,"worker_ids":[8,10,8,10],"workers":4},{"batch_ms":39.413,"matches_serial":true,"mode":"arithmetic_control","pass":2,"snapshot_ms":0.06,"worker_ids":[8,10,10,8],"workers":4},{"batch_ms":35.102,"matches_serial":true,"mode":"arithmetic_control","pass":2,"snapshot_ms":0.057,"worker_ids":[8,10],"workers":2},{"batch_ms":69.867,"matches_serial":true,"mode":"arithmetic_control","pass":2,"snapshot_ms":0.037,"worker_ids":[12],"workers":1},{"batch_ms":79.011,"matches_serial":true,"mode":"arithmetic_control","pass":2,"snapshot_ms":0.038,"worker_ids":[1],"workers":0},{"async":true,"batch_ms":40.542,"main_loop_ticks":7,"main_submit_ms":0.011,"matches_serial":true,"max_main_tick_gap_ms":14.458,"mode":"arithmetic_control","workers":4},{"batch_ms":428.454,"matches_serial":true,"mode":"grid","pass":1,"snapshot_ms":8.473,"worker_ids":[1],"workers":0},{"batch_ms":390.324,"matches_serial":true,"mode":"grid","pass":1,"snapshot_ms":31.066,"worker_ids":[14],"workers":1},{"batch_ms":317.066,"matches_serial":true,"mode":"grid","pass":1,"snapshot_ms":33.271,"worker_ids":[16,5],"workers":2},{"batch_ms":360.365,"matches_serial":true,"mode":"grid","pass":1,"snapshot_ms":41.865,"worker_ids":[6,7,7,6],"workers":4},{"batch_ms":336.327,"matches_serial":true,"mode":"grid","pass":2,"snapshot_ms":46.947,"worker_ids":[6,7,7,6],"workers":4},{"batch_ms":309.769,"matches_serial":true,"mode":"grid","pass":2,"snapshot_ms":24.417,"worker_ids":[7,6],"workers":2},{"batch_ms":426.38,"matches_serial":true,"mode":"grid","pass":2,"snapshot_ms":18.965,"worker_ids":[8],"workers":1},{"batch_ms":393.137,"matches_serial":true,"mode":"grid","pass":2,"snapshot_ms":21.075,"worker_ids":[1],"workers":0},{"async":true,"batch_ms":371.827,"main_loop_ticks":46,"main_submit_ms":0.01,"matches_serial":true,"max_main_tick_gap_ms":15.325,"mode":"grid","workers":4},{"batch_ms":867.536,"matches_serial":true,"mode":"recovery","pass":1,"snapshot_ms":68.322,"successful_routes":79,"worker_ids":[1],"workers":0},{"batch_ms":807.265,"matches_serial":true,"mode":"recovery","pass":1,"snapshot_ms":6.8,"successful_routes":79,"worker_ids":[10],"workers":1},{"batch_ms":650.115,"matches_serial":true,"mode":"recovery","pass":1,"snapshot_ms":13.622,"successful_routes":79,"worker_ids":[12,14],"workers":2},{"batch_ms":655.569,"matches_serial":true,"mode":"recovery","pass":1,"snapshot_ms":32.477,"successful_routes":79,"worker_ids":[5,16,5,16],"workers":4},{"batch_ms":623.786,"matches_serial":true,"mode":"recovery","pass":2,"snapshot_ms":28.083,"successful_routes":79,"worker_ids":[5,16,16,5],"workers":4},{"batch_ms":647.03,"matches_serial":true,"mode":"recovery","pass":2,"snapshot_ms":12.384,"successful_routes":79,"worker_ids":[16,5],"workers":2},{"batch_ms":810.604,"matches_serial":true,"mode":"recovery","pass":2,"snapshot_ms":10.425,"successful_routes":79,"worker_ids":[6],"workers":1},{"batch_ms":780.415,"matches_serial":true,"mode":"recovery","pass":2,"snapshot_ms":8.279,"successful_routes":79,"worker_ids":[1],"workers":0},{"async":true,"batch_ms":709.455,"main_loop_ticks":86,"main_submit_ms":0.018,"matches_serial":true,"max_main_tick_gap_ms":13.356,"mode":"recovery","workers":4}]}
