Godot Engine v4.7.2.stable.custom_build.ed1daf0bf (2026-08-17 01:18:38 UTC) - https://godotengine.org

POC_PASS overlapped_endpoint_rejects_before_graph_0 
POC_PASS overlapped_endpoint_rejects_before_graph_1 
POC_PASS overlapped_endpoint_rejects_before_graph_2 
POC_PASS overlapped_endpoint_rejects_before_graph_3 
POC_PASS overlapped_endpoint_rejects_before_graph_4 
POC_PASS overlapped_endpoint_rejects_before_graph_5 
POC_PASS overlapped_endpoint_rejects_before_graph_6 
POC_PASS overlapped_endpoint_rejects_before_graph_7 
POC_PASS overlapped_endpoint_rejects_before_graph_8 
POC_PASS overlapped_endpoint_rejects_before_graph_9 
POC_PASS overlapped_endpoint_rejects_before_graph_10 
POC_PASS overlapped_endpoint_rejects_before_graph_11 
POC_PASS overlapped_endpoint_rejects_before_graph_12 
POC_PASS overlapped_endpoint_rejects_before_graph_13 
POC_PASS overlapped_endpoint_rejects_before_graph_14 
POC_PASS overlapped_endpoint_rejects_before_graph_15 
POC_PASS overlapped_endpoint_rejects_before_graph_16 
POC_PASS overlapped_endpoint_rejects_before_graph_17 
POC_PASS overlapped_endpoint_rejects_before_graph_18 
POC_PASS overlapped_endpoint_rejects_before_graph_19 
POC_PASS overlapped_endpoint_rejects_before_graph_20 
POC_PASS overlapped_endpoint_rejects_before_graph_21 
POC_PASS overlapped_endpoint_rejects_before_graph_22 
POC_PASS overlapped_endpoint_rejects_before_graph_23 
POC_PASS overlapped_endpoint_rejects_before_graph_24 
POC_PASS overlapped_endpoint_rejects_before_graph_25 
POC_PASS overlapped_endpoint_rejects_before_graph_26 
POC_PASS overlapped_endpoint_rejects_before_graph_27 
POC_PASS overlapped_endpoint_rejects_before_graph_28 
POC_PASS overlapped_endpoint_rejects_before_graph_29 
POC_PASS overlapped_endpoint_rejects_before_graph_30 
POC_PASS overlapped_endpoint_rejects_before_graph_31 
POC_PASS overlapped_endpoint_rejects_before_graph_32 
POC_PASS overlapped_endpoint_rejects_before_graph_33 
POC_PASS overlapped_endpoint_rejects_before_graph_34 
POC_PASS overlapped_endpoint_rejects_before_graph_35 
POC_PASS overlapped_endpoint_rejects_before_graph_36 
POC_PASS overlapped_endpoint_rejects_before_graph_37 
POC_PASS overlapped_endpoint_rejects_before_graph_38 
POC_PASS overlapped_endpoint_rejects_before_graph_39 
POC_PASS overlapped_endpoint_rejects_before_graph_40 
POC_PASS overlapped_endpoint_rejects_before_graph_41 
POC_PASS overlapped_endpoint_rejects_before_graph_42 
POC_PASS overlapped_endpoint_rejects_before_graph_43 
POC_PASS overlapped_endpoint_rejects_before_graph_44 
POC_PASS overlapped_endpoint_rejects_before_graph_45 
POC_PASS overlapped_endpoint_rejects_before_graph_46 
POC_PASS overlapped_endpoint_rejects_before_graph_47 
POC_PASS overlapped_endpoint_rejects_before_graph_48 
POC_PASS overlapped_endpoint_rejects_before_graph_49 
POC_PASS overlapped_endpoint_rejects_before_graph_50 
POC_PASS overlapped_endpoint_rejects_before_graph_51 
POC_PASS overlapped_endpoint_rejects_before_graph_52 
POC_PASS overlapped_endpoint_rejects_before_graph_53 
POC_PASS overlapped_endpoint_rejects_before_graph_54 
POC_PASS overlapped_endpoint_rejects_before_graph_55 
POC_PASS overlapped_endpoint_rejects_before_graph_56 
POC_PASS overlapped_endpoint_rejects_before_graph_57 
POC_PASS overlapped_endpoint_rejects_before_graph_58 
POC_PASS overlapped_endpoint_rejects_before_graph_59 
POC_PASS overlapped_endpoint_rejects_before_graph_60 
POC_PASS overlapped_endpoint_rejects_before_graph_61 
POC_PASS overlapped_endpoint_rejects_before_graph_62 
POC_PASS overlapped_endpoint_rejects_before_graph_63 
POC_PASS overlapped_endpoint_rejects_before_graph_64 
POC_PASS overlapped_endpoint_rejects_before_graph_65 
POC_PASS overlapped_endpoint_rejects_before_graph_66 
POC_PASS overlapped_endpoint_rejects_before_graph_67 
POC_PASS overlapped_endpoint_rejects_before_graph_68 
POC_PASS overlapped_endpoint_rejects_before_graph_69 
POC_PASS overlapped_endpoint_rejects_before_graph_70 
POC_PASS overlapped_endpoint_rejects_before_graph_71 
POC_PASS overlapped_endpoint_rejects_before_graph_72 
POC_PASS overlapped_endpoint_rejects_before_graph_73 
POC_PASS overlapped_endpoint_rejects_before_graph_74 
POC_PASS overlapped_endpoint_rejects_before_graph_75 
POC_PASS overlapped_endpoint_rejects_before_graph_76 
POC_PASS overlapped_endpoint_rejects_before_graph_77 
POC_PASS overlapped_endpoint_rejects_before_graph_78 
POC_PASS overlapped_endpoint_rejects_before_graph_79 
POC_PASS overlapped_endpoint_rejects_before_graph_80 
POC_PASS overlapped_endpoint_rejects_before_graph_81 
POC_PASS overlapped_endpoint_rejects_before_graph_82 
POC_PASS overlapped_endpoint_rejects_before_graph_83 
POC_PASS overlapped_endpoint_rejects_before_graph_84 
POC_PASS overlapped_endpoint_rejects_before_graph_85 
POC_PASS overlapped_endpoint_rejects_before_graph_86 
POC_PASS overlapped_endpoint_rejects_before_graph_87 
POC_PASS overlapped_endpoint_rejects_before_graph_88 
POC_PASS overlapped_endpoint_rejects_before_graph_89 
POC_PASS overlapped_endpoint_rejects_before_graph_90 
POC_PASS overlapped_endpoint_rejects_before_graph_91 
POC_PASS overlapped_endpoint_rejects_before_graph_92 
POC_PASS overlapped_endpoint_rejects_before_graph_93 
POC_PASS overlapped_endpoint_rejects_before_graph_94 
POC_PASS overlapped_endpoint_rejects_before_graph_95 
POC_PASS overlapped_endpoint_rejects_before_graph_96 
POC_PASS overlapped_endpoint_rejects_before_graph_97 
POC_PASS overlapped_endpoint_rejects_before_graph_98 
POC_PASS overlapped_endpoint_rejects_before_graph_99 
POC_PASS negative_endpoint_never_builds_corner_graph 
POC_PASS negative_origin_stops_target_visibility_work 
POC_PASS static_resource_motion_invalidates_negative_endpoint 
POC_PASS endpoint_validation_cache_bounded 
POC_PASS friendly_gate_endpoint_accepted 
POC_PASS hostile_gate_uses_distinct_owner_endpoint_cache 
POC_PASS small_body_endpoint_accepted 
POC_PASS larger_body_uses_distinct_radius_endpoint_cache 
POC_PASS mobile_open_origin_creates_visibility 
POC_PASS wildlife_motion_invalidates_local_endpoint_and_preserves_distant_cache 
POC_PASS wildlife_visibility_invalidation_does_not_wake_routes_or_rebuild_grids 
POC_PASS wildlife_entering_endpoint_invalidates_positive_cache_without_rebuilding_graph 
POC_PASS wildlife_leaving_endpoint_invalidates_negative_cache 
POC_PASS herd_warm_route_safe 
POC_PASS herd_case_warms_actual_visibility_work 
POC_PASS distant_herd_preserves_corner_graph_and_points 
POC_PASS distant_herd_preserves_positive_and_negative_visibility_work 
POC_PASS distant_herd_preserves_endpoint_checks 
POC_PASS distant_herd_route_stays_safe 
POC_PASS animal_entry_invalidates_intersecting_positive_edges 
POC_PASS animal_entry_preserves_unaffected_nearby_edge 
POC_PASS animal_entry_strict_edge_blocks 
POC_PASS animal_exit_invalidates_intersecting_negative_edges 
POC_PASS animal_exit_strict_edge_reopens 
POC_PASS corner_candidates_depend_on_static_geometry_even_under_animal 
POC_PASS stable_corner_candidate_still_requires_live_strict_sweep 
POC_PASS animal_exit_preserves_previously_occupied_corner_candidate 
POC_PASS animal_exit_recovers_safe_route_without_rebuilding_candidates 
NAVIGATION_KERNEL_GEOMETRY checks=128 failures=0
