Godot Engine v4.7.2.stable.custom_build.ed1daf0bf (2026-08-17 01:18:38 UTC) - https://godotengine.org

STATIC_GRID_POC buildings=6 resources=150 requests=30 coarse_ms=250.581 local_ms=251.140
POC_PASS static_grid_matches_collision radius=10.0 naval=[] local=false origin=(25.0, 25.0) differences=0
POC_PASS static_grid_matches_collision radius=10.0 naval=[] local=true origin=(1104.25, 904.125) differences=0
POC_PASS static_grid_matches_collision radius=10.0 naval=[] local=true origin=(-76.0, -76.0) differences=0
POC_PASS static_grid_matches_collision radius=10.0 naval=[] local=true origin=(3084.0, 2284.0) differences=0
POC_PASS static_grid_matches_collision radius=18.0 naval=[] local=false origin=(25.0, 25.0) differences=0
POC_PASS static_grid_matches_collision radius=18.0 naval=[] local=true origin=(1104.25, 904.125) differences=0
POC_PASS static_grid_matches_collision radius=18.0 naval=[] local=true origin=(-76.0, -76.0) differences=0
POC_PASS static_grid_matches_collision radius=18.0 naval=[] local=true origin=(3084.0, 2284.0) differences=0
POC_PASS static_grid_matches_collision radius=28.0 naval=[] local=false origin=(25.0, 25.0) differences=0
POC_PASS static_grid_matches_collision radius=28.0 naval=[] local=true origin=(1104.25, 904.125) differences=0
POC_PASS static_grid_matches_collision radius=28.0 naval=[] local=true origin=(-76.0, -76.0) differences=0
POC_PASS static_grid_matches_collision radius=28.0 naval=[] local=true origin=(3084.0, 2284.0) differences=0
POC_PASS static_grid_matches_collision radius=10.0 naval=["naval"] local=false origin=(25.0, 25.0) differences=0
POC_PASS static_grid_matches_collision radius=10.0 naval=["naval"] local=true origin=(1104.25, 904.125) differences=0
POC_PASS static_grid_matches_collision radius=10.0 naval=["naval"] local=true origin=(-76.0, -76.0) differences=0
POC_PASS static_grid_matches_collision radius=10.0 naval=["naval"] local=true origin=(3084.0, 2284.0) differences=0
POC_PASS static_grid_matches_collision radius=18.0 naval=["naval"] local=false origin=(25.0, 25.0) differences=0
POC_PASS static_grid_matches_collision radius=18.0 naval=["naval"] local=true origin=(1104.25, 904.125) differences=0
POC_PASS static_grid_matches_collision radius=18.0 naval=["naval"] local=true origin=(-76.0, -76.0) differences=0
POC_PASS static_grid_matches_collision radius=18.0 naval=["naval"] local=true origin=(3084.0, 2284.0) differences=0
POC_PASS static_grid_matches_collision radius=28.0 naval=["naval"] local=false origin=(25.0, 25.0) differences=0
POC_PASS static_grid_matches_collision radius=28.0 naval=["naval"] local=true origin=(1104.25, 904.125) differences=0
POC_PASS static_grid_matches_collision radius=28.0 naval=["naval"] local=true origin=(-76.0, -76.0) differences=0
POC_PASS static_grid_matches_collision radius=28.0 naval=["naval"] local=true origin=(3084.0, 2284.0) differences=0
NAVIGATION_BATTLE_STATIC_GRID_POC checks=24 failures=0 cells=187794
