Godot Engine v4.7.2.stable.custom_build.ed1daf0bf (2026-08-17 01:18:38 UTC) - https://godotengine.org

PARALLEL_PROGRESS {"batch_ms":87.749,"matches_serial":true,"mode":"arithmetic_control","pass":1,"snapshot_ms":0.011,"worker_ids":[1],"workers":0}
PARALLEL_PROGRESS {"batch_ms":69.684,"matches_serial":true,"mode":"arithmetic_control","pass":1,"snapshot_ms":0.028,"worker_ids":[5],"workers":1}
PARALLEL_PROGRESS {"batch_ms":31.901,"matches_serial":true,"mode":"arithmetic_control","pass":1,"snapshot_ms":0.04,"worker_ids":[6,7],"workers":2}
PARALLEL_PROGRESS {"batch_ms":35.559,"matches_serial":true,"mode":"arithmetic_control","pass":1,"snapshot_ms":0.037,"worker_ids":[8,9,9,8],"workers":4}
PARALLEL_PROGRESS {"batch_ms":40.023,"matches_serial":true,"mode":"arithmetic_control","pass":2,"snapshot_ms":0.058,"worker_ids":[8,9,8,9],"workers":4}
PARALLEL_PROGRESS {"batch_ms":44.318,"matches_serial":true,"mode":"arithmetic_control","pass":2,"snapshot_ms":0.052,"worker_ids":[9,8],"workers":2}
PARALLEL_PROGRESS {"batch_ms":84.067,"matches_serial":true,"mode":"arithmetic_control","pass":2,"snapshot_ms":0.041,"worker_ids":[10],"workers":1}
PARALLEL_PROGRESS {"batch_ms":82.411,"matches_serial":true,"mode":"arithmetic_control","pass":2,"snapshot_ms":0.039,"worker_ids":[1],"workers":0}
PARALLEL_PROGRESS {"batch_ms":677.87,"matches_serial":true,"mode":"grid","pass":1,"snapshot_ms":13.323,"worker_ids":[1],"workers":0}
PARALLEL_PROGRESS {"batch_ms":535.932,"matches_serial":true,"mode":"grid","pass":1,"snapshot_ms":71.988,"worker_ids":[11],"workers":1}
PARALLEL_PROGRESS {"batch_ms":365.413,"matches_serial":true,"mode":"grid","pass":1,"snapshot_ms":30.158,"worker_ids":[12,5],"workers":2}
PARALLEL_PROGRESS {"batch_ms":388.618,"matches_serial":true,"mode":"grid","pass":1,"snapshot_ms":60.694,"worker_ids":[6,7,7,6],"workers":4}
PARALLEL_PROGRESS {"batch_ms":427.644,"matches_serial":true,"mode":"grid","pass":2,"snapshot_ms":47.319,"worker_ids":[6,7,6,7],"workers":4}
PARALLEL_PROGRESS {"batch_ms":557.523,"matches_serial":true,"mode":"grid","pass":2,"snapshot_ms":76.31,"worker_ids":[6,7],"workers":2}
PARALLEL_PROGRESS {"batch_ms":531.453,"matches_serial":true,"mode":"grid","pass":2,"snapshot_ms":26.013,"worker_ids":[8],"workers":1}
PARALLEL_PROGRESS {"batch_ms":609.388,"matches_serial":true,"mode":"grid","pass":2,"snapshot_ms":17.158,"worker_ids":[1],"workers":0}
PARALLEL_PROGRESS {"batch_ms":1092.389,"matches_serial":true,"mode":"recovery","pass":1,"snapshot_ms":47.554,"successful_routes":79,"worker_ids":[1],"workers":0}
PARALLEL_PROGRESS {"batch_ms":1176.881,"matches_serial":true,"mode":"recovery","pass":1,"snapshot_ms":12.115,"successful_routes":79,"worker_ids":[9],"workers":1}
PARALLEL_PROGRESS {"batch_ms":825.839,"matches_serial":true,"mode":"recovery","pass":1,"snapshot_ms":14.461,"successful_routes":79,"worker_ids":[10,11],"workers":2}
PARALLEL_PROGRESS {"batch_ms":769.058,"matches_serial":true,"mode":"recovery","pass":1,"snapshot_ms":44.274,"successful_routes":79,"worker_ids":[12,5,12,5],"workers":4}
PARALLEL_PROGRESS {"batch_ms":932.553,"matches_serial":true,"mode":"recovery","pass":2,"snapshot_ms":29.392,"successful_routes":79,"worker_ids":[12,5,5,12],"workers":4}
PARALLEL_PROGRESS {"batch_ms":1008.411,"matches_serial":true,"mode":"recovery","pass":2,"snapshot_ms":22.004,"successful_routes":79,"worker_ids":[12,5],"workers":2}
PARALLEL_PROGRESS {"batch_ms":1268.584,"matches_serial":true,"mode":"recovery","pass":2,"snapshot_ms":6.321,"successful_routes":79,"worker_ids":[6],"workers":1}
PARALLEL_PROGRESS {"batch_ms":1159.043,"matches_serial":true,"mode":"recovery","pass":2,"snapshot_ms":7.834,"successful_routes":79,"worker_ids":[1],"workers":0}
NAVIGATION_PARALLEL_POC {"buildings":6,"deer":8,"failures":0,"high_priority":false,"requests":80,"runs":[{"batch_ms":87.749,"matches_serial":true,"mode":"arithmetic_control","pass":1,"snapshot_ms":0.011,"worker_ids":[1],"workers":0},{"batch_ms":69.684,"matches_serial":true,"mode":"arithmetic_control","pass":1,"snapshot_ms":0.028,"worker_ids":[5],"workers":1},{"batch_ms":31.901,"matches_serial":true,"mode":"arithmetic_control","pass":1,"snapshot_ms":0.04,"worker_ids":[6,7],"workers":2},{"batch_ms":35.559,"matches_serial":true,"mode":"arithmetic_control","pass":1,"snapshot_ms":0.037,"worker_ids":[8,9,9,8],"workers":4},{"batch_ms":40.023,"matches_serial":true,"mode":"arithmetic_control","pass":2,"snapshot_ms":0.058,"worker_ids":[8,9,8,9],"workers":4},{"batch_ms":44.318,"matches_serial":true,"mode":"arithmetic_control","pass":2,"snapshot_ms":0.052,"worker_ids":[9,8],"workers":2},{"batch_ms":84.067,"matches_serial":true,"mode":"arithmetic_control","pass":2,"snapshot_ms":0.041,"worker_ids":[10],"workers":1},{"batch_ms":82.411,"matches_serial":true,"mode":"arithmetic_control","pass":2,"snapshot_ms":0.039,"worker_ids":[1],"workers":0},{"async":true,"batch_ms":45.131,"main_loop_ticks":2,"main_submit_ms":0.016,"matches_serial":true,"max_main_tick_gap_ms":45.052,"mode":"arithmetic_control","workers":4},{"batch_ms":677.87,"matches_serial":true,"mode":"grid","pass":1,"snapshot_ms":13.323,"worker_ids":[1],"workers":0},{"batch_ms":535.932,"matches_serial":true,"mode":"grid","pass":1,"snapshot_ms":71.988,"worker_ids":[11],"workers":1},{"batch_ms":365.413,"matches_serial":true,"mode":"grid","pass":1,"snapshot_ms":30.158,"worker_ids":[12,5],"workers":2},{"batch_ms":388.618,"matches_serial":true,"mode":"grid","pass":1,"snapshot_ms":60.694,"worker_ids":[6,7,7,6],"workers":4},{"batch_ms":427.644,"matches_serial":true,"mode":"grid","pass":2,"snapshot_ms":47.319,"worker_ids":[6,7,6,7],"workers":4},{"batch_ms":557.523,"matches_serial":true,"mode":"grid","pass":2,"snapshot_ms":76.31,"worker_ids":[6,7],"workers":2},{"batch_ms":531.453,"matches_serial":true,"mode":"grid","pass":2,"snapshot_ms":26.013,"worker_ids":[8],"workers":1},{"batch_ms":609.388,"matches_serial":true,"mode":"grid","pass":2,"snapshot_ms":17.158,"worker_ids":[1],"workers":0},{"async":true,"batch_ms":507.391,"main_loop_ticks":59,"main_submit_ms":0.01,"matches_serial":true,"max_main_tick_gap_ms":26.986,"mode":"grid","workers":4},{"batch_ms":1092.389,"matches_serial":true,"mode":"recovery","pass":1,"snapshot_ms":47.554,"successful_routes":79,"worker_ids":[1],"workers":0},{"batch_ms":1176.881,"matches_serial":true,"mode":"recovery","pass":1,"snapshot_ms":12.115,"successful_routes":79,"worker_ids":[9],"workers":1},{"batch_ms":825.839,"matches_serial":true,"mode":"recovery","pass":1,"snapshot_ms":14.461,"successful_routes":79,"worker_ids":[10,11],"workers":2},{"batch_ms":769.058,"matches_serial":true,"mode":"recovery","pass":1,"snapshot_ms":44.274,"successful_routes":79,"worker_ids":[12,5,12,5],"workers":4},{"batch_ms":932.553,"matches_serial":true,"mode":"recovery","pass":2,"snapshot_ms":29.392,"successful_routes":79,"worker_ids":[12,5,5,12],"workers":4},{"batch_ms":1008.411,"matches_serial":true,"mode":"recovery","pass":2,"snapshot_ms":22.004,"successful_routes":79,"worker_ids":[12,5],"workers":2},{"batch_ms":1268.584,"matches_serial":true,"mode":"recovery","pass":2,"snapshot_ms":6.321,"successful_routes":79,"worker_ids":[6],"workers":1},{"batch_ms":1159.043,"matches_serial":true,"mode":"recovery","pass":2,"snapshot_ms":7.834,"successful_routes":79,"worker_ids":[1],"workers":0},{"async":true,"batch_ms":956.939,"main_loop_ticks":115,"main_submit_ms":0.016,"matches_serial":true,"max_main_tick_gap_ms":29.84,"mode":"recovery","workers":4}]}
