Godot Engine v4.7.2.stable.custom_build.ed1daf0bf (2026-08-17 01:18:38 UTC) - https://godotengine.org

PARALLEL_PROGRESS {"batch_ms":77.828,"matches_serial":true,"mode":"arithmetic_control","pass":1,"snapshot_ms":0.01,"worker_ids":[1],"workers":0}
PARALLEL_PROGRESS {"batch_ms":83.358,"matches_serial":true,"mode":"arithmetic_control","pass":1,"snapshot_ms":0.044,"worker_ids":[5],"workers":1}
PARALLEL_PROGRESS {"batch_ms":48.822,"matches_serial":true,"mode":"arithmetic_control","pass":1,"snapshot_ms":0.047,"worker_ids":[6,7],"workers":2}
PARALLEL_PROGRESS {"batch_ms":38.163,"matches_serial":true,"mode":"arithmetic_control","pass":1,"snapshot_ms":0.063,"worker_ids":[8,10,10,8],"workers":4}
PARALLEL_PROGRESS {"batch_ms":60.107,"matches_serial":true,"mode":"arithmetic_control","pass":2,"snapshot_ms":0.039,"worker_ids":[10,8,10,8],"workers":4}
PARALLEL_PROGRESS {"batch_ms":77.332,"matches_serial":true,"mode":"arithmetic_control","pass":2,"snapshot_ms":0.059,"worker_ids":[8,10],"workers":2}
PARALLEL_PROGRESS {"batch_ms":88.477,"matches_serial":true,"mode":"arithmetic_control","pass":2,"snapshot_ms":0.046,"worker_ids":[12],"workers":1}
PARALLEL_PROGRESS {"batch_ms":80.926,"matches_serial":true,"mode":"arithmetic_control","pass":2,"snapshot_ms":0.055,"worker_ids":[1],"workers":0}
PARALLEL_PROGRESS {"batch_ms":539.985,"matches_serial":true,"mode":"grid","pass":1,"snapshot_ms":11.451,"worker_ids":[1],"workers":0}
PARALLEL_PROGRESS {"batch_ms":541.4,"matches_serial":true,"mode":"grid","pass":1,"snapshot_ms":34.813,"worker_ids":[14],"workers":1}
PARALLEL_PROGRESS {"batch_ms":435.791,"matches_serial":true,"mode":"grid","pass":1,"snapshot_ms":35.655,"worker_ids":[16,5],"workers":2}
PARALLEL_PROGRESS {"batch_ms":365.445,"matches_serial":true,"mode":"grid","pass":1,"snapshot_ms":65.378,"worker_ids":[6,7,7,6],"workers":4}
PARALLEL_PROGRESS {"batch_ms":414.881,"matches_serial":true,"mode":"grid","pass":2,"snapshot_ms":55.143,"worker_ids":[6,7,7,6],"workers":4}
PARALLEL_PROGRESS {"batch_ms":462.186,"matches_serial":true,"mode":"grid","pass":2,"snapshot_ms":32.681,"worker_ids":[6,7],"workers":2}
PARALLEL_PROGRESS {"batch_ms":591.877,"matches_serial":true,"mode":"grid","pass":2,"snapshot_ms":20.598,"worker_ids":[8],"workers":1}
PARALLEL_PROGRESS {"batch_ms":709.786,"matches_serial":true,"mode":"grid","pass":2,"snapshot_ms":22.254,"worker_ids":[1],"workers":0}
PARALLEL_PROGRESS {"batch_ms":1802.165,"matches_serial":true,"mode":"recovery","pass":1,"snapshot_ms":50.339,"successful_routes":79,"worker_ids":[1],"workers":0}
PARALLEL_PROGRESS {"batch_ms":1339.845,"matches_serial":true,"mode":"recovery","pass":1,"snapshot_ms":13.091,"successful_routes":79,"worker_ids":[10],"workers":1}
PARALLEL_PROGRESS {"batch_ms":845.753,"matches_serial":true,"mode":"recovery","pass":1,"snapshot_ms":19.548,"successful_routes":79,"worker_ids":[12,14],"workers":2}
PARALLEL_PROGRESS {"batch_ms":1096.192,"matches_serial":true,"mode":"recovery","pass":1,"snapshot_ms":48.143,"successful_routes":79,"worker_ids":[16,5,5,16],"workers":4}
PARALLEL_PROGRESS {"batch_ms":1233.211,"matches_serial":true,"mode":"recovery","pass":2,"snapshot_ms":41.536,"successful_routes":79,"worker_ids":[16,5,5,16],"workers":4}
PARALLEL_PROGRESS {"batch_ms":1010.276,"matches_serial":true,"mode":"recovery","pass":2,"snapshot_ms":23.182,"successful_routes":79,"worker_ids":[16,5],"workers":2}
PARALLEL_PROGRESS {"batch_ms":1364.722,"matches_serial":true,"mode":"recovery","pass":2,"snapshot_ms":12.424,"successful_routes":79,"worker_ids":[6],"workers":1}
PARALLEL_PROGRESS {"batch_ms":1477.815,"matches_serial":true,"mode":"recovery","pass":2,"snapshot_ms":8.789,"successful_routes":79,"worker_ids":[1],"workers":0}
NAVIGATION_PARALLEL_POC {"buildings":6,"deer":8,"failures":0,"high_priority":false,"requests":80,"runs":[{"batch_ms":77.828,"matches_serial":true,"mode":"arithmetic_control","pass":1,"snapshot_ms":0.01,"worker_ids":[1],"workers":0},{"batch_ms":83.358,"matches_serial":true,"mode":"arithmetic_control","pass":1,"snapshot_ms":0.044,"worker_ids":[5],"workers":1},{"batch_ms":48.822,"matches_serial":true,"mode":"arithmetic_control","pass":1,"snapshot_ms":0.047,"worker_ids":[6,7],"workers":2},{"batch_ms":38.163,"matches_serial":true,"mode":"arithmetic_control","pass":1,"snapshot_ms":0.063,"worker_ids":[8,10,10,8],"workers":4},{"batch_ms":60.107,"matches_serial":true,"mode":"arithmetic_control","pass":2,"snapshot_ms":0.039,"worker_ids":[10,8,10,8],"workers":4},{"batch_ms":77.332,"matches_serial":true,"mode":"arithmetic_control","pass":2,"snapshot_ms":0.059,"worker_ids":[8,10],"workers":2},{"batch_ms":88.477,"matches_serial":true,"mode":"arithmetic_control","pass":2,"snapshot_ms":0.046,"worker_ids":[12],"workers":1},{"batch_ms":80.926,"matches_serial":true,"mode":"arithmetic_control","pass":2,"snapshot_ms":0.055,"worker_ids":[1],"workers":0},{"async":true,"batch_ms":54.187,"main_loop_ticks":6,"main_submit_ms":0.009,"matches_serial":true,"max_main_tick_gap_ms":35.431,"mode":"arithmetic_control","workers":4},{"batch_ms":539.985,"matches_serial":true,"mode":"grid","pass":1,"snapshot_ms":11.451,"worker_ids":[1],"workers":0},{"batch_ms":541.4,"matches_serial":true,"mode":"grid","pass":1,"snapshot_ms":34.813,"worker_ids":[14],"workers":1},{"batch_ms":435.791,"matches_serial":true,"mode":"grid","pass":1,"snapshot_ms":35.655,"worker_ids":[16,5],"workers":2},{"batch_ms":365.445,"matches_serial":true,"mode":"grid","pass":1,"snapshot_ms":65.378,"worker_ids":[6,7,7,6],"workers":4},{"batch_ms":414.881,"matches_serial":true,"mode":"grid","pass":2,"snapshot_ms":55.143,"worker_ids":[6,7,7,6],"workers":4},{"batch_ms":462.186,"matches_serial":true,"mode":"grid","pass":2,"snapshot_ms":32.681,"worker_ids":[6,7],"workers":2},{"batch_ms":591.877,"matches_serial":true,"mode":"grid","pass":2,"snapshot_ms":20.598,"worker_ids":[8],"workers":1},{"batch_ms":709.786,"matches_serial":true,"mode":"grid","pass":2,"snapshot_ms":22.254,"worker_ids":[1],"workers":0},{"async":true,"batch_ms":648.485,"main_loop_ticks":70,"main_submit_ms":0.009,"matches_serial":true,"max_main_tick_gap_ms":48.125,"mode":"grid","workers":4},{"batch_ms":1802.165,"matches_serial":true,"mode":"recovery","pass":1,"snapshot_ms":50.339,"successful_routes":79,"worker_ids":[1],"workers":0},{"batch_ms":1339.845,"matches_serial":true,"mode":"recovery","pass":1,"snapshot_ms":13.091,"successful_routes":79,"worker_ids":[10],"workers":1},{"batch_ms":845.753,"matches_serial":true,"mode":"recovery","pass":1,"snapshot_ms":19.548,"successful_routes":79,"worker_ids":[12,14],"workers":2},{"batch_ms":1096.192,"matches_serial":true,"mode":"recovery","pass":1,"snapshot_ms":48.143,"successful_routes":79,"worker_ids":[16,5,5,16],"workers":4},{"batch_ms":1233.211,"matches_serial":true,"mode":"recovery","pass":2,"snapshot_ms":41.536,"successful_routes":79,"worker_ids":[16,5,5,16],"workers":4},{"batch_ms":1010.276,"matches_serial":true,"mode":"recovery","pass":2,"snapshot_ms":23.182,"successful_routes":79,"worker_ids":[16,5],"workers":2},{"batch_ms":1364.722,"matches_serial":true,"mode":"recovery","pass":2,"snapshot_ms":12.424,"successful_routes":79,"worker_ids":[6],"workers":1},{"batch_ms":1477.815,"matches_serial":true,"mode":"recovery","pass":2,"snapshot_ms":8.789,"successful_routes":79,"worker_ids":[1],"workers":0},{"async":true,"batch_ms":1248.426,"main_loop_ticks":143,"main_submit_ms":0.017,"matches_serial":true,"max_main_tick_gap_ms":47.727,"mode":"recovery","workers":4}]}
