Godot Engine v4.7.2.stable.custom_build.ed1daf0bf (2026-08-17 01:18:38 UTC) - https://godotengine.org

PARALLEL_PROGRESS {"batch_ms":68.046,"matches_serial":true,"mode":"arithmetic_control","pass":1,"snapshot_ms":0.015,"worker_ids":[1],"workers":0}
PARALLEL_PROGRESS {"batch_ms":67.373,"matches_serial":true,"mode":"arithmetic_control","pass":1,"snapshot_ms":0.028,"worker_ids":[5],"workers":1}
PARALLEL_PROGRESS {"batch_ms":34.089,"matches_serial":true,"mode":"arithmetic_control","pass":1,"snapshot_ms":0.037,"worker_ids":[6,8],"workers":2}
PARALLEL_PROGRESS {"batch_ms":32.017,"matches_serial":true,"mode":"arithmetic_control","pass":1,"snapshot_ms":0.054,"worker_ids":[10,12,12,10],"workers":4}
PARALLEL_PROGRESS {"batch_ms":31.959,"matches_serial":true,"mode":"arithmetic_control","pass":2,"snapshot_ms":0.041,"worker_ids":[10,12,12,10],"workers":4}
PARALLEL_PROGRESS {"batch_ms":34.666,"matches_serial":true,"mode":"arithmetic_control","pass":2,"snapshot_ms":0.053,"worker_ids":[12,10],"workers":2}
PARALLEL_PROGRESS {"batch_ms":67.326,"matches_serial":true,"mode":"arithmetic_control","pass":2,"snapshot_ms":0.035,"worker_ids":[14],"workers":1}
PARALLEL_PROGRESS {"batch_ms":70.907,"matches_serial":true,"mode":"arithmetic_control","pass":2,"snapshot_ms":0.048,"worker_ids":[1],"workers":0}
PARALLEL_PROGRESS {"batch_ms":438.112,"matches_serial":true,"mode":"grid","pass":1,"snapshot_ms":8.558,"worker_ids":[1],"workers":0}
PARALLEL_PROGRESS {"batch_ms":435.209,"matches_serial":true,"mode":"grid","pass":1,"snapshot_ms":36.257,"worker_ids":[16],"workers":1}
PARALLEL_PROGRESS {"batch_ms":327.549,"matches_serial":true,"mode":"grid","pass":1,"snapshot_ms":36.641,"worker_ids":[5,18],"workers":2}
PARALLEL_PROGRESS {"batch_ms":327.605,"matches_serial":true,"mode":"grid","pass":1,"snapshot_ms":47.846,"worker_ids":[6,8,8,6],"workers":4}
PARALLEL_PROGRESS {"batch_ms":334.301,"matches_serial":true,"mode":"grid","pass":2,"snapshot_ms":39.468,"worker_ids":[8,6,6,8],"workers":4}
PARALLEL_PROGRESS {"batch_ms":324.503,"matches_serial":true,"mode":"grid","pass":2,"snapshot_ms":24.703,"worker_ids":[6,8],"workers":2}
PARALLEL_PROGRESS {"batch_ms":381.644,"matches_serial":true,"mode":"grid","pass":2,"snapshot_ms":21.686,"worker_ids":[10],"workers":1}
PARALLEL_PROGRESS {"batch_ms":384.453,"matches_serial":true,"mode":"grid","pass":2,"snapshot_ms":20.254,"worker_ids":[1],"workers":0}
PARALLEL_PROGRESS {"batch_ms":850.241,"matches_serial":true,"mode":"recovery","pass":1,"snapshot_ms":71.365,"successful_routes":79,"worker_ids":[1],"workers":0}
PARALLEL_PROGRESS {"batch_ms":814.576,"matches_serial":true,"mode":"recovery","pass":1,"snapshot_ms":6.481,"successful_routes":79,"worker_ids":[12],"workers":1}
PARALLEL_PROGRESS {"batch_ms":641.792,"matches_serial":true,"mode":"recovery","pass":1,"snapshot_ms":13.781,"successful_routes":79,"worker_ids":[16,14],"workers":2}
PARALLEL_PROGRESS {"batch_ms":646.268,"matches_serial":true,"mode":"recovery","pass":1,"snapshot_ms":32.693,"successful_routes":79,"worker_ids":[5,18,5,18],"workers":4}
PARALLEL_PROGRESS {"batch_ms":919.304,"matches_serial":true,"mode":"recovery","pass":2,"snapshot_ms":32.251,"successful_routes":79,"worker_ids":[5,18,5,18],"workers":4}
PARALLEL_PROGRESS {"batch_ms":925.546,"matches_serial":true,"mode":"recovery","pass":2,"snapshot_ms":17.244,"successful_routes":79,"worker_ids":[5,18],"workers":2}
PARALLEL_PROGRESS {"batch_ms":823.721,"matches_serial":true,"mode":"recovery","pass":2,"snapshot_ms":8.197,"successful_routes":79,"worker_ids":[6],"workers":1}
PARALLEL_PROGRESS {"batch_ms":922.413,"matches_serial":true,"mode":"recovery","pass":2,"snapshot_ms":7.316,"successful_routes":79,"worker_ids":[1],"workers":0}
NAVIGATION_PARALLEL_POC {"buildings":6,"deer":8,"failures":0,"high_priority":false,"requests":80,"runs":[{"batch_ms":68.046,"matches_serial":true,"mode":"arithmetic_control","pass":1,"snapshot_ms":0.015,"worker_ids":[1],"workers":0},{"batch_ms":67.373,"matches_serial":true,"mode":"arithmetic_control","pass":1,"snapshot_ms":0.028,"worker_ids":[5],"workers":1},{"batch_ms":34.089,"matches_serial":true,"mode":"arithmetic_control","pass":1,"snapshot_ms":0.037,"worker_ids":[6,8],"workers":2},{"batch_ms":32.017,"matches_serial":true,"mode":"arithmetic_control","pass":1,"snapshot_ms":0.054,"worker_ids":[10,12,12,10],"workers":4},{"batch_ms":31.959,"matches_serial":true,"mode":"arithmetic_control","pass":2,"snapshot_ms":0.041,"worker_ids":[10,12,12,10],"workers":4},{"batch_ms":34.666,"matches_serial":true,"mode":"arithmetic_control","pass":2,"snapshot_ms":0.053,"worker_ids":[12,10],"workers":2},{"batch_ms":67.326,"matches_serial":true,"mode":"arithmetic_control","pass":2,"snapshot_ms":0.035,"worker_ids":[14],"workers":1},{"batch_ms":70.907,"matches_serial":true,"mode":"arithmetic_control","pass":2,"snapshot_ms":0.048,"worker_ids":[1],"workers":0},{"async":true,"batch_ms":38.087,"main_loop_ticks":7,"main_submit_ms":0.015,"matches_serial":true,"max_main_tick_gap_ms":10.983,"mode":"arithmetic_control","workers":4},{"batch_ms":438.112,"matches_serial":true,"mode":"grid","pass":1,"snapshot_ms":8.558,"worker_ids":[1],"workers":0},{"batch_ms":435.209,"matches_serial":true,"mode":"grid","pass":1,"snapshot_ms":36.257,"worker_ids":[16],"workers":1},{"batch_ms":327.549,"matches_serial":true,"mode":"grid","pass":1,"snapshot_ms":36.641,"worker_ids":[5,18],"workers":2},{"batch_ms":327.605,"matches_serial":true,"mode":"grid","pass":1,"snapshot_ms":47.846,"worker_ids":[6,8,8,6],"workers":4},{"batch_ms":334.301,"matches_serial":true,"mode":"grid","pass":2,"snapshot_ms":39.468,"worker_ids":[8,6,6,8],"workers":4},{"batch_ms":324.503,"matches_serial":true,"mode":"grid","pass":2,"snapshot_ms":24.703,"worker_ids":[6,8],"workers":2},{"batch_ms":381.644,"matches_serial":true,"mode":"grid","pass":2,"snapshot_ms":21.686,"worker_ids":[10],"workers":1},{"batch_ms":384.453,"matches_serial":true,"mode":"grid","pass":2,"snapshot_ms":20.254,"worker_ids":[1],"workers":0},{"async":true,"batch_ms":375.15,"main_loop_ticks":47,"main_submit_ms":0.012,"matches_serial":true,"max_main_tick_gap_ms":13.706,"mode":"grid","workers":4},{"batch_ms":850.241,"matches_serial":true,"mode":"recovery","pass":1,"snapshot_ms":71.365,"successful_routes":79,"worker_ids":[1],"workers":0},{"batch_ms":814.576,"matches_serial":true,"mode":"recovery","pass":1,"snapshot_ms":6.481,"successful_routes":79,"worker_ids":[12],"workers":1},{"batch_ms":641.792,"matches_serial":true,"mode":"recovery","pass":1,"snapshot_ms":13.781,"successful_routes":79,"worker_ids":[16,14],"workers":2},{"batch_ms":646.268,"matches_serial":true,"mode":"recovery","pass":1,"snapshot_ms":32.693,"successful_routes":79,"worker_ids":[5,18,5,18],"workers":4},{"batch_ms":919.304,"matches_serial":true,"mode":"recovery","pass":2,"snapshot_ms":32.251,"successful_routes":79,"worker_ids":[5,18,5,18],"workers":4},{"batch_ms":925.546,"matches_serial":true,"mode":"recovery","pass":2,"snapshot_ms":17.244,"successful_routes":79,"worker_ids":[5,18],"workers":2},{"batch_ms":823.721,"matches_serial":true,"mode":"recovery","pass":2,"snapshot_ms":8.197,"successful_routes":79,"worker_ids":[6],"workers":1},{"batch_ms":922.413,"matches_serial":true,"mode":"recovery","pass":2,"snapshot_ms":7.316,"successful_routes":79,"worker_ids":[1],"workers":0},{"async":true,"batch_ms":760.156,"main_loop_ticks":92,"main_submit_ms":0.012,"matches_serial":true,"max_main_tick_gap_ms":16.836,"mode":"recovery","workers":4}]}
