
=== landmark_occlusion ===
Godot Engine v4.7.2.stable.custom_build.ed1daf0bf (2026-08-17 01:18:38 UTC) - https://godotengine.org

POC_PASS flat_four_sided_battlements sides=[6, 6, 7, 7]
POC_PASS clock_four_sided_battlements sides=[6, 6, 7, 7]
POC_PASS eng_council_hall wrong_pixels=0 faces=18 fragments=18
POC_PASS eng_kings_mill wrong_pixels=0 faces=27 fragments=44
POC_PASS eng_white_tower wrong_pixels=0 faces=102 fragments=102
POC_PASS eng_abbey wrong_pixels=0 faces=27 fragments=54
POC_PASS eng_berkshire_fortress wrong_pixels=0 faces=240 fragments=240
POC_PASS eng_wynguard_palace wrong_pixels=0 faces=27 fragments=39
POC_PASS fr_school_of_cavalry wrong_pixels=0 faces=27 fragments=36
POC_PASS fr_chamber_of_commerce wrong_pixels=0 faces=36 fragments=41
POC_PASS fr_royal_institute wrong_pixels=0 faces=103 fragments=144
POC_PASS fr_guild_hall wrong_pixels=0 faces=27 fragments=46
POC_PASS fr_red_palace wrong_pixels=0 faces=114 fragments=148
POC_PASS fr_college_of_artillery wrong_pixels=0 faces=72 fragments=97
POC_PASS zh_imperial_academy wrong_pixels=0 faces=35 fragments=59
POC_PASS zh_barbican wrong_pixels=0 faces=92 fragments=115
POC_PASS zh_clocktower wrong_pixels=0 faces=100 fragments=120
POC_PASS zh_imperial_palace wrong_pixels=0 faces=26 fragments=36
POC_PASS zh_gatehouse wrong_pixels=0 faces=133 fragments=171
POC_PASS zh_spirit_way wrong_pixels=0 faces=109 fragments=135
POC_PASS wonder wrong_pixels=0 faces=355 fragments=623
POC_PASS crossed_wings wrong_pixels=0 faces=6 fragments=8
POC_PASS crossed_wings_reversed_submission wrong_pixels=0 faces=6 fragments=9
LANDMARK_OCCLUSION samples=1858 failures=0 elapsed_ms=2322.1
LANDMARK_PREPARATION total_ms=50.61 models=19

=== landmark_selection ===
Godot Engine v4.7.2.stable.custom_build.ed1daf0bf (2026-08-17 01:18:38 UTC) - https://godotengine.org

LANDMARK_SELECTION_OK face_centers=21084 across 21 appearances, 3 zooms, 2 construction stages

=== isometric_view ===
Godot Engine v4.7.2.stable.custom_build.ed1daf0bf (2026-08-17 01:18:38 UTC) - https://godotengine.org

ISOMETRIC_VIEW_OK

=== rear battlement shading: PASS ===
Godot Engine v4.7.2.stable.custom_build.ed1daf0bf (2026-08-17 01:18:38 UTC) - https://godotengine.org

POC_PASS flat_four_sided_battlements sides=[6, 6, 7, 7]
POC_PASS clock_four_sided_battlements sides=[6, 6, 7, 7]
POC_PASS eng_council_hall wrong_pixels=0 faces=18 fragments=18
POC_PASS eng_kings_mill wrong_pixels=0 faces=27 fragments=44
POC_PASS eng_white_tower wrong_pixels=0 faces=102 fragments=102
POC_PASS eng_abbey wrong_pixels=0 faces=27 fragments=54
POC_PASS eng_berkshire_fortress wrong_pixels=0 faces=240 fragments=240
POC_PASS eng_wynguard_palace wrong_pixels=0 faces=27 fragments=39
POC_PASS fr_school_of_cavalry wrong_pixels=0 faces=27 fragments=36
POC_PASS fr_chamber_of_commerce wrong_pixels=0 faces=36 fragments=41
POC_PASS fr_royal_institute wrong_pixels=0 faces=103 fragments=144
POC_PASS fr_guild_hall wrong_pixels=0 faces=27 fragments=46
POC_PASS fr_red_palace wrong_pixels=0 faces=114 fragments=148
POC_PASS fr_college_of_artillery wrong_pixels=0 faces=72 fragments=97
POC_PASS zh_imperial_academy wrong_pixels=0 faces=35 fragments=59
POC_PASS zh_barbican wrong_pixels=0 faces=92 fragments=115
POC_PASS zh_clocktower wrong_pixels=0 faces=100 fragments=120
POC_PASS zh_imperial_palace wrong_pixels=0 faces=26 fragments=36
POC_PASS zh_gatehouse wrong_pixels=0 faces=133 fragments=171
POC_PASS zh_spirit_way wrong_pixels=0 faces=109 fragments=135
POC_PASS wonder wrong_pixels=0 faces=355 fragments=623
POC_PASS crossed_wings wrong_pixels=0 faces=6 fragments=8
POC_PASS crossed_wings_reversed_submission wrong_pixels=0 faces=6 fragments=9
LANDMARK_OCCLUSION samples=1858 failures=0 elapsed_ms=2710.0
LANDMARK_PREPARATION total_ms=56.46 models=19
