Godot Engine v4.7.2.stable.custom_build.ed1daf0bf (2026-08-17 01:18:38 UTC) - https://godotengine.org

PARALLEL_PROGRESS {"batch_ms":94.4,"matches_serial":true,"mode":"arithmetic_control","pass":1,"snapshot_ms":0.013,"worker_ids":[1],"workers":0}
PARALLEL_PROGRESS {"batch_ms":89.657,"matches_serial":true,"mode":"arithmetic_control","pass":1,"snapshot_ms":0.033,"worker_ids":[4],"workers":1}
PARALLEL_PROGRESS {"batch_ms":55.67,"matches_serial":true,"mode":"arithmetic_control","pass":1,"snapshot_ms":0.031,"worker_ids":[5,6],"workers":2}
PARALLEL_PROGRESS {"batch_ms":58.226,"matches_serial":true,"mode":"arithmetic_control","pass":1,"snapshot_ms":0.043,"worker_ids":[7,8,7,8],"workers":4}
PARALLEL_PROGRESS {"batch_ms":54.402,"matches_serial":true,"mode":"arithmetic_control","pass":2,"snapshot_ms":0.039,"worker_ids":[7,8,8,7],"workers":4}
PARALLEL_PROGRESS {"batch_ms":51.672,"matches_serial":true,"mode":"arithmetic_control","pass":2,"snapshot_ms":0.053,"worker_ids":[7,8],"workers":2}
PARALLEL_PROGRESS {"batch_ms":76.525,"matches_serial":true,"mode":"arithmetic_control","pass":2,"snapshot_ms":0.042,"worker_ids":[9],"workers":1}
PARALLEL_PROGRESS {"batch_ms":78.133,"matches_serial":true,"mode":"arithmetic_control","pass":2,"snapshot_ms":0.025,"worker_ids":[1],"workers":0}
PARALLEL_PROGRESS {"batch_ms":598.082,"matches_serial":true,"mode":"grid","pass":1,"snapshot_ms":14.178,"worker_ids":[1],"workers":0}
PARALLEL_PROGRESS {"batch_ms":533.847,"matches_serial":true,"mode":"grid","pass":1,"snapshot_ms":51.501,"worker_ids":[10],"workers":1}
PARALLEL_PROGRESS {"batch_ms":406.914,"matches_serial":true,"mode":"grid","pass":1,"snapshot_ms":66.106,"worker_ids":[11,4],"workers":2}
PARALLEL_PROGRESS {"batch_ms":435.753,"matches_serial":true,"mode":"grid","pass":1,"snapshot_ms":50.823,"worker_ids":[5,6,6,5],"workers":4}
PARALLEL_PROGRESS {"batch_ms":437.709,"matches_serial":true,"mode":"grid","pass":2,"snapshot_ms":60.152,"worker_ids":[5,6,6,5],"workers":4}
PARALLEL_PROGRESS {"batch_ms":407.901,"matches_serial":true,"mode":"grid","pass":2,"snapshot_ms":22.346,"worker_ids":[5,6],"workers":2}
PARALLEL_PROGRESS {"batch_ms":483.554,"matches_serial":true,"mode":"grid","pass":2,"snapshot_ms":27.432,"worker_ids":[7],"workers":1}
PARALLEL_PROGRESS {"batch_ms":696.605,"matches_serial":true,"mode":"grid","pass":2,"snapshot_ms":31.097,"worker_ids":[1],"workers":0}
PARALLEL_PROGRESS {"batch_ms":1046.274,"matches_serial":true,"mode":"recovery","pass":1,"snapshot_ms":53.999,"successful_routes":79,"worker_ids":[1],"workers":0}
PARALLEL_PROGRESS {"batch_ms":1100.906,"matches_serial":true,"mode":"recovery","pass":1,"snapshot_ms":6.17,"successful_routes":79,"worker_ids":[8],"workers":1}
PARALLEL_PROGRESS {"batch_ms":864.969,"matches_serial":true,"mode":"recovery","pass":1,"snapshot_ms":19.541,"successful_routes":79,"worker_ids":[9,10],"workers":2}
PARALLEL_PROGRESS {"batch_ms":1054.639,"matches_serial":true,"mode":"recovery","pass":1,"snapshot_ms":45.878,"successful_routes":79,"worker_ids":[11,4,4,11],"workers":4}
PARALLEL_PROGRESS {"batch_ms":960.402,"matches_serial":true,"mode":"recovery","pass":2,"snapshot_ms":32.701,"successful_routes":79,"worker_ids":[11,4,4,11],"workers":4}
PARALLEL_PROGRESS {"batch_ms":934.894,"matches_serial":true,"mode":"recovery","pass":2,"snapshot_ms":15.799,"successful_routes":79,"worker_ids":[4,11],"workers":2}
PARALLEL_PROGRESS {"batch_ms":910.799,"matches_serial":true,"mode":"recovery","pass":2,"snapshot_ms":10.13,"successful_routes":79,"worker_ids":[5],"workers":1}
PARALLEL_PROGRESS {"batch_ms":918.361,"matches_serial":true,"mode":"recovery","pass":2,"snapshot_ms":9.261,"successful_routes":79,"worker_ids":[1],"workers":0}
NAVIGATION_PARALLEL_POC {"buildings":6,"deer":8,"failures":0,"high_priority":false,"requests":80,"runs":[{"batch_ms":94.4,"matches_serial":true,"mode":"arithmetic_control","pass":1,"snapshot_ms":0.013,"worker_ids":[1],"workers":0},{"batch_ms":89.657,"matches_serial":true,"mode":"arithmetic_control","pass":1,"snapshot_ms":0.033,"worker_ids":[4],"workers":1},{"batch_ms":55.67,"matches_serial":true,"mode":"arithmetic_control","pass":1,"snapshot_ms":0.031,"worker_ids":[5,6],"workers":2},{"batch_ms":58.226,"matches_serial":true,"mode":"arithmetic_control","pass":1,"snapshot_ms":0.043,"worker_ids":[7,8,7,8],"workers":4},{"batch_ms":54.402,"matches_serial":true,"mode":"arithmetic_control","pass":2,"snapshot_ms":0.039,"worker_ids":[7,8,8,7],"workers":4},{"batch_ms":51.672,"matches_serial":true,"mode":"arithmetic_control","pass":2,"snapshot_ms":0.053,"worker_ids":[7,8],"workers":2},{"batch_ms":76.525,"matches_serial":true,"mode":"arithmetic_control","pass":2,"snapshot_ms":0.042,"worker_ids":[9],"workers":1},{"batch_ms":78.133,"matches_serial":true,"mode":"arithmetic_control","pass":2,"snapshot_ms":0.025,"worker_ids":[1],"workers":0},{"async":true,"batch_ms":66.529,"main_loop_ticks":3,"main_submit_ms":0.012,"matches_serial":true,"max_main_tick_gap_ms":49.9,"mode":"arithmetic_control","workers":4},{"batch_ms":598.082,"matches_serial":true,"mode":"grid","pass":1,"snapshot_ms":14.178,"worker_ids":[1],"workers":0},{"batch_ms":533.847,"matches_serial":true,"mode":"grid","pass":1,"snapshot_ms":51.501,"worker_ids":[10],"workers":1},{"batch_ms":406.914,"matches_serial":true,"mode":"grid","pass":1,"snapshot_ms":66.106,"worker_ids":[11,4],"workers":2},{"batch_ms":435.753,"matches_serial":true,"mode":"grid","pass":1,"snapshot_ms":50.823,"worker_ids":[5,6,6,5],"workers":4},{"batch_ms":437.709,"matches_serial":true,"mode":"grid","pass":2,"snapshot_ms":60.152,"worker_ids":[5,6,6,5],"workers":4},{"batch_ms":407.901,"matches_serial":true,"mode":"grid","pass":2,"snapshot_ms":22.346,"worker_ids":[5,6],"workers":2},{"batch_ms":483.554,"matches_serial":true,"mode":"grid","pass":2,"snapshot_ms":27.432,"worker_ids":[7],"workers":1},{"batch_ms":696.605,"matches_serial":true,"mode":"grid","pass":2,"snapshot_ms":31.097,"worker_ids":[1],"workers":0},{"async":true,"batch_ms":495.012,"main_loop_ticks":60,"main_submit_ms":0.01,"matches_serial":true,"max_main_tick_gap_ms":19.543,"mode":"grid","workers":4},{"batch_ms":1046.274,"matches_serial":true,"mode":"recovery","pass":1,"snapshot_ms":53.999,"successful_routes":79,"worker_ids":[1],"workers":0},{"batch_ms":1100.906,"matches_serial":true,"mode":"recovery","pass":1,"snapshot_ms":6.17,"successful_routes":79,"worker_ids":[8],"workers":1},{"batch_ms":864.969,"matches_serial":true,"mode":"recovery","pass":1,"snapshot_ms":19.541,"successful_routes":79,"worker_ids":[9,10],"workers":2},{"batch_ms":1054.639,"matches_serial":true,"mode":"recovery","pass":1,"snapshot_ms":45.878,"successful_routes":79,"worker_ids":[11,4,4,11],"workers":4},{"batch_ms":960.402,"matches_serial":true,"mode":"recovery","pass":2,"snapshot_ms":32.701,"successful_routes":79,"worker_ids":[11,4,4,11],"workers":4},{"batch_ms":934.894,"matches_serial":true,"mode":"recovery","pass":2,"snapshot_ms":15.799,"successful_routes":79,"worker_ids":[4,11],"workers":2},{"batch_ms":910.799,"matches_serial":true,"mode":"recovery","pass":2,"snapshot_ms":10.13,"successful_routes":79,"worker_ids":[5],"workers":1},{"batch_ms":918.361,"matches_serial":true,"mode":"recovery","pass":2,"snapshot_ms":9.261,"successful_routes":79,"worker_ids":[1],"workers":0},{"async":true,"batch_ms":866.035,"main_loop_ticks":105,"main_submit_ms":0.03,"matches_serial":true,"max_main_tick_gap_ms":17.19,"mode":"recovery","workers":4}]}
