Godot Engine v4.7.2.stable.custom_build.ed1daf0bf (2026-08-17 01:18:38 UTC) - https://godotengine.org

SPIKE frame=0 ms=46.5
SPIKE frame=2 ms=30.9
SPIKE frame=12 ms=30.2
SPIKE frame=44 ms=30.3
SPIKE frame=105 ms=35.0
SPIKE frame=115 ms=31.1
SPIKE frame=182 ms=39.3
  stuck owner=3 kind=villager order=gather failures=1 pos=(2053.931, 759.1807) dest=(0.0, 0.0)
SPIKE frame=231 ms=63.6
SPIKE frame=260 ms=32.0
SPIKE frame=506 ms=95.2
  stuck owner=3 kind=scout order=move failures=1 pos=(2188.902, 726.0453) dest=(1275.0, 1075.0)
SPIKE frame=568 ms=36.7
SPIKE frame=577 ms=33.5
SPIKE frame=711 ms=40.4
SPIKE frame=716 ms=33.2
SPIKE frame=792 ms=71.0
SPIKE frame=796 ms=32.0
SPIKE frame=869 ms=54.3
SPIKE frame=870 ms=55.2
SPIKE frame=904 ms=68.2
SPIKE frame=1124 ms=42.8
SPIKE frame=1153 ms=40.3
SPIKE frame=1157 ms=39.1
SPIKE frame=1174 ms=37.2
SPIKE frame=1214 ms=42.8
SPIKE frame=1215 ms=53.5
SPIKE frame=1217 ms=67.6
SPIKE frame=1441 ms=33.2
SPIKE frame=1447 ms=36.5
SPIKE frame=1689 ms=34.4
SPIKE frame=1775 ms=95.0
SPIKE frame=1785 ms=30.7
SPIKE frame=1823 ms=30.7
SPIKE frame=1911 ms=49.0
SPIKE frame=1978 ms=85.9
SPIKE frame=2209 ms=119.8
  stuck owner=2 kind=villager order=build failures=1 pos=(410.9894, 1535.248) dest=(0.0, 0.0)
  stuck owner=2 kind=villager order=build failures=1 pos=(329.6389, 1948.446) dest=(0.0, 0.0)
SPIKE frame=2217 ms=30.3
  stuck owner=2 kind=villager order=build failures=1 pos=(410.9894, 1535.248) dest=(0.0, 0.0)
  stuck owner=2 kind=villager order=build failures=1 pos=(329.6389, 1948.446) dest=(0.0, 0.0)
SPIKE frame=2295 ms=36.3
  stuck owner=2 kind=villager order=build failures=1 pos=(410.9894, 1535.248) dest=(0.0, 0.0)
  stuck owner=2 kind=villager order=build failures=1 pos=(265.5343, 1483.65) dest=(0.0, 0.0)
  stuck owner=2 kind=villager order=build failures=1 pos=(329.6389, 1948.446) dest=(0.0, 0.0)
frames=2400 mean=9.51 p50=8.45 p90=14.30 p99=35.00 max=119.76
frames with obstacle_revision bump: 6/2400, with grid_refresh: 0/2400
first wildlife: 38, last wildlife: 38, last units: 25, last buildings: 19
--- slowest 15 frames ---
{"astar_ms":0.0,"buildings":19,"can_occupy_ms":0.0,"fine_build_ms":0.0,"fine_cells":0,"frame":2209,"grid_refresh":0,"grid_refresh_ms":0.0,"move_step_ms":0.0,"ms":119.76,"path_between_ms":0.0,"path_to_range_ms":0.0,"ptr_coarse_ms":0.0,"ptr_refine_ms":0.0,"rev":20,"rev_delta":3,"units":24,"wildlife":38}
{"astar_ms":0.0,"buildings":7,"can_occupy_ms":0.0,"fine_build_ms":0.0,"fine_cells":0,"frame":506,"grid_refresh":0,"grid_refresh_ms":0.0,"move_step_ms":0.0,"ms":95.15,"path_between_ms":0.0,"path_to_range_ms":0.0,"ptr_coarse_ms":0.0,"ptr_refine_ms":0.0,"rev":8,"rev_delta":0,"units":24,"wildlife":38}
{"astar_ms":0.0,"buildings":11,"can_occupy_ms":0.0,"fine_build_ms":0.0,"fine_cells":0,"frame":1775,"grid_refresh":0,"grid_refresh_ms":0.0,"move_step_ms":0.0,"ms":95.04,"path_between_ms":0.0,"path_to_range_ms":0.0,"ptr_coarse_ms":0.0,"ptr_refine_ms":0.0,"rev":12,"rev_delta":3,"units":24,"wildlife":38}
{"astar_ms":0.0,"buildings":15,"can_occupy_ms":0.0,"fine_build_ms":0.0,"fine_cells":0,"frame":1978,"grid_refresh":0,"grid_refresh_ms":0.0,"move_step_ms":0.0,"ms":85.92,"path_between_ms":0.0,"path_to_range_ms":0.0,"ptr_coarse_ms":0.0,"ptr_refine_ms":0.0,"rev":17,"rev_delta":3,"units":24,"wildlife":38}
{"astar_ms":0.0,"buildings":7,"can_occupy_ms":0.0,"fine_build_ms":0.0,"fine_cells":0,"frame":792,"grid_refresh":0,"grid_refresh_ms":0.0,"move_step_ms":0.0,"ms":71.03,"path_between_ms":0.0,"path_to_range_ms":0.0,"ptr_coarse_ms":0.0,"ptr_refine_ms":0.0,"rev":8,"rev_delta":0,"units":24,"wildlife":38}
{"astar_ms":0.0,"buildings":7,"can_occupy_ms":0.0,"fine_build_ms":0.0,"fine_cells":0,"frame":904,"grid_refresh":0,"grid_refresh_ms":0.0,"move_step_ms":0.0,"ms":68.16,"path_between_ms":0.0,"path_to_range_ms":0.0,"ptr_coarse_ms":0.0,"ptr_refine_ms":0.0,"rev":8,"rev_delta":0,"units":24,"wildlife":38}
{"astar_ms":0.0,"buildings":7,"can_occupy_ms":0.0,"fine_build_ms":0.0,"fine_cells":0,"frame":1217,"grid_refresh":0,"grid_refresh_ms":0.0,"move_step_ms":0.0,"ms":67.57,"path_between_ms":0.0,"path_to_range_ms":0.0,"ptr_coarse_ms":0.0,"ptr_refine_ms":0.0,"rev":8,"rev_delta":0,"units":24,"wildlife":38}
{"astar_ms":0.0,"buildings":7,"can_occupy_ms":0.0,"fine_build_ms":0.0,"fine_cells":0,"frame":231,"grid_refresh":0,"grid_refresh_ms":0.0,"move_step_ms":0.0,"ms":63.64,"path_between_ms":0.0,"path_to_range_ms":0.0,"ptr_coarse_ms":0.0,"ptr_refine_ms":0.0,"rev":8,"rev_delta":0,"units":24,"wildlife":38}
{"astar_ms":0.0,"buildings":7,"can_occupy_ms":0.0,"fine_build_ms":0.0,"fine_cells":0,"frame":870,"grid_refresh":0,"grid_refresh_ms":0.0,"move_step_ms":0.0,"ms":55.16,"path_between_ms":0.0,"path_to_range_ms":0.0,"ptr_coarse_ms":0.0,"ptr_refine_ms":0.0,"rev":8,"rev_delta":0,"units":24,"wildlife":38}
{"astar_ms":0.0,"buildings":7,"can_occupy_ms":0.0,"fine_build_ms":0.0,"fine_cells":0,"frame":869,"grid_refresh":0,"grid_refresh_ms":0.0,"move_step_ms":0.0,"ms":54.27,"path_between_ms":0.0,"path_to_range_ms":0.0,"ptr_coarse_ms":0.0,"ptr_refine_ms":0.0,"rev":8,"rev_delta":0,"units":24,"wildlife":38}
{"astar_ms":0.0,"buildings":7,"can_occupy_ms":0.0,"fine_build_ms":0.0,"fine_cells":0,"frame":1215,"grid_refresh":0,"grid_refresh_ms":0.0,"move_step_ms":0.0,"ms":53.52,"path_between_ms":0.0,"path_to_range_ms":0.0,"ptr_coarse_ms":0.0,"ptr_refine_ms":0.0,"rev":8,"rev_delta":0,"units":24,"wildlife":38}
{"astar_ms":0.0,"buildings":11,"can_occupy_ms":0.0,"fine_build_ms":0.0,"fine_cells":0,"frame":1911,"grid_refresh":0,"grid_refresh_ms":0.0,"move_step_ms":0.0,"ms":48.97,"path_between_ms":0.0,"path_to_range_ms":0.0,"ptr_coarse_ms":0.0,"ptr_refine_ms":0.0,"rev":14,"rev_delta":0,"units":24,"wildlife":38}
{"astar_ms":0.0,"buildings":7,"can_occupy_ms":0.0,"fine_build_ms":0.0,"fine_cells":0,"frame":0,"grid_refresh":0,"grid_refresh_ms":0.0,"move_step_ms":0.0,"ms":46.53,"path_between_ms":0.0,"path_to_range_ms":0.0,"ptr_coarse_ms":0.0,"ptr_refine_ms":0.0,"rev":8,"rev_delta":0,"units":24,"wildlife":38}
{"astar_ms":0.0,"buildings":7,"can_occupy_ms":0.0,"fine_build_ms":0.0,"fine_cells":0,"frame":1124,"grid_refresh":0,"grid_refresh_ms":0.0,"move_step_ms":0.0,"ms":42.83,"path_between_ms":0.0,"path_to_range_ms":0.0,"ptr_coarse_ms":0.0,"ptr_refine_ms":0.0,"rev":8,"rev_delta":0,"units":24,"wildlife":38}
{"astar_ms":0.0,"buildings":7,"can_occupy_ms":0.0,"fine_build_ms":0.0,"fine_cells":0,"frame":1214,"grid_refresh":0,"grid_refresh_ms":0.0,"move_step_ms":0.0,"ms":42.76,"path_between_ms":0.0,"path_to_range_ms":0.0,"ptr_coarse_ms":0.0,"ptr_refine_ms":0.0,"rev":8,"rev_delta":0,"units":24,"wildlife":38}
--- sample every 300 frames ---
{"astar_ms":0.0,"buildings":7,"can_occupy_ms":0.0,"fine_build_ms":0.0,"fine_cells":0,"frame":0,"grid_refresh":0,"grid_refresh_ms":0.0,"move_step_ms":0.0,"ms":46.53,"path_between_ms":0.0,"path_to_range_ms":0.0,"ptr_coarse_ms":0.0,"ptr_refine_ms":0.0,"rev":8,"rev_delta":0,"units":24,"wildlife":38}
{"astar_ms":0.0,"buildings":7,"can_occupy_ms":0.0,"fine_build_ms":0.0,"fine_cells":0,"frame":300,"grid_refresh":0,"grid_refresh_ms":0.0,"move_step_ms":0.0,"ms":3.92,"path_between_ms":0.0,"path_to_range_ms":0.0,"ptr_coarse_ms":0.0,"ptr_refine_ms":0.0,"rev":8,"rev_delta":0,"units":24,"wildlife":38}
{"astar_ms":0.0,"buildings":7,"can_occupy_ms":0.0,"fine_build_ms":0.0,"fine_cells":0,"frame":600,"grid_refresh":0,"grid_refresh_ms":0.0,"move_step_ms":0.0,"ms":12.7,"path_between_ms":0.0,"path_to_range_ms":0.0,"ptr_coarse_ms":0.0,"ptr_refine_ms":0.0,"rev":8,"rev_delta":0,"units":24,"wildlife":38}
{"astar_ms":0.0,"buildings":7,"can_occupy_ms":0.0,"fine_build_ms":0.0,"fine_cells":0,"frame":900,"grid_refresh":0,"grid_refresh_ms":0.0,"move_step_ms":0.0,"ms":24.78,"path_between_ms":0.0,"path_to_range_ms":0.0,"ptr_coarse_ms":0.0,"ptr_refine_ms":0.0,"rev":8,"rev_delta":0,"units":24,"wildlife":38}
{"astar_ms":0.0,"buildings":7,"can_occupy_ms":0.0,"fine_build_ms":0.0,"fine_cells":0,"frame":1200,"grid_refresh":0,"grid_refresh_ms":0.0,"move_step_ms":0.0,"ms":11.06,"path_between_ms":0.0,"path_to_range_ms":0.0,"ptr_coarse_ms":0.0,"ptr_refine_ms":0.0,"rev":8,"rev_delta":0,"units":24,"wildlife":38}
{"astar_ms":0.0,"buildings":7,"can_occupy_ms":0.0,"fine_build_ms":0.0,"fine_cells":0,"frame":1500,"grid_refresh":0,"grid_refresh_ms":0.0,"move_step_ms":0.0,"ms":11.41,"path_between_ms":0.0,"path_to_range_ms":0.0,"ptr_coarse_ms":0.0,"ptr_refine_ms":0.0,"rev":8,"rev_delta":0,"units":24,"wildlife":38}
{"astar_ms":0.0,"buildings":11,"can_occupy_ms":0.0,"fine_build_ms":0.0,"fine_cells":0,"frame":1800,"grid_refresh":0,"grid_refresh_ms":0.0,"move_step_ms":0.0,"ms":14.78,"path_between_ms":0.0,"path_to_range_ms":0.0,"ptr_coarse_ms":0.0,"ptr_refine_ms":0.0,"rev":12,"rev_delta":0,"units":24,"wildlife":38}
{"astar_ms":0.0,"buildings":15,"can_occupy_ms":0.0,"fine_build_ms":0.0,"fine_cells":0,"frame":2100,"grid_refresh":0,"grid_refresh_ms":0.0,"move_step_ms":0.0,"ms":5.6,"path_between_ms":0.0,"path_to_range_ms":0.0,"ptr_coarse_ms":0.0,"ptr_refine_ms":0.0,"rev":17,"rev_delta":0,"units":24,"wildlife":38}
