Godot Engine v4.7.2.stable.custom_build.ed1daf0bf (2026-08-17 01:18:38 UTC) - https://godotengine.org

PARALLEL_PROGRESS {"batch_ms":94.793,"matches_serial":true,"mode":"arithmetic_control","pass":1,"snapshot_ms":0.014,"worker_ids":[1],"workers":0}
PARALLEL_PROGRESS {"batch_ms":89.364,"matches_serial":true,"mode":"arithmetic_control","pass":1,"snapshot_ms":0.037,"worker_ids":[4],"workers":1}
PARALLEL_PROGRESS {"batch_ms":50.5,"matches_serial":true,"mode":"arithmetic_control","pass":1,"snapshot_ms":0.027,"worker_ids":[5,6],"workers":2}
PARALLEL_PROGRESS {"batch_ms":56.763,"matches_serial":true,"mode":"arithmetic_control","pass":1,"snapshot_ms":0.061,"worker_ids":[7,8,8,7],"workers":4}
PARALLEL_PROGRESS {"batch_ms":57.547,"matches_serial":true,"mode":"arithmetic_control","pass":2,"snapshot_ms":0.055,"worker_ids":[7,8,7,8],"workers":4}
PARALLEL_PROGRESS {"batch_ms":61.082,"matches_serial":true,"mode":"arithmetic_control","pass":2,"snapshot_ms":0.052,"worker_ids":[7,8],"workers":2}
PARALLEL_PROGRESS {"batch_ms":78.908,"matches_serial":true,"mode":"arithmetic_control","pass":2,"snapshot_ms":0.041,"worker_ids":[10],"workers":1}
PARALLEL_PROGRESS {"batch_ms":101.361,"matches_serial":true,"mode":"arithmetic_control","pass":2,"snapshot_ms":0.034,"worker_ids":[1],"workers":0}
PARALLEL_PROGRESS {"batch_ms":733.799,"matches_serial":true,"mode":"grid","pass":1,"snapshot_ms":11.915,"worker_ids":[1],"workers":0}
PARALLEL_PROGRESS {"batch_ms":577.23,"matches_serial":true,"mode":"grid","pass":1,"snapshot_ms":43.344,"worker_ids":[11],"workers":1}
PARALLEL_PROGRESS {"batch_ms":437.198,"matches_serial":true,"mode":"grid","pass":1,"snapshot_ms":29.471,"worker_ids":[12,4],"workers":2}
PARALLEL_PROGRESS {"batch_ms":466.252,"matches_serial":true,"mode":"grid","pass":1,"snapshot_ms":49.092,"worker_ids":[6,5,5,6],"workers":4}
PARALLEL_PROGRESS {"batch_ms":417.768,"matches_serial":true,"mode":"grid","pass":2,"snapshot_ms":43.765,"worker_ids":[5,6,6,5],"workers":4}
PARALLEL_PROGRESS {"batch_ms":418.916,"matches_serial":true,"mode":"grid","pass":2,"snapshot_ms":65.977,"worker_ids":[5,6],"workers":2}
PARALLEL_PROGRESS {"batch_ms":529.807,"matches_serial":true,"mode":"grid","pass":2,"snapshot_ms":22.379,"worker_ids":[7],"workers":1}
PARALLEL_PROGRESS {"batch_ms":589.771,"matches_serial":true,"mode":"grid","pass":2,"snapshot_ms":24.676,"worker_ids":[1],"workers":0}
PARALLEL_PROGRESS {"batch_ms":1194.906,"matches_serial":true,"mode":"recovery","pass":1,"snapshot_ms":93.648,"successful_routes":79,"worker_ids":[1],"workers":0}
PARALLEL_PROGRESS {"batch_ms":1047.376,"matches_serial":true,"mode":"recovery","pass":1,"snapshot_ms":9.531,"successful_routes":79,"worker_ids":[8],"workers":1}
PARALLEL_PROGRESS {"batch_ms":956.014,"matches_serial":true,"mode":"recovery","pass":1,"snapshot_ms":14.352,"successful_routes":79,"worker_ids":[10,11],"workers":2}
PARALLEL_PROGRESS {"batch_ms":862.474,"matches_serial":true,"mode":"recovery","pass":1,"snapshot_ms":26.427,"successful_routes":79,"worker_ids":[12,4,4,12],"workers":4}
PARALLEL_PROGRESS {"batch_ms":914.955,"matches_serial":true,"mode":"recovery","pass":2,"snapshot_ms":54.505,"successful_routes":79,"worker_ids":[12,4,4,12],"workers":4}
PARALLEL_PROGRESS {"batch_ms":842.629,"matches_serial":true,"mode":"recovery","pass":2,"snapshot_ms":27.497,"successful_routes":79,"worker_ids":[12,4],"workers":2}
PARALLEL_PROGRESS {"batch_ms":1148.258,"matches_serial":true,"mode":"recovery","pass":2,"snapshot_ms":9.477,"successful_routes":79,"worker_ids":[5],"workers":1}
PARALLEL_PROGRESS {"batch_ms":1150.476,"matches_serial":true,"mode":"recovery","pass":2,"snapshot_ms":6.285,"successful_routes":79,"worker_ids":[1],"workers":0}
NAVIGATION_PARALLEL_POC {"buildings":6,"deer":8,"failures":0,"high_priority":false,"requests":80,"runs":[{"batch_ms":94.793,"matches_serial":true,"mode":"arithmetic_control","pass":1,"snapshot_ms":0.014,"worker_ids":[1],"workers":0},{"batch_ms":89.364,"matches_serial":true,"mode":"arithmetic_control","pass":1,"snapshot_ms":0.037,"worker_ids":[4],"workers":1},{"batch_ms":50.5,"matches_serial":true,"mode":"arithmetic_control","pass":1,"snapshot_ms":0.027,"worker_ids":[5,6],"workers":2},{"batch_ms":56.763,"matches_serial":true,"mode":"arithmetic_control","pass":1,"snapshot_ms":0.061,"worker_ids":[7,8,8,7],"workers":4},{"batch_ms":57.547,"matches_serial":true,"mode":"arithmetic_control","pass":2,"snapshot_ms":0.055,"worker_ids":[7,8,7,8],"workers":4},{"batch_ms":61.082,"matches_serial":true,"mode":"arithmetic_control","pass":2,"snapshot_ms":0.052,"worker_ids":[7,8],"workers":2},{"batch_ms":78.908,"matches_serial":true,"mode":"arithmetic_control","pass":2,"snapshot_ms":0.041,"worker_ids":[10],"workers":1},{"batch_ms":101.361,"matches_serial":true,"mode":"arithmetic_control","pass":2,"snapshot_ms":0.034,"worker_ids":[1],"workers":0},{"async":true,"batch_ms":54.694,"main_loop_ticks":3,"main_submit_ms":0.086,"matches_serial":true,"max_main_tick_gap_ms":41.369,"mode":"arithmetic_control","workers":4},{"batch_ms":733.799,"matches_serial":true,"mode":"grid","pass":1,"snapshot_ms":11.915,"worker_ids":[1],"workers":0},{"batch_ms":577.23,"matches_serial":true,"mode":"grid","pass":1,"snapshot_ms":43.344,"worker_ids":[11],"workers":1},{"batch_ms":437.198,"matches_serial":true,"mode":"grid","pass":1,"snapshot_ms":29.471,"worker_ids":[12,4],"workers":2},{"batch_ms":466.252,"matches_serial":true,"mode":"grid","pass":1,"snapshot_ms":49.092,"worker_ids":[6,5,5,6],"workers":4},{"batch_ms":417.768,"matches_serial":true,"mode":"grid","pass":2,"snapshot_ms":43.765,"worker_ids":[5,6,6,5],"workers":4},{"batch_ms":418.916,"matches_serial":true,"mode":"grid","pass":2,"snapshot_ms":65.977,"worker_ids":[5,6],"workers":2},{"batch_ms":529.807,"matches_serial":true,"mode":"grid","pass":2,"snapshot_ms":22.379,"worker_ids":[7],"workers":1},{"batch_ms":589.771,"matches_serial":true,"mode":"grid","pass":2,"snapshot_ms":24.676,"worker_ids":[1],"workers":0},{"async":true,"batch_ms":562.073,"main_loop_ticks":68,"main_submit_ms":0.01,"matches_serial":true,"max_main_tick_gap_ms":19.139,"mode":"grid","workers":4},{"batch_ms":1194.906,"matches_serial":true,"mode":"recovery","pass":1,"snapshot_ms":93.648,"successful_routes":79,"worker_ids":[1],"workers":0},{"batch_ms":1047.376,"matches_serial":true,"mode":"recovery","pass":1,"snapshot_ms":9.531,"successful_routes":79,"worker_ids":[8],"workers":1},{"batch_ms":956.014,"matches_serial":true,"mode":"recovery","pass":1,"snapshot_ms":14.352,"successful_routes":79,"worker_ids":[10,11],"workers":2},{"batch_ms":862.474,"matches_serial":true,"mode":"recovery","pass":1,"snapshot_ms":26.427,"successful_routes":79,"worker_ids":[12,4,4,12],"workers":4},{"batch_ms":914.955,"matches_serial":true,"mode":"recovery","pass":2,"snapshot_ms":54.505,"successful_routes":79,"worker_ids":[12,4,4,12],"workers":4},{"batch_ms":842.629,"matches_serial":true,"mode":"recovery","pass":2,"snapshot_ms":27.497,"successful_routes":79,"worker_ids":[12,4],"workers":2},{"batch_ms":1148.258,"matches_serial":true,"mode":"recovery","pass":2,"snapshot_ms":9.477,"successful_routes":79,"worker_ids":[5],"workers":1},{"batch_ms":1150.476,"matches_serial":true,"mode":"recovery","pass":2,"snapshot_ms":6.285,"successful_routes":79,"worker_ids":[1],"workers":0},{"async":true,"batch_ms":861.211,"main_loop_ticks":101,"main_submit_ms":0.013,"matches_serial":true,"max_main_tick_gap_ms":24.848,"mode":"recovery","workers":4}]}
