Godot Engine v4.7.2.stable.custom_build.ed1daf0bf (2026-08-17 01:18:38 UTC) - https://godotengine.org

POC_PASS sealed_origin_stays_unreachable 
POC_PASS sealed_origin_stays_unreachable 
POC_PASS sealed_origin_stays_unreachable 
POC_PASS sealed_origin_stays_unreachable 
POC_PASS sealed_origin_stays_unreachable 
POC_PASS sealed_origin_stays_unreachable 
POC_PASS sealed_origin_stays_unreachable 
POC_PASS sealed_origin_stays_unreachable 
POC_PASS sealed_origin_stays_unreachable 
POC_PASS sealed_origin_stays_unreachable 
POC_PASS sealed_origin_stays_unreachable 
POC_PASS sealed_origin_stays_unreachable 
POC_PASS sealed_origin_stays_unreachable 
POC_PASS sealed_origin_stays_unreachable 
POC_PASS sealed_origin_stays_unreachable 
POC_PASS sealed_origin_stays_unreachable 
POC_PASS sealed_origin_stays_unreachable 
POC_PASS sealed_origin_stays_unreachable 
POC_PASS sealed_origin_stays_unreachable 
POC_PASS sealed_origin_stays_unreachable 
POC_PASS sealed_origin_stays_unreachable 
POC_PASS sealed_origin_stays_unreachable 
POC_PASS sealed_origin_stays_unreachable 
POC_PASS sealed_origin_stays_unreachable 
POC_PASS sealed_origin_stays_unreachable 
POC_PASS sealed_origin_stays_unreachable 
POC_PASS sealed_origin_stays_unreachable 
POC_PASS sealed_origin_stays_unreachable 
POC_PASS sealed_origin_stays_unreachable 
POC_PASS sealed_origin_stays_unreachable 
POC_PASS sealed_origin_stays_unreachable 
POC_PASS sealed_origin_stays_unreachable 
POC_PASS sealed_origin_stays_unreachable 
POC_PASS sealed_origin_stays_unreachable 
POC_PASS sealed_origin_stays_unreachable 
POC_PASS sealed_origin_stays_unreachable 
POC_PASS sealed_origin_stays_unreachable 
POC_PASS sealed_origin_stays_unreachable 
POC_PASS sealed_origin_stays_unreachable 
POC_PASS sealed_origin_stays_unreachable 
RANGE_CORNER_POC {"first_sweeps":16,"sweeps":16,"us":5322}
POC_PASS range_candidates_reuse_origin_visibility 
POC_PASS opening_wall_invalidates_negative_attachments 
POC_PASS strict_corner_fallback_rejects_overlapped_origin 
POC_PASS invalid_endpoint_does_not_build_world_corner_graph 
POC_PASS ordinary_resource_overlap_escape_is_preserved 
NAVIGATION_RANGE_CORNER_POC checks=45 failures=0
