Godot Engine v4.7.2.stable.custom_build.ed1daf0bf (2026-08-17 01:18:38 UTC) - https://godotengine.org

2026-10-02 11:39:05.742 godot.macos.template_debug.arm64[1014:22598228] XType: Using static font registry.
POC_PASS b21_all_96_sites_are_legal 
POC_PASS b21_all_seven_initial_positions_are_clear 
POC_PASS b21_all_96_sites_complete_at_original_deadline 
POC_PASS b21_all_seven_finish_queues_at_original_deadline 
POC_PASS b21_no_teleport 
POC_PASS b21_never_overlaps_allies 
POC_FAIL b21_build_travelling_yield_policy 
POC_PASS b21_build_travelling_preserves_job 
POC_PASS b21_build_travelling_safe_bounded_motion 
POC_PASS b21_build_working_yield_policy 
POC_PASS b21_build_working_preserves_job 
POC_PASS b21_build_working_safe_bounded_motion 
POC_PASS b21_build_not_stalled_yield_policy 
POC_PASS b21_build_not_stalled_preserves_job 
POC_PASS b21_build_not_stalled_safe_bounded_motion 
POC_PASS b21_build_hold_yield_policy 
POC_PASS b21_build_hold_preserves_job 
POC_PASS b21_build_hold_safe_bounded_motion 
POC_PASS b21_build_enemy_yield_policy 
POC_PASS b21_build_enemy_preserves_job 
POC_PASS b21_build_enemy_safe_bounded_motion 
POC_PASS b21_build_lower_priority_yield_policy 
POC_PASS b21_build_lower_priority_preserves_job 
POC_PASS b21_build_lower_priority_safe_bounded_motion 
POC_PASS b21_build_invalid_goal_yield_policy 
POC_PASS b21_build_invalid_goal_preserves_job 
POC_PASS b21_build_invalid_goal_safe_bounded_motion 
POC_PASS b21_build_invalid_target_yield_policy 
POC_PASS b21_build_invalid_target_preserves_job 
POC_PASS b21_build_invalid_target_safe_bounded_motion 
POC_FAIL b21_repair_travelling_yield_policy 
POC_PASS b21_repair_travelling_preserves_job 
POC_PASS b21_repair_travelling_safe_bounded_motion 
POC_PASS b21_repair_working_yield_policy 
POC_PASS b21_repair_working_preserves_job 
POC_PASS b21_repair_working_safe_bounded_motion 
POC_PASS b21_repair_not_stalled_yield_policy 
POC_PASS b21_repair_not_stalled_preserves_job 
POC_PASS b21_repair_not_stalled_safe_bounded_motion 
POC_PASS b21_repair_hold_yield_policy 
POC_PASS b21_repair_hold_preserves_job 
POC_PASS b21_repair_hold_safe_bounded_motion 
POC_PASS b21_repair_enemy_yield_policy 
POC_PASS b21_repair_enemy_preserves_job 
POC_PASS b21_repair_enemy_safe_bounded_motion 
POC_PASS b21_repair_lower_priority_yield_policy 
POC_PASS b21_repair_lower_priority_preserves_job 
POC_PASS b21_repair_lower_priority_safe_bounded_motion 
POC_PASS b21_repair_invalid_goal_yield_policy 
POC_PASS b21_repair_invalid_goal_preserves_job 
POC_PASS b21_repair_invalid_goal_safe_bounded_motion 
POC_PASS b21_repair_invalid_target_yield_policy 
POC_PASS b21_repair_invalid_target_preserves_job 
POC_PASS b21_repair_invalid_target_safe_bounded_motion 
POC_FAIL b21_gather_travelling_yield_policy 
POC_PASS b21_gather_travelling_preserves_job 
POC_PASS b21_gather_travelling_safe_bounded_motion 
POC_PASS b21_gather_working_yield_policy 
POC_PASS b21_gather_working_preserves_job 
POC_PASS b21_gather_working_safe_bounded_motion 
POC_PASS b21_gather_not_stalled_yield_policy 
POC_PASS b21_gather_not_stalled_preserves_job 
POC_PASS b21_gather_not_stalled_safe_bounded_motion 
POC_PASS b21_gather_hold_yield_policy 
POC_PASS b21_gather_hold_preserves_job 
POC_PASS b21_gather_hold_safe_bounded_motion 
POC_PASS b21_gather_enemy_yield_policy 
POC_PASS b21_gather_enemy_preserves_job 
POC_PASS b21_gather_enemy_safe_bounded_motion 
POC_PASS b21_gather_lower_priority_yield_policy 
POC_PASS b21_gather_lower_priority_preserves_job 
POC_PASS b21_gather_lower_priority_safe_bounded_motion 
POC_PASS b21_gather_invalid_goal_yield_policy 
POC_PASS b21_gather_invalid_goal_preserves_job 
POC_PASS b21_gather_invalid_goal_safe_bounded_motion 
POC_PASS b21_gather_invalid_target_yield_policy 
POC_PASS b21_gather_invalid_target_preserves_job 
POC_PASS b21_gather_invalid_target_safe_bounded_motion 
EXPLORATION_B21_WORK_YIELD checks=78 failures=3
WARNING: 2 ObjectDB instances were leaked at exit (run with `--verbose` for details).
   at: cleanup (core/object/object.cpp:2536)
