Godot Engine v4.7.2.stable.custom_build.ed1daf0bf (2026-08-17 01:18:38 UTC) - https://godotengine.org

DEER_MOVEMENT_POC delta=0.00833 max_step=0.667 allowed=0.667 early_reversals=0
POC_PASS deer_movement_is_speed_bounded 
POC_PASS escape_persists_between_threat_scans 
POC_PASS deer_escapes_threat 
POC_PASS dead_deer_stays_still 
DEER_MOVEMENT_POC delta=0.01667 max_step=1.333 allowed=1.333 early_reversals=0
POC_PASS deer_movement_is_speed_bounded 
POC_PASS escape_persists_between_threat_scans 
POC_PASS deer_escapes_threat 
POC_PASS dead_deer_stays_still 
DEER_MOVEMENT_POC delta=0.03333 max_step=2.667 allowed=2.667 early_reversals=0
POC_PASS deer_movement_is_speed_bounded 
POC_PASS escape_persists_between_threat_scans 
POC_PASS deer_escapes_threat 
POC_PASS dead_deer_stays_still 
DEER_MOVEMENT_POC delta=0.20000 max_step=16.000 allowed=16.000 early_reversals=0
POC_PASS deer_movement_is_speed_bounded 
POC_PASS escape_persists_between_threat_scans 
POC_PASS deer_escapes_threat 
POC_PASS dead_deer_stays_still 
POC_PASS wander_starts_without_snapping 
POC_PASS villager_does_not_frighten_deer 
POC_PASS long_frame_cannot_jump_across_water 
POC_PASS herd_grazing_is_not_synchronized 
POC_PASS grazing_is_stationary_with_lowered_head 
POC_PASS deer_alternates_short_walks_and_grazing 
POC_PASS wandering_stays_local_and_speed_bounded 
POC_PASS standing_deer_does_not_tread_in_place 
POC_PASS grazing_deer_turns_away_from_threat 
POC_PASS escape_accelerates_from_rest 
POC_PASS escape_raises_head_and_starts_stride 
POC_PASS escape_settles_at_new_grazing_area 
POC_PASS escape_finishes_without_sliding_back 
POC_PASS pause_freezes_deer_movement_and_animation 
POC_PASS dead_deer_does_not_animate 
DEER_MOVEMENT_POC checks=31 failures=0
