Godot Engine v4.7.2.stable.custom_build.ed1daf0bf (2026-08-17 01:18:38 UTC) - https://godotengine.org

CASE {"evidence":{"dt":0.1,"expected":41.7,"hp_after":141.7,"hp_before":38.6666666666667,"undamaged_before":138.666666666667},"id":"construction_damage","status":"bug"}
CASE {"evidence":{"dt":0.0,"expected":38.6666666666667,"hp_after":138.666666666667,"hp_before":38.6666666666667,"undamaged_before":138.666666666667},"id":"construction_zero","status":"bug"}
CASE {"evidence":{"dt":0.1,"expected":81.7,"hp_after":141.7,"hp_before":78.6666666666667,"undamaged_before":138.666666666667},"id":"construction_repair","status":"bug"}
CASE {"evidence":{"gold_gain_in_10_ticks":120,"home":"(760.0, 600.0)","position":"(1200.0, 600.0)","post":"(1200.0, 600.0)"},"id":"trade_reissue","status":"bug"}
CASE {"evidence":{"gold_gain_in_10_ticks":60,"home":"(760.0, 600.0)","position":"(760.0, 600.0)","post":"(760.0, 600.0)"},"id":"trade_overlap","status":"bug"}
CASE {"evidence":{"available":true,"carrier_valid":false},"id":"elimination_relic","status":"pass"}
CASE {"evidence":{"available":true,"carrier_valid":false},"id":"death_relic","status":"pass"}
CASE {"evidence":{"available":true,"position":"(1105.0, 800.0)"},"id":"destroy_monastery","status":"pass"}
CASE {"evidence":{"admitted":true,"capacity":10,"slots_after_death":1},"id":"dead_garrison_slot","status":"bug"}
CASE {"evidence":{"admitted":true,"slots_after_death":1},"id":"dead_passenger_slot","status":"bug"}
CASE {"evidence":{"admitted":true,"kind":"warship","tags":["naval","military","ranged","heavy"]},"id":"naval_garrison","status":"bug"}
CASE {"evidence":{"admitted":false,"kind":"monk","tags":["religious","light"]},"id":"monk_garrison","status":"bug"}
CASE {"evidence":{"hp_after":80.0,"hp_before":90.0,"new_owner":0},"id":"conversion_projectile","status":"bug"}
CASE {"evidence":{"converted_owner":0,"home_owner":1,"original_market":1,"resumed_without_own_market":true},"id":"conversion_trader","status":"bug"}
CASE {"evidence":{"official_count_after_conversion":5},"id":"conversion_official_limit","status":"bug"}
CASE {"evidence":{"new_owner":0,"still_on_enemy_wall":true,"wall_owner":1},"id":"conversion_wall","status":"bug"}
CASE {"evidence":{"distance":20.0,"min_range":82.5,"range":480.0,"shots":1},"id":"ground_min_range","status":"bug"}
CASE {"evidence":{"activated":true,"cooldown":0.0,"ready_after_shot":true,"shots":1},"id":"ground_artillery_ability","status":"bug"}
CASE {"evidence":{"cap":10,"unit_count_after":13,"unit_count_before":12,"used":14},"id":"population_house_loss","status":"bug"}
CASE {"evidence":{"original_worker":"gather","trained_order":"idle"},"id":"rally_full_farm","status":"bug"}
CASE {"evidence":{"queue_size":0,"units_after":12,"units_before":12},"id":"rally_dead_fish","status":"bug"}
CASE {"evidence":{"builders":0,"placed":true,"wood_spent":80},"id":"garrison_builders","status":"bug"}
CASE {"evidence":{"first":"gather","second":"idle"},"id":"farm_exclusive","status":"pass"}
CASE {"evidence":{"after":10000,"before":10000,"double_cancel":false},"id":"cancel_refund","status":"pass"}
CASE {"evidence":{"gold_delta":-350},"id":"market_roundtrip","status":"pass"}
CASE {"evidence":{"destination":"(1200.0, 650.0)","order":"move"},"id":"queued_invalid_target","status":"pass"}
CASE {"evidence":{"defeated":[1],"holder":1,"site_owner_after_elimination":1,"teams":[0,1,2,3]},"id":"team_sacred_elimination","status":"bug"}
CASE {"evidence":{"base_hp":850.0,"hp_after_destroy":850.0,"hp_with_landmark":850.0},"id":"gatehouse_destroyed","status":"bug"}
CASE {"evidence":{"armor_after":5.0,"armor_before":5.0,"shield_timer_after_stop":99999.0},"id":"pavise_stop","status":"pass"}
CASE {"evidence":{"converted":true,"position_unchanged":true,"vertical":true},"id":"wall_vertical_gate","status":"pass"}
CASE {"evidence":{"passenger_survived":false},"id":"transport_deep_death","status":"pass"}
CASE {"evidence":{"dt":4.0,"expected":160.0,"hp_after":260.0,"hp_before":38.6666666666667,"undamaged_before":138.666666666667},"id":"construction_completion_damage","status":"bug"}
EXPLORATION_COMPLETE cases=32 bugs=22
SCRIPT ERROR: Invalid type in function 'spawn_unit' in base 'Node2D (game.gd)'. The Object-derived class of argument 5 (previously freed) is not a subclass of the expected argument class.
          at: RtsBuilding._process (res://scripts/entities/building.gd:386)
          GDScript backtrace (most recent call first):
              [0] _process (res://scripts/entities/building.gd:386)
              [1] run_case (res://poc/exploration-2026-10-02/explore.gd:212)
