Godot Engine v4.7.2.stable.custom_build.ed1daf0bf (2026-08-17 01:18:38 UTC) - https://godotengine.org

POC_PASS farm_repair_completes hp=170.0/170.0 pos=(354.9541, 648.5454)
POC_PASS farm_repair_queue_advances idle
POC_PASS blacksmith_repair_completes hp=650.0/650.0 pos=(355.605, 648.2711)
POC_PASS blacksmith_repair_queue_advances idle
POC_PASS monastery_repair_completes hp=460.0/460.0 pos=(356.3117, 648.0243)
POC_PASS monastery_repair_queue_advances idle
POC_PASS keep_repair_completes hp=1500.0/1500.0 pos=(356.2929, 647.9582)
POC_PASS keep_repair_queue_advances idle
POC_PASS wonder_repair_completes hp=2100.0/2100.0 pos=(356.3488, 647.6916)
POC_PASS wonder_repair_queue_advances idle
POC_PASS dense_1_workers_build_all 8/8 in 0.06s
POC_PASS dense_1_workers_finish_queues 1/1
POC_PASS dense_1_workers_no_teleport 
POC_PASS dense_12_workers_build_all 96/96 in 1.10s
POC_PASS dense_12_workers_finish_queues 12/12
POC_PASS dense_12_workers_no_teleport 
POC_PASS dense_48_workers_build_all 96/96 in 7.21s
POC_PASS dense_48_workers_finish_queues 48/48
POC_PASS dense_48_workers_no_teleport 
POC_PASS dense_96_workers_build_all 96/96 in 20.03s
POC_FAIL dense_96_workers_finish_queues 91/96
STUCK order=move pos=(1576.542, 823.9855) goal=(1590.0, 830.0) queue=0 route=[(1091.819, 717.1485), (1135.714, 707.1429), (1192.857, 707.1429), (1250.0, 707.1429), (1300.0, 714.2857), (1357.143, 721.4286), (1414.286, 750.0), (1471.428, 771.4286), (1528.571, 800.0), (1585.714, 828.5714), (1590.0, 830.0)]
STUCK order=move pos=(1587.259, 884.4113) goal=(1670.0, 920.0) queue=0 route=[(1088.883, 773.0291), (1100.0, 721.4286), (1114.286, 707.1429), (1171.428, 707.1429), (1228.571, 707.1429), (1285.714, 707.1429), (1342.857, 757.1429), (1400.0, 800.0), (1457.143, 821.4286), (1514.286, 850.0), (1571.428, 878.5714), (1628.571, 900.0), (1670.0, 920.0)]
STUCK order=move pos=(1540.89, 815.9052) goal=(1750.0, 920.0) queue=0 route=[(1106.014, 784.2897), (1107.143, 735.7143), (1107.143, 707.1429), (1164.286, 707.1429), (1221.428, 707.1429), (1278.571, 707.1429), (1335.714, 735.7143), (1392.857, 757.1429), (1450.0, 785.7143), (1507.143, 814.2858), (1564.286, 835.7143), (1621.428, 864.2858), (1678.571, 885.7143), (1735.714, 914.2858), (1750.0, 920.0)]
STUCK order=move pos=(1616.076, 756.6885) goal=(1790.0, 830.0) queue=0 route=[(1111.414, 782.2225), (1107.143, 735.7143), (1107.143, 707.1429), (1164.286, 707.1429), (1221.428, 707.1429), (1278.571, 707.1429), (1335.714, 707.1429), (1392.857, 707.1429), (1450.0, 707.1429), (1507.143, 707.1429), (1564.286, 721.4286), (1621.428, 750.0), (1678.571, 778.5714), (1735.714, 800.0), (1792.857, 828.5714), (1790.0, 830.0)]
STUCK order=move pos=(1753.136, 902.9487) goal=(1790.0, 920.0) queue=0 route=[(1103.337, 711.7856), (1150.0, 707.1429), (1207.143, 707.1429), (1264.286, 707.1429), (1307.143, 714.2857), (1364.286, 728.5715), (1421.428, 750.0), (1478.571, 778.5714), (1535.714, 807.1429), (1592.857, 828.5714), (1650.0, 857.1429), (1707.143, 885.7143), (1764.286, 907.1429), (1790.0, 920.0)]
POC_PASS dense_96_workers_no_teleport 
POC_FAIL farm_1_workers_use_assigned_farms 0 working
POC_FAIL farm_4_workers_use_assigned_farms 0 working
POC_FAIL farm_8_workers_use_assigned_farms 0 working
POC_FAIL trader_completes_multiple_round_trips legs=1 pos=(1267.296, 667.2963)
POC_PASS deleted_queued_build_is_skipped 
POC_PASS sealed_jobs_wait_and_preserve_queues 
POC_PASS sealed_jobs_do_not_work_through_barrier 
POC_PASS demolition_wakes_all_repair_jobs 
POC_PASS demolition_all_queues_finish 
NAVIGATION_TASKS_POC checks=31 failures=5
