Godot Engine v4.7.2.stable.custom_build.ed1daf0bf (2026-08-17 01:18:38 UTC) - https://godotengine.org

CASE {"evidence":{"gold_gain_in_10_ticks":120,"home":"(760.0, 600.0)","position":"(1200.0, 600.0)","post":"(1200.0, 600.0)"},"id":"trade_reissue","status":"bug"}
CASE {"evidence":{"admitted":true,"kind":"warship","tags":["naval","military","ranged","heavy"]},"id":"naval_garrison","status":"observation"}
CASE {"evidence":{"hp_after":80.0,"hp_before":90.0,"new_owner":0},"id":"conversion_projectile","status":"bug"}
CASE {"evidence":{"converted_owner":0,"home_owner":1,"original_market":1,"resumed_without_own_market":true},"id":"conversion_trader","status":"bug"}
CASE {"evidence":{"distance":20.0,"min_range":82.5,"range":480.0,"shots":1},"id":"ground_min_range","status":"bug"}
CASE {"evidence":{"activated":true,"cooldown":0.0,"ready_after_shot":true,"shots":1},"id":"ground_artillery_ability","status":"bug"}
CASE {"evidence":{"original_worker":"gather","trained_order":"idle"},"id":"rally_full_farm","status":"bug"}
SCRIPT ERROR: Invalid type in function 'spawn_unit' in base 'Node2D (game.gd)'. The Object-derived class of argument 5 (previously freed) is not a subclass of the expected argument class.
          at: RtsBuilding._process (res://scripts/entities/building.gd:386)
          GDScript backtrace (most recent call first):
              [0] _process (res://scripts/entities/building.gd:386)
              [1] run_case (res://poc/exploration-2026-10-02/explore.gd:237)
CASE {"evidence":{"queue_size":0,"units_after":12,"units_before":12},"id":"rally_dead_fish","status":"bug"}
CASE {"evidence":{"distance_to_market":68.0,"income_on_return":0,"market_half_width":56.0,"order":"trade","returning":true,"trader_radius":11.0},"id":"trade_return_market","status":"bug"}
CASE {"evidence":{"building_size":"(144.0, 144.0)","distance":87.25,"official_order":"supervise","radius":11.0,"work_rate":1.0},"id":"supervise_town_center","status":"bug"}
CASE {"evidence":{"building_size":"(112.0, 104.0)","distance":71.25,"official_order":"supervise","radius":11.0,"work_rate":1.0},"id":"supervise_barracks","status":"bug"}
SCRIPT ERROR: Invalid type in function 'spawn_unit' in base 'Node2D (game.gd)'. The Object-derived class of argument 5 (previously freed) is not a subclass of the expected argument class.
          at: RtsBuilding._process (res://scripts/entities/building.gd:386)
          GDScript backtrace (most recent call first):
              [0] _process (res://scripts/entities/building.gd:386)
              [1] run_case (res://poc/exploration-2026-10-02/explore.gd:353)
CASE {"evidence":{"queue_after":0,"units_after":12,"units_before":12},"id":"rally_dead_tree","status":"bug"}
SCRIPT ERROR: Invalid type in function 'spawn_unit' in base 'Node2D (game.gd)'. The Object-derived class of argument 5 (previously freed) is not a subclass of the expected argument class.
          at: RtsBuilding._process (res://scripts/entities/building.gd:386)
          GDScript backtrace (most recent call first):
              [0] _process (res://scripts/entities/building.gd:386)
              [1] run_case (res://poc/exploration-2026-10-02/explore.gd:353)
CASE {"evidence":{"queue_after":0,"units_after":12,"units_before":12},"id":"rally_dead_farm","status":"bug"}
CASE {"evidence":{"enabled_build_buttons":11,"garrisoned":true,"selected":true,"wood_spent":80,"worker_order":"idle"},"id":"selection_after_garrison","status":"bug"}
CASE {"evidence":{"enemy_detected":false,"enemy_position":"(2000.0, 1900.0)","live_route_goal":"(2000.0, 1900.0)","order":"attack","still_tracks_enemy":true},"id":"hidden_attack_tracking","status":"bug"}
CASE {"evidence":{"defeated":[1],"game_over":true,"remaining":0.0,"sacred_holder":1},"id":"sacred_eliminated_wins","status":"bug"}
CASE {"evidence":{"commands_after":0,"commands_before":0,"new_owner":0},"id":"conversion_selection","status":"bug"}
CASE {"evidence":{"alternative_distance":-1.0,"alternative_exists":false,"order_after_activation":"idle","queued_gather_commands":0},"id":"queued_farm_frees_later","status":"bug"}
CASE {"evidence":{"alternative_distance":144.222045898438,"alternative_exists":true,"order_after_activation":"idle","queued_gather_commands":0},"id":"queued_farm_alternative","status":"bug"}
CASE {"evidence":{"construction_progress_seconds":0.999999999999996,"expected":72.8833333333332,"hp_after":112.883333333333,"hp_before":42.55,"worker_order":"build"},"id":"construction_real_worker","status":"bug"}
CASE {"evidence":{"detected":false,"patch_position":"(1079.012, 2286.993)","teams":[0,1,0,1],"terrain_visible":true,"unit_owner":2,"visible":false},"id":"allied_forest_visibility","status":"bug"}
CASE {"evidence":{"detected":false,"patch_position":"(1079.012, 2286.993)","teams":[0,1,0,1],"terrain_visible":true,"unit_owner":1,"visible":false},"id":"allied_scout_detection","status":"bug"}
CASE {"evidence":{"detected":true,"patch_position":"(1079.012, 2286.993)","teams":[0,1,0,1],"terrain_visible":true,"unit_owner":1,"visible":true},"id":"own_scout_detection","status":"pass"}
CASE {"evidence":{"hp_after":60.0,"hp_before":60.0,"same_team":true,"unit_owner":2},"id":"monk_heal_teammate","status":"bug"}
CASE {"evidence":{"hp_after":67.0,"hp_before":60.0,"same_team":true,"unit_owner":0},"id":"monk_heal_own","status":"pass"}
CASE {"evidence":{"bonus_active":false,"distance":197.989898681641,"influence_limit":180.0,"keep_position":"(2120.0, 1200.0)","stable_position":"(2260.0, 1060.0)"},"id":"french_keep_influence_snap","status":"bug"}
EXPLORATION_COMPLETE cases=26 bugs=23
