Godot Engine v4.7.2.stable.custom_build.ed1daf0bf (2026-08-17 01:18:38 UTC) - https://godotengine.org

FAIL other_builder_uses_free_nearby_farm
FAIL full_farms_send_surplus_builder_to_construction
FAIL matching_resource_precedes_construction_mill_food_sheep
FAIL matching_resource_precedes_construction_mill_food_berries
FAIL matching_resource_precedes_construction_lumber_camp_wood_
FAIL matching_resource_precedes_construction_mining_camp_gold_
FAIL matching_resource_precedes_construction_mining_camp_stone_
FAIL mine_uses_nearest_of_gold_and_stone
FAIL no_usable_resource_resumes_owned_unfinished_building_house
FAIL no_usable_resource_resumes_owned_unfinished_building_mill
FAIL no_usable_resource_resumes_owned_unfinished_building_lumber_camp
FAIL no_usable_resource_resumes_owned_unfinished_building_mining_camp
FAIL hidden_resources_are_skipped
FAIL unreachable_resource_is_skipped
FAIL unreachable_construction_is_skipped
FAIL explicit_queue_precedes_automatic_work_farm
FAIL explicit_queue_precedes_automatic_work_mill
FAIL explicit_queue_precedes_automatic_work_house
VILLAGER_POST_CONSTRUCTION checks=50 failures=18
