Godot Engine v4.7.2.stable.custom_build.ed1daf0bf (2026-08-17 01:18:38 UTC) - https://godotengine.org

CASE {"evidence":{"distance_to_market":68.0,"income_on_return":0,"market_half_width":56.0,"order":"trade","returning":true,"trader_radius":11.0},"id":"trade_return_market","status":"bug"}
CASE {"evidence":{"building_size":"(144.0, 144.0)","distance":87.25,"official_order":"supervise","radius":11.0,"work_rate":1.0},"id":"supervise_town_center","status":"bug"}
CASE {"evidence":{"building_size":"(112.0, 104.0)","distance":71.25,"official_order":"supervise","radius":11.0,"work_rate":1.0},"id":"supervise_barracks","status":"bug"}
SCRIPT ERROR: Invalid type in function 'spawn_unit' in base 'Node2D (game.gd)'. The Object-derived class of argument 5 (previously freed) is not a subclass of the expected argument class.
   at: RtsBuilding._process (res://scripts/entities/building.gd:386)
   GDScript backtrace (most recent call first):
       [0] _process (res://scripts/entities/building.gd:386)
       [1] run_case (res://poc/exploration-2026-10-02/explore.gd:353)
CASE {"evidence":{"queue_after":0,"units_after":12,"units_before":12},"id":"rally_dead_tree","status":"bug"}
SCRIPT ERROR: Invalid type in function 'spawn_unit' in base 'Node2D (game.gd)'. The Object-derived class of argument 5 (previously freed) is not a subclass of the expected argument class.
   at: RtsBuilding._process (res://scripts/entities/building.gd:386)
   GDScript backtrace (most recent call first):
       [0] _process (res://scripts/entities/building.gd:386)
       [1] run_case (res://poc/exploration-2026-10-02/explore.gd:353)
CASE {"evidence":{"queue_after":0,"units_after":12,"units_before":12},"id":"rally_dead_farm","status":"bug"}
CASE {"evidence":{"queue_after":0,"units_after":13,"units_before":12},"id":"rally_queued_target","status":"pass"}
CASE {"evidence":{"enabled_build_buttons":11,"garrisoned":true,"selected":true,"wood_spent":80,"worker_order":"idle"},"id":"selection_after_garrison","status":"bug"}
CASE {"evidence":{"admitted_to_second":true,"first_slots":1,"second_slots":1},"id":"garrison_double_host","status":"observation"}
EXPLORATION_COMPLETE cases=8 bugs=6
