Godot Engine v4.7.2.stable.custom_build.ed1daf0bf (2026-08-17 01:18:38 UTC) - https://godotengine.org

PARALLEL_PROGRESS {"batch_ms":99.859,"matches_serial":true,"mode":"arithmetic_control","pass":1,"snapshot_ms":0.012,"worker_ids":[1],"workers":0}
PARALLEL_PROGRESS {"batch_ms":78.383,"matches_serial":true,"mode":"arithmetic_control","pass":1,"snapshot_ms":0.038,"worker_ids":[5],"workers":1}
PARALLEL_PROGRESS {"batch_ms":38.866,"matches_serial":true,"mode":"arithmetic_control","pass":1,"snapshot_ms":0.04,"worker_ids":[8,6],"workers":2}
PARALLEL_PROGRESS {"batch_ms":42.936,"matches_serial":true,"mode":"arithmetic_control","pass":1,"snapshot_ms":0.112,"worker_ids":[10,12,10,12],"workers":4}
PARALLEL_PROGRESS {"batch_ms":70.801,"matches_serial":true,"mode":"arithmetic_control","pass":2,"snapshot_ms":0.05,"worker_ids":[10,12,12,10],"workers":4}
PARALLEL_PROGRESS {"batch_ms":41.041,"matches_serial":true,"mode":"arithmetic_control","pass":2,"snapshot_ms":0.051,"worker_ids":[10,12],"workers":2}
PARALLEL_PROGRESS {"batch_ms":114.084,"matches_serial":true,"mode":"arithmetic_control","pass":2,"snapshot_ms":0.04,"worker_ids":[14],"workers":1}
PARALLEL_PROGRESS {"batch_ms":178.702,"matches_serial":true,"mode":"arithmetic_control","pass":2,"snapshot_ms":0.907,"worker_ids":[1],"workers":0}
PARALLEL_PROGRESS {"batch_ms":704.885,"matches_serial":true,"mode":"grid","pass":1,"snapshot_ms":9.294,"worker_ids":[1],"workers":0}
PARALLEL_PROGRESS {"batch_ms":561.261,"matches_serial":true,"mode":"grid","pass":1,"snapshot_ms":47.636,"worker_ids":[16],"workers":1}
PARALLEL_PROGRESS {"batch_ms":410.502,"matches_serial":true,"mode":"grid","pass":1,"snapshot_ms":44.125,"worker_ids":[18,5],"workers":2}
PARALLEL_PROGRESS {"batch_ms":369.869,"matches_serial":true,"mode":"grid","pass":1,"snapshot_ms":85.612,"worker_ids":[6,8,8,6],"workers":4}
PARALLEL_PROGRESS {"batch_ms":402.545,"matches_serial":true,"mode":"grid","pass":2,"snapshot_ms":48.184,"worker_ids":[6,8,8,6],"workers":4}
PARALLEL_PROGRESS {"batch_ms":407.594,"matches_serial":true,"mode":"grid","pass":2,"snapshot_ms":35.296,"worker_ids":[6,8],"workers":2}
PARALLEL_PROGRESS {"batch_ms":531.706,"matches_serial":true,"mode":"grid","pass":2,"snapshot_ms":24.57,"worker_ids":[10],"workers":1}
PARALLEL_PROGRESS {"batch_ms":551.18,"matches_serial":true,"mode":"grid","pass":2,"snapshot_ms":22.297,"worker_ids":[1],"workers":0}
PARALLEL_PROGRESS {"batch_ms":1085.66,"matches_serial":true,"mode":"recovery","pass":1,"snapshot_ms":46.56,"successful_routes":79,"worker_ids":[1],"workers":0}
PARALLEL_PROGRESS {"batch_ms":1318.671,"matches_serial":true,"mode":"recovery","pass":1,"snapshot_ms":19.705,"successful_routes":79,"worker_ids":[12],"workers":1}
PARALLEL_PROGRESS {"batch_ms":759.032,"matches_serial":true,"mode":"recovery","pass":1,"snapshot_ms":17.738,"successful_routes":79,"worker_ids":[14,16],"workers":2}
PARALLEL_PROGRESS {"batch_ms":709.369,"matches_serial":true,"mode":"recovery","pass":1,"snapshot_ms":34.068,"successful_routes":79,"worker_ids":[18,5,5,18],"workers":4}
PARALLEL_PROGRESS {"batch_ms":720.319,"matches_serial":true,"mode":"recovery","pass":2,"snapshot_ms":35.992,"successful_routes":79,"worker_ids":[18,5,5,18],"workers":4}
PARALLEL_PROGRESS {"batch_ms":679.494,"matches_serial":true,"mode":"recovery","pass":2,"snapshot_ms":17.346,"successful_routes":79,"worker_ids":[5,18],"workers":2}
PARALLEL_PROGRESS {"batch_ms":1085.814,"matches_serial":true,"mode":"recovery","pass":2,"snapshot_ms":8.683,"successful_routes":79,"worker_ids":[6],"workers":1}
PARALLEL_PROGRESS {"batch_ms":1068.03,"matches_serial":true,"mode":"recovery","pass":2,"snapshot_ms":9.383,"successful_routes":79,"worker_ids":[1],"workers":0}
NAVIGATION_PARALLEL_POC {"buildings":6,"deer":8,"failures":0,"high_priority":false,"requests":80,"runs":[{"batch_ms":99.859,"matches_serial":true,"mode":"arithmetic_control","pass":1,"snapshot_ms":0.012,"worker_ids":[1],"workers":0},{"batch_ms":78.383,"matches_serial":true,"mode":"arithmetic_control","pass":1,"snapshot_ms":0.038,"worker_ids":[5],"workers":1},{"batch_ms":38.866,"matches_serial":true,"mode":"arithmetic_control","pass":1,"snapshot_ms":0.04,"worker_ids":[8,6],"workers":2},{"batch_ms":42.936,"matches_serial":true,"mode":"arithmetic_control","pass":1,"snapshot_ms":0.112,"worker_ids":[10,12,10,12],"workers":4},{"batch_ms":70.801,"matches_serial":true,"mode":"arithmetic_control","pass":2,"snapshot_ms":0.05,"worker_ids":[10,12,12,10],"workers":4},{"batch_ms":41.041,"matches_serial":true,"mode":"arithmetic_control","pass":2,"snapshot_ms":0.051,"worker_ids":[10,12],"workers":2},{"batch_ms":114.084,"matches_serial":true,"mode":"arithmetic_control","pass":2,"snapshot_ms":0.04,"worker_ids":[14],"workers":1},{"batch_ms":178.702,"matches_serial":true,"mode":"arithmetic_control","pass":2,"snapshot_ms":0.907,"worker_ids":[1],"workers":0},{"async":true,"batch_ms":51.053,"main_loop_ticks":8,"main_submit_ms":0.014,"matches_serial":true,"max_main_tick_gap_ms":15.669,"mode":"arithmetic_control","workers":4},{"batch_ms":704.885,"matches_serial":true,"mode":"grid","pass":1,"snapshot_ms":9.294,"worker_ids":[1],"workers":0},{"batch_ms":561.261,"matches_serial":true,"mode":"grid","pass":1,"snapshot_ms":47.636,"worker_ids":[16],"workers":1},{"batch_ms":410.502,"matches_serial":true,"mode":"grid","pass":1,"snapshot_ms":44.125,"worker_ids":[18,5],"workers":2},{"batch_ms":369.869,"matches_serial":true,"mode":"grid","pass":1,"snapshot_ms":85.612,"worker_ids":[6,8,8,6],"workers":4},{"batch_ms":402.545,"matches_serial":true,"mode":"grid","pass":2,"snapshot_ms":48.184,"worker_ids":[6,8,8,6],"workers":4},{"batch_ms":407.594,"matches_serial":true,"mode":"grid","pass":2,"snapshot_ms":35.296,"worker_ids":[6,8],"workers":2},{"batch_ms":531.706,"matches_serial":true,"mode":"grid","pass":2,"snapshot_ms":24.57,"worker_ids":[10],"workers":1},{"batch_ms":551.18,"matches_serial":true,"mode":"grid","pass":2,"snapshot_ms":22.297,"worker_ids":[1],"workers":0},{"async":true,"batch_ms":463.671,"main_loop_ticks":57,"main_submit_ms":0.014,"matches_serial":true,"max_main_tick_gap_ms":19.843,"mode":"grid","workers":4},{"batch_ms":1085.66,"matches_serial":true,"mode":"recovery","pass":1,"snapshot_ms":46.56,"successful_routes":79,"worker_ids":[1],"workers":0},{"batch_ms":1318.671,"matches_serial":true,"mode":"recovery","pass":1,"snapshot_ms":19.705,"successful_routes":79,"worker_ids":[12],"workers":1},{"batch_ms":759.032,"matches_serial":true,"mode":"recovery","pass":1,"snapshot_ms":17.738,"successful_routes":79,"worker_ids":[14,16],"workers":2},{"batch_ms":709.369,"matches_serial":true,"mode":"recovery","pass":1,"snapshot_ms":34.068,"successful_routes":79,"worker_ids":[18,5,5,18],"workers":4},{"batch_ms":720.319,"matches_serial":true,"mode":"recovery","pass":2,"snapshot_ms":35.992,"successful_routes":79,"worker_ids":[18,5,5,18],"workers":4},{"batch_ms":679.494,"matches_serial":true,"mode":"recovery","pass":2,"snapshot_ms":17.346,"successful_routes":79,"worker_ids":[5,18],"workers":2},{"batch_ms":1085.814,"matches_serial":true,"mode":"recovery","pass":2,"snapshot_ms":8.683,"successful_routes":79,"worker_ids":[6],"workers":1},{"batch_ms":1068.03,"matches_serial":true,"mode":"recovery","pass":2,"snapshot_ms":9.383,"successful_routes":79,"worker_ids":[1],"workers":0},{"async":true,"batch_ms":851.9,"main_loop_ticks":104,"main_submit_ms":0.017,"matches_serial":true,"max_main_tick_gap_ms":17.131,"mode":"recovery","workers":4}]}
